Archive member included because of file (symbol)

./../../../../../../Atmel_lib/BitCloud_MEGARF_1_14_0/BitCloud/lib/libHAL_AtmlStk600_Atmega128rfa1_8Mhz_Gcc.a(halDelay.o)
                              Coordinator_Stk600_Atmega128rfa1_8Mhz_Gcc/Obj/buttons.o (HAL_Delay)
./../../../../../../Atmel_lib/BitCloud_MEGARF_1_14_0/BitCloud/lib/libHAL_AtmlStk600_Atmega128rfa1_8Mhz_Gcc.a(halW1.o)
                              ./../../../../../../Atmel_lib/BitCloud_MEGARF_1_14_0/BitCloud/lib/libHAL_AtmlStk600_Atmega128rfa1_8Mhz_Gcc.a(halDelay.o) (__delay_us)
./../../../../../../Atmel_lib/BitCloud_MEGARF_1_14_0/BitCloud/lib/libHAL_AtmlStk600_Atmega128rfa1_8Mhz_Gcc.a(appTimer.o)
                              Coordinator_Stk600_Atmega128rfa1_8Mhz_Gcc/Obj/WSNCoord.o (HAL_StartAppTimer)
./../../../../../../Atmel_lib/BitCloud_MEGARF_1_14_0/BitCloud/lib/libHAL_AtmlStk600_Atmega128rfa1_8Mhz_Gcc.a(usart.o)
                              Coordinator_Stk600_Atmega128rfa1_8Mhz_Gcc/Obj/WSNUARTManager.o (HAL_ReadUsart)
./../../../../../../Atmel_lib/BitCloud_MEGARF_1_14_0/BitCloud/lib/libHAL_AtmlStk600_Atmega128rfa1_8Mhz_Gcc.a(irq.o)
                              Coordinator_Stk600_Atmega128rfa1_8Mhz_Gcc/Obj/buttons.o (HAL_RegisterIrq)
./../../../../../../Atmel_lib/BitCloud_MEGARF_1_14_0/BitCloud/lib/libHAL_AtmlStk600_Atmega128rfa1_8Mhz_Gcc.a(eeprom.o)
                              Coordinator_Stk600_Atmega128rfa1_8Mhz_Gcc/Obj/pdsWriteData.o (HAL_ReadEeprom)
./../../../../../../Atmel_lib/BitCloud_MEGARF_1_14_0/BitCloud/lib/libHAL_AtmlStk600_Atmega128rfa1_8Mhz_Gcc.a(timer.o)
                              ./../../../../../../Atmel_lib/BitCloud_MEGARF_1_14_0/BitCloud/lib/libHAL_AtmlStk600_Atmega128rfa1_8Mhz_Gcc.a(appTimer.o) (halAddTimer)
./../../../../../../Atmel_lib/BitCloud_MEGARF_1_14_0/BitCloud/lib/libHAL_AtmlStk600_Atmega128rfa1_8Mhz_Gcc.a(halSleepTimerClock.o)
                              ./../../../../../../Atmel_lib/BitCloud_MEGARF_1_14_0/BitCloud/lib/libHAL_AtmlStk600_Atmega128rfa1_8Mhz_Gcc.a(appTimer.o) (halGetTimeOfSleepTimer)
./../../../../../../Atmel_lib/BitCloud_MEGARF_1_14_0/BitCloud/lib/libHAL_AtmlStk600_Atmega128rfa1_8Mhz_Gcc.a(halAppClock.o)
                              ./../../../../../../Atmel_lib/BitCloud_MEGARF_1_14_0/BitCloud/lib/libHAL_AtmlStk600_Atmega128rfa1_8Mhz_Gcc.a(appTimer.o) (halGetTimeOfAppTimer)
./../../../../../../Atmel_lib/BitCloud_MEGARF_1_14_0/BitCloud/lib/libHAL_AtmlStk600_Atmega128rfa1_8Mhz_Gcc.a(halUsart.o)
                              ./../../../../../../Atmel_lib/BitCloud_MEGARF_1_14_0/BitCloud/lib/libHAL_AtmlStk600_Atmega128rfa1_8Mhz_Gcc.a(usart.o) (halSetUsartConfig)
./../../../../../../Atmel_lib/BitCloud_MEGARF_1_14_0/BitCloud/lib/libHAL_AtmlStk600_Atmega128rfa1_8Mhz_Gcc.a(halIrq.o)
                              ./../../../../../../Atmel_lib/BitCloud_MEGARF_1_14_0/BitCloud/lib/libHAL_AtmlStk600_Atmega128rfa1_8Mhz_Gcc.a(irq.o) (halSetIrqConfig)
./../../../../../../Atmel_lib/BitCloud_MEGARF_1_14_0/BitCloud/lib/libHAL_AtmlStk600_Atmega128rfa1_8Mhz_Gcc.a(halEeprom.o)
                              ./../../../../../../Atmel_lib/BitCloud_MEGARF_1_14_0/BitCloud/lib/libHAL_AtmlStk600_Atmega128rfa1_8Mhz_Gcc.a(eeprom.o) (halEepromWrite)
./../../../../../../Atmel_lib/BitCloud_MEGARF_1_14_0/BitCloud/lib/libHAL_AtmlStk600_Atmega128rfa1_8Mhz_Gcc.a(halSleep.o)
                              ./../../../../../../Atmel_lib/BitCloud_MEGARF_1_14_0/BitCloud/lib/libHAL_AtmlStk600_Atmega128rfa1_8Mhz_Gcc.a(halSleepTimerClock.o) (halPowerOn)
./../../../../../../Atmel_lib/BitCloud_MEGARF_1_14_0/BitCloud/lib/libHAL_AtmlStk600_Atmega128rfa1_8Mhz_Gcc.a(calibration.o)
                              ./../../../../../../Atmel_lib/BitCloud_MEGARF_1_14_0/BitCloud/lib/libHAL_AtmlStk600_Atmega128rfa1_8Mhz_Gcc.a(halSleep.o) (halStartingCalibrate)
./../../../../../../Atmel_lib/BitCloud_MEGARF_1_14_0/BitCloud/lib/libHAL_AtmlStk600_Atmega128rfa1_8Mhz_Gcc.a(halCalibration.o)
                              ./../../../../../../Atmel_lib/BitCloud_MEGARF_1_14_0/BitCloud/lib/libHAL_AtmlStk600_Atmega128rfa1_8Mhz_Gcc.a(calibration.o) (halMeasurement)
./../../../../../../Atmel_lib/BitCloud_MEGARF_1_14_0/BitCloud/lib/libHAL_AtmlStk600_Atmega128rfa1_8Mhz_Gcc.a(halTaskManager.o)
                              ./../../../../../../Atmel_lib/BitCloud_MEGARF_1_14_0/BitCloud/lib/libHAL_AtmlStk600_Atmega128rfa1_8Mhz_Gcc.a(halAppClock.o) (halTaskFlags4)
./../../../../../../Atmel_lib/BitCloud_MEGARF_1_14_0/BitCloud/lib/libHAL_AtmlStk600_Atmega128rfa1_8Mhz_Gcc.a(i2cPacket.o)
                              ./../../../../../../Atmel_lib/BitCloud_MEGARF_1_14_0/BitCloud/lib/libHAL_AtmlStk600_Atmega128rfa1_8Mhz_Gcc.a(halTaskManager.o) (halSig2WireSerialHandler)
./../../../../../../Atmel_lib/BitCloud_MEGARF_1_14_0/BitCloud/lib/libHAL_AtmlStk600_Atmega128rfa1_8Mhz_Gcc.a(adc.o)
                              ./../../../../../../Atmel_lib/BitCloud_MEGARF_1_14_0/BitCloud/lib/libHAL_AtmlStk600_Atmega128rfa1_8Mhz_Gcc.a(halTaskManager.o) (halSigAdcHandler)
[...]
Memory Configuration

Name             Origin             Length             Attributes
text             0x00000000         0x00020000         xr
data             0x00800190         0x00003e0c         rw !x
eeprom           0x00810000         0x00001000         rw !x
*default*        0x00000000         0xffffffff

Linker script and memory map

Address of section .data set to 0x800200
LOAD c:/program files (x86)/atmel/avr tools/avr toolchain/bin/../lib/gcc/avr/4.5.1/../../../../avr/lib/avr51/crtm128rfa1.o

.text           0x00000000    0x16a52
                0x00000000                PROVIDE (__text_start, .)
 *(.vectors)
 .vectors       0x00000000      0x120 c:/program files (x86)/atmel/avr tools/avr toolchain/bin/../lib/gcc/avr/4.5.1/../../../../avr/lib/avr51/crtm128rfa1.o
                0x00000000                __vector_default
                0x00000000                __vectors
 *(.vectors)
                0x00000120                PROVIDE (__pds_ff_start, .)
 *(.pds_ff)
 .pds_ff        0x00000120       0x8a Coordinator_Stk600_Atmega128rfa1_8Mhz_Gcc/Obj/csPersistentMem.o
                0x00000120                csGeneralFileDescriptors
                0x00000180                csExtendedFileDescriptors
                0x00000198                csNeighborTableFileDescriptor
                0x0000019e                csGroupTableFileDescriptor
                0x000001a4                csBindingTableFileDescriptor
                0x000001aa                PROVIDE (__pds_ff_end, .)
                0x000001aa                PROVIDE (__pds_fd_start, .)
 *(.pds_fd)
 .pds_fd        0x000001aa       0x24 Coordinator_Stk600_Atmega128rfa1_8Mhz_Gcc/Obj/csPersistentMem.o
                0x000001aa                csGeneralParamsDirDescr
                0x000001b0                csExtendedParamsDirDescr
                0x000001b6                csNwkSecurityTablesDirDescr
                0x000001bc                BCSystemDirDescr
                0x000001c2                BCExtGenParamsDirDescr
                0x000001c8                BCRejoinParamsDirDescr
                0x000001ce                PROVIDE (__pds_fd_end, .)
 *(.progmem.gcc*)
 .progmem.gcc_sw_table
                0x000001ce      0x110 ./../../../../../../Atmel_lib/BitCloud_MEGARF_1_14_0/BitCloud/lib/libBc_Coordinator_Atmega128rfa1_Atmega128rfa1_Gcc.a(macenvPib.o)
 .progmem.gcc_sw_table
                0x000002de       0x34 ./../../../../../../Atmel_lib/BitCloud_MEGARF_1_14_0/BitCloud/lib/libBc_Coordinator_Atmega128rfa1_Atmega128rfa1_Gcc.a(nwk.o)
 .progmem.gcc_sw_table
                0x00000312       0x58 ./../../../../../../Atmel_lib/BitCloud_MEGARF_1_14_0/BitCloud/lib/libBc_Coordinator_Atmega128rfa1_Atmega128rfa1_Gcc.a(zdo.o)
 .progmem.gcc_sw_table
                0x0000036a       0x28 ./../../../../../../Atmel_lib/BitCloud_MEGARF_1_14_0/BitCloud/lib/libBc_Coordinator_Atmega128rfa1_Atmega128rfa1_Gcc.a(machwdManager.o)
 .progmem.gcc_sw_table
                0x00000392       0x3c ./../../../../../../Atmel_lib/BitCloud_MEGARF_1_14_0/BitCloud/lib/libBc_Coordinator_Atmega128rfa1_Atmega128rfa1_Gcc.a(machwiManager.o)
 .progmem.gcc_sw_table
                0x000003ce       0x16 ./../../../../../../Atmel_lib/BitCloud_MEGARF_1_14_0/BitCloud/lib/libBc_Coordinator_Atmega128rfa1_Atmega128rfa1_Gcc.a(machwiPanServer.o)
 .progmem.gcc_sw_table
                0x000003e4       0x20 ./../../../../../../Atmel_lib/BitCloud_MEGARF_1_14_0/BitCloud/lib/libBc_Coordinator_Atmega128rfa1_Atmega128rfa1_Gcc.a(machwiScanHandler.o)
 .progmem.gcc_sw_table
                0x00000404       0x26 ./../../../../../../Atmel_lib/BitCloud_MEGARF_1_14_0/BitCloud/lib/libBc_Coordinator_Atmega128rfa1_Atmega128rfa1_Gcc.a(machwdFrameRoutine.o)
 *(.progmem*)
 .progmem.data  0x0000042a        0x6 Coordinator_Stk600_Atmega128rfa1_8Mhz_Gcc/Obj/WSNCoord.o
                0x0000042a                appCoordinatorCmdDescTable
 .progmem.data  0x00000430       0xa4 Coordinator_Stk600_Atmega128rfa1_8Mhz_Gcc/Obj/csPersistentMem.o
                0x00000430                CsGeneralMemoryIdsTable
                0x00000450                CsExtendedMemoryIdsTable
                0x00000458                CsNwkSecurityMemoryIdsTable
                0x0000045c                BCSystemMemoryIdsTable
                0x0000048a                BCExtGenParamsMemoryIdsTable
                0x000004b2                BCRejoinParamsMemoryIdsTable
 .progmem.data  0x000004d4      0x25e Coordinator_Stk600_Atmega128rfa1_8Mhz_Gcc/Obj/csMem.o
                0x000004d4                defaultNIB
                0x0000055a                defaultZIB
                0x00000589                defaultAIB
                0x0000058b                defaultSIB
                0x000005c7                csReadOnlyItems
                0x000005e6                csMemoryItems
 .progmem.data  0x00000732        0xc ./../../../../../../Atmel_lib/BitCloud_MEGARF_1_14_0/BitCloud/lib/libHAL_AtmlStk600_Atmega128rfa1_8Mhz_Gcc.a(usart.o)
 .progmem.data  0x0000073e       0x10 ./../../../../../../Atmel_lib/BitCloud_MEGARF_1_14_0/BitCloud/lib/libBc_Coordinator_Atmega128rfa1_Atmega128rfa1_Gcc.a(aps.o)
 .progmem.data  0x0000074e      0x132 ./../../../../../../Atmel_lib/BitCloud_MEGARF_1_14_0/BitCloud/lib/libBc_Coordinator_Atmega128rfa1_Atmega128rfa1_Gcc.a(nwk.o)
                0x00000880                . = ALIGN (0x2)
 *(.trampolines*)
 .trampolines   0x00000880        0x0 linker stubs
 *(.jumptables*)
 *(.lowtext*)
 *(.init0)
 .init0         0x00000880        0x0 c:/program files (x86)/atmel/avr tools/avr toolchain/bin/../lib/gcc/avr/4.5.1/../../../../avr/lib/avr51/crtm128rfa1.o
                0x00000880                __init
 .init0         0x00000880       0x30 ./../../../../../../Atmel_lib/BitCloud_MEGARF_1_14_0/BitCloud/lib/WdtInitatmega128rfa1_Gcc.o
                0x00000880                halWdtInit
 *(.init0)
 *(.init1)
 *(.init1)
 *(.init2)
 .init2         0x000008b0        0xc c:/program files (x86)/atmel/avr tools/avr toolchain/bin/../lib/gcc/avr/4.5.1/../../../../avr/lib/avr51/crtm128rfa1.o
 *(.init2)
 *(.init3)
 *(.init3)
 *(.init4)
 .init4         0x000008bc       0x1a c:/program files (x86)/atmel/avr tools/avr toolchain/bin/../lib/gcc/avr/4.5.1/avr51\libgcc.a(_copy_data.o)
                0x000008bc                __do_copy_data
 .init4         0x000008d6       0x10 c:/program files (x86)/atmel/avr tools/avr toolchain/bin/../lib/gcc/avr/4.5.1/avr51\libgcc.a(_clear_bss.o)
                0x000008d6                __do_clear_bss
 *(.init4)
 *(.init5)
 *(.init5)
 *(.init6)
 *(.init6)
 *(.init7)
 *(.init7)
 *(.init8)
 *(.init8)
 *(.text.main)
 .text.main     0x000008e6        0xa Coordinator_Stk600_Atmega128rfa1_8Mhz_Gcc/Obj/WSNDemoApp.o
                0x000008e6                main
 *(.text.main)
 *(.text)
 .text          0x000008f0        0x4 c:/program files (x86)/atmel/avr tools/avr toolchain/bin/../lib/gcc/avr/4.5.1/../../../../avr/lib/avr51/crtm128rfa1.o
                0x000008f0                __vector_22
                0x000008f0                __vector_28
                0x000008f0                __vector_67
                0x000008f0                __vector_32
                0x000008f0                __vector_71
                0x000008f0                __vector_34
                0x000008f0                __vector_62
                0x000008f0                __vector_12
                0x000008f0                __vector_55
                0x000008f0                __vector_69
                0x000008f0                __vector_46
                0x000008f0                __bad_interrupt
                0x000008f0                __vector_31
                0x000008f0                __vector_35
                0x000008f0                __vector_23
                0x000008f0                __vector_68
                0x000008f0                __vector_45
                0x000008f0                __vector_61
                0x000008f0                __vector_11
                0x000008f0                __vector_54
                0x000008f0                __vector_17
                0x000008f0                __vector_19
                0x000008f0                __vector_56
                0x000008f0                __vector_49
                0x000008f0                __vector_41
                0x000008f0                __vector_64
                0x000008f0                __vector_33
                0x000008f0                __vector_47
                0x000008f0                __vector_52
                0x000008f0                __vector_44
                0x000008f0                __vector_51
                0x000008f0                __vector_9
                0x000008f0                __vector_21
                0x000008f0                __vector_66
                0x000008f0                __vector_58
                0x000008f0                __vector_70
                0x000008f0                __vector_40
                0x000008f0                __vector_48
                0x000008f0                __vector_14
                0x000008f0                __vector_57
                0x000008f0                __vector_53
                0x000008f0                __vector_10
                0x000008f0                __vector_50
                0x000008f0                __vector_16
                0x000008f0                __vector_59
                0x000008f0                __vector_18
                0x000008f0                __vector_20
                0x000008f0                __vector_65
 .text          0x000008f4       0xce ./../../../../../../Atmel_lib/BitCloud_MEGARF_1_14_0/BitCloud/lib/libHAL_AtmlStk600_Atmega128rfa1_8Mhz_Gcc.a(halW1.o)
                0x000008f4                halResetW1
                0x00000928                halReadW1Bit
                0x00000958                halReadW1
                0x00000974                halWriteW1bit
                0x000009a0                halWriteW1
                0x000009b2                __delay_us
 .text          0x000009c2       0x3a ./../../../../../../Atmel_lib/BitCloud_MEGARF_1_14_0/BitCloud/lib/libHAL_AtmlStk600_Atmega128rfa1_8Mhz_Gcc.a(halCalibration.o)
                0x000009c2                halMeasurement
 .text          0x000009fc       0xe2 c:/program files (x86)/atmel/avr tools/avr toolchain/bin/../lib/gcc/avr/4.5.1/avr51\libgcc.a(_ashldi3.o)
                0x000009fc                __ashldi3
 *(.text.*)
 .text.batteryDataReady
                0x00000ade       0x24 Coordinator_Stk600_Atmega128rfa1_8Mhz_Gcc/Obj/WSNSensorManager.o
 .text.temperatureDataReady
                0x00000b02       0x38 Coordinator_Stk600_Atmega128rfa1_8Mhz_Gcc/Obj/WSNSensorManager.o
 .text.lightDataReady
                0x00000b3a       0x38 Coordinator_Stk600_Atmega128rfa1_8Mhz_Gcc/Obj/WSNSensorManager.o
 .text.appStartSensorManager
                0x00000b72        0xe Coordinator_Stk600_Atmega128rfa1_8Mhz_Gcc/Obj/WSNSensorManager.o
                0x00000b72                appStartSensorManager
 .text.appStopSensorManager
                0x00000b80        0xe Coordinator_Stk600_Atmega128rfa1_8Mhz_Gcc/Obj/WSNSensorManager.o
                0x00000b80                appStopSensorManager
 .text.appGetSensorData
                0x00000b8e       0x12 Coordinator_Stk600_Atmega128rfa1_8Mhz_Gcc/Obj/WSNSensorManager.o
                0x00000b8e                appGetSensorData
 .text.visualizeAppStarting
                0x00000ba0        0x6 Coordinator_Stk600_Atmega128rfa1_8Mhz_Gcc/Obj/WSNVisualizer.o
                0x00000ba0                visualizeAppStarting
 .text.visualizeNwkStarting
                0x00000ba6       0x14 Coordinator_Stk600_Atmega128rfa1_8Mhz_Gcc/Obj/WSNVisualizer.o
                0x00000ba6                visualizeNwkStarting
 .text.visualizeNwkStarted
                0x00000bba       0x14 Coordinator_Stk600_Atmega128rfa1_8Mhz_Gcc/Obj/WSNVisualizer.o
                0x00000bba                visualizeNwkStarted
 .text.visualizeNwkLeaving
                0x00000bce        0x8 Coordinator_Stk600_Atmega128rfa1_8Mhz_Gcc/Obj/WSNVisualizer.o
                0x00000bce                visualizeNwkLeaving
 .text.visualizeNwkLeft
                0x00000bd6        0x8 Coordinator_Stk600_Atmega128rfa1_8Mhz_Gcc/Obj/WSNVisualizer.o
                0x00000bd6                visualizeNwkLeft
 .text.visualizeAirTxStarted
                0x00000bde        0x8 Coordinator_Stk600_Atmega128rfa1_8Mhz_Gcc/Obj/WSNVisualizer.o
                0x00000bde                visualizeAirTxStarted
 .text.visualizeAirTxFInished
                0x00000be6        0x8 Coordinator_Stk600_Atmega128rfa1_8Mhz_Gcc/Obj/WSNVisualizer.o
                0x00000be6                visualizeAirTxFInished
 .text.visualizeAirRxFinished
                0x00000bee        0x8 Coordinator_Stk600_Atmega128rfa1_8Mhz_Gcc/Obj/WSNVisualizer.o
                0x00000bee                visualizeAirRxFinished
 .text.visualizeSerialTx
                0x00000bf6        0x8 Coordinator_Stk600_Atmega128rfa1_8Mhz_Gcc/Obj/WSNVisualizer.o
                0x00000bf6                visualizeSerialTx
 .text.visualizeWakeUp
                0x00000bfe        0xc Coordinator_Stk600_Atmega128rfa1_8Mhz_Gcc/Obj/WSNVisualizer.o
                0x00000bfe                visualizeWakeUp
 .text.visualizeIdentity
                0x00000c0a        0x8 Coordinator_Stk600_Atmega128rfa1_8Mhz_Gcc/Obj/WSNVisualizer.o
                0x00000c0a                visualizeIdentity
 .text.appCoordinatorInitialization
                0x00000c12        0x6 Coordinator_Stk600_Atmega128rfa1_8Mhz_Gcc/Obj/WSNCoord.o
 .text.appCoordinatorTaskReset
                0x00000c18        0xa Coordinator_Stk600_Atmega128rfa1_8Mhz_Gcc/Obj/WSNCoord.o
 .text.deviceTimerFired
                0x00000c22        0xc Coordinator_Stk600_Atmega128rfa1_8Mhz_Gcc/Obj/WSNCoord.o
 .text.appCoordinatorTaskHandler
                0x00000c2e       0xc2 Coordinator_Stk600_Atmega128rfa1_8Mhz_Gcc/Obj/WSNCoord.o
 .text.appSensorsGot
                0x00000cf0       0x10 Coordinator_Stk600_Atmega128rfa1_8Mhz_Gcc/Obj/WSNCoord.o
 .text.appCoordinatorConfirmHandler
                0x00000d00       0x66 Coordinator_Stk600_Atmega128rfa1_8Mhz_Gcc/Obj/WSNCoord.o
 .text.appCoordinatorNwkInfoCmdHandler
                0x00000d66       0x1a Coordinator_Stk600_Atmega128rfa1_8Mhz_Gcc/Obj/WSNCoord.o
                0x00000d66                appCoordinatorNwkInfoCmdHandler
 .text.appCoordinatorIdentifyCmdHandler
                0x00000d80      0x162 Coordinator_Stk600_Atmega128rfa1_8Mhz_Gcc/Obj/WSNCoord.o
                0x00000d80                appCoordinatorIdentifyCmdHandler
 .text.appCoordinatorGetInterface
                0x00000ee2       0x2c Coordinator_Stk600_Atmega128rfa1_8Mhz_Gcc/Obj/WSNCoord.o
                0x00000ee2                appCoordinatorGetInterface
 .text.appRemoveQueueElement
                0x00000f0e       0x3a Coordinator_Stk600_Atmega128rfa1_8Mhz_Gcc/Obj/WSNMessageSender.o
 .text.msgSenderApsDataConf
                0x00000f48       0x5a Coordinator_Stk600_Atmega128rfa1_8Mhz_Gcc/Obj/WSNMessageSender.o
 .text.appInitMsgSender
                0x00000fa2       0x46 Coordinator_Stk600_Atmega128rfa1_8Mhz_Gcc/Obj/WSNMessageSender.o
                0x00000fa2                appInitMsgSender
 .text.appMsgSender
                0x00000fe8       0xb6 Coordinator_Stk600_Atmega128rfa1_8Mhz_Gcc/Obj/WSNMessageSender.o
                0x00000fe8                appMsgSender
 .text.appCreateTxFrame
                0x0000109e       0xa8 Coordinator_Stk600_Atmega128rfa1_8Mhz_Gcc/Obj/WSNMessageSender.o
                0x0000109e                appCreateTxFrame
 .text.appInitCmdHandler
                0x00001146       0x4c Coordinator_Stk600_Atmega128rfa1_8Mhz_Gcc/Obj/WSNCommandHandler.o
                0x00001146                appInitCmdHandler
 .text.appCmdHandler
                0x00001192       0x66 Coordinator_Stk600_Atmega128rfa1_8Mhz_Gcc/Obj/WSNCommandHandler.o
                0x00001192                appCmdHandler
 .text.appCreateCommand
                0x000011f8       0x68 Coordinator_Stk600_Atmega128rfa1_8Mhz_Gcc/Obj/WSNCommandHandler.o
                0x000011f8                appCreateCommand
 .text.appPostGlobalTask
                0x00001260       0x1a Coordinator_Stk600_Atmega128rfa1_8Mhz_Gcc/Obj/WSNDemoApp.o
 .text.appZdpLeaveResp
                0x0000127a       0x16 Coordinator_Stk600_Atmega128rfa1_8Mhz_Gcc/Obj/WSNDemoApp.o
 .text.manageBlinkingDuringRejoin
                0x00001290       0x2e Coordinator_Stk600_Atmega128rfa1_8Mhz_Gcc/Obj/WSNDemoApp.o
 .text.identifyTimerFired
                0x000012be       0x52 Coordinator_Stk600_Atmega128rfa1_8Mhz_Gcc/Obj/WSNDemoApp.o
 .text.appZdoStartNetworkConf
                0x00001310       0x60 Coordinator_Stk600_Atmega128rfa1_8Mhz_Gcc/Obj/WSNDemoApp.o
 .text.startingNetworkTimerFired
                0x00001370        0x6 Coordinator_Stk600_Atmega128rfa1_8Mhz_Gcc/Obj/WSNDemoApp.o
 .text.appApsDataIndHandler
                0x00001376       0x2a Coordinator_Stk600_Atmega128rfa1_8Mhz_Gcc/Obj/WSNDemoApp.o
 .text.APL_TaskHandler
                0x000013a0      0x1e4 Coordinator_Stk600_Atmega128rfa1_8Mhz_Gcc/Obj/WSNDemoApp.o
                0x000013a0                APL_TaskHandler
 .text.ZDO_MgmtNwkUpdateNotf
                0x00001584       0xac Coordinator_Stk600_Atmega128rfa1_8Mhz_Gcc/Obj/WSNDemoApp.o
                0x00001584                ZDO_MgmtNwkUpdateNotf
 .text.ZDO_WakeUpInd
                0x00001630       0x10 Coordinator_Stk600_Atmega128rfa1_8Mhz_Gcc/Obj/WSNDemoApp.o
                0x00001630                ZDO_WakeUpInd
 .text.appReadLqiRssi
                0x00001640       0x34 Coordinator_Stk600_Atmega128rfa1_8Mhz_Gcc/Obj/WSNDemoApp.o
                0x00001640                appReadLqiRssi
 .text.appPostSubTaskTask
                0x00001674       0x2c Coordinator_Stk600_Atmega128rfa1_8Mhz_Gcc/Obj/WSNDemoApp.o
                0x00001674                appPostSubTaskTask
 .text.appPostCmdHandlerTask
                0x000016a0       0x2c Coordinator_Stk600_Atmega128rfa1_8Mhz_Gcc/Obj/WSNDemoApp.o
                0x000016a0                appPostCmdHandlerTask
 .text.appPostMsgSenderTask
                0x000016cc       0x2c Coordinator_Stk600_Atmega128rfa1_8Mhz_Gcc/Obj/WSNDemoApp.o
                0x000016cc                appPostMsgSenderTask
 .text.appPcCmdReceived
                0x000016f8       0x20 Coordinator_Stk600_Atmega128rfa1_8Mhz_Gcc/Obj/WSNDemoApp.o
                0x000016f8                appPcCmdReceived
 .text.appStartIdentifyVisualization
                0x00001718       0x52 Coordinator_Stk600_Atmega128rfa1_8Mhz_Gcc/Obj/WSNDemoApp.o
                0x00001718                appStartIdentifyVisualization
 .text.appGetCmdDescriptor
                0x0000176a       0x6a Coordinator_Stk600_Atmega128rfa1_8Mhz_Gcc/Obj/WSNDemoApp.o
                0x0000176a                appGetCmdDescriptor
 .text.ZDO_BindIndication
                0x000017d4        0x2 Coordinator_Stk600_Atmega128rfa1_8Mhz_Gcc/Obj/WSNDemoApp.o
                0x000017d4                ZDO_BindIndication
 .text.ZDO_UnbindIndication
                0x000017d6        0x2 Coordinator_Stk600_Atmega128rfa1_8Mhz_Gcc/Obj/WSNDemoApp.o
                0x000017d6                ZDO_UnbindIndication
 .text.sendNextMessage
                0x000017d8       0x44 Coordinator_Stk600_Atmega128rfa1_8Mhz_Gcc/Obj/WSNUARTManager.o
 .text.writeConfirm
                0x0000181c       0x28 Coordinator_Stk600_Atmega128rfa1_8Mhz_Gcc/Obj/WSNUARTManager.o
 .text.resetUsartRx
                0x00001844       0x1e Coordinator_Stk600_Atmega128rfa1_8Mhz_Gcc/Obj/WSNUARTManager.o
 .text.linkSafetyTimerFired
                0x00001862        0x6 Coordinator_Stk600_Atmega128rfa1_8Mhz_Gcc/Obj/WSNUARTManager.o
 .text.readByteEvent
                0x00001868      0x12e Coordinator_Stk600_Atmega128rfa1_8Mhz_Gcc/Obj/WSNUARTManager.o
 .text.appStartUsartManager
                0x00001996       0xae Coordinator_Stk600_Atmega128rfa1_8Mhz_Gcc/Obj/WSNUARTManager.o
                0x00001996                appStartUsartManager
 .text.appSendMessageToUsart
                0x00001a44       0xbc Coordinator_Stk600_Atmega128rfa1_8Mhz_Gcc/Obj/WSNUARTManager.o
                0x00001a44                appSendMessageToUsart
 .text.pdsDummyCallback
                0x00001b00        0x2 Coordinator_Stk600_Atmega128rfa1_8Mhz_Gcc/Obj/pdsWriteData.o
                0x00001b00                pdsDummyCallback
 .text.pdsAddDataForCommitment
                0x00001b02       0x70 Coordinator_Stk600_Atmega128rfa1_8Mhz_Gcc/Obj/pdsWriteData.o
                0x00001b02                pdsAddDataForCommitment
 .text.pdsWaitMemoryFree
                0x00001b72       0x10 Coordinator_Stk600_Atmega128rfa1_8Mhz_Gcc/Obj/pdsWriteData.o
                0x00001b72                pdsWaitMemoryFree
 .text.pdsRead  0x00001b82       0x3e Coordinator_Stk600_Atmega128rfa1_8Mhz_Gcc/Obj/pdsWriteData.o
                0x00001b82                pdsRead
 .text.pdsWrite
                0x00001bc0       0x3e Coordinator_Stk600_Atmega128rfa1_8Mhz_Gcc/Obj/pdsWriteData.o
                0x00001bc0                pdsWrite
 .text.pdsStartCommitment
                0x00001bfe      0x1e6 Coordinator_Stk600_Atmega128rfa1_8Mhz_Gcc/Obj/pdsWriteData.o
                0x00001bfe                pdsStartCommitment
 .text.pdsMemMaskIsAnyBitSet
                0x00001de4       0x1c Coordinator_Stk600_Atmega128rfa1_8Mhz_Gcc/Obj/pdsDataServer.o
 .text.pdsInitMemMask
                0x00001e00       0x3c Coordinator_Stk600_Atmega128rfa1_8Mhz_Gcc/Obj/pdsDataServer.o
 .text.pdsGetMemoryAllowed
                0x00001e3c       0x38 Coordinator_Stk600_Atmega128rfa1_8Mhz_Gcc/Obj/pdsDataServer.o
 .text.PDS_Store
                0x00001e74       0x14 Coordinator_Stk600_Atmega128rfa1_8Mhz_Gcc/Obj/pdsDataServer.o
                0x00001e74                PDS_Store
 .text.PDS_IsMemoryRestored
                0x00001e88       0x54 Coordinator_Stk600_Atmega128rfa1_8Mhz_Gcc/Obj/pdsDataServer.o
                0x00001e88                PDS_IsMemoryRestored
 .text.PDS_Init
                0x00001edc      0x226 Coordinator_Stk600_Atmega128rfa1_8Mhz_Gcc/Obj/pdsInit.o
                0x00001edc                PDS_Init
 .text.pdsTimerFired
                0x00002102        0xe Coordinator_Stk600_Atmega128rfa1_8Mhz_Gcc/Obj/pdsTimer.o
 .text.pdsTimerInit
                0x00002110       0x12 Coordinator_Stk600_Atmega128rfa1_8Mhz_Gcc/Obj/pdsTimer.o
                0x00002110                pdsTimerInit
 .text.pdsGetFileDescrRec
                0x00002122       0x66 Coordinator_Stk600_Atmega128rfa1_8Mhz_Gcc/Obj/pdsMemAccess.o
                0x00002122                pdsGetFileDescrRec
 .text.pdsGetFileOffset
                0x00002188      0x112 Coordinator_Stk600_Atmega128rfa1_8Mhz_Gcc/Obj/pdsMemAccess.o
                0x00002188                pdsGetFileOffset
 .text.pdsPrepareMemoryAccess
                0x0000229a       0xc0 Coordinator_Stk600_Atmega128rfa1_8Mhz_Gcc/Obj/pdsMemAccess.o
                0x0000229a                pdsPrepareMemoryAccess
 .text.pdsExpandMemoryMask
                0x0000235a      0x162 Coordinator_Stk600_Atmega128rfa1_8Mhz_Gcc/Obj/pdsMemAccess.o
                0x0000235a                pdsExpandMemoryMask
 .text.pdsPrepareAccessContext
                0x000024bc       0x40 Coordinator_Stk600_Atmega128rfa1_8Mhz_Gcc/Obj/pdsMemAccess.o
                0x000024bc                pdsPrepareAccessContext
 .text.pdsCalculateRAMDataCrc
                0x000024fc       0x1c Coordinator_Stk600_Atmega128rfa1_8Mhz_Gcc/Obj/pdsCrcService.o
                0x000024fc                pdsCalculateRAMDataCrc
 .text.pdsCheckFile
                0x00002518       0xc8 Coordinator_Stk600_Atmega128rfa1_8Mhz_Gcc/Obj/pdsCrcService.o
                0x00002518                pdsCheckFile
 .text.pdsCheckStorage
                0x000025e0       0x8e Coordinator_Stk600_Atmega128rfa1_8Mhz_Gcc/Obj/pdsCrcService.o
                0x000025e0                pdsCheckStorage
 .text.BSP_OpenTemperatureSensor
                0x0000266e        0x4 Coordinator_Stk600_Atmega128rfa1_8Mhz_Gcc/Obj/fakeBSP.o
                0x0000266e                BSP_OpenTemperatureSensor
 .text.BSP_CloseTemperatureSensor
                0x00002672        0x4 Coordinator_Stk600_Atmega128rfa1_8Mhz_Gcc/Obj/fakeBSP.o
                0x00002672                BSP_CloseTemperatureSensor
 .text.BSP_ReadTemperatureData
                0x00002676       0x2e Coordinator_Stk600_Atmega128rfa1_8Mhz_Gcc/Obj/fakeBSP.o
                0x00002676                BSP_ReadTemperatureData
 .text.bspTemperatureSensorHandler
                0x000026a4       0x12 Coordinator_Stk600_Atmega128rfa1_8Mhz_Gcc/Obj/fakeBSP.o
                0x000026a4                bspTemperatureSensorHandler
 .text.BSP_OpenLightSensor
                0x000026b6        0x4 Coordinator_Stk600_Atmega128rfa1_8Mhz_Gcc/Obj/fakeBSP.o
                0x000026b6                BSP_OpenLightSensor
 .text.BSP_CloseLightSensor
                0x000026ba        0x4 Coordinator_Stk600_Atmega128rfa1_8Mhz_Gcc/Obj/fakeBSP.o
                0x000026ba                BSP_CloseLightSensor
 .text.BSP_ReadLightData
                0x000026be       0x2e Coordinator_Stk600_Atmega128rfa1_8Mhz_Gcc/Obj/fakeBSP.o
                0x000026be                BSP_ReadLightData
 .text.bspLightSensorHandler
                0x000026ec       0x12 Coordinator_Stk600_Atmega128rfa1_8Mhz_Gcc/Obj/fakeBSP.o
                0x000026ec                bspLightSensorHandler
 .text.BSP_OpenBatterySensor
                0x000026fe        0x4 Coordinator_Stk600_Atmega128rfa1_8Mhz_Gcc/Obj/fakeBSP.o
                0x000026fe                BSP_OpenBatterySensor
 .text.BSP_CloseBatterySensor
                0x00002702        0x4 Coordinator_Stk600_Atmega128rfa1_8Mhz_Gcc/Obj/fakeBSP.o
                0x00002702                BSP_CloseBatterySensor
 .text.BSP_ReadBatteryData
                0x00002706       0x2e Coordinator_Stk600_Atmega128rfa1_8Mhz_Gcc/Obj/fakeBSP.o
                0x00002706                BSP_ReadBatteryData
 .text.bspEmptyBatteryHandler
                0x00002734       0x10 Coordinator_Stk600_Atmega128rfa1_8Mhz_Gcc/Obj/fakeBSP.o
                0x00002734                bspEmptyBatteryHandler
 .text.bspButtonsHandler
                0x00002744       0x8a Coordinator_Stk600_Atmega128rfa1_8Mhz_Gcc/Obj/buttons.o
                0x00002744                bspButtonsHandler
 .text.BSP_OpenLeds
                0x000027ce       0x10 Coordinator_Stk600_Atmega128rfa1_8Mhz_Gcc/Obj/leds.o
                0x000027ce                BSP_OpenLeds
 .text.BSP_OnLed
                0x000027de       0x1a Coordinator_Stk600_Atmega128rfa1_8Mhz_Gcc/Obj/leds.o
                0x000027de                BSP_OnLed
 .text.BSP_OffLed
                0x000027f8       0x1a Coordinator_Stk600_Atmega128rfa1_8Mhz_Gcc/Obj/leds.o
                0x000027f8                BSP_OffLed
 .text.BSP_ToggleLed
                0x00002812       0x28 Coordinator_Stk600_Atmega128rfa1_8Mhz_Gcc/Obj/leds.o
                0x00002812                BSP_ToggleLed
 .text.BSP_TaskHandler
                0x0000283a       0x7a Coordinator_Stk600_Atmega128rfa1_8Mhz_Gcc/Obj/bspTaskManager.o
                0x0000283a                BSP_TaskHandler
 .text.csSetToDefault
                0x000028b4       0x88 Coordinator_Stk600_Atmega128rfa1_8Mhz_Gcc/Obj/csMem.o
                0x000028b4                csSetToDefault
 .text.csGetItem
                0x0000293c       0x38 Coordinator_Stk600_Atmega128rfa1_8Mhz_Gcc/Obj/configServer.o
 .text.CS_Init  0x00002974        0xa Coordinator_Stk600_Atmega128rfa1_8Mhz_Gcc/Obj/configServer.o
                0x00002974                CS_Init
 .text.CS_ReadParameter
                0x0000297e       0x36 Coordinator_Stk600_Atmega128rfa1_8Mhz_Gcc/Obj/configServer.o
                0x0000297e                CS_ReadParameter
 .text.CS_WriteParameter
                0x000029b4       0x34 Coordinator_Stk600_Atmega128rfa1_8Mhz_Gcc/Obj/configServer.o
                0x000029b4                CS_WriteParameter
 .text.CS_GetMemory
                0x000029e8       0x18 Coordinator_Stk600_Atmega128rfa1_8Mhz_Gcc/Obj/configServer.o
                0x000029e8                CS_GetMemory
 .text.HAL_Delay
                0x00002a00        0x6 ./../../../../../../Atmel_lib/BitCloud_MEGARF_1_14_0/BitCloud/lib/libHAL_AtmlStk600_Atmega128rfa1_8Mhz_Gcc.a(halDelay.o)
                0x00002a00                HAL_Delay
 .text.halAppTimerHandler
                0x00002a06       0x8a ./../../../../../../Atmel_lib/BitCloud_MEGARF_1_14_0/BitCloud/lib/libHAL_AtmlStk600_Atmega128rfa1_8Mhz_Gcc.a(appTimer.o)
                0x00002a06                halAppTimerHandler
 .text.HAL_StartAppTimer
                0x00002a90       0x58 ./../../../../../../Atmel_lib/BitCloud_MEGARF_1_14_0/BitCloud/lib/libHAL_AtmlStk600_Atmega128rfa1_8Mhz_Gcc.a(appTimer.o)
                0x00002a90                HAL_StartAppTimer
 .text.HAL_StopAppTimer
                0x00002ae8       0x4a ./../../../../../../Atmel_lib/BitCloud_MEGARF_1_14_0/BitCloud/lib/libHAL_AtmlStk600_Atmega128rfa1_8Mhz_Gcc.a(appTimer.o)
                0x00002ae8                HAL_StopAppTimer
 .text.HAL_GetSystemTime
                0x00002b32       0x4e ./../../../../../../Atmel_lib/BitCloud_MEGARF_1_14_0/BitCloud/lib/libHAL_AtmlStk600_Atmega128rfa1_8Mhz_Gcc.a(appTimer.o)
                0x00002b32                HAL_GetSystemTime
 .text.halUsartHwController
                0x00002b80       0x9a ./../../../../../../Atmel_lib/BitCloud_MEGARF_1_14_0/BitCloud/lib/libHAL_AtmlStk600_Atmega128rfa1_8Mhz_Gcc.a(usart.o)
 .text.halSigUsartReceptionComplete
                0x00002c1a       0x54 ./../../../../../../Atmel_lib/BitCloud_MEGARF_1_14_0/BitCloud/lib/libHAL_AtmlStk600_Atmega128rfa1_8Mhz_Gcc.a(usart.o)
 .text.halSetUsartClockPinDirection
                0x00002c6e       0x36 ./../../../../../../Atmel_lib/BitCloud_MEGARF_1_14_0/BitCloud/lib/libHAL_AtmlStk600_Atmega128rfa1_8Mhz_Gcc.a(usart.o)
 .text.halUsartTaskUsart0Dre
                0x00002ca4        0x8 ./../../../../../../Atmel_lib/BitCloud_MEGARF_1_14_0/BitCloud/lib/libHAL_AtmlStk600_Atmega128rfa1_8Mhz_Gcc.a(usart.o)
 .text.halUsartTaskUsart0Rxc
                0x00002cac        0x8 ./../../../../../../Atmel_lib/BitCloud_MEGARF_1_14_0/BitCloud/lib/libHAL_AtmlStk600_Atmega128rfa1_8Mhz_Gcc.a(usart.o)
 .text.halUsartTaskUsart1Dre
                0x00002cb4        0x8 ./../../../../../../Atmel_lib/BitCloud_MEGARF_1_14_0/BitCloud/lib/libHAL_AtmlStk600_Atmega128rfa1_8Mhz_Gcc.a(usart.o)
 .text.halUsartTaskUsart1Rxc
                0x00002cbc        0x8 ./../../../../../../Atmel_lib/BitCloud_MEGARF_1_14_0/BitCloud/lib/libHAL_AtmlStk600_Atmega128rfa1_8Mhz_Gcc.a(usart.o)
 .text.halSigUsartHandler
                0x00002cc4       0x6e ./../../../../../../Atmel_lib/BitCloud_MEGARF_1_14_0/BitCloud/lib/libHAL_AtmlStk600_Atmega128rfa1_8Mhz_Gcc.a(usart.o)
                0x00002cc4                halSigUsartHandler
 .text.halPostUsartTask
                0x00002d32       0x3c ./../../../../../../Atmel_lib/BitCloud_MEGARF_1_14_0/BitCloud/lib/libHAL_AtmlStk600_Atmega128rfa1_8Mhz_Gcc.a(usart.o)
                0x00002d32                halPostUsartTask
 .text.halUsartRxBufferFiller
                0x00002d6e       0xa4 ./../../../../../../Atmel_lib/BitCloud_MEGARF_1_14_0/BitCloud/lib/libHAL_AtmlStk600_Atmega128rfa1_8Mhz_Gcc.a(usart.o)
                0x00002d6e                halUsartRxBufferFiller
 .text.halSigUsartTransmissionComplete
                0x00002e12       0x68 ./../../../../../../Atmel_lib/BitCloud_MEGARF_1_14_0/BitCloud/lib/libHAL_AtmlStk600_Atmega128rfa1_8Mhz_Gcc.a(usart.o)
                0x00002e12                halSigUsartTransmissionComplete
 .text.halUsartTaskUsart1Txc
                0x00002e7a        0x8 ./../../../../../../Atmel_lib/BitCloud_MEGARF_1_14_0/BitCloud/lib/libHAL_AtmlStk600_Atmega128rfa1_8Mhz_Gcc.a(usart.o)
 .text.halUsartTaskUsart0Txc
                0x00002e82        0x8 ./../../../../../../Atmel_lib/BitCloud_MEGARF_1_14_0/BitCloud/lib/libHAL_AtmlStk600_Atmega128rfa1_8Mhz_Gcc.a(usart.o)
 .text.halIsUsartChannelCorrect
                0x00002e8a       0x16 ./../../../../../../Atmel_lib/BitCloud_MEGARF_1_14_0/BitCloud/lib/libHAL_AtmlStk600_Atmega128rfa1_8Mhz_Gcc.a(usart.o)
                0x00002e8a                halIsUsartChannelCorrect
 .text.HAL_ReadUsart
                0x00002ea0       0xc6 ./../../../../../../Atmel_lib/BitCloud_MEGARF_1_14_0/BitCloud/lib/libHAL_AtmlStk600_Atmega128rfa1_8Mhz_Gcc.a(usart.o)
                0x00002ea0                HAL_ReadUsart
 .text.HAL_WriteUsart
                0x00002f66       0xfc ./../../../../../../Atmel_lib/BitCloud_MEGARF_1_14_0/BitCloud/lib/libHAL_AtmlStk600_Atmega128rfa1_8Mhz_Gcc.a(usart.o)
                0x00002f66                HAL_WriteUsart
 .text.HAL_OpenUsart
                0x00003062       0x92 ./../../../../../../Atmel_lib/BitCloud_MEGARF_1_14_0/BitCloud/lib/libHAL_AtmlStk600_Atmega128rfa1_8Mhz_Gcc.a(usart.o)
                0x00003062                HAL_OpenUsart
 .text.HAL_ReadEeprom
                0x000030f4       0xc8 ./../../../../../../Atmel_lib/BitCloud_MEGARF_1_14_0/BitCloud/lib/libHAL_AtmlStk600_Atmega128rfa1_8Mhz_Gcc.a(eeprom.o)
                0x000030f4                HAL_ReadEeprom
 .text.HAL_WriteEeprom
                0x000031bc       0xea ./../../../../../../Atmel_lib/BitCloud_MEGARF_1_14_0/BitCloud/lib/libHAL_AtmlStk600_Atmega128rfa1_8Mhz_Gcc.a(eeprom.o)
                0x000031bc                HAL_WriteEeprom
 .text.HAL_IsEepromBusy
                0x000032a6        0xe ./../../../../../../Atmel_lib/BitCloud_MEGARF_1_14_0/BitCloud/lib/libHAL_AtmlStk600_Atmega128rfa1_8Mhz_Gcc.a(eeprom.o)
                0x000032a6                HAL_IsEepromBusy
 .text.halSigEepromReadyHandler
                0x000032b4       0x60 ./../../../../../../Atmel_lib/BitCloud_MEGARF_1_14_0/BitCloud/lib/libHAL_AtmlStk600_Atmega128rfa1_8Mhz_Gcc.a(eeprom.o)
                0x000032b4                halSigEepromReadyHandler
 .text.halAddTimer
                0x00003314      0x370 ./../../../../../../Atmel_lib/BitCloud_MEGARF_1_14_0/BitCloud/lib/libHAL_AtmlStk600_Atmega128rfa1_8Mhz_Gcc.a(timer.o)
                0x00003314                halAddTimer
 .text.halRemoveTimer
                0x00003684       0x3e ./../../../../../../Atmel_lib/BitCloud_MEGARF_1_14_0/BitCloud/lib/libHAL_AtmlStk600_Atmega128rfa1_8Mhz_Gcc.a(timer.o)
                0x00003684                halRemoveTimer
 .text.halFindPrevTimer
                0x000036c2       0x1e ./../../../../../../Atmel_lib/BitCloud_MEGARF_1_14_0/BitCloud/lib/libHAL_AtmlStk600_Atmega128rfa1_8Mhz_Gcc.a(timer.o)
                0x000036c2                halFindPrevTimer
 .text.halClearTimeControl
                0x000036e0       0x14 ./../../../../../../Atmel_lib/BitCloud_MEGARF_1_14_0/BitCloud/lib/libHAL_AtmlStk600_Atmega128rfa1_8Mhz_Gcc.a(halSleepTimerClock.o)
                0x000036e0                halClearTimeControl
 .text.halWakeupFromIrq
                0x000036f4       0x28 ./../../../../../../Atmel_lib/BitCloud_MEGARF_1_14_0/BitCloud/lib/libHAL_AtmlStk600_Atmega128rfa1_8Mhz_Gcc.a(halSleepTimerClock.o)
                0x000036f4                halWakeupFromIrq
 .text.halStartSleepTimerClock
                0x0000371c       0x48 ./../../../../../../Atmel_lib/BitCloud_MEGARF_1_14_0/BitCloud/lib/libHAL_AtmlStk600_Atmega128rfa1_8Mhz_Gcc.a(halSleepTimerClock.o)
                0x0000371c                halStartSleepTimerClock
 .text.halStopSleepTimerClock
                0x00003764       0x42 ./../../../../../../Atmel_lib/BitCloud_MEGARF_1_14_0/BitCloud/lib/libHAL_AtmlStk600_Atmega128rfa1_8Mhz_Gcc.a(halSleepTimerClock.o)
                0x00003764                halStopSleepTimerClock
 .text.halSetSleepTimerInterval
                0x000037a6       0x6a ./../../../../../../Atmel_lib/BitCloud_MEGARF_1_14_0/BitCloud/lib/libHAL_AtmlStk600_Atmega128rfa1_8Mhz_Gcc.a(halSleepTimerClock.o)
                0x000037a6                halSetSleepTimerInterval
 .text.halGetTimeOfSleepTimer
                0x00003810       0xbc ./../../../../../../Atmel_lib/BitCloud_MEGARF_1_14_0/BitCloud/lib/libHAL_AtmlStk600_Atmega128rfa1_8Mhz_Gcc.a(halSleepTimerClock.o)
                0x00003810                halGetTimeOfSleepTimer
 .text.halSleepTimerFrequency
                0x000038cc        0xa ./../../../../../../Atmel_lib/BitCloud_MEGARF_1_14_0/BitCloud/lib/libHAL_AtmlStk600_Atmega128rfa1_8Mhz_Gcc.a(halSleepTimerClock.o)
                0x000038cc                halSleepTimerFrequency
 .text.halSleepSystemTimeSynchronize
                0x000038d6       0x62 ./../../../../../../Atmel_lib/BitCloud_MEGARF_1_14_0/BitCloud/lib/libHAL_AtmlStk600_Atmega128rfa1_8Mhz_Gcc.a(halSleepTimerClock.o)
                0x000038d6                halSleepSystemTimeSynchronize
 .text.__vector_13
                0x00003938       0x92 ./../../../../../../Atmel_lib/BitCloud_MEGARF_1_14_0/BitCloud/lib/libHAL_AtmlStk600_Atmega128rfa1_8Mhz_Gcc.a(halSleepTimerClock.o)
                0x00003938                __vector_13
 .text.__vector_15
                0x000039ca      0x10a ./../../../../../../Atmel_lib/BitCloud_MEGARF_1_14_0/BitCloud/lib/libHAL_AtmlStk600_Atmega128rfa1_8Mhz_Gcc.a(halSleepTimerClock.o)
                0x000039ca                __vector_15
 .text.halInitAppClock
                0x00003ad4       0x26 ./../../../../../../Atmel_lib/BitCloud_MEGARF_1_14_0/BitCloud/lib/libHAL_AtmlStk600_Atmega128rfa1_8Mhz_Gcc.a(halAppClock.o)
                0x00003ad4                halInitAppClock
 .text.halAdjustSleepInterval
                0x00003afa       0x50 ./../../../../../../Atmel_lib/BitCloud_MEGARF_1_14_0/BitCloud/lib/libHAL_AtmlStk600_Atmega128rfa1_8Mhz_Gcc.a(halAppClock.o)
                0x00003afa                halAdjustSleepInterval
 .text.halAppSystemTimeSynchronize
                0x00003b4a       0x62 ./../../../../../../Atmel_lib/BitCloud_MEGARF_1_14_0/BitCloud/lib/libHAL_AtmlStk600_Atmega128rfa1_8Mhz_Gcc.a(halAppClock.o)
                0x00003b4a                halAppSystemTimeSynchronize
 .text.halGetTimeOfAppTimer
                0x00003bac       0x16 ./../../../../../../Atmel_lib/BitCloud_MEGARF_1_14_0/BitCloud/lib/libHAL_AtmlStk600_Atmega128rfa1_8Mhz_Gcc.a(halAppClock.o)
                0x00003bac                halGetTimeOfAppTimer
 .text.__vector_42
                0x00003bc2       0x4c ./../../../../../../Atmel_lib/BitCloud_MEGARF_1_14_0/BitCloud/lib/libHAL_AtmlStk600_Atmega128rfa1_8Mhz_Gcc.a(halAppClock.o)
                0x00003bc2                __vector_42
 .text.halSetUsartConfig
                0x00003c0e       0xb2 ./../../../../../../Atmel_lib/BitCloud_MEGARF_1_14_0/BitCloud/lib/libHAL_AtmlStk600_Atmega128rfa1_8Mhz_Gcc.a(halUsart.o)
                0x00003c0e                halSetUsartConfig
 .text.__vector_26
                0x00003cc0       0x5c ./../../../../../../Atmel_lib/BitCloud_MEGARF_1_14_0/BitCloud/lib/libHAL_AtmlStk600_Atmega128rfa1_8Mhz_Gcc.a(halUsart.o)
                0x00003cc0                __vector_26
 .text.__vector_27
                0x00003d1c       0x5c ./../../../../../../Atmel_lib/BitCloud_MEGARF_1_14_0/BitCloud/lib/libHAL_AtmlStk600_Atmega128rfa1_8Mhz_Gcc.a(halUsart.o)
                0x00003d1c                __vector_27
 .text.__vector_25
                0x00003d78       0x64 ./../../../../../../Atmel_lib/BitCloud_MEGARF_1_14_0/BitCloud/lib/libHAL_AtmlStk600_Atmega128rfa1_8Mhz_Gcc.a(halUsart.o)
                0x00003d78                __vector_25
 .text.__vector_37
                0x00003ddc       0x5c ./../../../../../../Atmel_lib/BitCloud_MEGARF_1_14_0/BitCloud/lib/libHAL_AtmlStk600_Atmega128rfa1_8Mhz_Gcc.a(halUsart.o)
                0x00003ddc                __vector_37
 .text.__vector_38
                0x00003e38       0x5c ./../../../../../../Atmel_lib/BitCloud_MEGARF_1_14_0/BitCloud/lib/libHAL_AtmlStk600_Atmega128rfa1_8Mhz_Gcc.a(halUsart.o)
                0x00003e38                __vector_38
 .text.__vector_36
                0x00003e94       0x64 ./../../../../../../Atmel_lib/BitCloud_MEGARF_1_14_0/BitCloud/lib/libHAL_AtmlStk600_Atmega128rfa1_8Mhz_Gcc.a(halUsart.o)
                0x00003e94                __vector_36
 .text.__vector_1
                0x00003ef8       0x5a ./../../../../../../Atmel_lib/BitCloud_MEGARF_1_14_0/BitCloud/lib/libHAL_AtmlStk600_Atmega128rfa1_8Mhz_Gcc.a(halIrq.o)
                0x00003ef8                __vector_1
 .text.__vector_2
                0x00003f52       0x5a ./../../../../../../Atmel_lib/BitCloud_MEGARF_1_14_0/BitCloud/lib/libHAL_AtmlStk600_Atmega128rfa1_8Mhz_Gcc.a(halIrq.o)
                0x00003f52                __vector_2
 .text.__vector_3
                0x00003fac       0x5a ./../../../../../../Atmel_lib/BitCloud_MEGARF_1_14_0/BitCloud/lib/libHAL_AtmlStk600_Atmega128rfa1_8Mhz_Gcc.a(halIrq.o)
                0x00003fac                __vector_3
 .text.__vector_4
                0x00004006       0x5a ./../../../../../../Atmel_lib/BitCloud_MEGARF_1_14_0/BitCloud/lib/libHAL_AtmlStk600_Atmega128rfa1_8Mhz_Gcc.a(halIrq.o)
                0x00004006                __vector_4
 .text.__vector_5
                0x00004060       0x5a ./../../../../../../Atmel_lib/BitCloud_MEGARF_1_14_0/BitCloud/lib/libHAL_AtmlStk600_Atmega128rfa1_8Mhz_Gcc.a(halIrq.o)
                0x00004060                __vector_5
 .text.__vector_6
                0x000040ba       0x5a ./../../../../../../Atmel_lib/BitCloud_MEGARF_1_14_0/BitCloud/lib/libHAL_AtmlStk600_Atmega128rfa1_8Mhz_Gcc.a(halIrq.o)
                0x000040ba                __vector_6
 .text.__vector_7
                0x00004114       0x5a ./../../../../../../Atmel_lib/BitCloud_MEGARF_1_14_0/BitCloud/lib/libHAL_AtmlStk600_Atmega128rfa1_8Mhz_Gcc.a(halIrq.o)
                0x00004114                __vector_7
 .text.__vector_8
                0x0000416e       0x5a ./../../../../../../Atmel_lib/BitCloud_MEGARF_1_14_0/BitCloud/lib/libHAL_AtmlStk600_Atmega128rfa1_8Mhz_Gcc.a(halIrq.o)
                0x0000416e                __vector_8
 .text.halEepromWrite
                0x000041c8       0x1c ./../../../../../../Atmel_lib/BitCloud_MEGARF_1_14_0/BitCloud/lib/libHAL_AtmlStk600_Atmega128rfa1_8Mhz_Gcc.a(halEeprom.o)
                0x000041c8                halEepromWrite
 .text.__vector_30
                0x000041e4       0x44 ./../../../../../../Atmel_lib/BitCloud_MEGARF_1_14_0/BitCloud/lib/libHAL_AtmlStk600_Atmega128rfa1_8Mhz_Gcc.a(halEeprom.o)
                0x000041e4                __vector_30
 .text.halPowerOn
                0x00004228       0x3e ./../../../../../../Atmel_lib/BitCloud_MEGARF_1_14_0/BitCloud/lib/libHAL_AtmlStk600_Atmega128rfa1_8Mhz_Gcc.a(halSleep.o)
                0x00004228                halPowerOn
 .text.halPowerOff
                0x00004266       0x9a ./../../../../../../Atmel_lib/BitCloud_MEGARF_1_14_0/BitCloud/lib/libHAL_AtmlStk600_Atmega128rfa1_8Mhz_Gcc.a(halSleep.o)
                0x00004266                halPowerOff
 .text.HAL_Sleep
                0x00004300       0x40 ./../../../../../../Atmel_lib/BitCloud_MEGARF_1_14_0/BitCloud/lib/libHAL_AtmlStk600_Atmega128rfa1_8Mhz_Gcc.a(halSleep.o)
                0x00004300                HAL_Sleep
 .text.halWakeupHandler
                0x00004340       0x6a ./../../../../../../Atmel_lib/BitCloud_MEGARF_1_14_0/BitCloud/lib/libHAL_AtmlStk600_Atmega128rfa1_8Mhz_Gcc.a(halSleep.o)
                0x00004340                halWakeupHandler
 .text.halCalibrateInternalRc
                0x000043aa       0xda ./../../../../../../Atmel_lib/BitCloud_MEGARF_1_14_0/BitCloud/lib/libHAL_AtmlStk600_Atmega128rfa1_8Mhz_Gcc.a(calibration.o)
                0x000043aa                halCalibrateInternalRc
 .text.HAL_CalibrateMainClock
                0x00004484        0xe ./../../../../../../Atmel_lib/BitCloud_MEGARF_1_14_0/BitCloud/lib/libHAL_AtmlStk600_Atmega128rfa1_8Mhz_Gcc.a(calibration.o)
                0x00004484                HAL_CalibrateMainClock
 .text.halStartingCalibrate
                0x00004492       0x1c ./../../../../../../Atmel_lib/BitCloud_MEGARF_1_14_0/BitCloud/lib/libHAL_AtmlStk600_Atmega128rfa1_8Mhz_Gcc.a(calibration.o)
                0x00004492                halStartingCalibrate
 .text.HAL_TaskHandler
                0x000044ae      0x1b2 ./../../../../../../Atmel_lib/BitCloud_MEGARF_1_14_0/BitCloud/lib/libHAL_AtmlStk600_Atmega128rfa1_8Mhz_Gcc.a(halTaskManager.o)
                0x000044ae                HAL_TaskHandler
 .text.halI2cBusReset
                0x00004660       0x36 ./../../../../../../Atmel_lib/BitCloud_MEGARF_1_14_0/BitCloud/lib/libHAL_AtmlStk600_Atmega128rfa1_8Mhz_Gcc.a(i2cPacket.o)
                0x00004660                halI2cBusReset
 .text.halSendStartDoneI2c
                0x00004696       0x3e ./../../../../../../Atmel_lib/BitCloud_MEGARF_1_14_0/BitCloud/lib/libHAL_AtmlStk600_Atmega128rfa1_8Mhz_Gcc.a(i2cPacket.o)
                0x00004696                halSendStartDoneI2c
 .text.halWriteData
                0x000046d4       0x64 ./../../../../../../Atmel_lib/BitCloud_MEGARF_1_14_0/BitCloud/lib/libHAL_AtmlStk600_Atmega128rfa1_8Mhz_Gcc.a(i2cPacket.o)
                0x000046d4                halWriteData
 .text.halWriteInternalAddress
                0x00004738       0x5c ./../../../../../../Atmel_lib/BitCloud_MEGARF_1_14_0/BitCloud/lib/libHAL_AtmlStk600_Atmega128rfa1_8Mhz_Gcc.a(i2cPacket.o)
                0x00004738                halWriteInternalAddress
 .text.halWriteDoneI2c
                0x00004794       0x3a ./../../../../../../Atmel_lib/BitCloud_MEGARF_1_14_0/BitCloud/lib/libHAL_AtmlStk600_Atmega128rfa1_8Mhz_Gcc.a(i2cPacket.o)
                0x00004794                halWriteDoneI2c
 .text.halMasterReadWriteAddressAckI2c
                0x000047ce       0x3c ./../../../../../../Atmel_lib/BitCloud_MEGARF_1_14_0/BitCloud/lib/libHAL_AtmlStk600_Atmega128rfa1_8Mhz_Gcc.a(i2cPacket.o)
                0x000047ce                halMasterReadWriteAddressAckI2c
 .text.halReadDoneI2c
                0x0000480a       0x58 ./../../../../../../Atmel_lib/BitCloud_MEGARF_1_14_0/BitCloud/lib/libHAL_AtmlStk600_Atmega128rfa1_8Mhz_Gcc.a(i2cPacket.o)
                0x0000480a                halReadDoneI2c
 .text.halReadLastByteDoneI2c
                0x00004862       0x58 ./../../../../../../Atmel_lib/BitCloud_MEGARF_1_14_0/BitCloud/lib/libHAL_AtmlStk600_Atmega128rfa1_8Mhz_Gcc.a(i2cPacket.o)
                0x00004862                halReadLastByteDoneI2c
 .text.halSig2WireSerialHandler
                0x000048ba       0x46 ./../../../../../../Atmel_lib/BitCloud_MEGARF_1_14_0/BitCloud/lib/libHAL_AtmlStk600_Atmega128rfa1_8Mhz_Gcc.a(i2cPacket.o)
                0x000048ba                halSig2WireSerialHandler
 .text.halSigAdcHandler
                0x00004900       0x16 ./../../../../../../Atmel_lib/BitCloud_MEGARF_1_14_0/BitCloud/lib/libHAL_AtmlStk600_Atmega128rfa1_8Mhz_Gcc.a(adc.o)
                0x00004900                halSigAdcHandler
 .text.halClearRealSpi
                0x00004916        0x8 ./../../../../../../Atmel_lib/BitCloud_MEGARF_1_14_0/BitCloud/lib/libHAL_AtmlStk600_Atmega128rfa1_8Mhz_Gcc.a(spi.o)
 .text.halSpiTxByteComplete
                0x0000491e       0x32 ./../../../../../../Atmel_lib/BitCloud_MEGARF_1_14_0/BitCloud/lib/libHAL_AtmlStk600_Atmega128rfa1_8Mhz_Gcc.a(spi.o)
                0x0000491e                halSpiTxByteComplete
 .text.halSpiRxBufferFiller
                0x00004950       0x58 ./../../../../../../Atmel_lib/BitCloud_MEGARF_1_14_0/BitCloud/lib/libHAL_AtmlStk600_Atmega128rfa1_8Mhz_Gcc.a(spi.o)
                0x00004950                halSpiRxBufferFiller
 .text.halSpiRxByteComplete
                0x000049a8       0x24 ./../../../../../../Atmel_lib/BitCloud_MEGARF_1_14_0/BitCloud/lib/libHAL_AtmlStk600_Atmega128rfa1_8Mhz_Gcc.a(spi.o)
                0x000049a8                halSpiRxByteComplete
 .text.HAL_StartSystemSleep
                0x000049cc       0x7a ./../../../../../../Atmel_lib/BitCloud_MEGARF_1_14_0/BitCloud/lib/libHAL_AtmlStk600_Atmega128rfa1_8Mhz_Gcc.a(sleep.o)
                0x000049cc                HAL_StartSystemSleep
 .text.halSmRequestHandler
                0x00004a46      0x15c ./../../../../../../Atmel_lib/BitCloud_MEGARF_1_14_0/BitCloud/lib/libHAL_AtmlStk600_Atmega128rfa1_8Mhz_Gcc.a(halSecurityModule.o)
                0x00004a46                halSmRequestHandler
 .text.halInitFreq
                0x00004ba2       0x6c ./../../../../../../Atmel_lib/BitCloud_MEGARF_1_14_0/BitCloud/lib/libHAL_AtmlStk600_Atmega128rfa1_8Mhz_Gcc.a(halClkCtrl.o)
                0x00004ba2                halInitFreq
 .text.halGetClockSource
                0x00004c0e        0x6 ./../../../../../../Atmel_lib/BitCloud_MEGARF_1_14_0/BitCloud/lib/libHAL_AtmlStk600_Atmega128rfa1_8Mhz_Gcc.a(halClkCtrl.o)
                0x00004c0e                halGetClockSource
 .text.__vector_39
                0x00004c14       0xda ./../../../../../../Atmel_lib/BitCloud_MEGARF_1_14_0/BitCloud/lib/libHAL_AtmlStk600_Atmega128rfa1_8Mhz_Gcc.a(halTwi.o)
                0x00004c14                __vector_39
 .text.__vector_29
                0x00004cee       0xcc ./../../../../../../Atmel_lib/BitCloud_MEGARF_1_14_0/BitCloud/lib/libHAL_AtmlStk600_Atmega128rfa1_8Mhz_Gcc.a(halAdc.o)
                0x00004cee                __vector_29
 .text.__vector_24
                0x00004dba       0x8c ./../../../../../../Atmel_lib/BitCloud_MEGARF_1_14_0/BitCloud/lib/libHAL_AtmlStk600_Atmega128rfa1_8Mhz_Gcc.a(halSpi.o)
                0x00004dba                __vector_24
 .text.HAL_StartSleepTimer
                0x00004e46       0x72 ./../../../../../../Atmel_lib/BitCloud_MEGARF_1_14_0/BitCloud/lib/libHAL_AtmlStk600_Atmega128rfa1_8Mhz_Gcc.a(sleepTimer.o)
                0x00004e46                HAL_StartSleepTimer
 .text.halAsyncTimerHandler
                0x00004eb8       0x52 ./../../../../../../Atmel_lib/BitCloud_MEGARF_1_14_0/BitCloud/lib/libHAL_AtmlStk600_Atmega128rfa1_8Mhz_Gcc.a(sleepTimer.o)
                0x00004eb8                halAsyncTimerHandler
 .text.apsGetApsCounter
                0x00004f0a        0xe ./../../../../../../Atmel_lib/BitCloud_MEGARF_1_14_0/BitCloud/lib/libBc_Coordinator_Atmega128rfa1_Atmega128rfa1_Gcc.a(aps.o)
 .text.apsPrepareFragmentedTransmission
                0x00004f18       0x70 ./../../../../../../Atmel_lib/BitCloud_MEGARF_1_14_0/BitCloud/lib/libBc_Coordinator_Atmega128rfa1_Atmega128rfa1_Gcc.a(aps.o)
 .text.apsIsFragmentationDataReq
                0x00004f88       0x22 ./../../../../../../Atmel_lib/BitCloud_MEGARF_1_14_0/BitCloud/lib/libBc_Coordinator_Atmega128rfa1_Atmega128rfa1_Gcc.a(aps.o)
 .text.apsGetBuffer
                0x00004faa       0xd6 ./../../../../../../Atmel_lib/BitCloud_MEGARF_1_14_0/BitCloud/lib/libBc_Coordinator_Atmega128rfa1_Atmega128rfa1_Gcc.a(aps.o)
 .text.apsFreeBuffer
                0x00005080       0x8e ./../../../../../../Atmel_lib/BitCloud_MEGARF_1_14_0/BitCloud/lib/libBc_Coordinator_Atmega128rfa1_Atmega128rfa1_Gcc.a(aps.o)
 .text.apsPostTask
                0x0000510e       0x32 ./../../../../../../Atmel_lib/BitCloud_MEGARF_1_14_0/BitCloud/lib/libBc_Coordinator_Atmega128rfa1_Atmega128rfa1_Gcc.a(aps.o)
 .text.apsMakeApsDataConf
                0x00005140       0x5a ./../../../../../../Atmel_lib/BitCloud_MEGARF_1_14_0/BitCloud/lib/libBc_Coordinator_Atmega128rfa1_Atmega128rfa1_Gcc.a(aps.o)
 .text.apsAckForFragmentedReceiveConfirmHandler
                0x0000519a       0x9e ./../../../../../../Atmel_lib/BitCloud_MEGARF_1_14_0/BitCloud/lib/libBc_Coordinator_Atmega128rfa1_Atmega128rfa1_Gcc.a(aps.o)
 .text.apsStopConf
                0x00005238       0x4a ./../../../../../../Atmel_lib/BitCloud_MEGARF_1_14_0/BitCloud/lib/libBc_Coordinator_Atmega128rfa1_Atmega128rfa1_Gcc.a(aps.o)
 .text.apsSendNwkDataReq
                0x00005282       0x10 ./../../../../../../Atmel_lib/BitCloud_MEGARF_1_14_0/BitCloud/lib/libBc_Coordinator_Atmega128rfa1_Atmega128rfa1_Gcc.a(aps.o)
 .text.apsProcessShortAddrModeDataReq
                0x00005292      0x296 ./../../../../../../Atmel_lib/BitCloud_MEGARF_1_14_0/BitCloud/lib/libBc_Coordinator_Atmega128rfa1_Atmega128rfa1_Gcc.a(aps.o)
 .text.apsSendNextBlock
                0x00005528       0x14 ./../../../../../../Atmel_lib/BitCloud_MEGARF_1_14_0/BitCloud/lib/libBc_Coordinator_Atmega128rfa1_Atmega128rfa1_Gcc.a(aps.o)
 .text.apsSendAckForFragmentedReceive
                0x0000553c       0xce ./../../../../../../Atmel_lib/BitCloud_MEGARF_1_14_0/BitCloud/lib/libBc_Coordinator_Atmega128rfa1_Atmega128rfa1_Gcc.a(aps.o)
 .text.apsDataManagerNwkDataConf
                0x0000560a       0x1c ./../../../../../../Atmel_lib/BitCloud_MEGARF_1_14_0/BitCloud/lib/libBc_Coordinator_Atmega128rfa1_Atmega128rfa1_Gcc.a(aps.o)
 .text.apsProcessEvent
                0x00005626       0x26 ./../../../../../../Atmel_lib/BitCloud_MEGARF_1_14_0/BitCloud/lib/libBc_Coordinator_Atmega128rfa1_Atmega128rfa1_Gcc.a(aps.o)
 .text.apsProcessGroupAddrModeDataReq
                0x0000564c      0x190 ./../../../../../../Atmel_lib/BitCloud_MEGARF_1_14_0/BitCloud/lib/libBc_Coordinator_Atmega128rfa1_Atmega128rfa1_Gcc.a(aps.o)
 .text.apsCalculateApsAckTimeout
                0x000057dc       0x56 ./../../../../../../Atmel_lib/BitCloud_MEGARF_1_14_0/BitCloud/lib/libBc_Coordinator_Atmega128rfa1_Atmega128rfa1_Gcc.a(aps.o)
 .text.apsGroupNwkDataConf
                0x00005832       0x4a ./../../../../../../Atmel_lib/BitCloud_MEGARF_1_14_0/BitCloud/lib/libBc_Coordinator_Atmega128rfa1_Atmega128rfa1_Gcc.a(aps.o)
 .text.apsNextBind
                0x0000587c       0xb0 ./../../../../../../Atmel_lib/BitCloud_MEGARF_1_14_0/BitCloud/lib/libBc_Coordinator_Atmega128rfa1_Atmega128rfa1_Gcc.a(aps.o)
 .text.apsSendToNextBoundDevice
                0x0000592c       0x9c ./../../../../../../Atmel_lib/BitCloud_MEGARF_1_14_0/BitCloud/lib/libBc_Coordinator_Atmega128rfa1_Atmega128rfa1_Gcc.a(aps.o)
 .text.apsProcessIndirectDataReq
                0x000059c8       0x2c ./../../../../../../Atmel_lib/BitCloud_MEGARF_1_14_0/BitCloud/lib/libBc_Coordinator_Atmega128rfa1_Atmega128rfa1_Gcc.a(aps.o)
 .text.apsFindBindingEntry
                0x000059f4       0xc6 ./../../../../../../Atmel_lib/BitCloud_MEGARF_1_14_0/BitCloud/lib/libBc_Coordinator_Atmega128rfa1_Atmega128rfa1_Gcc.a(aps.o)
 .text.SYS_GetRandomNumber
                0x00005aba       0x2a ./../../../../../../Atmel_lib/BitCloud_MEGARF_1_14_0/BitCloud/lib/libBc_Coordinator_Atmega128rfa1_Atmega128rfa1_Gcc.a(aps.o)
 .text.apsResetMemoryManager
                0x00005ae4       0xfa ./../../../../../../Atmel_lib/BitCloud_MEGARF_1_14_0/BitCloud/lib/libBc_Coordinator_Atmega128rfa1_Atmega128rfa1_Gcc.a(aps.o)
 .text.apsAckOnTimerFired
                0x00005bde       0xf8 ./../../../../../../Atmel_lib/BitCloud_MEGARF_1_14_0/BitCloud/lib/libBc_Coordinator_Atmega128rfa1_Atmega128rfa1_Gcc.a(aps.o)
 .text.apsHandleTransmittedData.clone.10
                0x00005cd6       0x6e ./../../../../../../Atmel_lib/BitCloud_MEGARF_1_14_0/BitCloud/lib/libBc_Coordinator_Atmega128rfa1_Atmega128rfa1_Gcc.a(aps.o)
 .text.APS_BindReq
                0x00005d44       0xa6 ./../../../../../../Atmel_lib/BitCloud_MEGARF_1_14_0/BitCloud/lib/libBc_Coordinator_Atmega128rfa1_Atmega128rfa1_Gcc.a(aps.o)
                0x00005d44                APS_BindReq
 .text.APS_UnbindReq
                0x00005dea       0x4a ./../../../../../../Atmel_lib/BitCloud_MEGARF_1_14_0/BitCloud/lib/libBc_Coordinator_Atmega128rfa1_Atmega128rfa1_Gcc.a(aps.o)
                0x00005dea                APS_UnbindReq
 .text.APS_DataReq
                0x00005e34       0x12 ./../../../../../../Atmel_lib/BitCloud_MEGARF_1_14_0/BitCloud/lib/libBc_Coordinator_Atmega128rfa1_Atmega128rfa1_Gcc.a(aps.o)
                0x00005e34                APS_DataReq
 .text.NWK_DataInd
                0x00005e46       0x12 ./../../../../../../Atmel_lib/BitCloud_MEGARF_1_14_0/BitCloud/lib/libBc_Coordinator_Atmega128rfa1_Atmega128rfa1_Gcc.a(aps.o)
                0x00005e46                NWK_DataInd
 .text.APS_CalculateTimes
                0x00005e58      0x1b2 ./../../../../../../Atmel_lib/BitCloud_MEGARF_1_14_0/BitCloud/lib/libBc_Coordinator_Atmega128rfa1_Atmega128rfa1_Gcc.a(aps.o)
                0x00005e58                APS_CalculateTimes
 .text.apsResetDataManager
                0x0000600a      0x110 ./../../../../../../Atmel_lib/BitCloud_MEGARF_1_14_0/BitCloud/lib/libBc_Coordinator_Atmega128rfa1_Atmega128rfa1_Gcc.a(aps.o)
 .text.apsNwkResetConf
                0x0000611a      0x196 ./../../../../../../Atmel_lib/BitCloud_MEGARF_1_14_0/BitCloud/lib/libBc_Coordinator_Atmega128rfa1_Atmega128rfa1_Gcc.a(aps.o)
 .text.apsStateMachineTaskHandler
                0x000062b0       0xee ./../../../../../../Atmel_lib/BitCloud_MEGARF_1_14_0/BitCloud/lib/libBc_Coordinator_Atmega128rfa1_Atmega128rfa1_Gcc.a(aps.o)
 .text.APS_IsProfileIdMatched
                0x0000639e       0x22 ./../../../../../../Atmel_lib/BitCloud_MEGARF_1_14_0/BitCloud/lib/libBc_Coordinator_Atmega128rfa1_Atmega128rfa1_Gcc.a(aps.o)
                0x0000639e                APS_IsProfileIdMatched
 .text.APS_NextEndpoint
                0x000063c0       0x16 ./../../../../../../Atmel_lib/BitCloud_MEGARF_1_14_0/BitCloud/lib/libBc_Coordinator_Atmega128rfa1_Atmega128rfa1_Gcc.a(aps.o)
                0x000063c0                APS_NextEndpoint
 .text.apsFindEndpoint
                0x000063d6       0x26 ./../../../../../../Atmel_lib/BitCloud_MEGARF_1_14_0/BitCloud/lib/libBc_Coordinator_Atmega128rfa1_Atmega128rfa1_Gcc.a(aps.o)
 .text.APS_RegisterEndpointReq
                0x000063fc       0x48 ./../../../../../../Atmel_lib/BitCloud_MEGARF_1_14_0/BitCloud/lib/libBc_Coordinator_Atmega128rfa1_Atmega128rfa1_Gcc.a(aps.o)
                0x000063fc                APS_RegisterEndpointReq
 .text.apsGroupIndication
                0x00006444       0x8a ./../../../../../../Atmel_lib/BitCloud_MEGARF_1_14_0/BitCloud/lib/libBc_Coordinator_Atmega128rfa1_Atmega128rfa1_Gcc.a(aps.o)
 .text.apsUnicastDataInd
                0x000064ce      0x2a2 ./../../../../../../Atmel_lib/BitCloud_MEGARF_1_14_0/BitCloud/lib/libBc_Coordinator_Atmega128rfa1_Atmega128rfa1_Gcc.a(aps.o)
 .text.apsApduUnicastHandler.clone.8
                0x00006770      0x5dc ./../../../../../../Atmel_lib/BitCloud_MEGARF_1_14_0/BitCloud/lib/libBc_Coordinator_Atmega128rfa1_Atmega128rfa1_Gcc.a(aps.o)
 .text.apsDataTaskHandler
                0x00006d4c      0xb20 ./../../../../../../Atmel_lib/BitCloud_MEGARF_1_14_0/BitCloud/lib/libBc_Coordinator_Atmega128rfa1_Atmega128rfa1_Gcc.a(aps.o)
 .text.APS_Init
                0x0000786c       0x2e ./../../../../../../Atmel_lib/BitCloud_MEGARF_1_14_0/BitCloud/lib/libBc_Coordinator_Atmega128rfa1_Atmega128rfa1_Gcc.a(aps.o)
                0x0000786c                APS_Init
 .text.APS_ResetReq
                0x0000789a        0xc ./../../../../../../Atmel_lib/BitCloud_MEGARF_1_14_0/BitCloud/lib/libBc_Coordinator_Atmega128rfa1_Atmega128rfa1_Gcc.a(aps.o)
                0x0000789a                APS_ResetReq
 .text.APS_StartReq
                0x000078a6        0xc ./../../../../../../Atmel_lib/BitCloud_MEGARF_1_14_0/BitCloud/lib/libBc_Coordinator_Atmega128rfa1_Atmega128rfa1_Gcc.a(aps.o)
                0x000078a6                APS_StartReq
 .text.APS_StopReq
                0x000078b2        0xc ./../../../../../../Atmel_lib/BitCloud_MEGARF_1_14_0/BitCloud/lib/libBc_Coordinator_Atmega128rfa1_Atmega128rfa1_Gcc.a(aps.o)
                0x000078b2                APS_StopReq
 .text.APS_IsActiveTransaction
                0x000078be       0x54 ./../../../../../../Atmel_lib/BitCloud_MEGARF_1_14_0/BitCloud/lib/libBc_Coordinator_Atmega128rfa1_Atmega128rfa1_Gcc.a(aps.o)
                0x000078be                APS_IsActiveTransaction
 .text.APS_TaskHandler
                0x00007912       0x9c ./../../../../../../Atmel_lib/BitCloud_MEGARF_1_14_0/BitCloud/lib/libBc_Coordinator_Atmega128rfa1_Atmega128rfa1_Gcc.a(aps.o)
                0x00007912                APS_TaskHandler
 .text.getSymbolsPerOctet
                0x000079ae       0x3c ./../../../../../../Atmel_lib/BitCloud_MEGARF_1_14_0/BitCloud/lib/libBc_Coordinator_Atmega128rfa1_Atmega128rfa1_Gcc.a(macenvPib.o)
 .text.calculateMaxFrameDuration
                0x000079ea       0x22 ./../../../../../../Atmel_lib/BitCloud_MEGARF_1_14_0/BitCloud/lib/libBc_Coordinator_Atmega128rfa1_Atmega128rfa1_Gcc.a(macenvPib.o)
 .text.storeTransmitPower
                0x00007a0c       0x44 ./../../../../../../Atmel_lib/BitCloud_MEGARF_1_14_0/BitCloud/lib/libBc_Coordinator_Atmega128rfa1_Atmega128rfa1_Gcc.a(macenvPib.o)
 .text.SYS_GetRandomNumber
                0x00007a50       0x2a ./../../../../../../Atmel_lib/BitCloud_MEGARF_1_14_0/BitCloud/lib/libBc_Coordinator_Atmega128rfa1_Atmega128rfa1_Gcc.a(macenvPib.o)
 .text.macenvGetPhySymbolDuration
                0x00007a7a       0x4a ./../../../../../../Atmel_lib/BitCloud_MEGARF_1_14_0/BitCloud/lib/libBc_Coordinator_Atmega128rfa1_Atmega128rfa1_Gcc.a(macenvPib.o)
                0x00007a7a                macenvGetPhySymbolDuration
 .text.updateMaxFrameTxTime
                0x00007ac4       0x3a ./../../../../../../Atmel_lib/BitCloud_MEGARF_1_14_0/BitCloud/lib/libBc_Coordinator_Atmega128rfa1_Atmega128rfa1_Gcc.a(macenvPib.o)
 .text.macenvResetPib
                0x00007afe       0xfa ./../../../../../../Atmel_lib/BitCloud_MEGARF_1_14_0/BitCloud/lib/libBc_Coordinator_Atmega128rfa1_Atmega128rfa1_Gcc.a(macenvPib.o)
                0x00007afe                macenvResetPib
 .text.macenvConvertTransPersistTimeFromUnitsToMs
                0x00007bf8       0x48 ./../../../../../../Atmel_lib/BitCloud_MEGARF_1_14_0/BitCloud/lib/libBc_Coordinator_Atmega128rfa1_Atmega128rfa1_Gcc.a(macenvPib.o)
                0x00007bf8                macenvConvertTransPersistTimeFromUnitsToMs
 .text.macenvSetPibAttr
                0x00007c40      0x2a0 ./../../../../../../Atmel_lib/BitCloud_MEGARF_1_14_0/BitCloud/lib/libBc_Coordinator_Atmega128rfa1_Atmega128rfa1_Gcc.a(macenvPib.o)
                0x00007c40                macenvSetPibAttr
 .text.macenvCalculateMaxFrameTotalWaitTimeInMs
                0x00007ee0      0x128 ./../../../../../../Atmel_lib/BitCloud_MEGARF_1_14_0/BitCloud/lib/libBc_Coordinator_Atmega128rfa1_Atmega128rfa1_Gcc.a(macenvPib.o)
                0x00007ee0                macenvCalculateMaxFrameTotalWaitTimeInMs
 .text.macenvCalculateResponceWaitTimeInMs
                0x00008008       0x42 ./../../../../../../Atmel_lib/BitCloud_MEGARF_1_14_0/BitCloud/lib/libBc_Coordinator_Atmega128rfa1_Atmega128rfa1_Gcc.a(macenvPib.o)
                0x00008008                macenvCalculateResponceWaitTimeInMs
 .text.macenvGetPibAttr
                0x0000804a      0x216 ./../../../../../../Atmel_lib/BitCloud_MEGARF_1_14_0/BitCloud/lib/libBc_Coordinator_Atmega128rfa1_Atmega128rfa1_Gcc.a(macenvPib.o)
                0x0000804a                macenvGetPibAttr
 .text.MAC_GetExtAddr
                0x00008260        0x6 ./../../../../../../Atmel_lib/BitCloud_MEGARF_1_14_0/BitCloud/lib/libBc_Coordinator_Atmega128rfa1_Atmega128rfa1_Gcc.a(macenvPib.o)
                0x00008260                MAC_GetExtAddr
 .text.MAC_SetExtAddr
                0x00008266       0x34 ./../../../../../../Atmel_lib/BitCloud_MEGARF_1_14_0/BitCloud/lib/libBc_Coordinator_Atmega128rfa1_Atmega128rfa1_Gcc.a(macenvPib.o)
                0x00008266                MAC_SetExtAddr
 .text.MAC_IsOwnExtAddr
                0x0000829a       0x1c ./../../../../../../Atmel_lib/BitCloud_MEGARF_1_14_0/BitCloud/lib/libBc_Coordinator_Atmega128rfa1_Atmega128rfa1_Gcc.a(macenvPib.o)
                0x0000829a                MAC_IsOwnExtAddr
 .text.MAC_GetOctetsTransmissionTimeInMs
                0x000082b6       0x5e ./../../../../../../Atmel_lib/BitCloud_MEGARF_1_14_0/BitCloud/lib/libBc_Coordinator_Atmega128rfa1_Atmega128rfa1_Gcc.a(macenvPib.o)
                0x000082b6                MAC_GetOctetsTransmissionTimeInMs
 .text.nwkBroadcastForMe
                0x00008314       0x60 ./../../../../../../Atmel_lib/BitCloud_MEGARF_1_14_0/BitCloud/lib/libBc_Coordinator_Atmega128rfa1_Atmega128rfa1_Gcc.a(nwk.o)
 .text.nwkAddressConflictIsIdle
                0x00008374        0xe ./../../../../../../Atmel_lib/BitCloud_MEGARF_1_14_0/BitCloud/lib/libBc_Coordinator_Atmega128rfa1_Atmega128rfa1_Gcc.a(nwk.o)
 .text.nwkFindAddressMapEntryByShortAddr
                0x00008382       0x30 ./../../../../../../Atmel_lib/BitCloud_MEGARF_1_14_0/BitCloud/lib/libBc_Coordinator_Atmega128rfa1_Atmega128rfa1_Gcc.a(nwk.o)
 .text.nwkDataReqIsIdle
                0x000083b2        0xe ./../../../../../../Atmel_lib/BitCloud_MEGARF_1_14_0/BitCloud/lib/libBc_Coordinator_Atmega128rfa1_Atmega128rfa1_Gcc.a(nwk.o)
 .text.nwkDiscoveryIsIdle
                0x000083c0        0xe ./../../../../../../Atmel_lib/BitCloud_MEGARF_1_14_0/BitCloud/lib/libBc_Coordinator_Atmega128rfa1_Atmega128rfa1_Gcc.a(nwk.o)
 .text.nwkEDScanIsIdle
                0x000083ce        0xe ./../../../../../../Atmel_lib/BitCloud_MEGARF_1_14_0/BitCloud/lib/libBc_Coordinator_Atmega128rfa1_Atmega128rfa1_Gcc.a(nwk.o)
 .text.nwkFormationIsIdle
                0x000083dc        0xe ./../../../../../../Atmel_lib/BitCloud_MEGARF_1_14_0/BitCloud/lib/libBc_Coordinator_Atmega128rfa1_Atmega128rfa1_Gcc.a(nwk.o)
 .text.nwkJoinIndIsIdle
                0x000083ea       0x30 ./../../../../../../Atmel_lib/BitCloud_MEGARF_1_14_0/BitCloud/lib/libBc_Coordinator_Atmega128rfa1_Atmega128rfa1_Gcc.a(nwk.o)
 .text.nwkLeaveReqIsIdle
                0x0000841a        0xe ./../../../../../../Atmel_lib/BitCloud_MEGARF_1_14_0/BitCloud/lib/libBc_Coordinator_Atmega128rfa1_Atmega128rfa1_Gcc.a(nwk.o)
 .text.nwkLinkStatusIsIdle
                0x00008428        0xe ./../../../../../../Atmel_lib/BitCloud_MEGARF_1_14_0/BitCloud/lib/libBc_Coordinator_Atmega128rfa1_Atmega128rfa1_Gcc.a(nwk.o)
 .text.nwkLoopbackIsIdle
                0x00008436        0xe ./../../../../../../Atmel_lib/BitCloud_MEGARF_1_14_0/BitCloud/lib/libBc_Coordinator_Atmega128rfa1_Atmega128rfa1_Gcc.a(nwk.o)
 .text.nwkGetOutgoingCost
                0x00008444       0x44 ./../../../../../../Atmel_lib/BitCloud_MEGARF_1_14_0/BitCloud/lib/libBc_Coordinator_Atmega128rfa1_Atmega128rfa1_Gcc.a(nwk.o)
 .text.nwkGetEdCapacity
                0x00008488       0x1c ./../../../../../../Atmel_lib/BitCloud_MEGARF_1_14_0/BitCloud/lib/libBc_Coordinator_Atmega128rfa1_Atmega128rfa1_Gcc.a(nwk.o)
 .text.nwkGetRouterCapacity
                0x000084a4       0x1c ./../../../../../../Atmel_lib/BitCloud_MEGARF_1_14_0/BitCloud/lib/libBc_Coordinator_Atmega128rfa1_Atmega128rfa1_Gcc.a(nwk.o)
 .text.nwkIsJoiningForbidden
                0x000084c0       0x3e ./../../../../../../Atmel_lib/BitCloud_MEGARF_1_14_0/BitCloud/lib/libBc_Coordinator_Atmega128rfa1_Atmega128rfa1_Gcc.a(nwk.o)
 .text.nwkUpdateCapacityBits
                0x000084fe       0x56 ./../../../../../../Atmel_lib/BitCloud_MEGARF_1_14_0/BitCloud/lib/libBc_Coordinator_Atmega128rfa1_Atmega128rfa1_Gcc.a(nwk.o)
 .text.nwkUpdateCapacityBitsInBeacon
                0x00008554       0x3c ./../../../../../../Atmel_lib/BitCloud_MEGARF_1_14_0/BitCloud/lib/libBc_Coordinator_Atmega128rfa1_Atmega128rfa1_Gcc.a(nwk.o)
 .text.nwkUpdateBeaconPayload
                0x00008590       0x94 ./../../../../../../Atmel_lib/BitCloud_MEGARF_1_14_0/BitCloud/lib/libBc_Coordinator_Atmega128rfa1_Atmega128rfa1_Gcc.a(nwk.o)
 .text.nwkFreeNeighbor
                0x00008624       0x26 ./../../../../../../Atmel_lib/BitCloud_MEGARF_1_14_0/BitCloud/lib/libBc_Coordinator_Atmega128rfa1_Atmega128rfa1_Gcc.a(nwk.o)
 .text.nwkCostFromLqi
                0x0000864a       0x3a ./../../../../../../Atmel_lib/BitCloud_MEGARF_1_14_0/BitCloud/lib/libBc_Coordinator_Atmega128rfa1_Atmega128rfa1_Gcc.a(nwk.o)
 .text.nwkInitLqiAndCostOfNeighbor
                0x00008684       0x70 ./../../../../../../Atmel_lib/BitCloud_MEGARF_1_14_0/BitCloud/lib/libBc_Coordinator_Atmega128rfa1_Atmega128rfa1_Gcc.a(nwk.o)
 .text.nwkUpdateLqiAndCostOfNeighbor
                0x000086f4       0x88 ./../../../../../../Atmel_lib/BitCloud_MEGARF_1_14_0/BitCloud/lib/libBc_Coordinator_Atmega128rfa1_Atmega128rfa1_Gcc.a(nwk.o)
 .text.nwkFindPassiveAck
                0x0000877c       0x2a ./../../../../../../Atmel_lib/BitCloud_MEGARF_1_14_0/BitCloud/lib/libBc_Coordinator_Atmega128rfa1_Atmega128rfa1_Gcc.a(nwk.o)
 .text.nwkNewPassiveAck
                0x000087a6       0xfa ./../../../../../../Atmel_lib/BitCloud_MEGARF_1_14_0/BitCloud/lib/libBc_Coordinator_Atmega128rfa1_Atmega128rfa1_Gcc.a(nwk.o)
 .text.nwkFreePassiveAck
                0x000088a0       0x2e ./../../../../../../Atmel_lib/BitCloud_MEGARF_1_14_0/BitCloud/lib/libBc_Coordinator_Atmega128rfa1_Atmega128rfa1_Gcc.a(nwk.o)
 .text.nwkPermitJoiningIsIdle
                0x000088ce       0x1c ./../../../../../../Atmel_lib/BitCloud_MEGARF_1_14_0/BitCloud/lib/libBc_Coordinator_Atmega128rfa1_Atmega128rfa1_Gcc.a(nwk.o)
 .text.nwkResetIsIdle
                0x000088ea        0xe ./../../../../../../Atmel_lib/BitCloud_MEGARF_1_14_0/BitCloud/lib/libBc_Coordinator_Atmega128rfa1_Atmega128rfa1_Gcc.a(nwk.o)
 .text.nwkRouteDiscoveryIsIdle
                0x000088f8       0x14 ./../../../../../../Atmel_lib/BitCloud_MEGARF_1_14_0/BitCloud/lib/libBc_Coordinator_Atmega128rfa1_Atmega128rfa1_Gcc.a(nwk.o)
 .text.nwkFindRouteDiscoveryEntry
                0x0000890c       0x36 ./../../../../../../Atmel_lib/BitCloud_MEGARF_1_14_0/BitCloud/lib/libBc_Coordinator_Atmega128rfa1_Atmega128rfa1_Gcc.a(nwk.o)
 .text.nwkFreeRouteDiscoveryEntry
                0x00008942       0x3a ./../../../../../../Atmel_lib/BitCloud_MEGARF_1_14_0/BitCloud/lib/libBc_Coordinator_Atmega128rfa1_Atmega128rfa1_Gcc.a(nwk.o)
 .text.nwkConfirmRouteRequestTx
                0x0000897c       0x60 ./../../../../../../Atmel_lib/BitCloud_MEGARF_1_14_0/BitCloud/lib/libBc_Coordinator_Atmega128rfa1_Atmega128rfa1_Gcc.a(nwk.o)
 .text.nwkRouteDiscoveryTableIsIdle
                0x000089dc        0xc ./../../../../../../Atmel_lib/BitCloud_MEGARF_1_14_0/BitCloud/lib/libBc_Coordinator_Atmega128rfa1_Atmega128rfa1_Gcc.a(nwk.o)
 .text.nwkFindRoutingEntry
                0x000089e8       0x40 ./../../../../../../Atmel_lib/BitCloud_MEGARF_1_14_0/BitCloud/lib/libBc_Coordinator_Atmega128rfa1_Atmega128rfa1_Gcc.a(nwk.o)
 .text.nwkFreeRoutingEntry
                0x00008a28       0x12 ./../../../../../../Atmel_lib/BitCloud_MEGARF_1_14_0/BitCloud/lib/libBc_Coordinator_Atmega128rfa1_Atmega128rfa1_Gcc.a(nwk.o)
 .text.nwkDeleteRoute
                0x00008a3a       0x48 ./../../../../../../Atmel_lib/BitCloud_MEGARF_1_14_0/BitCloud/lib/libBc_Coordinator_Atmega128rfa1_Atmega128rfa1_Gcc.a(nwk.o)
 .text.nwkUpdateNextHop
                0x00008a82       0xc8 ./../../../../../../Atmel_lib/BitCloud_MEGARF_1_14_0/BitCloud/lib/libBc_Coordinator_Atmega128rfa1_Atmega128rfa1_Gcc.a(nwk.o)
 .text.nwkParseRxHeader
                0x00008b4a       0xb0 ./../../../../../../Atmel_lib/BitCloud_MEGARF_1_14_0/BitCloud/lib/libBc_Coordinator_Atmega128rfa1_Atmega128rfa1_Gcc.a(nwk.o)
 .text.nwkSendRouteErrorConf
                0x00008bfa        0x6 ./../../../../../../Atmel_lib/BitCloud_MEGARF_1_14_0/BitCloud/lib/libBc_Coordinator_Atmega128rfa1_Atmega128rfa1_Gcc.a(nwk.o)
 .text.nwkPostTask
                0x00008c00       0x58 ./../../../../../../Atmel_lib/BitCloud_MEGARF_1_14_0/BitCloud/lib/libBc_Coordinator_Atmega128rfa1_Atmega128rfa1_Gcc.a(nwk.o)
 .text.nwkEDScanMacEDScanConf
                0x00008c58       0x3e ./../../../../../../Atmel_lib/BitCloud_MEGARF_1_14_0/BitCloud/lib/libBc_Coordinator_Atmega128rfa1_Atmega128rfa1_Gcc.a(nwk.o)
 .text.nwkFormationMacRxEnableConf
                0x00008c96       0x1c ./../../../../../../Atmel_lib/BitCloud_MEGARF_1_14_0/BitCloud/lib/libBc_Coordinator_Atmega128rfa1_Atmega128rfa1_Gcc.a(nwk.o)
 .text.nwkDiscoveryMacActiveScanConf
                0x00008cb2       0x28 ./../../../../../../Atmel_lib/BitCloud_MEGARF_1_14_0/BitCloud/lib/libBc_Coordinator_Atmega128rfa1_Atmega128rfa1_Gcc.a(nwk.o)
 .text.nwkPermitJoiningMacSetConf
                0x00008cda       0x34 ./../../../../../../Atmel_lib/BitCloud_MEGARF_1_14_0/BitCloud/lib/libBc_Coordinator_Atmega128rfa1_Atmega128rfa1_Gcc.a(nwk.o)
 .text.nwkStatusConf
                0x00008d0e        0xe ./../../../../../../Atmel_lib/BitCloud_MEGARF_1_14_0/BitCloud/lib/libBc_Coordinator_Atmega128rfa1_Atmega128rfa1_Gcc.a(nwk.o)
 .text.nwkResetMacRxEnableConf
                0x00008d1c       0x1c ./../../../../../../Atmel_lib/BitCloud_MEGARF_1_14_0/BitCloud/lib/libBc_Coordinator_Atmega128rfa1_Atmega128rfa1_Gcc.a(nwk.o)
 .text.nwkSendRouteDiscoveryReply
                0x00008d38       0x1e ./../../../../../../Atmel_lib/BitCloud_MEGARF_1_14_0/BitCloud/lib/libBc_Coordinator_Atmega128rfa1_Atmega128rfa1_Gcc.a(nwk.o)
 .text.nwkTxDelayIsIdle
                0x00008d56       0x14 ./../../../../../../Atmel_lib/BitCloud_MEGARF_1_14_0/BitCloud/lib/libBc_Coordinator_Atmega128rfa1_Atmega128rfa1_Gcc.a(nwk.o)
 .text.nwkSetLifeTimeOfNeighbor
                0x00008d6a       0xe8 ./../../../../../../Atmel_lib/BitCloud_MEGARF_1_14_0/BitCloud/lib/libBc_Coordinator_Atmega128rfa1_Atmega128rfa1_Gcc.a(nwk.o)
 .text.nwkUpdateOutgoingCostAndLifeTime
                0x00008e52       0x4a ./../../../../../../Atmel_lib/BitCloud_MEGARF_1_14_0/BitCloud/lib/libBc_Coordinator_Atmega128rfa1_Atmega128rfa1_Gcc.a(nwk.o)
 .text.nwkAllocPacket
                0x00008e9c       0xd2 ./../../../../../../Atmel_lib/BitCloud_MEGARF_1_14_0/BitCloud/lib/libBc_Coordinator_Atmega128rfa1_Atmega128rfa1_Gcc.a(nwk.o)
 .text.nwkAllocInputPacket
                0x00008f6e       0x2c ./../../../../../../Atmel_lib/BitCloud_MEGARF_1_14_0/BitCloud/lib/libBc_Coordinator_Atmega128rfa1_Atmega128rfa1_Gcc.a(nwk.o)
 .text.nwkLoopbackTaskHandler
                0x00008f9a       0xe2 ./../../../../../../Atmel_lib/BitCloud_MEGARF_1_14_0/BitCloud/lib/libBc_Coordinator_Atmega128rfa1_Atmega128rfa1_Gcc.a(nwk.o)
 .text.nwkEDScanTaskHandler
                0x0000907c       0xac ./../../../../../../Atmel_lib/BitCloud_MEGARF_1_14_0/BitCloud/lib/libBc_Coordinator_Atmega128rfa1_Atmega128rfa1_Gcc.a(nwk.o)
 .text.nwkTxReq
                0x00009128       0x12 ./../../../../../../Atmel_lib/BitCloud_MEGARF_1_14_0/BitCloud/lib/libBc_Coordinator_Atmega128rfa1_Atmega128rfa1_Gcc.a(nwk.o)
 .text.nwkDataConf
                0x0000913a       0x4a ./../../../../../../Atmel_lib/BitCloud_MEGARF_1_14_0/BitCloud/lib/libBc_Coordinator_Atmega128rfa1_Atmega128rfa1_Gcc.a(nwk.o)
 .text.nwkConfirmDataTx
                0x00009184       0x3a ./../../../../../../Atmel_lib/BitCloud_MEGARF_1_14_0/BitCloud/lib/libBc_Coordinator_Atmega128rfa1_Atmega128rfa1_Gcc.a(nwk.o)
 .text.findFreeJoinIndObjFor
                0x000091be       0xd6 ./../../../../../../Atmel_lib/BitCloud_MEGARF_1_14_0/BitCloud/lib/libBc_Coordinator_Atmega128rfa1_Atmega128rfa1_Gcc.a(nwk.o)
 .text.nwkFindAddressMapEntryByExtAddr
                0x00009294       0x52 ./../../../../../../Atmel_lib/BitCloud_MEGARF_1_14_0/BitCloud/lib/libBc_Coordinator_Atmega128rfa1_Atmega128rfa1_Gcc.a(nwk.o)
 .text.nwkAddToAddressMap
                0x000092e6       0xc2 ./../../../../../../Atmel_lib/BitCloud_MEGARF_1_14_0/BitCloud/lib/libBc_Coordinator_Atmega128rfa1_Atmega128rfa1_Gcc.a(nwk.o)
 .text.nwkStopLinkStatusTimer
                0x000093a8        0xe ./../../../../../../Atmel_lib/BitCloud_MEGARF_1_14_0/BitCloud/lib/libBc_Coordinator_Atmega128rfa1_Atmega128rfa1_Gcc.a(nwk.o)
 .text.nwkRouteDiscoveryTableTimerFired
                0x000093b6       0x56 ./../../../../../../Atmel_lib/BitCloud_MEGARF_1_14_0/BitCloud/lib/libBc_Coordinator_Atmega128rfa1_Atmega128rfa1_Gcc.a(nwk.o)
 .text.nwkStopAgeTimerOfNeighborTable
                0x0000940c        0xa ./../../../../../../Atmel_lib/BitCloud_MEGARF_1_14_0/BitCloud/lib/libBc_Coordinator_Atmega128rfa1_Atmega128rfa1_Gcc.a(nwk.o)
 .text.SYS_GetRandomNumber
                0x00009416       0x2a ./../../../../../../Atmel_lib/BitCloud_MEGARF_1_14_0/BitCloud/lib/libBc_Coordinator_Atmega128rfa1_Atmega128rfa1_Gcc.a(nwk.o)
 .text.nwkStartLinkStatusTimer
                0x00009440       0x10 ./../../../../../../Atmel_lib/BitCloud_MEGARF_1_14_0/BitCloud/lib/libBc_Coordinator_Atmega128rfa1_Atmega128rfa1_Gcc.a(nwk.o)
 .text.nwkConfirmLinkStatusTx
                0x00009450       0x1e ./../../../../../../Atmel_lib/BitCloud_MEGARF_1_14_0/BitCloud/lib/libBc_Coordinator_Atmega128rfa1_Atmega128rfa1_Gcc.a(nwk.o)
 .text.nwkStartAgeTimerOfNeighborTable
                0x0000946e       0x32 ./../../../../../../Atmel_lib/BitCloud_MEGARF_1_14_0/BitCloud/lib/libBc_Coordinator_Atmega128rfa1_Atmega128rfa1_Gcc.a(nwk.o)
 .text.freeJoinIndObj
                0x000094a0        0xe ./../../../../../../Atmel_lib/BitCloud_MEGARF_1_14_0/BitCloud/lib/libBc_Coordinator_Atmega128rfa1_Atmega128rfa1_Gcc.a(nwk.o)
 .text.nwkJoinIndTaskHandler
                0x000094ae      0x108 ./../../../../../../Atmel_lib/BitCloud_MEGARF_1_14_0/BitCloud/lib/libBc_Coordinator_Atmega128rfa1_Atmega128rfa1_Gcc.a(nwk.o)
 .text.nwkPrepareCommonFrame
                0x000095b6       0x4a ./../../../../../../Atmel_lib/BitCloud_MEGARF_1_14_0/BitCloud/lib/libBc_Coordinator_Atmega128rfa1_Atmega128rfa1_Gcc.a(nwk.o)
 .text.nwkAllocRouteDiscoveryEntry
                0x00009600       0xac ./../../../../../../Atmel_lib/BitCloud_MEGARF_1_14_0/BitCloud/lib/libBc_Coordinator_Atmega128rfa1_Atmega128rfa1_Gcc.a(nwk.o)
 .text.nwkRouteDiscoveryTaskHandler
                0x000096ac       0xd4 ./../../../../../../Atmel_lib/BitCloud_MEGARF_1_14_0/BitCloud/lib/libBc_Coordinator_Atmega128rfa1_Atmega128rfa1_Gcc.a(nwk.o)
 .text.nwkResetTaskManager
                0x00009780       0x10 ./../../../../../../Atmel_lib/BitCloud_MEGARF_1_14_0/BitCloud/lib/libBc_Coordinator_Atmega128rfa1_Atmega128rfa1_Gcc.a(nwk.o)
 .text.nwkFormationMacEDScanConf
                0x00009790       0xfc ./../../../../../../Atmel_lib/BitCloud_MEGARF_1_14_0/BitCloud/lib/libBc_Coordinator_Atmega128rfa1_Atmega128rfa1_Gcc.a(nwk.o)
 .text.nwkResetRouteDiscoveryTable
                0x0000988c       0xb2 ./../../../../../../Atmel_lib/BitCloud_MEGARF_1_14_0/BitCloud/lib/libBc_Coordinator_Atmega128rfa1_Atmega128rfa1_Gcc.a(nwk.o)
 .text.nwkFormationMacActiveScanConf
                0x0000993e      0x25a ./../../../../../../Atmel_lib/BitCloud_MEGARF_1_14_0/BitCloud/lib/libBc_Coordinator_Atmega128rfa1_Atmega128rfa1_Gcc.a(nwk.o)
 .text.nwkPermitJoiningTaskHandler
                0x00009b98       0xe4 ./../../../../../../Atmel_lib/BitCloud_MEGARF_1_14_0/BitCloud/lib/libBc_Coordinator_Atmega128rfa1_Atmega128rfa1_Gcc.a(nwk.o)
 .text.nwkPermitJoinTimerFired
                0x00009c7c       0x26 ./../../../../../../Atmel_lib/BitCloud_MEGARF_1_14_0/BitCloud/lib/libBc_Coordinator_Atmega128rfa1_Atmega128rfa1_Gcc.a(nwk.o)
 .text.nwkFormationMacSetConf
                0x00009ca2      0x14e ./../../../../../../Atmel_lib/BitCloud_MEGARF_1_14_0/BitCloud/lib/libBc_Coordinator_Atmega128rfa1_Atmega128rfa1_Gcc.a(nwk.o)
 .text.nwkFormationMacStartConf
                0x00009df0       0x48 ./../../../../../../Atmel_lib/BitCloud_MEGARF_1_14_0/BitCloud/lib/libBc_Coordinator_Atmega128rfa1_Atmega128rfa1_Gcc.a(nwk.o)
 .text.nwkResetMacStartConf
                0x00009e38       0x50 ./../../../../../../Atmel_lib/BitCloud_MEGARF_1_14_0/BitCloud/lib/libBc_Coordinator_Atmega128rfa1_Atmega128rfa1_Gcc.a(nwk.o)
 .text.nwkPrepareLeaveChildTx
                0x00009e88       0xb2 ./../../../../../../Atmel_lib/BitCloud_MEGARF_1_14_0/BitCloud/lib/libBc_Coordinator_Atmega128rfa1_Atmega128rfa1_Gcc.a(nwk.o)
 .text.nwkPrepareLeaveItselfTx
                0x00009f3a       0x90 ./../../../../../../Atmel_lib/BitCloud_MEGARF_1_14_0/BitCloud/lib/libBc_Coordinator_Atmega128rfa1_Atmega128rfa1_Gcc.a(nwk.o)
 .text.nwkPrepareJoinRespTx
                0x00009fca       0xf0 ./../../../../../../Atmel_lib/BitCloud_MEGARF_1_14_0/BitCloud/lib/libBc_Coordinator_Atmega128rfa1_Atmega128rfa1_Gcc.a(nwk.o)
 .text.nwkPrepareLinkStatusTx
                0x0000a0ba      0x1e2 ./../../../../../../Atmel_lib/BitCloud_MEGARF_1_14_0/BitCloud/lib/libBc_Coordinator_Atmega128rfa1_Atmega128rfa1_Gcc.a(nwk.o)
 .text.nwkLinkStatusInd
                0x0000a29c      0x23a ./../../../../../../Atmel_lib/BitCloud_MEGARF_1_14_0/BitCloud/lib/libBc_Coordinator_Atmega128rfa1_Atmega128rfa1_Gcc.a(nwk.o)
 .text.nwkConfirmLeaveItselfTx
                0x0000a4d6       0x42 ./../../../../../../Atmel_lib/BitCloud_MEGARF_1_14_0/BitCloud/lib/libBc_Coordinator_Atmega128rfa1_Atmega128rfa1_Gcc.a(nwk.o)
 .text.nwkResetTaskHandler
                0x0000a518       0x6a ./../../../../../../Atmel_lib/BitCloud_MEGARF_1_14_0/BitCloud/lib/libBc_Coordinator_Atmega128rfa1_Atmega128rfa1_Gcc.a(nwk.o)
 .text.nwkCheckBTT
                0x0000a582       0x22 ./../../../../../../Atmel_lib/BitCloud_MEGARF_1_14_0/BitCloud/lib/libBc_Coordinator_Atmega128rfa1_Atmega128rfa1_Gcc.a(nwk.o)
 .text.nwkIsPassiveAckDone.clone.5
                0x0000a5a4       0x70 ./../../../../../../Atmel_lib/BitCloud_MEGARF_1_14_0/BitCloud/lib/libBc_Coordinator_Atmega128rfa1_Atmega128rfa1_Gcc.a(nwk.o)
 .text.nwkTxDelayReq
                0x0000a614      0x1a2 ./../../../../../../Atmel_lib/BitCloud_MEGARF_1_14_0/BitCloud/lib/libBc_Coordinator_Atmega128rfa1_Atmega128rfa1_Gcc.a(nwk.o)
 .text.nwkClearNeighborTable.clone.19
                0x0000a7b6       0x68 ./../../../../../../Atmel_lib/BitCloud_MEGARF_1_14_0/BitCloud/lib/libBc_Coordinator_Atmega128rfa1_Atmega128rfa1_Gcc.a(nwk.o)
 .text.nwkResetNeighborTable
                0x0000a81e       0x86 ./../../../../../../Atmel_lib/BitCloud_MEGARF_1_14_0/BitCloud/lib/libBc_Coordinator_Atmega128rfa1_Atmega128rfa1_Gcc.a(nwk.o)
 .text.nwkFormationTaskHandler
                0x0000a8a4      0x15e ./../../../../../../Atmel_lib/BitCloud_MEGARF_1_14_0/BitCloud/lib/libBc_Coordinator_Atmega128rfa1_Atmega128rfa1_Gcc.a(nwk.o)
 .text.nwkDiscoveryTaskHandler
                0x0000aa02       0xb8 ./../../../../../../Atmel_lib/BitCloud_MEGARF_1_14_0/BitCloud/lib/libBc_Coordinator_Atmega128rfa1_Atmega128rfa1_Gcc.a(nwk.o)
 .text.nwkAllocOutputPacket.clone.20
                0x0000aaba       0x4e ./../../../../../../Atmel_lib/BitCloud_MEGARF_1_14_0/BitCloud/lib/libBc_Coordinator_Atmega128rfa1_Atmega128rfa1_Gcc.a(nwk.o)
 .text.nwkTryToProcessCommandReq
                0x0000ab08       0x2c ./../../../../../../Atmel_lib/BitCloud_MEGARF_1_14_0/BitCloud/lib/libBc_Coordinator_Atmega128rfa1_Atmega128rfa1_Gcc.a(nwk.o)
 .text.nwkCommandReq
                0x0000ab34       0x14 ./../../../../../../Atmel_lib/BitCloud_MEGARF_1_14_0/BitCloud/lib/libBc_Coordinator_Atmega128rfa1_Atmega128rfa1_Gcc.a(nwk.o)
 .text.nwkConfirmNetworkStatusTx
                0x0000ab48       0x68 ./../../../../../../Atmel_lib/BitCloud_MEGARF_1_14_0/BitCloud/lib/libBc_Coordinator_Atmega128rfa1_Atmega128rfa1_Gcc.a(nwk.o)
 .text.nwkStatusReq
                0x0000abb0       0x44 ./../../../../../../Atmel_lib/BitCloud_MEGARF_1_14_0/BitCloud/lib/libBc_Coordinator_Atmega128rfa1_Atmega128rfa1_Gcc.a(nwk.o)
 .text.nwkSendRouteErrorStatus.clone.17
                0x0000abf4       0x3c ./../../../../../../Atmel_lib/BitCloud_MEGARF_1_14_0/BitCloud/lib/libBc_Coordinator_Atmega128rfa1_Atmega128rfa1_Gcc.a(nwk.o)
 .text.nwkLinkStatusTimerFired
                0x0000ac30       0x1c ./../../../../../../Atmel_lib/BitCloud_MEGARF_1_14_0/BitCloud/lib/libBc_Coordinator_Atmega128rfa1_Atmega128rfa1_Gcc.a(nwk.o)
 .text.nwkRemoveAllChildren.clone.18
                0x0000ac4c       0xd6 ./../../../../../../Atmel_lib/BitCloud_MEGARF_1_14_0/BitCloud/lib/libBc_Coordinator_Atmega128rfa1_Atmega128rfa1_Gcc.a(nwk.o)
 .text.nwkFreePacket
                0x0000ad22       0x4e ./../../../../../../Atmel_lib/BitCloud_MEGARF_1_14_0/BitCloud/lib/libBc_Coordinator_Atmega128rfa1_Atmega128rfa1_Gcc.a(nwk.o)
 .text.nwkTxConf
                0x0000ad70      0x1a4 ./../../../../../../Atmel_lib/BitCloud_MEGARF_1_14_0/BitCloud/lib/libBc_Coordinator_Atmega128rfa1_Atmega128rfa1_Gcc.a(nwk.o)
 .text.nwkProcessDelayStatus
                0x0000af14       0xd4 ./../../../../../../Atmel_lib/BitCloud_MEGARF_1_14_0/BitCloud/lib/libBc_Coordinator_Atmega128rfa1_Atmega128rfa1_Gcc.a(nwk.o)
 .text.MAC_DataConf
                0x0000afe8       0x30 ./../../../../../../Atmel_lib/BitCloud_MEGARF_1_14_0/BitCloud/lib/libBc_Coordinator_Atmega128rfa1_Atmega128rfa1_Gcc.a(nwk.o)
 .text.nwkTxDelayConf
                0x0000b018        0xe ./../../../../../../Atmel_lib/BitCloud_MEGARF_1_14_0/BitCloud/lib/libBc_Coordinator_Atmega128rfa1_Atmega128rfa1_Gcc.a(nwk.o)
 .text.nwkLeaveReqMacResetConf
                0x0000b026       0xf6 ./../../../../../../Atmel_lib/BitCloud_MEGARF_1_14_0/BitCloud/lib/libBc_Coordinator_Atmega128rfa1_Atmega128rfa1_Gcc.a(nwk.o)
 .text.nwkTxDelayTimerFired
                0x0000b11c       0x90 ./../../../../../../Atmel_lib/BitCloud_MEGARF_1_14_0/BitCloud/lib/libBc_Coordinator_Atmega128rfa1_Atmega128rfa1_Gcc.a(nwk.o)
 .text.nwkTransmitOutputPacket.clone.13
                0x0000b1ac       0x4a ./../../../../../../Atmel_lib/BitCloud_MEGARF_1_14_0/BitCloud/lib/libBc_Coordinator_Atmega128rfa1_Atmega128rfa1_Gcc.a(nwk.o)
 .text.nwkSendDiscoveryCommand
                0x0000b1f6       0x6a ./../../../../../../Atmel_lib/BitCloud_MEGARF_1_14_0/BitCloud/lib/libBc_Coordinator_Atmega128rfa1_Atmega128rfa1_Gcc.a(nwk.o)
 .text.nwkRouteDiscoveryTableTaskHandler
                0x0000b260       0x9a ./../../../../../../Atmel_lib/BitCloud_MEGARF_1_14_0/BitCloud/lib/libBc_Coordinator_Atmega128rfa1_Atmega128rfa1_Gcc.a(nwk.o)
 .text.nwkMeshRouteDiscoveryConf
                0x0000b2fa       0x5e ./../../../../../../Atmel_lib/BitCloud_MEGARF_1_14_0/BitCloud/lib/libBc_Coordinator_Atmega128rfa1_Atmega128rfa1_Gcc.a(nwk.o)
 .text.NWK_GetShortAddr
                0x0000b358        0xa ./../../../../../../Atmel_lib/BitCloud_MEGARF_1_14_0/BitCloud/lib/libBc_Coordinator_Atmega128rfa1_Atmega128rfa1_Gcc.a(nwk.o)
                0x0000b358                NWK_GetShortAddr
 .text.NWK_IsStaticAddressingMode
                0x0000b362        0x6 ./../../../../../../Atmel_lib/BitCloud_MEGARF_1_14_0/BitCloud/lib/libBc_Coordinator_Atmega128rfa1_Atmega128rfa1_Gcc.a(nwk.o)
                0x0000b362                NWK_IsStaticAddressingMode
 .text.NWK_RemoveFromAddressMap
                0x0000b368       0x12 ./../../../../../../Atmel_lib/BitCloud_MEGARF_1_14_0/BitCloud/lib/libBc_Coordinator_Atmega128rfa1_Atmega128rfa1_Gcc.a(nwk.o)
                0x0000b368                NWK_RemoveFromAddressMap
 .text.MAC_BeaconNotifyInd
                0x0000b37a      0x45a ./../../../../../../Atmel_lib/BitCloud_MEGARF_1_14_0/BitCloud/lib/libBc_Coordinator_Atmega128rfa1_Atmega128rfa1_Gcc.a(nwk.o)
                0x0000b37a                MAC_BeaconNotifyInd
 .text.NWK_EDScanReq
                0x0000b7d4       0x20 ./../../../../../../Atmel_lib/BitCloud_MEGARF_1_14_0/BitCloud/lib/libBc_Coordinator_Atmega128rfa1_Atmega128rfa1_Gcc.a(nwk.o)
                0x0000b7d4                NWK_EDScanReq
 .text.NWK_NetworkFormationReq
                0x0000b7f4       0x20 ./../../../../../../Atmel_lib/BitCloud_MEGARF_1_14_0/BitCloud/lib/libBc_Coordinator_Atmega128rfa1_Atmega128rfa1_Gcc.a(nwk.o)
                0x0000b7f4                NWK_NetworkFormationReq
 .text.NWK_IsGroupMember
                0x0000b814       0x3c ./../../../../../../Atmel_lib/BitCloud_MEGARF_1_14_0/BitCloud/lib/libBc_Coordinator_Atmega128rfa1_Atmega128rfa1_Gcc.a(nwk.o)
                0x0000b814                NWK_IsGroupMember
 .text.nwkRetransmitInputPacket
                0x0000b850      0x12a ./../../../../../../Atmel_lib/BitCloud_MEGARF_1_14_0/BitCloud/lib/libBc_Coordinator_Atmega128rfa1_Atmega128rfa1_Gcc.a(nwk.o)
 .text.NWK_DataResp
                0x0000b97a       0x1c ./../../../../../../Atmel_lib/BitCloud_MEGARF_1_14_0/BitCloud/lib/libBc_Coordinator_Atmega128rfa1_Atmega128rfa1_Gcc.a(nwk.o)
                0x0000b97a                NWK_DataResp
 .text.nwkRxIndication
                0x0000b996      0x224 ./../../../../../../Atmel_lib/BitCloud_MEGARF_1_14_0/BitCloud/lib/libBc_Coordinator_Atmega128rfa1_Atmega128rfa1_Gcc.a(nwk.o)
 .text.nwkRxRetransmit
                0x0000bbba       0xae ./../../../../../../Atmel_lib/BitCloud_MEGARF_1_14_0/BitCloud/lib/libBc_Coordinator_Atmega128rfa1_Atmega128rfa1_Gcc.a(nwk.o)
 .text.NWK_ResetGroups
                0x0000bc68       0x5e ./../../../../../../Atmel_lib/BitCloud_MEGARF_1_14_0/BitCloud/lib/libBc_Coordinator_Atmega128rfa1_Atmega128rfa1_Gcc.a(nwk.o)
                0x0000bc68                NWK_ResetGroups
 .text.nwkResetMacResetConf
                0x0000bcc6      0x564 ./../../../../../../Atmel_lib/BitCloud_MEGARF_1_14_0/BitCloud/lib/libBc_Coordinator_Atmega128rfa1_Atmega128rfa1_Gcc.a(nwk.o)
 .text.NWK_GetParentShortAddr
                0x0000c22a        0xa ./../../../../../../Atmel_lib/BitCloud_MEGARF_1_14_0/BitCloud/lib/libBc_Coordinator_Atmega128rfa1_Atmega128rfa1_Gcc.a(nwk.o)
                0x0000c22a                NWK_GetParentShortAddr
 .text.NWK_GetPanId
                0x0000c234        0xa ./../../../../../../Atmel_lib/BitCloud_MEGARF_1_14_0/BitCloud/lib/libBc_Coordinator_Atmega128rfa1_Atmega128rfa1_Gcc.a(nwk.o)
                0x0000c234                NWK_GetPanId
 .text.NWK_GetExtPanId
                0x0000c23e       0x22 ./../../../../../../Atmel_lib/BitCloud_MEGARF_1_14_0/BitCloud/lib/libBc_Coordinator_Atmega128rfa1_Atmega128rfa1_Gcc.a(nwk.o)
                0x0000c23e                NWK_GetExtPanId
 .text.NWK_SetExtPanId
                0x0000c260       0x34 ./../../../../../../Atmel_lib/BitCloud_MEGARF_1_14_0/BitCloud/lib/libBc_Coordinator_Atmega128rfa1_Atmega128rfa1_Gcc.a(nwk.o)
                0x0000c260                NWK_SetExtPanId
 .text.NWK_GetDeviceType
                0x0000c294        0x6 ./../../../../../../Atmel_lib/BitCloud_MEGARF_1_14_0/BitCloud/lib/libBc_Coordinator_Atmega128rfa1_Atmega128rfa1_Gcc.a(nwk.o)
                0x0000c294                NWK_GetDeviceType
 .text.NWK_GetLogicalChannel
                0x0000c29a        0x6 ./../../../../../../Atmel_lib/BitCloud_MEGARF_1_14_0/BitCloud/lib/libBc_Coordinator_Atmega128rfa1_Atmega128rfa1_Gcc.a(nwk.o)
                0x0000c29a                NWK_GetLogicalChannel
 .text.NWK_SetLogicalChannel
                0x0000c2a0        0x6 ./../../../../../../Atmel_lib/BitCloud_MEGARF_1_14_0/BitCloud/lib/libBc_Coordinator_Atmega128rfa1_Atmega128rfa1_Gcc.a(nwk.o)
                0x0000c2a0                NWK_SetLogicalChannel
 .text.NWK_GetBroadcastDeliveryTime
                0x0000c2a6       0x12 ./../../../../../../Atmel_lib/BitCloud_MEGARF_1_14_0/BitCloud/lib/libBc_Coordinator_Atmega128rfa1_Atmega128rfa1_Gcc.a(nwk.o)
                0x0000c2a6                NWK_GetBroadcastDeliveryTime
 .text.NWK_GetManagerAddr
                0x0000c2b8        0xa ./../../../../../../Atmel_lib/BitCloud_MEGARF_1_14_0/BitCloud/lib/libBc_Coordinator_Atmega128rfa1_Atmega128rfa1_Gcc.a(nwk.o)
                0x0000c2b8                NWK_GetManagerAddr
 .text.NWK_SetManagerAddr
                0x0000c2c2        0xa ./../../../../../../Atmel_lib/BitCloud_MEGARF_1_14_0/BitCloud/lib/libBc_Coordinator_Atmega128rfa1_Atmega128rfa1_Gcc.a(nwk.o)
                0x0000c2c2                NWK_SetManagerAddr
 .text.NWK_SetUpdateId
                0x0000c2cc        0xa ./../../../../../../Atmel_lib/BitCloud_MEGARF_1_14_0/BitCloud/lib/libBc_Coordinator_Atmega128rfa1_Atmega128rfa1_Gcc.a(nwk.o)
                0x0000c2cc                NWK_SetUpdateId
 .text.NWK_GetTransmitCouner
                0x0000c2d6       0x14 ./../../../../../../Atmel_lib/BitCloud_MEGARF_1_14_0/BitCloud/lib/libBc_Coordinator_Atmega128rfa1_Atmega128rfa1_Gcc.a(nwk.o)
                0x0000c2d6                NWK_GetTransmitCouner
 .text.NWK_GetTransmitFailureCounter
                0x0000c2ea       0x14 ./../../../../../../Atmel_lib/BitCloud_MEGARF_1_14_0/BitCloud/lib/libBc_Coordinator_Atmega128rfa1_Atmega128rfa1_Gcc.a(nwk.o)
                0x0000c2ea                NWK_GetTransmitFailureCounter
 .text.NWK_ResetTransmitCounters
                0x0000c2fe       0x12 ./../../../../../../Atmel_lib/BitCloud_MEGARF_1_14_0/BitCloud/lib/libBc_Coordinator_Atmega128rfa1_Atmega128rfa1_Gcc.a(nwk.o)
                0x0000c2fe                NWK_ResetTransmitCounters
 .text.NWK_RemoveNeighbor
                0x0000c310       0x90 ./../../../../../../Atmel_lib/BitCloud_MEGARF_1_14_0/BitCloud/lib/libBc_Coordinator_Atmega128rfa1_Atmega128rfa1_Gcc.a(nwk.o)
                0x0000c310                NWK_RemoveNeighbor
 .text.neighborTimerFired
                0x0000c3a0       0x90 ./../../../../../../Atmel_lib/BitCloud_MEGARF_1_14_0/BitCloud/lib/libBc_Coordinator_Atmega128rfa1_Atmega128rfa1_Gcc.a(nwk.o)
 .text.NWK_LeaveReq
                0x0000c430       0x20 ./../../../../../../Atmel_lib/BitCloud_MEGARF_1_14_0/BitCloud/lib/libBc_Coordinator_Atmega128rfa1_Atmega128rfa1_Gcc.a(nwk.o)
                0x0000c430                NWK_LeaveReq
 .text.NWK_LoopbackTxReq
                0x0000c450       0x20 ./../../../../../../Atmel_lib/BitCloud_MEGARF_1_14_0/BitCloud/lib/libBc_Coordinator_Atmega128rfa1_Atmega128rfa1_Gcc.a(nwk.o)
                0x0000c450                NWK_LoopbackTxReq
 .text.nwkDataConfTaskHandler
                0x0000c470       0x5a ./../../../../../../Atmel_lib/BitCloud_MEGARF_1_14_0/BitCloud/lib/libBc_Coordinator_Atmega128rfa1_Atmega128rfa1_Gcc.a(nwk.o)
 .text.NWK_DataReq
                0x0000c4ca      0x216 ./../../../../../../Atmel_lib/BitCloud_MEGARF_1_14_0/BitCloud/lib/libBc_Coordinator_Atmega128rfa1_Atmega128rfa1_Gcc.a(nwk.o)
                0x0000c4ca                NWK_DataReq
 .text.NWK_FindNeighborByShortAddr
                0x0000c6e0       0x30 ./../../../../../../Atmel_lib/BitCloud_MEGARF_1_14_0/BitCloud/lib/libBc_Coordinator_Atmega128rfa1_Atmega128rfa1_Gcc.a(nwk.o)
                0x0000c6e0                NWK_FindNeighborByShortAddr
 .text.nwkGetNextHop
                0x0000c710      0x20c ./../../../../../../Atmel_lib/BitCloud_MEGARF_1_14_0/BitCloud/lib/libBc_Coordinator_Atmega128rfa1_Atmega128rfa1_Gcc.a(nwk.o)
 .text.nwkAllocateShortAddr.clone.14
                0x0000c91c       0xfe ./../../../../../../Atmel_lib/BitCloud_MEGARF_1_14_0/BitCloud/lib/libBc_Coordinator_Atmega128rfa1_Atmega128rfa1_Gcc.a(nwk.o)
 .text.nwkResolveAddressConflict
                0x0000ca1a      0x15e ./../../../../../../Atmel_lib/BitCloud_MEGARF_1_14_0/BitCloud/lib/libBc_Coordinator_Atmega128rfa1_Atmega128rfa1_Gcc.a(nwk.o)
 .text.nwkAddressConflictTaskHandler
                0x0000cb78       0xa0 ./../../../../../../Atmel_lib/BitCloud_MEGARF_1_14_0/BitCloud/lib/libBc_Coordinator_Atmega128rfa1_Atmega128rfa1_Gcc.a(nwk.o)
 .text.nwkStatusFrameInd
                0x0000cc18       0x46 ./../../../../../../Atmel_lib/BitCloud_MEGARF_1_14_0/BitCloud/lib/libBc_Coordinator_Atmega128rfa1_Atmega128rfa1_Gcc.a(nwk.o)
 .text.nwkAddChild