Archive member included because of file (symbol)

./../../../../../../Atmel_lib/BitCloud_SAM3S_EK_1_14_0/BitCloud/lib/libHAL_deRFusb23e06_At91sam3s4c_64Mhz_Gcc.a(atomic.o)
                              All_deRFusb23e06_At91sam3s4c_Rf231_Gcc/Obj/bspTaskManager.o (halStartAtomic)
./../../../../../../Atmel_lib/BitCloud_SAM3S_EK_1_14_0/BitCloud/lib/libHAL_deRFusb23e06_At91sam3s4c_64Mhz_Gcc.a(core_cm3.o)
                              ./../../../../../../Atmel_lib/BitCloud_SAM3S_EK_1_14_0/BitCloud/lib/libHAL_deRFusb23e06_At91sam3s4c_64Mhz_Gcc.a(atomic.o) (__get_PRIMASK)
./../../../../../../Atmel_lib/BitCloud_SAM3S_EK_1_14_0/BitCloud/lib/libHAL_deRFusb23e06_At91sam3s4c_64Mhz_Gcc.a(halVectorTable.o)
                              (__vector_table)
./../../../../../../Atmel_lib/BitCloud_SAM3S_EK_1_14_0/BitCloud/lib/libHAL_deRFusb23e06_At91sam3s4c_64Mhz_Gcc.a(halAppClock.o)
                              ./../../../../../../Atmel_lib/BitCloud_SAM3S_EK_1_14_0/BitCloud/lib/libHAL_deRFusb23e06_At91sam3s4c_64Mhz_Gcc.a(halVectorTable.o) (timerHandler)
./../../../../../../Atmel_lib/BitCloud_SAM3S_EK_1_14_0/BitCloud/lib/libHAL_deRFusb23e06_At91sam3s4c_64Mhz_Gcc.a(halUsart.o)
                              ./../../../../../../Atmel_lib/BitCloud_SAM3S_EK_1_14_0/BitCloud/lib/libHAL_deRFusb23e06_At91sam3s4c_64Mhz_Gcc.a(halVectorTable.o) (usart0Handler)
./../../../../../../Atmel_lib/BitCloud_SAM3S_EK_1_14_0/BitCloud/lib/libHAL_deRFusb23e06_At91sam3s4c_64Mhz_Gcc.a(halUart.o)
                              ./../../../../../../Atmel_lib/BitCloud_SAM3S_EK_1_14_0/BitCloud/lib/libHAL_deRFusb23e06_At91sam3s4c_64Mhz_Gcc.a(halVectorTable.o) (uart0Handler)
./../../../../../../Atmel_lib/BitCloud_SAM3S_EK_1_14_0/BitCloud/lib/libHAL_deRFusb23e06_At91sam3s4c_64Mhz_Gcc.a(halUsb.o)
                              ./../../../../../../Atmel_lib/BitCloud_SAM3S_EK_1_14_0/BitCloud/lib/libHAL_deRFusb23e06_At91sam3s4c_64Mhz_Gcc.a(halVectorTable.o) (usbHandler)
./../../../../../../Atmel_lib/BitCloud_SAM3S_EK_1_14_0/BitCloud/lib/libHAL_deRFusb23e06_At91sam3s4c_64Mhz_Gcc.a(halIrq.o)
                              ./../../../../../../Atmel_lib/BitCloud_SAM3S_EK_1_14_0/BitCloud/lib/libHAL_deRFusb23e06_At91sam3s4c_64Mhz_Gcc.a(halVectorTable.o) (pioaHandler)
./../../../../../../Atmel_lib/BitCloud_SAM3S_EK_1_14_0/BitCloud/lib/libHAL_deRFusb23e06_At91sam3s4c_64Mhz_Gcc.a(halHsmci.o)
                              ./../../../../../../Atmel_lib/BitCloud_SAM3S_EK_1_14_0/BitCloud/lib/libHAL_deRFusb23e06_At91sam3s4c_64Mhz_Gcc.a(halVectorTable.o) (hsmciHandler)
./../../../../../../Atmel_lib/BitCloud_SAM3S_EK_1_14_0/BitCloud/lib/libHAL_deRFusb23e06_At91sam3s4c_64Mhz_Gcc.a(halSleepTimerClock.o)
                              ./../../../../../../Atmel_lib/BitCloud_SAM3S_EK_1_14_0/BitCloud/lib/libHAL_deRFusb23e06_At91sam3s4c_64Mhz_Gcc.a(halVectorTable.o) (rttHandler)
./../../../../../../Atmel_lib/BitCloud_SAM3S_EK_1_14_0/BitCloud/lib/libHAL_deRFusb23e06_At91sam3s4c_64Mhz_Gcc.a(halSleep.o)
                              ./../../../../../../Atmel_lib/BitCloud_SAM3S_EK_1_14_0/BitCloud/lib/libHAL_deRFusb23e06_At91sam3s4c_64Mhz_Gcc.a(halSleepTimerClock.o) (halPowerOn)
./../../../../../../Atmel_lib/BitCloud_SAM3S_EK_1_14_0/BitCloud/lib/libHAL_deRFusb23e06_At91sam3s4c_64Mhz_Gcc.a(halStartupGcc.o)
                              ./../../../../../../Atmel_lib/BitCloud_SAM3S_EK_1_14_0/BitCloud/lib/libHAL_deRFusb23e06_At91sam3s4c_64Mhz_Gcc.a(halVectorTable.o) (gccReset)
./../../../../../../Atmel_lib/BitCloud_SAM3S_EK_1_14_0/BitCloud/lib/libHAL_deRFusb23e06_At91sam3s4c_64Mhz_Gcc.a(halRfCtrl.o)
                              ./../../../../../../Atmel_lib/BitCloud_SAM3S_EK_1_14_0/BitCloud/lib/libHAL_deRFusb23e06_At91sam3s4c_64Mhz_Gcc.a(halSleep.o) (halWaitRadio)
./../../../../../../Atmel_lib/BitCloud_SAM3S_EK_1_14_0/BitCloud/lib/libHAL_deRFusb23e06_At91sam3s4c_64Mhz_Gcc.a(halRfSpi.o)
                              ./../../../../../../Atmel_lib/BitCloud_SAM3S_EK_1_14_0/BitCloud/lib/libHAL_deRFusb23e06_At91sam3s4c_64Mhz_Gcc.a(halRfCtrl.o) (HAL_WriteByteRfSpi)
./../../../../../../Atmel_lib/BitCloud_SAM3S_EK_1_14_0/BitCloud/lib/libHAL_deRFusb23e06_At91sam3s4c_64Mhz_Gcc.a(halMacIsr.o)
                              ./../../../../../../Atmel_lib/BitCloud_SAM3S_EK_1_14_0/BitCloud/lib/libHAL_deRFusb23e06_At91sam3s4c_64Mhz_Gcc.a(halAppClock.o) (halMacTimerHandler)
./../../../../../../Atmel_lib/BitCloud_SAM3S_EK_1_14_0/BitCloud/lib/libHAL_deRFusb23e06_At91sam3s4c_64Mhz_Gcc.a(appTimer.o)
                              All_deRFusb23e06_At91sam3s4c_Rf231_Gcc/Obj/blink.o (HAL_StartAppTimer)
./../../../../../../Atmel_lib/BitCloud_SAM3S_EK_1_14_0/BitCloud/lib/libHAL_deRFusb23e06_At91sam3s4c_64Mhz_Gcc.a(halTaskManager.o)
                              ./../../../../../../Atmel_lib/BitCloud_SAM3S_EK_1_14_0/BitCloud/lib/libHAL_deRFusb23e06_At91sam3s4c_64Mhz_Gcc.a(halAppClock.o) (halTaskFlags)
./../../../../../../Atmel_lib/BitCloud_SAM3S_EK_1_14_0/BitCloud/lib/libHAL_deRFusb23e06_At91sam3s4c_64Mhz_Gcc.a(sleep.o)
[...]
Memory Configuration

Name             Origin             Length             Attributes
BOOT             0x00000000         0x00400000         xr
FLASH            0x00400000         0x0003f000         xr
ROM              0x00800000         0x00400000         xr
RAM              0x20000000         0x0000c000         rw
*default*        0x00000000         0xffffffff

Linker script and memory map

                0x00001000                MAIN_STACK_SIZE = 0x1000
                0x00000000                PROCESS_STACK_SIZE = 0x0

.text           0x00400000    0x113d0
                0x00400000                __text = .
 *(.vectors)
 .vectors       0x00400000       0x40 ./../../../../../../Atmel_lib/BitCloud_SAM3S_EK_1_14_0/BitCloud/lib/libHAL_deRFusb23e06_At91sam3s4c_64Mhz_Gcc.a(halVectorTable.o)
                0x00400000                __vector_table
                0x00400040                PROVIDE (__pds_ff_start, .)
 *(.pds_ff)
                0x00400040                PROVIDE (__pds_ff_end, .)
                0x00400040                PROVIDE (__pds_fd_start, .)
 *(.pds_fd)
                0x00400040                PROVIDE (__pds_fd_end, .)
 *(.text)
 .text          0x00400040       0x74 ./../../../../../../Atmel_lib/BitCloud_SAM3S_EK_1_14_0/BitCloud/lib/libHAL_deRFusb23e06_At91sam3s4c_64Mhz_Gcc.a(halExceptionGcc.o)
                0x00400040                halNmiHandler
                0x00400042                halHardFaultHandler
                0x00400044                halMemManageHandler
                0x00400046                halBusFaultHandler
                0x00400048                halUsageFaultHandler
                0x0040004a                halSvcHandler
                0x0040004c                halDebugMonHandler
                0x0040004e                halPendsvHandler
                0x00400050                halSysTickHandler
 .text          0x004000b4       0x58 c:/users/user/desktop/winsync/code_files/sabre/_toolchains/yagarto_arm/bin/../lib/gcc/arm-none-eabi/4.5.1/../../../../arm-none-eabi/lib/thumb/v7m\libc.a(lib_a-memcmp.o)
                0x004000b4                memcmp
 .text          0x0040010c       0x8c c:/users/user/desktop/winsync/code_files/sabre/_toolchains/yagarto_arm/bin/../lib/gcc/arm-none-eabi/4.5.1/../../../../arm-none-eabi/lib/thumb/v7m\libc.a(lib_a-memcpy.o)
                0x0040010c                memcpy
 .text          0x00400198       0xb4 c:/users/user/desktop/winsync/code_files/sabre/_toolchains/yagarto_arm/bin/../lib/gcc/arm-none-eabi/4.5.1/../../../../arm-none-eabi/lib/thumb/v7m\libc.a(lib_a-memmove.o)
                0x00400198                memmove
 .text          0x0040024c       0x9c c:/users/user/desktop/winsync/code_files/sabre/_toolchains/yagarto_arm/bin/../lib/gcc/arm-none-eabi/4.5.1/../../../../arm-none-eabi/lib/thumb/v7m\libc.a(lib_a-memset.o)
                0x0040024c                memset
 .text          0x004002e8       0x64 c:/users/user/desktop/winsync/code_files/sabre/_toolchains/yagarto_arm/bin/../lib/gcc/arm-none-eabi/4.5.1/../../../../arm-none-eabi/lib/thumb/v7m\libc.a(lib_a-rand.o)
                0x004002e8                srand
                0x00400300                rand
 *(.text.*)
 .text.blinkTimerFired
                0x0040034c       0x16 All_deRFusb23e06_At91sam3s4c_Rf231_Gcc/Obj/blink.o
 *fill*         0x00400362        0x2 00
 .text.buttonsReleased
                0x00400364       0x44 All_deRFusb23e06_At91sam3s4c_Rf231_Gcc/Obj/blink.o
 .text.changeTimerFired
                0x004003a8       0x20 All_deRFusb23e06_At91sam3s4c_Rf231_Gcc/Obj/blink.o
 .text.APL_TaskHandler
                0x004003c8       0x60 All_deRFusb23e06_At91sam3s4c_Rf231_Gcc/Obj/blink.o
                0x004003c8                APL_TaskHandler
 .text.ZDO_MgmtNwkUpdateNotf
                0x00400428        0x2 All_deRFusb23e06_At91sam3s4c_Rf231_Gcc/Obj/blink.o
                0x00400428                ZDO_MgmtNwkUpdateNotf
 .text.ZDO_WakeUpInd
                0x0040042a        0x2 All_deRFusb23e06_At91sam3s4c_Rf231_Gcc/Obj/blink.o
                0x0040042a                ZDO_WakeUpInd
 .text.ZDO_BindIndication
                0x0040042c        0x2 All_deRFusb23e06_At91sam3s4c_Rf231_Gcc/Obj/blink.o
                0x0040042c                ZDO_BindIndication
 .text.ZDO_UnbindIndication
                0x0040042e        0x2 All_deRFusb23e06_At91sam3s4c_Rf231_Gcc/Obj/blink.o
                0x0040042e                ZDO_UnbindIndication
 .text.main     0x00400430        0xc All_deRFusb23e06_At91sam3s4c_Rf231_Gcc/Obj/blink.o
                0x00400430                main
 .text.BSP_OpenLeds
                0x0040043c       0x24 All_deRFusb23e06_At91sam3s4c_Rf231_Gcc/Obj/leds.o
                0x0040043c                BSP_OpenLeds
 .text.BSP_OnLed
                0x00400460       0x28 All_deRFusb23e06_At91sam3s4c_Rf231_Gcc/Obj/leds.o
                0x00400460                BSP_OnLed
 .text.BSP_ToggleLed
                0x00400488       0x58 All_deRFusb23e06_At91sam3s4c_Rf231_Gcc/Obj/leds.o
                0x00400488                BSP_ToggleLed
 .text.BSP_TaskHandler
                0x004004e0       0x70 All_deRFusb23e06_At91sam3s4c_Rf231_Gcc/Obj/bspTaskManager.o
                0x004004e0                BSP_TaskHandler
 .text.BSP_OpenButtons
                0x00400550        0x4 All_deRFusb23e06_At91sam3s4c_Rf231_Gcc/Obj/fakeBSP.o
                0x00400550                BSP_OpenButtons
 .text.bspTemperatureSensorHandler
                0x00400554       0x14 All_deRFusb23e06_At91sam3s4c_Rf231_Gcc/Obj/fakeBSP.o
                0x00400554                bspTemperatureSensorHandler
 .text.bspLightSensorHandler
                0x00400568       0x14 All_deRFusb23e06_At91sam3s4c_Rf231_Gcc/Obj/fakeBSP.o
                0x00400568                bspLightSensorHandler
 .text.bspEmptyBatteryHandler
                0x0040057c       0x10 All_deRFusb23e06_At91sam3s4c_Rf231_Gcc/Obj/fakeBSP.o
                0x0040057c                bspEmptyBatteryHandler
 .text.csSetToDefault
                0x0040058c       0x70 All_deRFusb23e06_At91sam3s4c_Rf231_Gcc/Obj/csMem.o
                0x0040058c                csSetToDefault
 .text.csGetItem
                0x004005fc       0x24 All_deRFusb23e06_At91sam3s4c_Rf231_Gcc/Obj/configServer.o
 .text.CS_Init  0x00400620        0x8 All_deRFusb23e06_At91sam3s4c_Rf231_Gcc/Obj/configServer.o
                0x00400620                CS_Init
 .text.CS_ReadParameter
                0x00400628       0x1e All_deRFusb23e06_At91sam3s4c_Rf231_Gcc/Obj/configServer.o
                0x00400628                CS_ReadParameter
 .text.CS_WriteParameter
                0x00400646       0x2a All_deRFusb23e06_At91sam3s4c_Rf231_Gcc/Obj/configServer.o
                0x00400646                CS_WriteParameter
 .text.CS_GetMemory
                0x00400670       0x1a All_deRFusb23e06_At91sam3s4c_Rf231_Gcc/Obj/configServer.o
                0x00400670                CS_GetMemory
 .text.halStartAtomic
                0x0040068a        0xe ./../../../../../../Atmel_lib/BitCloud_SAM3S_EK_1_14_0/BitCloud/lib/libHAL_deRFusb23e06_At91sam3s4c_64Mhz_Gcc.a(atomic.o)
                0x0040068a                halStartAtomic
 .text.halEndAtomic
                0x00400698        0xa ./../../../../../../Atmel_lib/BitCloud_SAM3S_EK_1_14_0/BitCloud/lib/libHAL_deRFusb23e06_At91sam3s4c_64Mhz_Gcc.a(atomic.o)
                0x00400698                halEndAtomic
 .text.__get_PRIMASK
                0x004006a2        0x6 ./../../../../../../Atmel_lib/BitCloud_SAM3S_EK_1_14_0/BitCloud/lib/libHAL_deRFusb23e06_At91sam3s4c_64Mhz_Gcc.a(core_cm3.o)
                0x004006a2                __get_PRIMASK
 .text.__set_PRIMASK
                0x004006a8        0x6 ./../../../../../../Atmel_lib/BitCloud_SAM3S_EK_1_14_0/BitCloud/lib/libHAL_deRFusb23e06_At91sam3s4c_64Mhz_Gcc.a(core_cm3.o)
                0x004006a8                __set_PRIMASK
 .text.halIrqHandlerNotUsed
                0x004006ae        0x2 ./../../../../../../Atmel_lib/BitCloud_SAM3S_EK_1_14_0/BitCloud/lib/libHAL_deRFusb23e06_At91sam3s4c_64Mhz_Gcc.a(halVectorTable.o)
 .text.halAdjustSleepInterval
                0x004006b0       0x3c ./../../../../../../Atmel_lib/BitCloud_SAM3S_EK_1_14_0/BitCloud/lib/libHAL_deRFusb23e06_At91sam3s4c_64Mhz_Gcc.a(halAppClock.o)
                0x004006b0                halAdjustSleepInterval
 .text.halAppSystemTimeSynchronize
                0x004006ec       0x34 ./../../../../../../Atmel_lib/BitCloud_SAM3S_EK_1_14_0/BitCloud/lib/libHAL_deRFusb23e06_At91sam3s4c_64Mhz_Gcc.a(halAppClock.o)
                0x004006ec                halAppSystemTimeSynchronize
 .text.timerHandler
                0x00400720       0x70 ./../../../../../../Atmel_lib/BitCloud_SAM3S_EK_1_14_0/BitCloud/lib/libHAL_deRFusb23e06_At91sam3s4c_64Mhz_Gcc.a(halAppClock.o)
                0x00400720                timerHandler
 .text.halStartAppClock
                0x00400790       0x50 ./../../../../../../Atmel_lib/BitCloud_SAM3S_EK_1_14_0/BitCloud/lib/libHAL_deRFusb23e06_At91sam3s4c_64Mhz_Gcc.a(halAppClock.o)
                0x00400790                halStartAppClock
 .text.halStopAppClock
                0x004007e0        0xc ./../../../../../../Atmel_lib/BitCloud_SAM3S_EK_1_14_0/BitCloud/lib/libHAL_deRFusb23e06_At91sam3s4c_64Mhz_Gcc.a(halAppClock.o)
                0x004007e0                halStopAppClock
 .text.halGetTimeOfAppTimer
                0x004007ec       0x10 ./../../../../../../Atmel_lib/BitCloud_SAM3S_EK_1_14_0/BitCloud/lib/libHAL_deRFusb23e06_At91sam3s4c_64Mhz_Gcc.a(halAppClock.o)
                0x004007ec                halGetTimeOfAppTimer
 .text.halDelayUs
                0x004007fc       0x30 ./../../../../../../Atmel_lib/BitCloud_SAM3S_EK_1_14_0/BitCloud/lib/libHAL_deRFusb23e06_At91sam3s4c_64Mhz_Gcc.a(halAppClock.o)
                0x004007fc                halDelayUs
 .text.commonUsartHandler
                0x0040082c       0x80 ./../../../../../../Atmel_lib/BitCloud_SAM3S_EK_1_14_0/BitCloud/lib/libHAL_deRFusb23e06_At91sam3s4c_64Mhz_Gcc.a(halUsart.o)
                0x0040082c                commonUsartHandler
 .text.usart0Handler
                0x004008ac       0x10 ./../../../../../../Atmel_lib/BitCloud_SAM3S_EK_1_14_0/BitCloud/lib/libHAL_deRFusb23e06_At91sam3s4c_64Mhz_Gcc.a(halUsart.o)
                0x004008ac                usart0Handler
 .text.usart1Handler
                0x004008bc       0x10 ./../../../../../../Atmel_lib/BitCloud_SAM3S_EK_1_14_0/BitCloud/lib/libHAL_deRFusb23e06_At91sam3s4c_64Mhz_Gcc.a(halUsart.o)
                0x004008bc                usart1Handler
 .text.halPostUartTask
                0x004008cc       0x44 ./../../../../../../Atmel_lib/BitCloud_SAM3S_EK_1_14_0/BitCloud/lib/libHAL_deRFusb23e06_At91sam3s4c_64Mhz_Gcc.a(halUart.o)
 .text.halUartTaskUart1Rxc
                0x00400910       0x10 ./../../../../../../Atmel_lib/BitCloud_SAM3S_EK_1_14_0/BitCloud/lib/libHAL_deRFusb23e06_At91sam3s4c_64Mhz_Gcc.a(halUart.o)
 .text.halUartTaskUart0Rxc
                0x00400920       0x10 ./../../../../../../Atmel_lib/BitCloud_SAM3S_EK_1_14_0/BitCloud/lib/libHAL_deRFusb23e06_At91sam3s4c_64Mhz_Gcc.a(halUart.o)
 .text.halUartTaskUart1Txc
                0x00400930       0x10 ./../../../../../../Atmel_lib/BitCloud_SAM3S_EK_1_14_0/BitCloud/lib/libHAL_deRFusb23e06_At91sam3s4c_64Mhz_Gcc.a(halUart.o)
 .text.halUartTaskUart0Txc
                0x00400940       0x10 ./../../../../../../Atmel_lib/BitCloud_SAM3S_EK_1_14_0/BitCloud/lib/libHAL_deRFusb23e06_At91sam3s4c_64Mhz_Gcc.a(halUart.o)
 .text.halUartTaskUart1Dre
                0x00400950       0x10 ./../../../../../../Atmel_lib/BitCloud_SAM3S_EK_1_14_0/BitCloud/lib/libHAL_deRFusb23e06_At91sam3s4c_64Mhz_Gcc.a(halUart.o)
 .text.halUartTaskUart0Dre
                0x00400960       0x10 ./../../../../../../Atmel_lib/BitCloud_SAM3S_EK_1_14_0/BitCloud/lib/libHAL_deRFusb23e06_At91sam3s4c_64Mhz_Gcc.a(halUart.o)
 .text.halSigUartHandler
                0x00400970       0x3c ./../../../../../../Atmel_lib/BitCloud_SAM3S_EK_1_14_0/BitCloud/lib/libHAL_deRFusb23e06_At91sam3s4c_64Mhz_Gcc.a(halUart.o)
                0x00400970                halSigUartHandler
 .text.uart0Handler
                0x004009ac       0x68 ./../../../../../../Atmel_lib/BitCloud_SAM3S_EK_1_14_0/BitCloud/lib/libHAL_deRFusb23e06_At91sam3s4c_64Mhz_Gcc.a(halUart.o)
                0x004009ac                uart0Handler
 .text.halClearCSR
                0x00400a14       0x48 ./../../../../../../Atmel_lib/BitCloud_SAM3S_EK_1_14_0/BitCloud/lib/libHAL_deRFusb23e06_At91sam3s4c_64Mhz_Gcc.a(halUsb.o)
 .text.halSetCSR
                0x00400a5c       0x48 ./../../../../../../Atmel_lib/BitCloud_SAM3S_EK_1_14_0/BitCloud/lib/libHAL_deRFusb23e06_At91sam3s4c_64Mhz_Gcc.a(halUsb.o)
 .text.halWritePayload
                0x00400aa4       0x50 ./../../../../../../Atmel_lib/BitCloud_SAM3S_EK_1_14_0/BitCloud/lib/libHAL_deRFusb23e06_At91sam3s4c_64Mhz_Gcc.a(halUsb.o)
 .text.halClearRxFlag
                0x00400af4       0x98 ./../../../../../../Atmel_lib/BitCloud_SAM3S_EK_1_14_0/BitCloud/lib/libHAL_deRFusb23e06_At91sam3s4c_64Mhz_Gcc.a(halUsb.o)
 .text.usbHandler
                0x00400b8c      0x100 ./../../../../../../Atmel_lib/BitCloud_SAM3S_EK_1_14_0/BitCloud/lib/libHAL_deRFusb23e06_At91sam3s4c_64Mhz_Gcc.a(halUsb.o)
                0x00400b8c                usbHandler
 .text.halEndOfTransfer
                0x00400c8c       0x3c ./../../../../../../Atmel_lib/BitCloud_SAM3S_EK_1_14_0/BitCloud/lib/libHAL_deRFusb23e06_At91sam3s4c_64Mhz_Gcc.a(halUsb.o)
                0x00400c8c                halEndOfTransfer
 .text.halResetEndpoints
                0x00400cc8       0x30 ./../../../../../../Atmel_lib/BitCloud_SAM3S_EK_1_14_0/BitCloud/lib/libHAL_deRFusb23e06_At91sam3s4c_64Mhz_Gcc.a(halUsb.o)
                0x00400cc8                halResetEndpoints
 .text.halDisableEndpoints
                0x00400cf8       0x24 ./../../../../../../Atmel_lib/BitCloud_SAM3S_EK_1_14_0/BitCloud/lib/libHAL_deRFusb23e06_At91sam3s4c_64Mhz_Gcc.a(halUsb.o)
                0x00400cf8                halDisableEndpoints
 .text.halEndOfBusResetHandler
                0x00400d1c       0x34 ./../../../../../../Atmel_lib/BitCloud_SAM3S_EK_1_14_0/BitCloud/lib/libHAL_deRFusb23e06_At91sam3s4c_64Mhz_Gcc.a(halUsb.o)
                0x00400d1c                halEndOfBusResetHandler
 .text.halEndpointHandler
                0x00400d50      0x250 ./../../../../../../Atmel_lib/BitCloud_SAM3S_EK_1_14_0/BitCloud/lib/libHAL_deRFusb23e06_At91sam3s4c_64Mhz_Gcc.a(halUsb.o)
                0x00400d50                halEndpointHandler
 .text.halConfigureEndpoint
                0x00400fa0       0x34 ./../../../../../../Atmel_lib/BitCloud_SAM3S_EK_1_14_0/BitCloud/lib/libHAL_deRFusb23e06_At91sam3s4c_64Mhz_Gcc.a(halUsb.o)
                0x00400fa0                halConfigureEndpoint
 .text.halProcessExtIrq
                0x00400fd4       0x36 ./../../../../../../Atmel_lib/BitCloud_SAM3S_EK_1_14_0/BitCloud/lib/libHAL_deRFusb23e06_At91sam3s4c_64Mhz_Gcc.a(halIrq.o)
 *fill*         0x0040100a        0x2 00
 .text.halRegisterExtIrq
                0x0040100c      0x168 ./../../../../../../Atmel_lib/BitCloud_SAM3S_EK_1_14_0/BitCloud/lib/libHAL_deRFusb23e06_At91sam3s4c_64Mhz_Gcc.a(halIrq.o)
                0x0040100c                halRegisterExtIrq
 .text.halEnableExtIrq
                0x00401174       0x20 ./../../../../../../Atmel_lib/BitCloud_SAM3S_EK_1_14_0/BitCloud/lib/libHAL_deRFusb23e06_At91sam3s4c_64Mhz_Gcc.a(halIrq.o)
                0x00401174                halEnableExtIrq
 .text.halDisableExtIrq
                0x00401194       0x38 ./../../../../../../Atmel_lib/BitCloud_SAM3S_EK_1_14_0/BitCloud/lib/libHAL_deRFusb23e06_At91sam3s4c_64Mhz_Gcc.a(halIrq.o)
                0x00401194                halDisableExtIrq
 .text.halClearExtIrq
                0x004011cc       0x74 ./../../../../../../Atmel_lib/BitCloud_SAM3S_EK_1_14_0/BitCloud/lib/libHAL_deRFusb23e06_At91sam3s4c_64Mhz_Gcc.a(halIrq.o)
                0x004011cc                halClearExtIrq
 .text.pioaHandler
                0x00401240       0x10 ./../../../../../../Atmel_lib/BitCloud_SAM3S_EK_1_14_0/BitCloud/lib/libHAL_deRFusb23e06_At91sam3s4c_64Mhz_Gcc.a(halIrq.o)
                0x00401240                pioaHandler
 .text.piobHandler
                0x00401250       0x10 ./../../../../../../Atmel_lib/BitCloud_SAM3S_EK_1_14_0/BitCloud/lib/libHAL_deRFusb23e06_At91sam3s4c_64Mhz_Gcc.a(halIrq.o)
                0x00401250                piobHandler
 .text.piocHandler
                0x00401260       0x10 ./../../../../../../Atmel_lib/BitCloud_SAM3S_EK_1_14_0/BitCloud/lib/libHAL_deRFusb23e06_At91sam3s4c_64Mhz_Gcc.a(halIrq.o)
                0x00401260                piocHandler
 .text.hsmciHandler
                0x00401270       0xec ./../../../../../../Atmel_lib/BitCloud_SAM3S_EK_1_14_0/BitCloud/lib/libHAL_deRFusb23e06_At91sam3s4c_64Mhz_Gcc.a(halHsmci.o)
                0x00401270                hsmciHandler
 .text.halHsmciHandler
                0x0040135c       0x14 ./../../../../../../Atmel_lib/BitCloud_SAM3S_EK_1_14_0/BitCloud/lib/libHAL_deRFusb23e06_At91sam3s4c_64Mhz_Gcc.a(halHsmci.o)
                0x0040135c                halHsmciHandler
 .text.halStartSleepTimerClock
                0x00401370       0x44 ./../../../../../../Atmel_lib/BitCloud_SAM3S_EK_1_14_0/BitCloud/lib/libHAL_deRFusb23e06_At91sam3s4c_64Mhz_Gcc.a(halSleepTimerClock.o)
                0x00401370                halStartSleepTimerClock
 .text.halSetSleepTimerInterval
                0x004013b4       0x24 ./../../../../../../Atmel_lib/BitCloud_SAM3S_EK_1_14_0/BitCloud/lib/libHAL_deRFusb23e06_At91sam3s4c_64Mhz_Gcc.a(halSleepTimerClock.o)
                0x004013b4                halSetSleepTimerInterval
 .text.halGetTimeOfSleepTimer
                0x004013d8       0x54 ./../../../../../../Atmel_lib/BitCloud_SAM3S_EK_1_14_0/BitCloud/lib/libHAL_deRFusb23e06_At91sam3s4c_64Mhz_Gcc.a(halSleepTimerClock.o)
                0x004013d8                halGetTimeOfSleepTimer
 .text.halSleepTimerFrequency
                0x0040142c        0x4 ./../../../../../../Atmel_lib/BitCloud_SAM3S_EK_1_14_0/BitCloud/lib/libHAL_deRFusb23e06_At91sam3s4c_64Mhz_Gcc.a(halSleepTimerClock.o)
                0x0040142c                halSleepTimerFrequency
 .text.rttHandler
                0x00401430       0x80 ./../../../../../../Atmel_lib/BitCloud_SAM3S_EK_1_14_0/BitCloud/lib/libHAL_deRFusb23e06_At91sam3s4c_64Mhz_Gcc.a(halSleepTimerClock.o)
                0x00401430                rttHandler
 .text.halPowerOn
                0x004014b0       0x54 ./../../../../../../Atmel_lib/BitCloud_SAM3S_EK_1_14_0/BitCloud/lib/libHAL_deRFusb23e06_At91sam3s4c_64Mhz_Gcc.a(halSleep.o)
                0x004014b0                halPowerOn
 .text.halPowerOff
                0x00401504       0x74 ./../../../../../../Atmel_lib/BitCloud_SAM3S_EK_1_14_0/BitCloud/lib/libHAL_deRFusb23e06_At91sam3s4c_64Mhz_Gcc.a(halSleep.o)
                0x00401504                halPowerOff
 .text.HAL_Sleep
                0x00401578       0x40 ./../../../../../../Atmel_lib/BitCloud_SAM3S_EK_1_14_0/BitCloud/lib/libHAL_deRFusb23e06_At91sam3s4c_64Mhz_Gcc.a(halSleep.o)
                0x00401578                HAL_Sleep
 .text.halWakeupHandler
                0x004015b8       0x60 ./../../../../../../Atmel_lib/BitCloud_SAM3S_EK_1_14_0/BitCloud/lib/libHAL_deRFusb23e06_At91sam3s4c_64Mhz_Gcc.a(halSleep.o)
                0x004015b8                halWakeupHandler
 .text.gccReset
                0x00401618       0x50 ./../../../../../../Atmel_lib/BitCloud_SAM3S_EK_1_14_0/BitCloud/lib/libHAL_deRFusb23e06_At91sam3s4c_64Mhz_Gcc.a(halStartupGcc.o)
                0x00401618                gccReset
 .text.HAL_Delay
                0x00401668        0x8 ./../../../../../../Atmel_lib/BitCloud_SAM3S_EK_1_14_0/BitCloud/lib/libHAL_deRFusb23e06_At91sam3s4c_64Mhz_Gcc.a(halRfCtrl.o)
                0x00401668                HAL_Delay
 .text.HAL_ClearRfIrqFlag
                0x00401670        0xa ./../../../../../../Atmel_lib/BitCloud_SAM3S_EK_1_14_0/BitCloud/lib/libHAL_deRFusb23e06_At91sam3s4c_64Mhz_Gcc.a(halRfCtrl.o)
                0x00401670                HAL_ClearRfIrqFlag
 .text.HAL_EnableRfIrq
                0x0040167a        0xa ./../../../../../../Atmel_lib/BitCloud_SAM3S_EK_1_14_0/BitCloud/lib/libHAL_deRFusb23e06_At91sam3s4c_64Mhz_Gcc.a(halRfCtrl.o)
                0x0040167a                HAL_EnableRfIrq
 .text.HAL_DisableRfIrq
                0x00401684        0xc ./../../../../../../Atmel_lib/BitCloud_SAM3S_EK_1_14_0/BitCloud/lib/libHAL_deRFusb23e06_At91sam3s4c_64Mhz_Gcc.a(halRfCtrl.o)
                0x00401684                HAL_DisableRfIrq
 .text.HAL_SetRfSlpTr
                0x00401690       0x10 ./../../../../../../Atmel_lib/BitCloud_SAM3S_EK_1_14_0/BitCloud/lib/libHAL_deRFusb23e06_At91sam3s4c_64Mhz_Gcc.a(halRfCtrl.o)
                0x00401690                HAL_SetRfSlpTr
 .text.HAL_ClearRfSlpTr
                0x004016a0       0x10 ./../../../../../../Atmel_lib/BitCloud_SAM3S_EK_1_14_0/BitCloud/lib/libHAL_deRFusb23e06_At91sam3s4c_64Mhz_Gcc.a(halRfCtrl.o)
                0x004016a0                HAL_ClearRfSlpTr
 .text.HAL_SetRfRst
                0x004016b0       0x10 ./../../../../../../Atmel_lib/BitCloud_SAM3S_EK_1_14_0/BitCloud/lib/libHAL_deRFusb23e06_At91sam3s4c_64Mhz_Gcc.a(halRfCtrl.o)
                0x004016b0                HAL_SetRfRst
 .text.HAL_ClearRfRst
                0x004016c0       0x10 ./../../../../../../Atmel_lib/BitCloud_SAM3S_EK_1_14_0/BitCloud/lib/libHAL_deRFusb23e06_At91sam3s4c_64Mhz_Gcc.a(halRfCtrl.o)
                0x004016c0                HAL_ClearRfRst
 .text.HAL_InitRfPins
                0x004016d0       0x18 ./../../../../../../Atmel_lib/BitCloud_SAM3S_EK_1_14_0/BitCloud/lib/libHAL_deRFusb23e06_At91sam3s4c_64Mhz_Gcc.a(halRfCtrl.o)
                0x004016d0                HAL_InitRfPins
 .text.HAL_InitRfIrq
                0x004016e8       0x28 ./../../../../../../Atmel_lib/BitCloud_SAM3S_EK_1_14_0/BitCloud/lib/libHAL_deRFusb23e06_At91sam3s4c_64Mhz_Gcc.a(halRfCtrl.o)
                0x004016e8                HAL_InitRfIrq
 .text.HAL_GetRfFreq
                0x00401710        0x4 ./../../../../../../Atmel_lib/BitCloud_SAM3S_EK_1_14_0/BitCloud/lib/libHAL_deRFusb23e06_At91sam3s4c_64Mhz_Gcc.a(halRfCtrl.o)
                0x00401710                HAL_GetRfFreq
 .text.halWaitRadio
                0x00401714       0x20 ./../../../../../../Atmel_lib/BitCloud_SAM3S_EK_1_14_0/BitCloud/lib/libHAL_deRFusb23e06_At91sam3s4c_64Mhz_Gcc.a(halRfCtrl.o)
                0x00401714                halWaitRadio
 .text.HAL_EnableRxTxSwitcher
                0x00401734        0x8 ./../../../../../../Atmel_lib/BitCloud_SAM3S_EK_1_14_0/BitCloud/lib/libHAL_deRFusb23e06_At91sam3s4c_64Mhz_Gcc.a(halRfCtrl.o)
                0x00401734                HAL_EnableRxTxSwitcher
 .text.HAL_InitAntennaDiversity
                0x0040173c        0x2 ./../../../../../../Atmel_lib/BitCloud_SAM3S_EK_1_14_0/BitCloud/lib/libHAL_deRFusb23e06_At91sam3s4c_64Mhz_Gcc.a(halRfCtrl.o)
                0x0040173c                HAL_InitAntennaDiversity
 .text.HAL_EnableRxAntennaDiversity
                0x0040173e        0x2 ./../../../../../../Atmel_lib/BitCloud_SAM3S_EK_1_14_0/BitCloud/lib/libHAL_deRFusb23e06_At91sam3s4c_64Mhz_Gcc.a(halRfCtrl.o)
                0x0040173e                HAL_EnableRxAntennaDiversity
 .text.HAL_EnableTxAntennaDiversity
                0x00401740        0x2 ./../../../../../../Atmel_lib/BitCloud_SAM3S_EK_1_14_0/BitCloud/lib/libHAL_deRFusb23e06_At91sam3s4c_64Mhz_Gcc.a(halRfCtrl.o)
                0x00401740                HAL_EnableTxAntennaDiversity
 *fill*         0x00401742        0x2 00
 .text.HAL_InitRfSpi
                0x00401744       0x44 ./../../../../../../Atmel_lib/BitCloud_SAM3S_EK_1_14_0/BitCloud/lib/libHAL_deRFusb23e06_At91sam3s4c_64Mhz_Gcc.a(halRfSpi.o)
                0x00401744                HAL_InitRfSpi
 .text.HAL_WriteByteRfSpi
                0x00401788       0x18 ./../../../../../../Atmel_lib/BitCloud_SAM3S_EK_1_14_0/BitCloud/lib/libHAL_deRFusb23e06_At91sam3s4c_64Mhz_Gcc.a(halRfSpi.o)
                0x00401788                HAL_WriteByteRfSpi
 .text.HAL_DeselectRfSpi
                0x004017a0       0x10 ./../../../../../../Atmel_lib/BitCloud_SAM3S_EK_1_14_0/BitCloud/lib/libHAL_deRFusb23e06_At91sam3s4c_64Mhz_Gcc.a(halRfSpi.o)
                0x004017a0                HAL_DeselectRfSpi
 .text.HAL_SelectRfSpi
                0x004017b0       0x10 ./../../../../../../Atmel_lib/BitCloud_SAM3S_EK_1_14_0/BitCloud/lib/libHAL_deRFusb23e06_At91sam3s4c_64Mhz_Gcc.a(halRfSpi.o)
                0x004017b0                HAL_SelectRfSpi
 .text.HAL_InitMacIsr
                0x004017c0       0x14 ./../../../../../../Atmel_lib/BitCloud_SAM3S_EK_1_14_0/BitCloud/lib/libHAL_deRFusb23e06_At91sam3s4c_64Mhz_Gcc.a(halMacIsr.o)
                0x004017c0                HAL_InitMacIsr
 .text.HAL_StartRtimer
                0x004017d4       0x54 ./../../../../../../Atmel_lib/BitCloud_SAM3S_EK_1_14_0/BitCloud/lib/libHAL_deRFusb23e06_At91sam3s4c_64Mhz_Gcc.a(halMacIsr.o)
                0x004017d4                HAL_StartRtimer
 .text.HAL_StopRtimer
                0x00401828       0x18 ./../../../../../../Atmel_lib/BitCloud_SAM3S_EK_1_14_0/BitCloud/lib/libHAL_deRFusb23e06_At91sam3s4c_64Mhz_Gcc.a(halMacIsr.o)
                0x00401828                HAL_StopRtimer
 .text.halMacTimerHandler
                0x00401840       0x50 ./../../../../../../Atmel_lib/BitCloud_SAM3S_EK_1_14_0/BitCloud/lib/libHAL_deRFusb23e06_At91sam3s4c_64Mhz_Gcc.a(halMacIsr.o)
                0x00401840                halMacTimerHandler
 .text.halAppTimerHandler
                0x00401890       0x40 ./../../../../../../Atmel_lib/BitCloud_SAM3S_EK_1_14_0/BitCloud/lib/libHAL_deRFusb23e06_At91sam3s4c_64Mhz_Gcc.a(appTimer.o)
                0x00401890                halAppTimerHandler
 .text.HAL_StartAppTimer
                0x004018d0       0x3c ./../../../../../../Atmel_lib/BitCloud_SAM3S_EK_1_14_0/BitCloud/lib/libHAL_deRFusb23e06_At91sam3s4c_64Mhz_Gcc.a(appTimer.o)
                0x004018d0                HAL_StartAppTimer
 .text.HAL_StopAppTimer
                0x0040190c       0x34 ./../../../../../../Atmel_lib/BitCloud_SAM3S_EK_1_14_0/BitCloud/lib/libHAL_deRFusb23e06_At91sam3s4c_64Mhz_Gcc.a(appTimer.o)
                0x0040190c                HAL_StopAppTimer
 .text.HAL_GetSystemTime
                0x00401940       0x18 ./../../../../../../Atmel_lib/BitCloud_SAM3S_EK_1_14_0/BitCloud/lib/libHAL_deRFusb23e06_At91sam3s4c_64Mhz_Gcc.a(appTimer.o)
                0x00401940                HAL_GetSystemTime
 .text.HAL_TaskHandler
                0x00401958      0x1e0 ./../../../../../../Atmel_lib/BitCloud_SAM3S_EK_1_14_0/BitCloud/lib/libHAL_deRFusb23e06_At91sam3s4c_64Mhz_Gcc.a(halTaskManager.o)
                0x00401958                HAL_TaskHandler
 .text.HAL_StartSystemSleep
                0x00401b38       0x5c ./../../../../../../Atmel_lib/BitCloud_SAM3S_EK_1_14_0/BitCloud/lib/libHAL_deRFusb23e06_At91sam3s4c_64Mhz_Gcc.a(sleep.o)
                0x00401b38                HAL_StartSystemSleep
 .text.halAddTimer
                0x00401b94       0x76 ./../../../../../../Atmel_lib/BitCloud_SAM3S_EK_1_14_0/BitCloud/lib/libHAL_deRFusb23e06_At91sam3s4c_64Mhz_Gcc.a(timer.o)
                0x00401b94                halAddTimer
 .text.halRemoveTimer
                0x00401c0a       0x1c ./../../../../../../Atmel_lib/BitCloud_SAM3S_EK_1_14_0/BitCloud/lib/libHAL_deRFusb23e06_At91sam3s4c_64Mhz_Gcc.a(timer.o)
                0x00401c0a                halRemoveTimer
 .text.halFindPrevTimer
                0x00401c26       0x12 ./../../../../../../Atmel_lib/BitCloud_SAM3S_EK_1_14_0/BitCloud/lib/libHAL_deRFusb23e06_At91sam3s4c_64Mhz_Gcc.a(timer.o)
                0x00401c26                halFindPrevTimer
 .text.halSigUsartReceptionComplete
                0x00401c38       0x3c ./../../../../../../Atmel_lib/BitCloud_SAM3S_EK_1_14_0/BitCloud/lib/libHAL_deRFusb23e06_At91sam3s4c_64Mhz_Gcc.a(usart.o)
 .text.halUsartTaskUsart1Rxc
                0x00401c74       0x10 ./../../../../../../Atmel_lib/BitCloud_SAM3S_EK_1_14_0/BitCloud/lib/libHAL_deRFusb23e06_At91sam3s4c_64Mhz_Gcc.a(usart.o)
 .text.halUsartTaskUsart0Rxc
                0x00401c84       0x10 ./../../../../../../Atmel_lib/BitCloud_SAM3S_EK_1_14_0/BitCloud/lib/libHAL_deRFusb23e06_At91sam3s4c_64Mhz_Gcc.a(usart.o)
 .text.halUsartHwController
                0x00401c94       0xc4 ./../../../../../../Atmel_lib/BitCloud_SAM3S_EK_1_14_0/BitCloud/lib/libHAL_deRFusb23e06_At91sam3s4c_64Mhz_Gcc.a(usart.o)
 .text.hwControlPinsPollCallback
                0x00401d58       0x10 ./../../../../../../Atmel_lib/BitCloud_SAM3S_EK_1_14_0/BitCloud/lib/libHAL_deRFusb23e06_At91sam3s4c_64Mhz_Gcc.a(usart.o)
                0x00401d58                hwControlPinsPollCallback
 .text.halUsartTaskUsart1Dre
                0x00401d68       0x10 ./../../../../../../Atmel_lib/BitCloud_SAM3S_EK_1_14_0/BitCloud/lib/libHAL_deRFusb23e06_At91sam3s4c_64Mhz_Gcc.a(usart.o)
 .text.halUsartTaskUsart0Dre
                0x00401d78       0x10 ./../../../../../../Atmel_lib/BitCloud_SAM3S_EK_1_14_0/BitCloud/lib/libHAL_deRFusb23e06_At91sam3s4c_64Mhz_Gcc.a(usart.o)
 .text.halSigUsartHandler
                0x00401d88       0x68 ./../../../../../../Atmel_lib/BitCloud_SAM3S_EK_1_14_0/BitCloud/lib/libHAL_deRFusb23e06_At91sam3s4c_64Mhz_Gcc.a(usart.o)
                0x00401d88                halSigUsartHandler
 .text.halPostUsartTask
                0x00401df0       0x44 ./../../../../../../Atmel_lib/BitCloud_SAM3S_EK_1_14_0/BitCloud/lib/libHAL_deRFusb23e06_At91sam3s4c_64Mhz_Gcc.a(usart.o)
                0x00401df0                halPostUsartTask
 .text.halUsartRxBufferFiller
                0x00401e34       0xa4 ./../../../../../../Atmel_lib/BitCloud_SAM3S_EK_1_14_0/BitCloud/lib/libHAL_deRFusb23e06_At91sam3s4c_64Mhz_Gcc.a(usart.o)
                0x00401e34                halUsartRxBufferFiller
 .text.halSigUsartTransmissionComplete
                0x00401ed8       0x54 ./../../../../../../Atmel_lib/BitCloud_SAM3S_EK_1_14_0/BitCloud/lib/libHAL_deRFusb23e06_At91sam3s4c_64Mhz_Gcc.a(usart.o)
                0x00401ed8                halSigUsartTransmissionComplete
 .text.halUsartTaskUsart1Txc
                0x00401f2c       0x10 ./../../../../../../Atmel_lib/BitCloud_SAM3S_EK_1_14_0/BitCloud/lib/libHAL_deRFusb23e06_At91sam3s4c_64Mhz_Gcc.a(usart.o)
 .text.halUsartTaskUsart0Txc
                0x00401f3c       0x10 ./../../../../../../Atmel_lib/BitCloud_SAM3S_EK_1_14_0/BitCloud/lib/libHAL_deRFusb23e06_At91sam3s4c_64Mhz_Gcc.a(usart.o)
 .text.halUartStoreRx
                0x00401f4c       0x54 ./../../../../../../Atmel_lib/BitCloud_SAM3S_EK_1_14_0/BitCloud/lib/libHAL_deRFusb23e06_At91sam3s4c_64Mhz_Gcc.a(uart.o)
                0x00401f4c                halUartStoreRx
 .text.halUartTx
                0x00401fa0       0x58 ./../../../../../../Atmel_lib/BitCloud_SAM3S_EK_1_14_0/BitCloud/lib/libHAL_deRFusb23e06_At91sam3s4c_64Mhz_Gcc.a(uart.o)
                0x00401fa0                halUartTx
 .text.halSigUartTransmissionComplete
                0x00401ff8       0x30 ./../../../../../../Atmel_lib/BitCloud_SAM3S_EK_1_14_0/BitCloud/lib/libHAL_deRFusb23e06_At91sam3s4c_64Mhz_Gcc.a(uart.o)
                0x00401ff8                halSigUartTransmissionComplete
 .text.halSigUartReceptionComplete
                0x00402028       0x22 ./../../../../../../Atmel_lib/BitCloud_SAM3S_EK_1_14_0/BitCloud/lib/libHAL_deRFusb23e06_At91sam3s4c_64Mhz_Gcc.a(uart.o)
                0x00402028                halSigUartReceptionComplete
 *fill*         0x0040204a        0x2 00
 .text.HAL_ConfigureEndpoint
                0x0040204c       0x58 ./../../../../../../Atmel_lib/BitCloud_SAM3S_EK_1_14_0/BitCloud/lib/libHAL_deRFusb23e06_At91sam3s4c_64Mhz_Gcc.a(usb.o)
                0x0040204c                HAL_ConfigureEndpoint
 .text.halEndPointHandler
                0x004020a4       0x12 ./../../../../../../Atmel_lib/BitCloud_SAM3S_EK_1_14_0/BitCloud/lib/libHAL_deRFusb23e06_At91sam3s4c_64Mhz_Gcc.a(usb.o)
                0x004020a4                halEndPointHandler
 *fill*         0x004020b6        0x2 00
 .text.halSuspendHandler
                0x004020b8       0x10 ./../../../../../../Atmel_lib/BitCloud_SAM3S_EK_1_14_0/BitCloud/lib/libHAL_deRFusb23e06_At91sam3s4c_64Mhz_Gcc.a(usb.o)
                0x004020b8                halSuspendHandler
 .text.halResumeHandler
                0x004020c8       0x10 ./../../../../../../Atmel_lib/BitCloud_SAM3S_EK_1_14_0/BitCloud/lib/libHAL_deRFusb23e06_At91sam3s4c_64Mhz_Gcc.a(usb.o)
                0x004020c8                halResumeHandler
 .text.halBusResetHandler
                0x004020d8       0x14 ./../../../../../../Atmel_lib/BitCloud_SAM3S_EK_1_14_0/BitCloud/lib/libHAL_deRFusb23e06_At91sam3s4c_64Mhz_Gcc.a(usb.o)
                0x004020d8                halBusResetHandler
 .text.halSigEepromReadyHandler
                0x004020ec       0x14 ./../../../../../../Atmel_lib/BitCloud_SAM3S_EK_1_14_0/BitCloud/lib/libHAL_deRFusb23e06_At91sam3s4c_64Mhz_Gcc.a(eeprom.o)
                0x004020ec                halSigEepromReadyHandler
 .text.HAL_StartSleepTimer
                0x00402100       0x68 ./../../../../../../Atmel_lib/BitCloud_SAM3S_EK_1_14_0/BitCloud/lib/libHAL_deRFusb23e06_At91sam3s4c_64Mhz_Gcc.a(sleepTimer.o)
                0x00402100                HAL_StartSleepTimer
 .text.halAsyncTimerHandler
                0x00402168       0x3c ./../../../../../../Atmel_lib/BitCloud_SAM3S_EK_1_14_0/BitCloud/lib/libHAL_deRFusb23e06_At91sam3s4c_64Mhz_Gcc.a(sleepTimer.o)
                0x00402168                halAsyncTimerHandler
 .text.halSwitchToRcClock
                0x004021a4       0xc0 ./../../../../../../Atmel_lib/BitCloud_SAM3S_EK_1_14_0/BitCloud/lib/libHAL_deRFusb23e06_At91sam3s4c_64Mhz_Gcc.a(halLowLevelInit.o)
                0x004021a4                halSwitchToRcClock
 .text.halSwitchToActiveClock
                0x00402264       0xc8 ./../../../../../../Atmel_lib/BitCloud_SAM3S_EK_1_14_0/BitCloud/lib/libHAL_deRFusb23e06_At91sam3s4c_64Mhz_Gcc.a(halLowLevelInit.o)
                0x00402264                halSwitchToActiveClock
 .text.halRestoreStartupClock
                0x0040232c        0xc ./../../../../../../Atmel_lib/BitCloud_SAM3S_EK_1_14_0/BitCloud/lib/libHAL_deRFusb23e06_At91sam3s4c_64Mhz_Gcc.a(halLowLevelInit.o)
                0x0040232c                halRestoreStartupClock
 .text.halLowLevelInit
                0x00402338       0x2c ./../../../../../../Atmel_lib/BitCloud_SAM3S_EK_1_14_0/BitCloud/lib/libHAL_deRFusb23e06_At91sam3s4c_64Mhz_Gcc.a(halLowLevelInit.o)
                0x00402338                halLowLevelInit
 .text.halDbguPrintAscii
                0x00402364       0x20 ./../../../../../../Atmel_lib/BitCloud_SAM3S_EK_1_14_0/BitCloud/lib/libHAL_deRFusb23e06_At91sam3s4c_64Mhz_Gcc.a(halExcHandler.o)
 .text.halDbguPrintHex8
                0x00402384       0x40 ./../../../../../../Atmel_lib/BitCloud_SAM3S_EK_1_14_0/BitCloud/lib/libHAL_deRFusb23e06_At91sam3s4c_64Mhz_Gcc.a(halExcHandler.o)
 .text.halCommonExcHandler
                0x004023c4      0x20c ./../../../../../../Atmel_lib/BitCloud_SAM3S_EK_1_14_0/BitCloud/lib/libHAL_deRFusb23e06_At91sam3s4c_64Mhz_Gcc.a(halExcHandler.o)
                0x004023c4                halCommonExcHandler
 .text.phyDispatcheRfInterrupt
                0x004025d0      0x278 ./../../../../../../Atmel_lib/BitCloud_SAM3S_EK_1_14_0/BitCloud/lib/libBc_All_At91sam3s4c_Rf231_Gcc.a(phyRfIrqDispatcher.o)
                0x004025d0                phyDispatcheRfInterrupt
 .text.phySetRTimerSource
                0x00402848       0x10 ./../../../../../../Atmel_lib/BitCloud_SAM3S_EK_1_14_0/BitCloud/lib/libBc_All_At91sam3s4c_Rf231_Gcc.a(phyRtimerIrqDispatcher.o)
                0x00402848                phySetRTimerSource
 .text.phyDispatcheRTimerEvent
                0x00402858       0xf0 ./../../../../../../Atmel_lib/BitCloud_SAM3S_EK_1_14_0/BitCloud/lib/libBc_All_At91sam3s4c_Rf231_Gcc.a(phyRtimerIrqDispatcher.o)
                0x00402858                phyDispatcheRTimerEvent
 .text.phyRxTxSwitcher
                0x00402948       0x40 ./../../../../../../Atmel_lib/BitCloud_SAM3S_EK_1_14_0/BitCloud/lib/libBc_All_At91sam3s4c_Rf231_Gcc.a(phyRxTxIndicator.o)
                0x00402948                phyRxTxSwitcher
 .text.phyRxTxSwitcherOn
                0x00402988        0x6 ./../../../../../../Atmel_lib/BitCloud_SAM3S_EK_1_14_0/BitCloud/lib/libBc_All_At91sam3s4c_Rf231_Gcc.a(phyRxTxIndicator.o)
                0x00402988                phyRxTxSwitcherOn
 .text.phyRxTxSwitcherOff
                0x0040298e        0x6 ./../../../../../../Atmel_lib/BitCloud_SAM3S_EK_1_14_0/BitCloud/lib/libBc_All_At91sam3s4c_Rf231_Gcc.a(phyRxTxIndicator.o)
                0x0040298e                phyRxTxSwitcherOff
 .text.SYS_RunTask
                0x00402994       0x54 ./../../../../../../Atmel_lib/BitCloud_SAM3S_EK_1_14_0/BitCloud/lib/libBc_All_At91sam3s4c_Rf231_Gcc.a(taskManager.o)
                0x00402994                SYS_RunTask
 .text.SYS_SysInit
                0x004029e8       0x28 ./../../../../../../Atmel_lib/BitCloud_SAM3S_EK_1_14_0/BitCloud/lib/libBc_All_At91sam3s4c_Rf231_Gcc.a(taskManager.o)
                0x004029e8                SYS_SysInit
 .text.APS_StopConf
                0x00402a10       0x18 ./../../../../../../Atmel_lib/BitCloud_SAM3S_EK_1_14_0/BitCloud/lib/libBc_All_At91sam3s4c_Rf231_Gcc.a(zdo.o)
 .text.zdoNodeManagerNwkLeaveConf
                0x00402a28       0x10 ./../../../../../../Atmel_lib/BitCloud_SAM3S_EK_1_14_0/BitCloud/lib/libBc_All_At91sam3s4c_Rf231_Gcc.a(zdo.o)
 .text.zdoStackResetConf
                0x00402a38       0x1c ./../../../../../../Atmel_lib/BitCloud_SAM3S_EK_1_14_0/BitCloud/lib/libBc_All_At91sam3s4c_Rf231_Gcc.a(zdo.o)
 .text.zdoSecurityManagerHandler
                0x00402a54        0x2 ./../../../../../../Atmel_lib/BitCloud_SAM3S_EK_1_14_0/BitCloud/lib/libBc_All_At91sam3s4c_Rf231_Gcc.a(zdo.o)
                0x00402a54                zdoSecurityManagerHandler
 *fill*         0x00402a56        0x2 00
 .text.joinNetwork
                0x00402a58       0x40 ./../../../../../../Atmel_lib/BitCloud_SAM3S_EK_1_14_0/BitCloud/lib/libBc_All_At91sam3s4c_Rf231_Gcc.a(zdo.o)
 .text.zdoRejoinNetwork
                0x00402a98       0x28 ./../../../../../../Atmel_lib/BitCloud_SAM3S_EK_1_14_0/BitCloud/lib/libBc_All_At91sam3s4c_Rf231_Gcc.a(zdo.o)
 .text.zdoIntraPanPortApsStopConf
                0x00402ac0       0x20 ./../../../../../../Atmel_lib/BitCloud_SAM3S_EK_1_14_0/BitCloud/lib/libBc_All_At91sam3s4c_Rf231_Gcc.a(zdo.o)
 .text.joinTimerFired
                0x00402ae0        0x4 ./../../../../../../Atmel_lib/BitCloud_SAM3S_EK_1_14_0/BitCloud/lib/libBc_All_At91sam3s4c_Rf231_Gcc.a(zdo.o)
 .text.zdoPostTask
                0x00402ae4       0x34 ./../../../../../../Atmel_lib/BitCloud_SAM3S_EK_1_14_0/BitCloud/lib/libBc_All_At91sam3s4c_Rf231_Gcc.a(zdo.o)
 .text.startConfirm
                0x00402b18       0x30 ./../../../../../../Atmel_lib/BitCloud_SAM3S_EK_1_14_0/BitCloud/lib/libBc_All_At91sam3s4c_Rf231_Gcc.a(zdo.o)
 .text.sleepConfirm
                0x00402b48       0x24 ./../../../../../../Atmel_lib/BitCloud_SAM3S_EK_1_14_0/BitCloud/lib/libBc_All_At91sam3s4c_Rf231_Gcc.a(zdo.o)
 .text.wakeUpConfirm
                0x00402b6c       0x24 ./../../../../../../Atmel_lib/BitCloud_SAM3S_EK_1_14_0/BitCloud/lib/libBc_All_At91sam3s4c_Rf231_Gcc.a(zdo.o)
 .text.zdoSetZdpIndState
                0x00402b90       0x14 ./../../../../../../Atmel_lib/BitCloud_SAM3S_EK_1_14_0/BitCloud/lib/libBc_All_At91sam3s4c_Rf231_Gcc.a(zdo.o)
 .text.ttlUpdateTimerFired
                0x00402ba4       0x48 ./../../../../../../Atmel_lib/BitCloud_SAM3S_EK_1_14_0/BitCloud/lib/libBc_All_At91sam3s4c_Rf231_Gcc.a(zdo.o)
 .text.zdoZdpResetReq
                0x00402bec       0x74 ./../../../../../../Atmel_lib/BitCloud_SAM3S_EK_1_14_0/BitCloud/lib/libBc_All_At91sam3s4c_Rf231_Gcc.a(zdo.o)
 .text.zdoNetworkFormationReq
                0x00402c60       0x2c ./../../../../../../Atmel_lib/BitCloud_SAM3S_EK_1_14_0/BitCloud/lib/libBc_All_At91sam3s4c_Rf231_Gcc.a(zdo.o)
 .text.permitJoin
                0x00402c8c       0x24 ./../../../../../../Atmel_lib/BitCloud_SAM3S_EK_1_14_0/BitCloud/lib/libBc_All_At91sam3s4c_Rf231_Gcc.a(zdo.o)
 .text.zdoPseudoRandomSeed
                0x00402cb0       0x22 ./../../../../../../Atmel_lib/BitCloud_SAM3S_EK_1_14_0/BitCloud/lib/libBc_All_At91sam3s4c_Rf231_Gcc.a(zdo.o)
 *fill*         0x00402cd2        0x2 00
 .text.RF_RandomConfUpdater
                0x00402cd4       0x1c ./../../../../../../Atmel_lib/BitCloud_SAM3S_EK_1_14_0/BitCloud/lib/libBc_All_At91sam3s4c_Rf231_Gcc.a(zdo.o)
 .text.zdoStackReset
                0x00402cf0       0x28 ./../../../../../../Atmel_lib/BitCloud_SAM3S_EK_1_14_0/BitCloud/lib/libBc_All_At91sam3s4c_Rf231_Gcc.a(zdo.o)
 .text.startSystemSleep
                0x00402d18       0x38 ./../../../../../../Atmel_lib/BitCloud_SAM3S_EK_1_14_0/BitCloud/lib/libBc_All_At91sam3s4c_Rf231_Gcc.a(zdo.o)
 .text.transceiverSwitchedOff
                0x00402d50       0x1a ./../../../../../../Atmel_lib/BitCloud_SAM3S_EK_1_14_0/BitCloud/lib/libBc_All_At91sam3s4c_Rf231_Gcc.a(zdo.o)
 *fill*         0x00402d6a        0x2 00
 .text.zdoZdpManagerHandler
                0x00402d6c      0x140 ./../../../../../../Atmel_lib/BitCloud_SAM3S_EK_1_14_0/BitCloud/lib/libBc_All_At91sam3s4c_Rf231_Gcc.a(zdo.o)
 .text.zdoNwkEventListener
                0x00402eac       0x5c ./../../../../../../Atmel_lib/BitCloud_SAM3S_EK_1_14_0/BitCloud/lib/libBc_All_At91sam3s4c_Rf231_Gcc.a(zdo.o)
 .text.zdoOtherEventListener
                0x00402f08       0x2e ./../../../../../../Atmel_lib/BitCloud_SAM3S_EK_1_14_0/BitCloud/lib/libBc_All_At91sam3s4c_Rf231_Gcc.a(zdo.o)
 *fill*         0x00402f36        0x2 00
 .text.channelChangeTimerFired
                0x00402f38       0x28 ./../../../../../../Atmel_lib/BitCloud_SAM3S_EK_1_14_0/BitCloud/lib/libBc_All_At91sam3s4c_Rf231_Gcc.a(zdo.o)
 .text.zdoChildEventListener
                0x00402f60       0x90 ./../../../../../../Atmel_lib/BitCloud_SAM3S_EK_1_14_0/BitCloud/lib/libBc_All_At91sam3s4c_Rf231_Gcc.a(zdo.o)
 .text.zdoCheckStartNetworkRequestsQueue
                0x00402ff0       0x28 ./../../../../../../Atmel_lib/BitCloud_SAM3S_EK_1_14_0/BitCloud/lib/libBc_All_At91sam3s4c_Rf231_Gcc.a(zdo.o)
 .text.reenterNetwork
                0x00403018       0x34 ./../../../../../../Atmel_lib/BitCloud_SAM3S_EK_1_14_0/BitCloud/lib/libBc_All_At91sam3s4c_Rf231_Gcc.a(zdo.o)
 .text.zdoSetZdpDataReqState
                0x0040304c       0x28 ./../../../../../../Atmel_lib/BitCloud_SAM3S_EK_1_14_0/BitCloud/lib/libBc_All_At91sam3s4c_Rf231_Gcc.a(zdo.o)
 .text.confirmResponse
                0x00403074        0x6 ./../../../../../../Atmel_lib/BitCloud_SAM3S_EK_1_14_0/BitCloud/lib/libBc_All_At91sam3s4c_Rf231_Gcc.a(zdo.o)
 .text.zdoDefaultBindApsDataConf
                0x0040307a        0x6 ./../../../../../../Atmel_lib/BitCloud_SAM3S_EK_1_14_0/BitCloud/lib/libBc_All_At91sam3s4c_Rf231_Gcc.a(zdo.o)
 .text.confirmMgmtLqiResponse
                0x00403080        0x6 ./../../../../../../Atmel_lib/BitCloud_SAM3S_EK_1_14_0/BitCloud/lib/libBc_All_At91sam3s4c_Rf231_Gcc.a(zdo.o)
 *fill*         0x00403086        0x2 00
 .text.permitJoiningConf
                0x00403088       0x20 ./../../../../../../Atmel_lib/BitCloud_SAM3S_EK_1_14_0/BitCloud/lib/libBc_All_At91sam3s4c_Rf231_Gcc.a(zdo.o)
 .text.confirmMgmtPermitJoiningResponse
                0x004030a8        0x6 ./../../../../../../Atmel_lib/BitCloud_SAM3S_EK_1_14_0/BitCloud/lib/libBc_All_At91sam3s4c_Rf231_Gcc.a(zdo.o)
 *fill*         0x004030ae        0x2 00
 .text.zdoZdpApsConfCallback
                0x004030b0       0x60 ./../../../../../../Atmel_lib/BitCloud_SAM3S_EK_1_14_0/BitCloud/lib/libBc_All_At91sam3s4c_Rf231_Gcc.a(zdo.o)
 .text.zdoStartNetworkConfirm
                0x00403110       0x24 ./../../../../../../Atmel_lib/BitCloud_SAM3S_EK_1_14_0/BitCloud/lib/libBc_All_At91sam3s4c_Rf231_Gcc.a(zdo.o)
 .text.startSyncTimer.part.4
                0x00403134       0x38 ./../../../../../../Atmel_lib/BitCloud_SAM3S_EK_1_14_0/BitCloud/lib/libBc_All_At91sam3s4c_Rf231_Gcc.a(zdo.o)
 .text.zdoUpdateRandSeedTimerFired
                0x0040316c       0x38 ./../../../../../../Atmel_lib/BitCloud_SAM3S_EK_1_14_0/BitCloud/lib/libBc_All_At91sam3s4c_Rf231_Gcc.a(zdo.o)
 .text.sendSyncReq
                0x004031a4       0x34 ./../../../../../../Atmel_lib/BitCloud_SAM3S_EK_1_14_0/BitCloud/lib/libBc_All_At91sam3s4c_Rf231_Gcc.a(zdo.o)
 .text.transceiverSwitchedOn
                0x004031d8       0x40 ./../../../../../../Atmel_lib/BitCloud_SAM3S_EK_1_14_0/BitCloud/lib/libBc_All_At91sam3s4c_Rf231_Gcc.a(zdo.o)
 .text.wakeupCallback
                0x00403218       0x48 ./../../../../../../Atmel_lib/BitCloud_SAM3S_EK_1_14_0/BitCloud/lib/libBc_All_At91sam3s4c_Rf231_Gcc.a(zdo.o)
 .text.zdoPowerManagerHandler
                0x00403260       0xec ./../../../../../../Atmel_lib/BitCloud_SAM3S_EK_1_14_0/BitCloud/lib/libBc_All_At91sam3s4c_Rf231_Gcc.a(zdo.o)
 .text.confirmMgmtNwkUpdateNotify
                0x0040334c       0x3c ./../../../../../../Atmel_lib/BitCloud_SAM3S_EK_1_14_0/BitCloud/lib/libBc_All_At91sam3s4c_Rf231_Gcc.a(zdo.o)
 .text.MAC_SetConf
                0x00403388       0x78 ./../../../../../../Atmel_lib/BitCloud_SAM3S_EK_1_14_0/BitCloud/lib/libBc_All_At91sam3s4c_Rf231_Gcc.a(zdo.o)
 .text.zdoInitNotifications
                0x00403400       0x6c ./../../../../../../Atmel_lib/BitCloud_SAM3S_EK_1_14_0/BitCloud/lib/libBc_All_At91sam3s4c_Rf231_Gcc.a(zdo.o)
                0x00403400                zdoInitNotifications
 .text.zdoInitHandler
                0x0040346c       0xc4 ./../../../../../../Atmel_lib/BitCloud_SAM3S_EK_1_14_0/BitCloud/lib/libBc_All_At91sam3s4c_Rf231_Gcc.a(zdo.o)
 .text.NWK_JoinInd
                0x00403530       0x32 ./../../../../../../Atmel_lib/BitCloud_SAM3S_EK_1_14_0/BitCloud/lib/libBc_All_At91sam3s4c_Rf231_Gcc.a(zdo.o)
                0x00403530                NWK_JoinInd
 *fill*         0x00403562        0x2 00
 .text.ZDO_StartSyncReq
                0x00403564       0x38 ./../../../../../../Atmel_lib/BitCloud_SAM3S_EK_1_14_0/BitCloud/lib/libBc_All_At91sam3s4c_Rf231_Gcc.a(zdo.o)
                0x00403564                ZDO_StartSyncReq
 .text.deviceAnnceConf
                0x0040359c       0x24 ./../../../../../../Atmel_lib/BitCloud_SAM3S_EK_1_14_0/BitCloud/lib/libBc_All_At91sam3s4c_Rf231_Gcc.a(zdo.o)
 .text.ZDO_StopSyncReq
                0x004035c0       0x24 ./../../../../../../Atmel_lib/BitCloud_SAM3S_EK_1_14_0/BitCloud/lib/libBc_All_At91sam3s4c_Rf231_Gcc.a(zdo.o)
                0x004035c0                ZDO_StopSyncReq
 .text.zdoLeaveNetworkReq.part.13
                0x004035e4       0x4c ./../../../../../../Atmel_lib/BitCloud_SAM3S_EK_1_14_0/BitCloud/lib/libBc_All_At91sam3s4c_Rf231_Gcc.a(zdo.o)
 .text.zdoParentChangeConf
                0x00403630       0x48 ./../../../../../../Atmel_lib/BitCloud_SAM3S_EK_1_14_0/BitCloud/lib/libBc_All_At91sam3s4c_Rf231_Gcc.a(zdo.o)
 .text.confirmMgmtLeaveResponse
                0x00403678       0x8c ./../../../../../../Atmel_lib/BitCloud_SAM3S_EK_1_14_0/BitCloud/lib/libBc_All_At91sam3s4c_Rf231_Gcc.a(zdo.o)
 .text.leaveNetworkInd
                0x00403704       0x3c ./../../../../../../Atmel_lib/BitCloud_SAM3S_EK_1_14_0/BitCloud/lib/libBc_All_At91sam3s4c_Rf231_Gcc.a(zdo.o)
 .text.zdoLeaveNetworkNwkLeaveConf
                0x00403740       0x14 ./../../../../../../Atmel_lib/BitCloud_SAM3S_EK_1_14_0/BitCloud/lib/libBc_All_At91sam3s4c_Rf231_Gcc.a(zdo.o)
 .text.NWK_LeaveInd
                0x00403754       0x58 ./../../../../../../Atmel_lib/BitCloud_SAM3S_EK_1_14_0/BitCloud/lib/libBc_All_At91sam3s4c_Rf231_Gcc.a(zdo.o)
                0x00403754                NWK_LeaveInd
 .text.zdoReset
                0x004037ac       0x40 ./../../../../../../Atmel_lib/BitCloud_SAM3S_EK_1_14_0/BitCloud/lib/libBc_All_At91sam3s4c_Rf231_Gcc.a(zdo.o)
 .text.zdoLeaveConfirm
                0x004037ec       0xa0 ./../../../../../../Atmel_lib/BitCloud_SAM3S_EK_1_14_0/BitCloud/lib/libBc_All_At91sam3s4c_Rf231_Gcc.a(zdo.o)
 .text.ZDO_TaskHandler
                0x0040388c       0x54 ./../../../../../../Atmel_lib/BitCloud_SAM3S_EK_1_14_0/BitCloud/lib/libBc_All_At91sam3s4c_Rf231_Gcc.a(zdo.o)
                0x0040388c                ZDO_TaskHandler
 .text.APS_ZdoDataInd
                0x004038e0       0xd4 ./../../../../../../Atmel_lib/BitCloud_SAM3S_EK_1_14_0/BitCloud/lib/libBc_All_At91sam3s4c_Rf231_Gcc.a(zdo.o)
                0x004038e0                APS_ZdoDataInd
 .text.ZDO_ZdpReq
                0x004039b4       0x38 ./../../../../../../Atmel_lib/BitCloud_SAM3S_EK_1_14_0/BitCloud/lib/libBc_All_At91sam3s4c_Rf231_Gcc.a(zdo.o)
                0x004039b4                ZDO_ZdpReq
 .text.zdoSendDeviceAnnce
                0x004039ec       0xa0 ./../../../../../../Atmel_lib/BitCloud_SAM3S_EK_1_14_0/BitCloud/lib/libBc_All_At91sam3s4c_Rf231_Gcc.a(zdo.o)
 .text.APS_StartConf
                0x00403a8c       0x4c ./../../../../../../Atmel_lib/BitCloud_SAM3S_EK_1_14_0/BitCloud/lib/libBc_All_At91sam3s4c_Rf231_Gcc.a(zdo.o)
 .text.startAps
                0x00403ad8       0x30 ./../../../../../../Atmel_lib/BitCloud_SAM3S_EK_1_14_0/BitCloud/lib/libBc_All_At91sam3s4c_Rf231_Gcc.a(zdo.o)
 .text.NWK_StartRouterConf
                0x00403b08        0xc ./../../../../../../Atmel_lib/BitCloud_SAM3S_EK_1_14_0/BitCloud/lib/libBc_All_At91sam3s4c_Rf231_Gcc.a(zdo.o)
 .text.NWK_PermitJoinConf
                0x00403b14       0x5c ./../../../../../../Atmel_lib/BitCloud_SAM3S_EK_1_14_0/BitCloud/lib/libBc_All_At91sam3s4c_Rf231_Gcc.a(zdo.o)
 .text.zdoAuthenticationConf
                0x00403b70       0x28 ./../../../../../../Atmel_lib/BitCloud_SAM3S_EK_1_14_0/BitCloud/lib/libBc_All_At91sam3s4c_Rf231_Gcc.a(zdo.o)
                0x00403b70                zdoAuthenticationConf
 .text.zdoAuthenticationStart
                0x00403b98        0x6 ./../../../../../../Atmel_lib/BitCloud_SAM3S_EK_1_14_0/BitCloud/lib/libBc_All_At91sam3s4c_Rf231_Gcc.a(zdo.o)
                0x00403b98                zdoAuthenticationStart
 *fill*         0x00403b9e        0x2 00
 .text.zdoSendDeviceAnnceConf
                0x00403ba0       0x3c ./../../../../../../Atmel_lib/BitCloud_SAM3S_EK_1_14_0/BitCloud/lib/libBc_All_At91sam3s4c_Rf231_Gcc.a(zdo.o)
 .text.sendNwkUpdateNotify
                0x00403bdc       0x3c ./../../../../../../Atmel_lib/BitCloud_SAM3S_EK_1_14_0/BitCloud/lib/libBc_All_At91sam3s4c_Rf231_Gcc.a(zdo.o)
 .text.zdoZdpFrameProcessorHandler
                0x00403c18     0x10e0 ./../../../../../../Atmel_lib/BitCloud_SAM3S_EK_1_14_0/BitCloud/lib/libBc_All_At91sam3s4c_Rf231_Gcc.a(zdo.o)
 .text.edScanConf
                0x00404cf8       0x10 ./../../../../../../Atmel_lib/BitCloud_SAM3S_EK_1_14_0/BitCloud/lib/libBc_All_At91sam3s4c_Rf231_Gcc.a(zdo.o)
 .text.zdoReloadZibFromConfigServer
                0x00404d08      0x118 ./../../../../../../Atmel_lib/BitCloud_SAM3S_EK_1_14_0/BitCloud/lib/libBc_All_At91sam3s4c_Rf231_Gcc.a(zdo.o)
                0x00404d08                zdoReloadZibFromConfigServer
 .text.zdoStartNetworkTaskHandler
                0x00404e20       0xc4 ./../../../../../../Atmel_lib/BitCloud_SAM3S_EK_1_14_0/BitCloud/lib/libBc_All_At91sam3s4c_Rf231_Gcc.a(zdo.o)
 .text.setNetworkParametersToZib
                0x00404ee4       0x2c ./../../../../../../Atmel_lib/BitCloud_SAM3S_EK_1_14_0/BitCloud/lib/libBc_All_At91sam3s4c_Rf231_Gcc.a(zdo.o)
                0x00404ee4                setNetworkParametersToZib
 .text.NWK_JoinConf
                0x00404f10       0x50 ./../../../../../../Atmel_lib/BitCloud_SAM3S_EK_1_14_0/BitCloud/lib/libBc_All_At91sam3s4c_Rf231_Gcc.a(zdo.o)
 .text.NWK_NetworkFormationConf
                0x00404f60       0x1a ./../../../../../../Atmel_lib/BitCloud_SAM3S_EK_1_14_0/BitCloud/lib/libBc_All_At91sam3s4c_Rf231_Gcc.a(zdo.o)
 *fill*         0x00404f7a        0x2 00
 .text.zdoStartNetworkStackResetConf
                0x00404f7c       0x7c ./../../../../../../Atmel_lib/BitCloud_SAM3S_EK_1_14_0/BitCloud/lib/libBc_All_At91sam3s4c_Rf231_Gcc.a(zdo.o)
 .text.zdoPerformIntraPanPortability
                0x00404ff8       0x40 ./../../../../../../Atmel_lib/BitCloud_SAM3S_EK_1_14_0/BitCloud/lib/libBc_All_At91sam3s4c_Rf231_Gcc.a(zdo.o)
                0x00404ff8                zdoPerformIntraPanPortability
 .text.NWK_SyncConf
                0x00405038       0x64 ./../../../../../../Atmel_lib/BitCloud_SAM3S_EK_1_14_0/BitCloud/lib/libBc_All_At91sam3s4c_Rf231_Gcc.a(zdo.o)
 .text.NWK_NwkStatusInd
                0x0040509c       0xa8 ./../../../../../../Atmel_lib/BitCloud_SAM3S_EK_1_14_0/BitCloud/lib/libBc_All_At91sam3s4c_Rf231_Gcc.a(zdo.o)
                0x0040509c                NWK_NwkStatusInd
 .text.apsNextBind
                0x00405144       0x6c ./../../../../../../Atmel_lib/BitCloud_SAM3S_EK_1_14_0/BitCloud/lib/libBc_All_At91sam3s4c_Rf231_Gcc.a(aps.o)
 .text.apsPrepareFragmentedTransmission
                0x004051b0       0x6c ./../../../../../../Atmel_lib/BitCloud_SAM3S_EK_1_14_0/BitCloud/lib/libBc_All_At91sam3s4c_Rf231_Gcc.a(aps.o)
 .text.apsIsFragmentationDataReq
                0x0040521c       0x1c ./../../../../../../Atmel_lib/BitCloud_SAM3S_EK_1_14_0/BitCloud/lib/libBc_All_At91sam3s4c_Rf231_Gcc.a(aps.o)
 .text.apsGetBuffer
                0x00405238       0xb8 ./../../../../../../Atmel_lib/BitCloud_SAM3S_EK_1_14_0/BitCloud/lib/libBc_All_At91sam3s4c_Rf231_Gcc.a(aps.o)
 .text.apsFreeBuffer
                0x004052f0       0x64 ./../../../../../../Atmel_lib/BitCloud_SAM3S_EK_1_14_0/BitCloud/lib/libBc_All_At91sam3s4c_Rf231_Gcc.a(aps.o)
 .text.apsSendNwkDataReq
                0x00405354       0x10 ./../../../../../../Atmel_lib/BitCloud_SAM3S_EK_1_14_0/BitCloud/lib/libBc_All_At91sam3s4c_Rf231_Gcc.a(aps.o)
 .text.apsProcessShortAddrModeDataReq
                0x00405364      0x1ac ./../../../../../../Atmel_lib/BitCloud_SAM3S_EK_1_14_0/BitCloud/lib/libBc_All_At91sam3s4c_Rf231_Gcc.a(aps.o)
 .text.apsSendNextBlock
                0x00405510       0x10 ./../../../../../../Atmel_lib/BitCloud_SAM3S_EK_1_14_0/BitCloud/lib/libBc_All_At91sam3s4c_Rf231_Gcc.a(aps.o)
 .text.apsSendAckForFragmentedReceive
                0x00405520       0xb0 ./../../../../../../Atmel_lib/BitCloud_SAM3S_EK_1_14_0/BitCloud/lib/libBc_All_At91sam3s4c_Rf231_Gcc.a(aps.o)
 .text.apsProcessGroupAddrModeDataReq
                0x004055d0      0x150 ./../../../../../../Atmel_lib/BitCloud_SAM3S_EK_1_14_0/BitCloud/lib/libBc_All_At91sam3s4c_Rf231_Gcc.a(aps.o)
 .text.apsSendToNextBoundDevice
                0x00405720       0x72 ./../../../../../../Atmel_lib/BitCloud_SAM3S_EK_1_14_0/BitCloud/lib/libBc_All_At91sam3s4c_Rf231_Gcc.a(aps.o)
 .text.apsProcessIndirectDataReq
                0x00405792       0x1c ./../../../../../../Atmel_lib/BitCloud_SAM3S_EK_1_14_0/BitCloud/lib/libBc_All_At91sam3s4c_Rf231_Gcc.a(aps.o)
 *fill*         0x004057ae        0x2 00
 .text.apsCalculateApsAckTimeout
                0x004057b0       0x1c ./../../../../../../Atmel_lib/BitCloud_SAM3S_EK_1_14_0/BitCloud/lib/libBc_All_At91sam3s4c_Rf231_Gcc.a(aps.o)
 .text.SYS_GetRandomNumber
                0x004057cc       0x18 ./../../../../../../Atmel_lib/BitCloud_SAM3S_EK_1_14_0/BitCloud/lib/libBc_All_At91sam3s4c_Rf231_Gcc.a(aps.o)
 .text.apsResetMemoryManager
                0x004057e4       0xc8 ./../../../../../../Atmel_lib/BitCloud_SAM3S_EK_1_14_0/BitCloud/lib/libBc_All_At91sam3s4c_Rf231_Gcc.a(aps.o)
 .text.apsPostTask
                0x004058ac       0x34 ./../../../../../../Atmel_lib/BitCloud_SAM3S_EK_1_14_0/BitCloud/lib/libBc_All_At91sam3s4c_Rf231_Gcc.a(aps.o)
 .text.apsDataManagerNwkDataConf
                0x004058e0       0x20 ./../../../../../../Atmel_lib/BitCloud_SAM3S_EK_1_14_0/BitCloud/lib/libBc_All_At91sam3s4c_Rf231_Gcc.a(aps.o)
 .text.apsGroupNwkDataConf
                0x00405900       0x38 ./../../../../../../Atmel_lib/BitCloud_SAM3S_EK_1_14_0/BitCloud/lib/libBc_All_At91sam3s4c_Rf231_Gcc.a(aps.o)
 .text.apsProcessEvent
                0x00405938       0x20 ./../../../../../../Atmel_lib/BitCloud_SAM3S_EK_1_14_0/BitCloud/lib/libBc_All_At91sam3s4c_Rf231_Gcc.a(aps.o)
 .text.apsAckOnTimerFired
                0x00405958       0xb4 ./../../../../../../Atmel_lib/BitCloud_SAM3S_EK_1_14_0/BitCloud/lib/libBc_All_At91sam3s4c_Rf231_Gcc.a(aps.o)
 .text.apsFindBindingEntry
                0x00405a0c       0x9c ./../../../../../../Atmel_lib/BitCloud_SAM3S_EK_1_14_0/BitCloud/lib/libBc_All_At91sam3s4c_Rf231_Gcc.a(aps.o)
 .text.apsMakeApsDataConf
                0x00405aa8       0x40 ./../../../../../../Atmel_lib/BitCloud_SAM3S_EK_1_14_0/BitCloud/lib/libBc_All_At91sam3s4c_Rf231_Gcc.a(aps.o)
 .text.apsAckForFragmentedReceiveConfirmHandler
                0x00405ae8       0x58 ./../../../../../../Atmel_lib/BitCloud_SAM3S_EK_1_14_0/BitCloud/lib/libBc_All_At91sam3s4c_Rf231_Gcc.a(aps.o)
 .text.apsHandleTransmittedData.constprop.12
                0x00405b40       0x50 ./../../../../../../Atmel_lib/BitCloud_SAM3S_EK_1_14_0/BitCloud/lib/libBc_All_At91sam3s4c_Rf231_Gcc.a(aps.o)
 .text.APS_BindReq
                0x00405b90       0x98 ./../../../../../../Atmel_lib/BitCloud_SAM3S_EK_1_14_0/BitCloud/lib/libBc_All_At91sam3s4c_Rf231_Gcc.a(aps.o)
                0x00405b90                APS_BindReq
 .text.APS_UnbindReq
                0x00405c28       0x4a ./../../../../../../Atmel_lib/BitCloud_SAM3S_EK_1_14_0/BitCloud/lib/libBc_All_At91sam3s4c_Rf231_Gcc.a(aps.o)
                0x00405c28                APS_UnbindReq
 *fill*         0x00405c72        0x2 00
 .text.APS_DataReq
                0x00405c74       0x18 ./../../../../../../Atmel_lib/BitCloud_SAM3S_EK_1_14_0/BitCloud/lib/libBc_All_At91sam3s4c_Rf231_Gcc.a(aps.o)
                0x00405c74                APS_DataReq
 .text.NWK_DataInd
                0x00405c8c       0x18 ./../../../../../../Atmel_lib/BitCloud_SAM3S_EK_1_14_0/BitCloud/lib/libBc_All_At91sam3s4c_Rf231_Gcc.a(aps.o)
                0x00405c8c                NWK_DataInd
 .text.APS_CalculateTimes
                0x00405ca4       0xe4 ./../../../../../../Atmel_lib/BitCloud_SAM3S_EK_1_14_0/BitCloud/lib/libBc_All_At91sam3s4c_Rf231_Gcc.a(aps.o)
                0x00405ca4                APS_CalculateTimes
 .text.apsResetDataManager
                0x00405d88       0xac ./../../../../../../Atmel_lib/BitCloud_SAM3S_EK_1_14_0/BitCloud/lib/libBc_All_At91sam3s4c_Rf231_Gcc.a(aps.o)
 .text.apsNwkResetConf
                0x00405e34      0x140 ./../../../../../../Atmel_lib/BitCloud_SAM3S_EK_1_14_0/BitCloud/lib/libBc_All_At91sam3s4c_Rf231_Gcc.a(aps.o)
 .text.apsStateMachineTaskHandler
                0x00405f74       0xcc ./../../../../../../Atmel_lib/BitCloud_SAM3S_EK_1_14_0/BitCloud/lib/libBc_All_At91sam3s4c_Rf231_Gcc.a(aps.o)
 .text.APS_IsProfileIdMatched
                0x00406040       0x1a ./../../../../../../Atmel_lib/BitCloud_SAM3S_EK_1_14_0/BitCloud/lib/libBc_All_At91sam3s4c_Rf231_Gcc.a(aps.o)
                0x00406040                APS_IsProfileIdMatched
 *fill*         0x0040605a        0x2 00
 .text.APS_NextEndpoint
                0x0040605c       0x10 ./../../../../../../Atmel_lib/BitCloud_SAM3S_EK_1_14_0/BitCloud/lib/libBc_All_At91sam3s4c_Rf231_Gcc.a(aps.o)
                0x0040605c                APS_NextEndpoint
 .text.apsFindEndpoint
                0x0040606c       0x1a ./../../../../../../Atmel_lib/BitCloud_SAM3S_EK_1_14_0/BitCloud/lib/libBc_All_At91sam3s4c_Rf231_Gcc.a(aps.o)
 .text.apsGroupIndication
                0x00406086       0x54 ./../../../../../../Atmel_lib/BitCloud_SAM3S_EK_1_14_0/BitCloud/lib/libBc_All_At91sam3s4c_Rf231_Gcc.a(aps.o)
 *fill*         0x004060da        0x2 00
 .text.apsUnicastDataInd
                0x004060dc      0x1e8 ./../../../../../../Atmel_lib/BitCloud_SAM3S_EK_1_14_0/BitCloud/lib/libBc_All_At91sam3s4c_Rf231_Gcc.a(aps.o)
 .text.apsApduUnicastHandler.constprop.10
                0x004062c4      0x46c ./../../../../../../Atmel_lib/BitCloud_SAM3S_EK_1_14_0/BitCloud/lib/libBc_All_At91sam3s4c_Rf231_Gcc.a(aps.o)
 .text.apsDataTaskHandler
                0x00406730      0x8e4 ./../../../../../../Atmel_lib/BitCloud_SAM3S_EK_1_14_0/BitCloud/lib/libBc_All_At91sam3s4c_Rf231_Gcc.a(aps.o)
 .text.APS_Init
                0x00407014       0x28 ./../../../../../../Atmel_lib/BitCloud_SAM3S_EK_1_14_0/BitCloud/lib/libBc_All_At91sam3s4c_Rf231_Gcc.a(aps.o)
                0x00407014                APS_Init
 .text.APS_ResetReq
                0x0040703c        0x8 ./../../../../../../Atmel_lib/BitCloud_SAM3S_EK_1_14_0/BitCloud/lib/libBc_All_At91sam3s4c_Rf231_Gcc.a(aps.o)
                0x0040703c                APS_ResetReq
 .text.APS_StartReq
                0x00407044        0x8 ./../../../../../../Atmel_lib/BitCloud_SAM3S_EK_1_14_0/BitCloud/lib/libBc_All_At91sam3s4c_Rf231_Gcc.a(aps.o)
                0x00407044                APS_StartReq
 .text.APS_StopReq
                0x0040704c        0x8 ./../../../../../../Atmel_lib/BitCloud_SAM3S_EK_1_14_0/BitCloud/lib/libBc_All_At91sam3s4c_Rf231_Gcc.a(aps.o)
                0x0040704c                APS_StopReq
 .text.APS_IsActiveTransaction
                0x00407054       0x54 ./../../../../../../Atmel_lib/BitCloud_SAM3S_EK_1_14_0/BitCloud/lib/libBc_All_At91sam3s4c_Rf231_Gcc.a(aps.o)
                0x00407054                APS_IsActiveTransaction
 .text.APS_TaskHandler
                0x004070a8       0x78 ./../../../../../../Atmel_lib/BitCloud_SAM3S_EK_1_14_0/BitCloud/lib/libBc_All_At91sam3s4c_Rf231_Gcc.a(aps.o)
                0x004070a8                APS_TaskHandler
 .text.SYS_Sleep
                0x00407120        0x4 ./../../../../../../Atmel_lib/BitCloud_SAM3S_EK_1_14_0/BitCloud/lib/libBc_All_At91sam3s4c_Rf231_Gcc.a(bcSysSleep.o)
                0x00407120                SYS_Sleep
 .text.SYS_GetRandomNumber
                0x00407124       0x18 ./../../../../../../Atmel_lib/BitCloud_SAM3S_EK_1_14_0/BitCloud/lib/libBc_All_At91sam3s4c_Rf231_Gcc.a(macenvPib.o)
 .text.getSymbolsPerOctet
                0x0040713c       0x40 ./../../../../../../Atmel_lib/BitCloud_SAM3S_EK_1_14_0/BitCloud/lib/libBc_All_At91sam3s4c_Rf231_Gcc.a(macenvPib.o)
 .text.calculateMaxFrameDuration
                0x0040717c       0x14 ./../../../../../../Atmel_lib/BitCloud_SAM3S_EK_1_14_0/BitCloud/lib/libBc_All_At91sam3s4c_Rf231_Gcc.a(macenvPib.o)
 .text.storeTransmitPower
                0x00407190       0x58 ./../../../../../../Atmel_lib/BitCloud_SAM3S_EK_1_14_0/BitCloud/lib/libBc_All_At91sam3s4c_Rf231_Gcc.a(macenvPib.o)
 .text.macenvGetPhySymbolDuration
                0x004071e8       0x54 ./../../../../../../Atmel_lib/BitCloud_SAM3S_EK_1_14_0/BitCloud/lib/libBc_All_At91sam3s4c_Rf231_Gcc.a(macenvPib.o)
                0x004071e8                macenvGetPhySymbolDuration
 .text.updateMaxFrameTxTime
                0x0040723c       0x24 ./../../../../../../Atmel_lib/BitCloud_SAM3S_EK_1_14_0/BitCloud/lib/libBc_All_At91sam3s4c_Rf231_Gcc.a(macenvPib.o)
 .text.macenvResetPib
                0x00407260       0xb4 ./../../../../../../Atmel_lib/BitCloud_SAM3S_EK_1_14_0/BitCloud/lib/libBc_All_At91sam3s4c_Rf231_Gcc.a(macenvPib.o)
                0x00407260                macenvResetPib
 .text.macenvConvertTransPersistTimeFromUnitsToMs
                0x00407314       0x1a ./../../../../../../Atmel_lib/BitCloud_SAM3S_EK_1_14_0/BitCloud/lib/libBc_All_At91sam3s4c_Rf231_Gcc.a(macenvPib.o)
                0x00407314                macenvConvertTransPersistTimeFromUnitsToMs
 *fill*         0x0040732e        0x2 00
 .text.macenvSetPibAttr
                0x00407330      0x1f4 ./../../../../../../Atmel_lib/BitCloud_SAM3S_EK_1_14_0/BitCloud/lib/libBc_All_At91sam3s4c_Rf231_Gcc.a(macenvPib.o)
                0x00407330                macenvSetPibAttr
 .text.macenvCalculateMaxFrameTotalWaitTimeInMs
                0x00407524       0x64 ./../../../../../../Atmel_lib/BitCloud_SAM3S_EK_1_14_0/BitCloud/lib/libBc_All_At91sam3s4c_Rf231_Gcc.a(macenvPib.o)
                0x00407524                macenvCalculateMaxFrameTotalWaitTimeInMs
 .text.macenvCalculateResponceWaitTimeInMs
                0x00407588       0x24 ./../../../../../../Atmel_lib/BitCloud_SAM3S_EK_1_14_0/BitCloud/lib/libBc_All_At91sam3s4c_Rf231_Gcc.a(macenvPib.o)
                0x00407588                macenvCalculateResponceWaitTimeInMs
 .text.macenvGetPibAttr
                0x004075ac      0x1c0 ./../../../../../../Atmel_lib/BitCloud_SAM3S_EK_1_14_0/BitCloud/lib/libBc_All_At91sam3s4c_Rf231_Gcc.a(macenvPib.o)
                0x004075ac                macenvGetPibAttr
 .text.MAC_GetExtAddr
                0x0040776c        0x8 ./../../../../../../Atmel_lib/BitCloud_SAM3S_EK_1_14_0/BitCloud/lib/libBc_All_At91sam3s4c_Rf231_Gcc.a(macenvPib.o)
                0x0040776c                MAC_GetExtAddr
 .text.MAC_SetExtAddr
                0x00407774       0x10 ./../../../../../../Atmel_lib/BitCloud_SAM3S_EK_1_14_0/BitCloud/lib/libBc_All_At91sam3s4c_Rf231_Gcc.a(macenvPib.o)
                0x00407774                MAC_SetExtAddr
 .text.MAC_IsOwnExtAddr
                0x00407784       0x20 ./../../../../../../Atmel_lib/BitCloud_SAM3S_EK_1_14_0/BitCloud/lib/libBc_All_At91sam3s4c_Rf231_Gcc.a(macenvPib.o)
                0x00407784                MAC_IsOwnExtAddr
 .text.MAC_GetOctetsTransmissionTimeInMs
                0x004077a4       0x1c ./../../../../../../Atmel_lib/BitCloud_SAM3S_EK_1_14_0/BitCloud/lib/libBc_All_At91sam3s4c_Rf231_Gcc.a(macenvPib.o)
                0x004077a4                MAC_GetOctetsTransmissionTimeInMs
 .text.postNewMacRequest
                0x004077c0       0x40 ./../../../../../../Atmel_lib/BitCloud_SAM3S_EK_1_14_0/BitCloud/lib/libBc_All_At91sam3s4c_Rf231_Gcc.a(machwdManager.o)
 .text.putReqInQueue
                0x00407800       0x20 ./../../../../../../Atmel_lib/BitCloud_SAM3S_EK_1_14_0/BitCloud/lib/libBc_All_At91sam3s4c_Rf231_Gcc.a(machwdManager.o)
 .text.MACHWD_DataReq
                0x00407820        0x8 ./../../../../../../Atmel_lib/BitCloud_SAM3S_EK_1_14_0/BitCloud/lib/libBc_All_At91sam3s4c_Rf231_Gcc.a(machwdManager.o)
                0x00407820                MACHWD_DataReq
 .text.MACHWD_SetTrxStateReq
                0x00407828        0x8 ./../../../../../../Atmel_lib/BitCloud_SAM3S_EK_1_14_0/BitCloud/lib/libBc_All_At91sam3s4c_Rf231_Gcc.a(machwdManager.o)
                0x00407828                MACHWD_SetTrxStateReq
 .text.MACHWD_SetReq
                0x00407830        0x8 ./../../../../../../Atmel_lib/BitCloud_SAM3S_EK_1_14_0/BitCloud/lib/libBc_All_At91sam3s4c_Rf231_Gcc.a(machwdManager.o)
                0x00407830                MACHWD_SetReq
 .text.MACHWD_EdReq
                0x00407838        0x8 ./../../../../../../Atmel_lib/BitCloud_SAM3S_EK_1_14_0/BitCloud/lib/libBc_All_At91sam3s4c_Rf231_Gcc.a(machwdManager.o)
                0x00407838                MACHWD_EdReq
 .text.RF_RandomReq
                0x00407840       0x10 ./../../../../../../Atmel_lib/BitCloud_SAM3S_EK_1_14_0/BitCloud/lib/libBc_All_At91sam3s4c_Rf231_Gcc.a(machwdManager.o)
                0x00407840                RF_RandomReq
 .text.MACHWD_Reset
                0x00407850       0x3c ./../../../../../../Atmel_lib/BitCloud_SAM3S_EK_1_14_0/BitCloud/lib/libBc_All_At91sam3s4c_Rf231_Gcc.a(machwdManager.o)
                0x00407850                MACHWD_Reset
 .text.MAC_PHY_HWD_TaskHandler
                0x0040788c       0xf8 ./../../../../../../Atmel_lib/BitCloud_SAM3S_EK_1_14_0/BitCloud/lib/libBc_All_At91sam3s4c_Rf231_Gcc.a(machwdManager.o)
                0x0040788c                MAC_PHY_HWD_TaskHandler
 .text.machwdSendConf2UpperLayer
                0x00407984       0x60 ./../../../../../../Atmel_lib/BitCloud_SAM3S_EK_1_14_0/BitCloud/lib/libBc_All_At91sam3s4c_Rf231_Gcc.a(machwdManager.o)
                0x00407984                machwdSendConf2UpperLayer
 .text.machwdSendDataInd2UpperLayer
                0x004079e4        0x4 ./../../../../../../Atmel_lib/BitCloud_SAM3S_EK_1_14_0/BitCloud/lib/libBc_All_At91sam3s4c_Rf231_Gcc.a(machwdManager.o)
                0x004079e4                machwdSendDataInd2UpperLayer
 .text.machwdRegAccessReqHandler
                0x004079e8       0x30 ./../../../../../../Atmel_lib/BitCloud_SAM3S_EK_1_14_0/BitCloud/lib/libBc_All_At91sam3s4c_Rf231_Gcc.a(machwdRegAccessHandler.o)
                0x004079e8                machwdRegAccessReqHandler
 .text.machwdReset
                0x00407a18       0x8c ./../../../../../../Atmel_lib/BitCloud_SAM3S_EK_1_14_0/BitCloud/lib/libBc_All_At91sam3s4c_Rf231_Gcc.a(machwdResetHandler.o)
                0x00407a18                machwdReset
 .text.machwdRndReqHandler
                0x00407aa4       0x12 ./../../../../../../Atmel_lib/BitCloud_SAM3S_EK_1_14_0/BitCloud/lib/libBc_All_At91sam3s4c_Rf231_Gcc.a(machwdRndHandler.o)
                0x00407aa4                machwdRndReqHandler
 *fill*         0x00407ab6        0x2 00
 .text.machwdResetRxBuffer
                0x00407ab8       0x40 ./../../../../../../Atmel_lib/BitCloud_SAM3S_EK_1_14_0/BitCloud/lib/libBc_All_At91sam3s4c_Rf231_Gcc.a(machwdRxBuffer.o)
                0x00407ab8                machwdResetRxBuffer
 .text.machwdNextBuffer
                0x00407af8       0x10 ./../../../../../../Atmel_lib/BitCloud_SAM3S_EK_1_14_0/BitCloud/lib/libBc_All_At91sam3s4c_Rf231_Gcc.a(machwdRxBuffer.o)
                0x00407af8                machwdNextBuffer
 .text.machwdReleaseBuffer
                0x00407b08       0x4c ./../../../../../../Atmel_lib/BitCloud_SAM3S_EK_1_14_0/BitCloud/lib/libBc_All_At91sam3s4c_Rf231_Gcc.a(machwdRxBuffer.o)
                0x00407b08                machwdReleaseBuffer
 .text.machwdNextBufferPresent
                0x00407b54       0x20 ./../../../../../../Atmel_lib/BitCloud_SAM3S_EK_1_14_0/BitCloud/lib/libBc_All_At91sam3s4c_Rf231_Gcc.a(machwdRxBuffer.o)
                0x00407b54                machwdNextBufferPresent
 .text.machwdRxFrameTaskHandler
                0x00407b74       0x38 ./../../../../../../Atmel_lib/BitCloud_SAM3S_EK_1_14_0/BitCloud/lib/libBc_All_At91sam3s4c_Rf231_Gcc.a(machwdRxFrameHandler.o)
                0x00407b74                machwdRxFrameTaskHandler
 .text.machwdRxFrameIndTaskHandler
                0x00407bac       0x90 ./../../../../../../Atmel_lib/BitCloud_SAM3S_EK_1_14_0/BitCloud/lib/libBc_All_At91sam3s4c_Rf231_Gcc.a(machwdRxFrameHandler.o)
                0x00407bac                machwdRxFrameIndTaskHandler
 .text.machwdSetReqHandler
                0x00407c3c       0x80 ./../../../../../../Atmel_lib/BitCloud_SAM3S_EK_1_14_0/BitCloud/lib/libBc_All_At91sam3s4c_Rf231_Gcc.a(machwdSetHandler.o)
                0x00407c3c                machwdSetReqHandler
 .text.machwdResetSetHandler
                0x00407cbc       0x10 ./../../../../../../Atmel_lib/BitCloud_SAM3S_EK_1_14_0/BitCloud/lib/libBc_All_At91sam3s4c_Rf231_Gcc.a(machwdSetHandler.o)
                0x00407cbc                machwdResetSetHandler
 .text.machwdGetPhyTrxCmd
                0x00407ccc       0x10 ./../../../../../../Atmel_lib/BitCloud_SAM3S_EK_1_14_0/BitCloud/lib/libBc_All_At91sam3s4c_Rf231_Gcc.a(machwdTrxCtrl.o)
                0x00407ccc                machwdGetPhyTrxCmd
 .text.machwdConvertTrxCmdToTrxState
                0x00407cdc       0x14 ./../../../../../../Atmel_lib/BitCloud_SAM3S_EK_1_14_0/BitCloud/lib/libBc_All_At91sam3s4c_Rf231_Gcc.a(machwdTrxCtrl.o)
                0x00407cdc                machwdConvertTrxCmdToTrxState
 .text.machwdConvertTrxStateToTrxCmd
                0x00407cf0       0x18 ./../../../../../../Atmel_lib/BitCloud_SAM3S_EK_1_14_0/BitCloud/lib/libBc_All_At91sam3s4c_Rf231_Gcc.a(machwdTrxCtrl.o)
                0x00407cf0                machwdConvertTrxStateToTrxCmd
 .text.machwdTrxReqHandler
                0x00407d08       0x30 ./../../../../../../Atmel_lib/BitCloud_SAM3S_EK_1_14_0/BitCloud/lib/libBc_All_At91sam3s4c_Rf231_Gcc.a(machwdTrxHandler.o)
                0x00407d08                machwdTrxReqHandler
 .text.executePhyDataReq
                0x00407d38       0x22 ./../../../../../../Atmel_lib/BitCloud_SAM3S_EK_1_14_0/BitCloud/lib/libBc_All_At91sam3s4c_Rf231_Gcc.a(machwdTxFrameHandler.o)
 *fill*         0x00407d5a        0x2 00
 .text.machwdTxFrameReqHandler
                0x00407d5c       0x2c ./../../../../../../Atmel_lib/BitCloud_SAM3S_EK_1_14_0/BitCloud/lib/libBc_All_At91sam3s4c_Rf231_Gcc.a(machwdTxFrameHandler.o)
                0x00407d5c                machwdTxFrameReqHandler
 .text.machwdTxFrameTaskHandler
                0x00407d88       0x28 ./../../../../../../Atmel_lib/BitCloud_SAM3S_EK_1_14_0/BitCloud/lib/libBc_All_At91sam3s4c_Rf231_Gcc.a(machwdTxFrameHandler.o)
                0x00407d88                machwdTxFrameTaskHandler
 .text.machwdResetTxFrameHandler
                0x00407db0        0x2 ./../../../../../../Atmel_lib/BitCloud_SAM3S_EK_1_14_0/BitCloud/lib/libBc_All_At91sam3s4c_Rf231_Gcc.a(machwdTxFrameHandler.o)
                0x00407db0                machwdResetTxFrameHandler
 *fill*         0x00407db2        0x2 00
 .text.postponeAction.part.0
                0x00407db4       0x20 ./../../../../../../Atmel_lib/BitCloud_SAM3S_EK_1_14_0/BitCloud/lib/libBc_All_At91sam3s4c_Rf231_Gcc.a(machwiManager.o)
 .text.putReqInQueue
                0x00407dd4       0x38 ./../../../../../../Atmel_lib/BitCloud_SAM3S_EK_1_14_0/BitCloud/lib/libBc_All_At91sam3s4c_Rf231_Gcc.a(machwiManager.o)
 .text.machwiSendConfToUpperLayer
                0x00407e0c       0xb4 ./../../../../../../Atmel_lib/BitCloud_SAM3S_EK_1_14_0/BitCloud/lib/libBc_All_At91sam3s4c_Rf231_Gcc.a(machwiManager.o)
                0x00407e0c                machwiSendConfToUpperLayer
 .text.MAC_HWI_TaskHandler
                0x00407ec0       0xc4 ./../../../../../../Atmel_lib/BitCloud_SAM3S_EK_1_14_0/BitCloud/lib/libBc_All_At91sam3s4c_Rf231_Gcc.a(machwiManager.o)
                0x00407ec0                MAC_HWI_TaskHandler
 .text.MAC_AssociateReq
                0x00407f84        0x8 ./../../../../../../Atmel_lib/BitCloud_SAM3S_EK_1_14_0/BitCloud/lib/libBc_All_At91sam3s4c_Rf231_Gcc.a(machwiManager.o)
                0x00407f84                MAC_AssociateReq
 .text.MAC_AssociateResp
                0x00407f8c        0x8 ./../../../../../../Atmel_lib/BitCloud_SAM3S_EK_1_14_0/BitCloud/lib/libBc_All_At91sam3s4c_Rf231_Gcc.a(machwiManager.o)
                0x00407f8c                MAC_AssociateResp
 .text.MAC_GetReq
                0x00407f94        0x8 ./../../../../../../Atmel_lib/BitCloud_SAM3S_EK_1_14_0/BitCloud/lib/libBc_All_At91sam3s4c_Rf231_Gcc.a(machwiManager.o)
                0x00407f94                MAC_GetReq
 .text.MAC_ResetReq
                0x00407f9c       0x58 ./../../../../../../Atmel_lib/BitCloud_SAM3S_EK_1_14_0/BitCloud/lib/libBc_All_At91sam3s4c_Rf231_Gcc.a(machwiManager.o)
                0x00407f9c                MAC_ResetReq
 .text.MAC_RxEnableReq
                0x00407ff4        0x8 ./../../../../../../Atmel_lib/BitCloud_SAM3S_EK_1_14_0/BitCloud/lib/libBc_All_At91sam3s4c_Rf231_Gcc.a(machwiManager.o)
                0x00407ff4                MAC_RxEnableReq
 .text.MAC_ScanReq
                0x00407ffc        0x8 ./../../../../../../Atmel_lib/BitCloud_SAM3S_EK_1_14_0/BitCloud/lib/libBc_All_At91sam3s4c_Rf231_Gcc.a(machwiManager.o)
                0x00407ffc                MAC_ScanReq
 .text.MAC_SetReq
                0x00408004        0x8 ./../../../../../../Atmel_lib/BitCloud_SAM3S_EK_1_14_0/BitCloud/lib/libBc_All_At91sam3s4c_Rf231_Gcc.a(machwiManager.o)
                0x00408004                MAC_SetReq
 .text.MAC_StartReq
                0x0040800c        0x8 ./../../../../../../Atmel_lib/BitCloud_SAM3S_EK_1_14_0/BitCloud/lib/libBc_All_At91sam3s4c_Rf231_Gcc.a(machwiManager.o)
                0x0040800c                MAC_StartReq
 .text.MAC_PollReq
                0x00408014        0x8 ./../../../../../../Atmel_lib/BitCloud_SAM3S_EK_1_14_0/BitCloud/lib/libBc_All_At91sam3s4c_Rf231_Gcc.a(machwiManager.o)
                0x00408014                MAC_PollReq
 .text.MAC_DataReq
                0x0040801c        0x8 ./../../../../../../Atmel_lib/BitCloud_SAM3S_EK_1_14_0/BitCloud/lib/libBc_All_At91sam3s4c_Rf231_Gcc.a(machwiManager.o)
                0x0040801c                MAC_DataReq
 .text.machwiSendAssociateInd
                0x00408024       0x14 ./../../../../../../Atmel_lib/BitCloud_SAM3S_EK_1_14_0/BitCloud/lib/libBc_All_At91sam3s4c_Rf231_Gcc.a(machwiManager.o)
                0x00408024                machwiSendAssociateInd
 .text.machwiSendDataInd
                0x00408038       0x14 ./../../../../../../Atmel_lib/BitCloud_SAM3S_EK_1_14_0/BitCloud/lib/libBc_All_At91sam3s4c_Rf231_Gcc.a(machwiManager.o)
                0x00408038                machwiSendDataInd
 .text.machwiSendBeaconNotifyInd
                0x0040804c       0x14 ./../../../../../../Atmel_lib/BitCloud_SAM3S_EK_1_14_0/BitCloud/lib/libBc_All_At91sam3s4c_Rf231_Gcc.a(machwiManager.o)
                0x0040804c                machwiSendBeaconNotifyInd
 .text.machwiSendSyncLossNotifyInd
                0x00408060       0x14 ./../../../../../../Atmel_lib/BitCloud_SAM3S_EK_1_14_0/BitCloud/lib/libBc_All_At91sam3s4c_Rf231_Gcc.a(machwiManager.o)
                0x00408060                machwiSendSyncLossNotifyInd
 .text.machwiSendOrphanInd
                0x00408074       0x14 ./../../../../../../Atmel_lib/BitCloud_SAM3S_EK_1_14_0/BitCloud/lib/libBc_All_At91sam3s4c_Rf231_Gcc.a(machwiManager.o)
                0x00408074                machwiSendOrphanInd
 .text.machwiSendPollInd
                0x00408088       0x14 ./../../../../../../Atmel_lib/BitCloud_SAM3S_EK_1_14_0/BitCloud/lib/libBc_All_At91sam3s4c_Rf231_Gcc.a(machwiManager.o)
                0x00408088                machwiSendPollInd
 .text.machwiTxTransactionReq
                0x0040809c       0x1c ./../../../../../../Atmel_lib/BitCloud_SAM3S_EK_1_14_0/BitCloud/lib/libBc_All_At91sam3s4c_Rf231_Gcc.a(machwiManager.o)
                0x0040809c                machwiTxTransactionReq
 .text.machwiTxBeaconReq
                0x004080b8       0x1c ./../../../../../../Atmel_lib/BitCloud_SAM3S_EK_1_14_0/BitCloud/lib/libBc_All_At91sam3s4c_Rf231_Gcc.a(machwiManager.o)
                0x004080b8                machwiTxBeaconReq
 .text.MAC_IsActiveTransaction
                0x004080d4       0x20 ./../../../../../../Atmel_lib/BitCloud_SAM3S_EK_1_14_0/BitCloud/lib/libBc_All_At91sam3s4c_Rf231_Gcc.a(machwiManager.o)
                0x004080d4                MAC_IsActiveTransaction
 .text.machwdDataConfirm
                0x004080f4       0x20 ./../../../../../../Atmel_lib/BitCloud_SAM3S_EK_1_14_0/BitCloud/lib/libBc_All_At91sam3s4c_Rf231_Gcc.a(machwiOrphanHandler.o)
 .text.machwiOrphanRespHandler
                0x00408114       0xfc ./../../../../../../Atmel_lib/BitCloud_SAM3S_EK_1_14_0/BitCloud/lib/libBc_All_At91sam3s4c_Rf231_Gcc.a(machwiOrphanHandler.o)
                0x00408114                machwiOrphanRespHandler
 .text.machwiOrphanNotificationInd
                0x00408210       0x1a ./../../../../../../Atmel_lib/BitCloud_SAM3S_EK_1_14_0/BitCloud/lib/libBc_All_At91sam3s4c_Rf231_Gcc.a(machwiOrphanHandler.o)
                0x00408210                machwiOrphanNotificationInd
 *fill*         0x0040822a        0x2 00
 .text.MACHWD_DataInd
                0x0040822c       0x78 ./../../../../../../Atmel_lib/BitCloud_SAM3S_EK_1_14_0/BitCloud/lib/libBc_All_At91sam3s4c_Rf231_Gcc.a(machwiPanServer.o)
                0x0040822c                MACHWD_DataInd
 .text.machwiEnableBeaconTransmission
                0x004082a4       0x10 ./../../../../../../Atmel_lib/BitCloud_SAM3S_EK_1_14_0/BitCloud/lib/libBc_All_At91sam3s4c_Rf231_Gcc.a(machwiPanServer.o)
                0x004082a4                machwiEnableBeaconTransmission
 .text.machwiResetPanServer
                0x004082b4       0x10 ./../../../../../../Atmel_lib/BitCloud_SAM3S_EK_1_14_0/BitCloud/lib/libBc_All_At91sam3s4c_Rf231_Gcc.a(machwiPanServer.o)
                0x004082b4                machwiResetPanServer
 .text.switchingCompleted
                0x004082c4       0x14 ./../../../../../../Atmel_lib/BitCloud_SAM3S_EK_1_14_0/BitCloud/lib/libBc_All_At91sam3s4c_Rf231_Gcc.a(machwiPollHandler.o)
 .text.completeHandling
                0x004082d8       0x1c ./../../../../../../Atmel_lib/BitCloud_SAM3S_EK_1_14_0/BitCloud/lib/libBc_All_At91sam3s4c_Rf231_Gcc.a(machwiPollHandler.o)
 .text.machwdDataConfirm
                0x004082f4       0x50 ./../../../../../../Atmel_lib/BitCloud_SAM3S_EK_1_14_0/BitCloud/lib/libBc_All_At91sam3s4c_Rf231_Gcc.a(machwiPollHandler.o)
 .text.halPollTimerFired
                0x00408344        0x4 ./../../../../../../Atmel_lib/BitCloud_SAM3S_EK_1_14_0/BitCloud/lib/libBc_All_At91sam3s4c_Rf231_Gcc.a(machwiPollHandler.o)
 .text.machwiResetPollHandler
                0x00408348        0xc ./../../../../../../Atmel_lib/BitCloud_SAM3S_EK_1_14_0/BitCloud/lib/libBc_All_At91sam3s4c_Rf231_Gcc.a(machwiPollHandler.o)
                0x00408348                machwiResetPollHandler
 .text.machwiPollInd
                0x00408354       0x3a ./../../../../../../Atmel_lib/BitCloud_SAM3S_EK_1_14_0/BitCloud/lib/libBc_All_At91sam3s4c_Rf231_Gcc.a(machwiPollHandler.o)
                0x00408354                machwiPollInd
 *fill*         0x0040838e        0x2 00
 .text.machwiDataIndication
                0x00408390      0x110 ./../../../../../../Atmel_lib/BitCloud_SAM3S_EK_1_14_0/BitCloud/lib/libBc_All_At91sam3s4c_Rf231_Gcc.a(machwiPollHandler.o)
                0x00408390                machwiDataIndication
 .text.machwiPollReqHandler
                0x004084a0      0x104 ./../../../../../../Atmel_lib/BitCloud_SAM3S_EK_1_14_0/BitCloud/lib/libBc_All_At91sam3s4c_Rf231_Gcc.a(machwiPollHandler.o)
                0x004084a0                machwiPollReqHandler
 .text.machwiPurgeReqHandler
                0x004085a4       0x28 ./../../../../../../Atmel_lib/BitCloud_SAM3S_EK_1_14_0/BitCloud/lib/libBc_All_At91sam3s4c_Rf231_Gcc.a(machwiPurgeHandler.o)
                0x004085a4                machwiPurgeReqHandler
 .text.machwdSetTrxStateConfirm
                0x004085cc        0xc ./../../../../../../Atmel_lib/BitCloud_SAM3S_EK_1_14_0/BitCloud/lib/libBc_All_At91sam3s4c_Rf231_Gcc.a(machwiResetHandler.o)
 .text.machwdSetConfirm
                0x004085d8       0x1c ./../../../../../../Atmel_lib/BitCloud_SAM3S_EK_1_14_0/BitCloud/lib/libBc_All_At91sam3s4c_Rf231_Gcc.a(machwiResetHandler.o)
 .text.machwiResetReqHandler
                0x004085f4       0x6c ./../../../../../../Atmel_lib/BitCloud_SAM3S_EK_1_14_0/BitCloud/lib/libBc_All_At91sam3s4c_Rf231_Gcc.a(machwiResetHandler.o)
                0x004085f4                machwiResetReqHandler
 .text.machwdSetTrxStateConfirm
                0x00408660       0x10 ./../../../../../../Atmel_lib/BitCloud_SAM3S_EK_1_14_0/BitCloud/lib/libBc_All_At91sam3s4c_Rf231_Gcc.a(machwiRxEnableHandler.o)
 .text.machwiRxEnableReqHandler
                0x00408670       0x2c ./../../../../../../Atmel_lib/BitCloud_SAM3S_EK_1_14_0/BitCloud/lib/libBc_All_At91sam3s4c_Rf231_Gcc.a(machwiRxEnableHandler.o)
                0x00408670                machwiRxEnableReqHandler
 .text.switchToActiveChannel
                0x0040869c       0x34 ./../../../../../../Atmel_lib/BitCloud_SAM3S_EK_1_14_0/BitCloud/lib/libBc_All_At91sam3s4c_Rf231_Gcc.a(machwiScanHandler.o)
 .text.setNextChannel
                0x004086d0       0x60 ./../../../../../../Atmel_lib/BitCloud_SAM3S_EK_1_14_0/BitCloud/lib/libBc_All_At91sam3s4c_Rf231_Gcc.a(machwiScanHandler.o)
 .text.machwdEdConfirm
                0x00408730       0x84 ./../../../../../../Atmel_lib/BitCloud_SAM3S_EK_1_14_0/BitCloud/lib/libBc_All_At91sam3s4c_Rf231_Gcc.a(machwiScanHandler.o)
 .text.machwdSetConfirm
                0x004087b4      0x258 ./../../../../../../Atmel_lib/BitCloud_SAM3S_EK_1_14_0/BitCloud/lib/libBc_All_At91sam3s4c_Rf231_Gcc.a(machwiScanHandler.o)
 .text.machwdSetTrxStateConfirm
                0x00408a0c       0x98 ./../../../../../../Atmel_lib/BitCloud_SAM3S_EK_1_14_0/BitCloud/lib/libBc_All_At91sam3s4c_Rf231_Gcc.a(machwiScanHandler.o)
 .text.halScanTimerFired
                0x00408aa4       0x28 ./../../../../../../Atmel_lib/BitCloud_SAM3S_EK_1_14_0/BitCloud/lib/libBc_All_At91sam3s4c_Rf231_Gcc.a(machwiScanHandler.o)
 .text.machwdDataConfirm
                0x00408acc       0x58 ./../../../../../../Atmel_lib/BitCloud_SAM3S_EK_1_14_0/BitCloud/lib/libBc_All_At91sam3s4c_Rf231_Gcc.a(machwiScanHandler.o)
 .text.machwiScanReqHandler
                0x00408b24       0xf8 ./../../../../../../Atmel_lib/BitCloud_SAM3S_EK_1_14_0/BitCloud/lib/libBc_All_At91sam3s4c_Rf231_Gcc.a(machwiScanHandler.o)
                0x00408b24                machwiScanReqHandler
 .text.machwiBeaconInd
                0x00408c1c      0x194 ./../../../../../../Atmel_lib/BitCloud_SAM3S_EK_1_14_0/BitCloud/lib/libBc_All_At91sam3s4c_Rf231_Gcc.a(machwiScanHandler.o)
                0x00408c1c                machwiBeaconInd
 .text.machwiCoordRealignmentCommandInd
                0x00408db0       0xac ./../../../../../../Atmel_lib/BitCloud_SAM3S_EK_1_14_0/BitCloud/lib/libBc_All_At91sam3s4c_Rf231_Gcc.a(machwiScanHandler.o)
                0x00408db0                machwiCoordRealignmentCommandInd
 .text.machwiResetScanHandler
                0x00408e5c        0xc ./../../../../../../Atmel_lib/BitCloud_SAM3S_EK_1_14_0/BitCloud/lib/libBc_All_At91sam3s4c_Rf231_Gcc.a(machwiScanHandler.o)
                0x00408e5c                machwiResetScanHandler
 .text.machwdSetConfirm
                0x00408e68        0xc ./../../../../../../Atmel_lib/BitCloud_SAM3S_EK_1_14_0/BitCloud/lib/libBc_All_At91sam3s4c_Rf231_Gcc.a(machwiSetGetHandler.o)
 .text.machwiGetReqHandler
                0x00408e74       0x34 ./../../../../../../Atmel_lib/BitCloud_SAM3S_EK_1_14_0/BitCloud/lib/libBc_All_At91sam3s4c_Rf231_Gcc.a(machwiSetGetHandler.o)
                0x00408e74                machwiGetReqHandler
 .text.machwiSetReqHandler
                0x00408ea8       0x84 ./../../../../../../Atmel_lib/BitCloud_SAM3S_EK_1_14_0/BitCloud/lib/libBc_All_At91sam3s4c_Rf231_Gcc.a(machwiSetGetHandler.o)
                0x00408ea8                machwiSetReqHandler
 .text.setHandling
                0x00408f2c       0x20 ./../../../../../../Atmel_lib/BitCloud_SAM3S_EK_1_14_0/BitCloud/lib/libBc_All_At91sam3s4c_Rf231_Gcc.a(machwiStartHandler.o)
 .text.setStartReqParam
                0x00408f4c       0x90 ./../../../../../../Atmel_lib/BitCloud_SAM3S_EK_1_14_0/BitCloud/lib/libBc_All_At91sam3s4c_Rf231_Gcc.a(machwiStartHandler.o)
 .text.generateConfirm
                0x00408fdc       0x38 ./../../../../../../Atmel_lib/BitCloud_SAM3S_EK_1_14_0/BitCloud/lib/libBc_All_At91sam3s4c_Rf231_Gcc.a(machwiStartHandler.o)
 .text.machwdSetConfirm
                0x00409014      0x108 ./../../../../../../Atmel_lib/BitCloud_SAM3S_EK_1_14_0/BitCloud/lib/libBc_All_At91sam3s4c_Rf231_Gcc.a(machwiStartHandler.o)
 .text.machwdDataConfirm
                0x0040911c       0x34 ./../../../../../../Atmel_lib/BitCloud_SAM3S_EK_1_14_0/BitCloud/lib/libBc_All_At91sam3s4c_Rf231_Gcc.a(machwiStartHandler.o)
 .text.machwiStartReqHandler
                0x00409150       0x48 ./../../../../../../Atmel_lib/BitCloud_SAM3S_EK_1_14_0/BitCloud/lib/libBc_All_At91sam3s4c_Rf231_Gcc.a(machwiStartHandler.o)
                0x00409150                machwiStartReqHandler
 .text.machwiResetStartHandler
                0x00409198       0x10 ./../../../../../../Atmel_lib/BitCloud_SAM3S_EK_1_14_0/BitCloud/lib/libBc_All_At91sam3s4c_Rf231_Gcc.a(machwiStartHandler.o)
                0x00409198                machwiResetStartHandler
 .text.machwdSetTrxStateConfirm
                0x004091a8       0x10 ./../../../../../../Atmel_lib/BitCloud_SAM3S_EK_1_14_0/BitCloud/lib/libBc_All_At91sam3s4c_Rf231_Gcc.a(machwiSwitchRxCtrl.o)
 .text.machwiSwitchRxAccordToRxOnWhenIdle
                0x004091b8       0x30 ./../../../../../../Atmel_lib/BitCloud_SAM3S_EK_1_14_0/BitCloud/lib/libBc_All_At91sam3s4c_Rf231_Gcc.a(machwiSwitchRxCtrl.o)
                0x004091b8                machwiSwitchRxAccordToRxOnWhenIdle
 .text.machwiResetTransactionHandler
                0x004091e8       0x14 ./../../../../../../Atmel_lib/BitCloud_SAM3S_EK_1_14_0/BitCloud/lib/libBc_All_At91sam3s4c_Rf231_Gcc.a(machwiTransactionHandler.o)
                0x004091e8                machwiResetTransactionHandler
 .text.machwiSendTransactionEvent
                0x004091fc      0x12c ./../../../../../../Atmel_lib/BitCloud_SAM3S_EK_1_14_0/BitCloud/lib/libBc_All_At91sam3s4c_Rf231_Gcc.a(machwiTransactionHandler.o)
                0x004091fc                machwiSendTransactionEvent
 .text.machwdDataConfirm
                0x00409328       0x88 ./../../../../../../Atmel_lib/BitCloud_SAM3S_EK_1_14_0/BitCloud/lib/libBc_All_At91sam3s4c_Rf231_Gcc.a(machwiTransactionHandler.o)
 .text.transactionTimerFired
                0x004093b0       0x30 ./../../../../../../Atmel_lib/BitCloud_SAM3S_EK_1_14_0/BitCloud/lib/libBc_All_At91sam3s4c_Rf231_Gcc.a(machwiTransactionQueue.o)
 .text.machwiPutTransactionToQueue
                0x004093e0       0x44 ./../../../../../../Atmel_lib/BitCloud_SAM3S_EK_1_14_0/BitCloud/lib/libBc_All_At91sam3s4c_Rf231_Gcc.a(machwiTransactionQueue.o)
                0x004093e0                machwiPutTransactionToQueue
 .text.machwiGetActivatedTransactionFromQueue
                0x00409424       0x18 ./../../../../../../Atmel_lib/BitCloud_SAM3S_EK_1_14_0/BitCloud/lib/libBc_All_At91sam3s4c_Rf231_Gcc.a(machwiTransactionQueue.o)
                0x00409424                machwiGetActivatedTransactionFromQueue
 .text.machwiTestAndKickQueueTransactions
                0x0040943c       0xc8 ./../../../../../../Atmel_lib/BitCloud_SAM3S_EK_1_14_0/BitCloud/lib/libBc_All_At91sam3s4c_Rf231_Gcc.a(machwiTransactionQueue.o)
                0x0040943c                machwiTestAndKickQueueTransactions
 .text.machwiFillPendingAddrSpecAndList
                0x00409504       0x12 ./../../../../../../Atmel_lib/BitCloud_SAM3S_EK_1_14_0/BitCloud/lib/libBc_All_At91sam3s4c_Rf231_Gcc.a(machwiTransactionQueue.o)
                0x00409504                machwiFillPendingAddrSpecAndList
 *fill*         0x00409516        0x2 00
 .text.machwiDeleteTransactionFromQueue
                0x00409518       0x28 ./../../../../../../Atmel_lib/BitCloud_SAM3S_EK_1_14_0/BitCloud/lib/libBc_All_At91sam3s4c_Rf231_Gcc.a(machwiTransactionQueue.o)
                0x00409518                machwiDeleteTransactionFromQueue
 .text.machwiPurgeTransactionFromQueue
                0x00409540       0x34 ./../../../../../../Atmel_lib/BitCloud_SAM3S_EK_1_14_0/BitCloud/lib/libBc_All_At91sam3s4c_Rf231_Gcc.a(machwiTransactionQueue.o)
                0x00409540                machwiPurgeTransactionFromQueue
 .text.machwiResetTransactionQueue
                0x00409574       0x30 ./../../../../../../Atmel_lib/BitCloud_SAM3S_EK_1_14_0/BitCloud/lib/libBc_All_At91sam3s4c_Rf231_Gcc.a(machwiTransactionQueue.o)
                0x00409574                machwiResetTransactionQueue
 .text.machwiTransactionQueueEmpty
                0x004095a4       0x14 ./../../../../../../Atmel_lib/BitCloud_SAM3S_EK_1_14_0/BitCloud/lib/libBc_All_At91sam3s4c_Rf231_Gcc.a(machwiTransactionQueue.o)
                0x004095a4                machwiTransactionQueueEmpty
 .text.nwkAddressConflictIsIdle
                0x004095b8       0x18 ./../../../../../../Atmel_lib/BitCloud_SAM3S_EK_1_14_0/BitCloud/lib/libBc_All_At91sam3s4c_Rf231_Gcc.a(nwk.o)
 .text.nwkFindAddressMapEntryByExtAddr
                0x004095d0       0x34 ./../../../../../../Atmel_lib/BitCloud_SAM3S_EK_1_14_0/BitCloud/lib/libBc_All_At91sam3s4c_Rf231_Gcc.a(nwk.o)
 .text.nwkAddToAddressMap
                0x00409604       0x54 ./../../../../../../Atmel_lib/BitCloud_SAM3S_EK_1_14_0/BitCloud/lib/libBc_All_At91sam3s4c_Rf231_Gcc.a(nwk.o)
 .text.nwkFindAddressMapEntryByShortAddr
                0x00409658       0x28 ./../../../../../../Atmel_lib/BitCloud_SAM3S_EK_1_14_0/BitCloud/lib/libBc_All_At91sam3s4c_Rf231_Gcc.a(nwk.o)
 .text.nwkDataReqIsIdle
                0x00409680       0x18 ./../../../../../../Atmel_lib/BitCloud_SAM3S_EK_1_14_0/BitCloud/lib/libBc_All_At91sam3s4c_Rf231_Gcc.a(nwk.o)
 .text.nwkDiscoveryIsIdle
                0x00409698       0x18 ./../../../../../../Atmel_lib/BitCloud_SAM3S_EK_1_14_0/BitCloud/lib/libBc_All_At91sam3s4c_Rf231_Gcc.a(nwk.o)
 .text.nwkEDScanIsIdle
                0x004096b0       0x18 ./../../../../../../Atmel_lib/BitCloud_SAM3S_EK_1_14_0/BitCloud/lib/libBc_All_At91sam3s4c_Rf231_Gcc.a(nwk.o)
 .text.nwkFormationIsIdle
                0x004096c8       0x18 ./../../../../../../Atmel_lib/BitCloud_SAM3S_EK_1_14_0/BitCloud/lib/libBc_All_At91sam3s4c_Rf231_Gcc.a(nwk.o)
 .text.nwkParseHeader
                0x004096e0       0x6a ./../../../../../../Atmel_lib/BitCloud_SAM3S_EK_1_14_0/BitCloud/lib/libBc_All_At91sam3s4c_Rf231_Gcc.a(nwk.o)
 *fill*         0x0040974a        0x2 00
 .text.nwkSetDepth
                0x0040974c       0x10 ./../../../../../../Atmel_lib/BitCloud_SAM3S_EK_1_14_0/BitCloud/lib/libBc_All_At91sam3s4c_Rf231_Gcc.a(nwk.o)
 .text.findFreeJoinIndObjFor
                0x0040975c       0x54 ./../../../../../../Atmel_lib/BitCloud_SAM3S_EK_1_14_0/BitCloud/lib/libBc_All_At91sam3s4c_Rf231_Gcc.a(nwk.o)
 .text.nwkJoinIndIsIdle
                0x004097b0       0x28 ./../../../../../../Atmel_lib/BitCloud_SAM3S_EK_1_14_0/BitCloud/lib/libBc_All_At91sam3s4c_Rf231_Gcc.a(nwk.o)
 .text.nwkJoinReqIsIdle
                0x004097d8       0x18 ./../../../../../../Atmel_lib/BitCloud_SAM3S_EK_1_14_0/BitCloud/lib/libBc_All_At91sam3s4c_Rf231_Gcc.a(nwk.o)
 .text.nwkLeaveReqIsIdle
                0x004097f0       0x18 ./../../../../../../Atmel_lib/BitCloud_SAM3S_EK_1_14_0/BitCloud/lib/libBc_All_At91sam3s4c_Rf231_Gcc.a(nwk.o)
 .text.nwkLinkStatusIsIdle
                0x00409808       0x14 ./../../../../../../Atmel_lib/BitCloud_SAM3S_EK_1_14_0/BitCloud/lib/libBc_All_At91sam3s4c_Rf231_Gcc.a(nwk.o)
 .text.nwkLoopbackIsIdle
                0x0040981c       0x18 ./../../../../../../Atmel_lib/BitCloud_SAM3S_EK_1_14_0/BitCloud/lib/libBc_All_At91sam3s4c_Rf231_Gcc.a(nwk.o)
 .text.nwkGetOutgoingCost
                0x00409834       0x24 ./../../../../../../Atmel_lib/BitCloud_SAM3S_EK_1_14_0/BitCloud/lib/libBc_All_At91sam3s4c_Rf231_Gcc.a(nwk.o)
 .text.nwkClearNeighborTable
                0x00409858       0x64 ./../../../../../../Atmel_lib/BitCloud_SAM3S_EK_1_14_0/BitCloud/lib/libBc_All_At91sam3s4c_Rf231_Gcc.a(nwk.o)
 .text.nwkUpdateCapacityBits
                0x004098bc       0x80 ./../../../../../../Atmel_lib/BitCloud_SAM3S_EK_1_14_0/BitCloud/lib/libBc_All_At91sam3s4c_Rf231_Gcc.a(nwk.o)
 .text.nwkUpdateCapacityBitsInBeacon
                0x0040993c       0x50 ./../../../../../../Atmel_lib/BitCloud_SAM3S_EK_1_14_0/BitCloud/lib/libBc_All_At91sam3s4c_Rf231_Gcc.a(nwk.o)
 .text.nwkUpdateBeaconPayload
                0x0040998c       0x70 ./../../../../../../Atmel_lib/BitCloud_SAM3S_EK_1_14_0/BitCloud/lib/libBc_All_At91sam3s4c_Rf231_Gcc.a(nwk.o)