Archive member included because of file (symbol)

./../../../../BitCloud/lib/libHAL_deRFusb23e06_At91sam3s4c_64Mhz_Gcc.a(atomic.o)
                              All_deRFusb23e06_At91sam3s4c_Rf231_Gcc/Obj/WSNDemoApp.o (halStartAtomic)
./../../../../BitCloud/lib/libHAL_deRFusb23e06_At91sam3s4c_64Mhz_Gcc.a(core_cm3.o)
                              ./../../../../BitCloud/lib/libHAL_deRFusb23e06_At91sam3s4c_64Mhz_Gcc.a(atomic.o) (__get_PRIMASK)
./../../../../BitCloud/lib/libHAL_deRFusb23e06_At91sam3s4c_64Mhz_Gcc.a(halVectorTable.o)
                              (__vector_table)
./../../../../BitCloud/lib/libHAL_deRFusb23e06_At91sam3s4c_64Mhz_Gcc.a(halAppClock.o)
                              ./../../../../BitCloud/lib/libHAL_deRFusb23e06_At91sam3s4c_64Mhz_Gcc.a(halVectorTable.o) (timerHandler)
./../../../../BitCloud/lib/libHAL_deRFusb23e06_At91sam3s4c_64Mhz_Gcc.a(halUsart.o)
                              ./../../../../BitCloud/lib/libHAL_deRFusb23e06_At91sam3s4c_64Mhz_Gcc.a(halVectorTable.o) (usart0Handler)
./../../../../BitCloud/lib/libHAL_deRFusb23e06_At91sam3s4c_64Mhz_Gcc.a(halUart.o)
                              ./../../../../BitCloud/lib/libHAL_deRFusb23e06_At91sam3s4c_64Mhz_Gcc.a(halVectorTable.o) (uart0Handler)
./../../../../BitCloud/lib/libHAL_deRFusb23e06_At91sam3s4c_64Mhz_Gcc.a(halUsb.o)
                              ./../../../../BitCloud/lib/libHAL_deRFusb23e06_At91sam3s4c_64Mhz_Gcc.a(halVectorTable.o) (usbHandler)
./../../../../BitCloud/lib/libHAL_deRFusb23e06_At91sam3s4c_64Mhz_Gcc.a(halIrq.o)
                              ./../../../../BitCloud/lib/libHAL_deRFusb23e06_At91sam3s4c_64Mhz_Gcc.a(halVectorTable.o) (pioaHandler)
./../../../../BitCloud/lib/libHAL_deRFusb23e06_At91sam3s4c_64Mhz_Gcc.a(halHsmci.o)
                              ./../../../../BitCloud/lib/libHAL_deRFusb23e06_At91sam3s4c_64Mhz_Gcc.a(halVectorTable.o) (hsmciHandler)
./../../../../BitCloud/lib/libHAL_deRFusb23e06_At91sam3s4c_64Mhz_Gcc.a(halSleepTimerClock.o)
                              ./../../../../BitCloud/lib/libHAL_deRFusb23e06_At91sam3s4c_64Mhz_Gcc.a(halVectorTable.o) (rttHandler)
./../../../../BitCloud/lib/libHAL_deRFusb23e06_At91sam3s4c_64Mhz_Gcc.a(halSleep.o)
                              ./../../../../BitCloud/lib/libHAL_deRFusb23e06_At91sam3s4c_64Mhz_Gcc.a(halSleepTimerClock.o) (halPowerOn)
./../../../../BitCloud/lib/libHAL_deRFusb23e06_At91sam3s4c_64Mhz_Gcc.a(halStartupGcc.o)
                              ./../../../../BitCloud/lib/libHAL_deRFusb23e06_At91sam3s4c_64Mhz_Gcc.a(halVectorTable.o) (gccReset)
./../../../../BitCloud/lib/libHAL_deRFusb23e06_At91sam3s4c_64Mhz_Gcc.a(halRfCtrl.o)
                              ./../../../../BitCloud/lib/libHAL_deRFusb23e06_At91sam3s4c_64Mhz_Gcc.a(halSleep.o) (halWaitRadio)
./../../../../BitCloud/lib/libHAL_deRFusb23e06_At91sam3s4c_64Mhz_Gcc.a(halRfSpi.o)
                              ./../../../../BitCloud/lib/libHAL_deRFusb23e06_At91sam3s4c_64Mhz_Gcc.a(halRfCtrl.o) (HAL_WriteByteRfSpi)
./../../../../BitCloud/lib/libHAL_deRFusb23e06_At91sam3s4c_64Mhz_Gcc.a(halMacIsr.o)
                              ./../../../../BitCloud/lib/libHAL_deRFusb23e06_At91sam3s4c_64Mhz_Gcc.a(halAppClock.o) (halMacTimerHandler)
./../../../../BitCloud/lib/libHAL_deRFusb23e06_At91sam3s4c_64Mhz_Gcc.a(appTimer.o)
                              All_deRFusb23e06_At91sam3s4c_Rf231_Gcc/Obj/WSNEndDevice.o (HAL_StartAppTimer)
./../../../../BitCloud/lib/libHAL_deRFusb23e06_At91sam3s4c_64Mhz_Gcc.a(halTaskManager.o)
                              ./../../../../BitCloud/lib/libHAL_deRFusb23e06_At91sam3s4c_64Mhz_Gcc.a(halAppClock.o) (halTaskFlags)
./../../../../BitCloud/lib/libHAL_deRFusb23e06_At91sam3s4c_64Mhz_Gcc.a(sleep.o)
                              ./../../../../BitCloud/lib/libHAL_deRFusb23e06_At91sam3s4c_64Mhz_Gcc.a(halSleepTimerClock.o) (halSleepControl)
./../../../../BitCloud/lib/libHAL_deRFusb23e06_At91sam3s4c_64Mhz_Gcc.a(timer.o)
                              ./../../../../BitCloud/lib/libHAL_deRFusb23e06_At91sam3s4c_64Mhz_Gcc.a(appTimer.o) (halAddTimer)
./../../../../BitCloud/lib/libHAL_deRFusb23e06_At91sam3s4c_64Mhz_Gcc.a(usart.o)
                              ./../../../../BitCloud/lib/libHAL_deRFusb23e06_At91sam3s4c_64Mhz_Gcc.a(halTaskManager.o) (halSigUsartHandler)
./../../../../BitCloud/lib/libHAL_deRFusb23e06_At91sam3s4c_64Mhz_Gcc.a(uart.o)
                              ./../../../../BitCloud/lib/libHAL_deRFusb23e06_At91sam3s4c_64Mhz_Gcc.a(halUart.o) (halUartStoreRx)
./../../../../BitCloud/lib/libHAL_deRFusb23e06_At91sam3s4c_64Mhz_Gcc.a(usb.o)
                              All_deRFusb23e06_At91sam3s4c_Rf231_Gcc/Obj/vcpVirtualUsart.o (HAL_RegisterEndOfBusResetHandler)
./../../../../BitCloud/lib/libHAL_deRFusb23e06_At91sam3s4c_64Mhz_Gcc.a(eeprom.o)
                              All_deRFusb23e06_At91sam3s4c_Rf231_Gcc/Obj/pdsWriteData.o (HAL_ReadEeprom)
./../../../../BitCloud/lib/libHAL_deRFusb23e06_At91sam3s4c_64Mhz_Gcc.a(sleepTimer.o)
[...]
Memory Configuration

Name             Origin             Length             Attributes
BOOT             0x00000000         0x00400000         xr
FLASH            0x00400000         0x0003f000         xr
ROM              0x00800000         0x00400000         xr
RAM              0x20000000         0x0000c000         rw
*default*        0x00000000         0xffffffff

Linker script and memory map

                0x00001000                MAIN_STACK_SIZE = 0x1000
                0x00000000                PROCESS_STACK_SIZE = 0x0

.text           0x00400000    0x11f8c
                0x00400000                __text = .
 *(.vectors)
 .vectors       0x00400000       0x40 ./../../../../BitCloud/lib/libHAL_deRFusb23e06_At91sam3s4c_64Mhz_Gcc.a(halVectorTable.o)
                0x00400000                __vector_table
                0x00400040                PROVIDE (__pds_ff_start, .)
 *(.pds_ff)
                0x00400040                PROVIDE (__pds_ff_end, .)
                0x00400040                PROVIDE (__pds_fd_start, .)
 *(.pds_fd)
                0x00400040                PROVIDE (__pds_fd_end, .)
 *(.text)
 .text          0x00400040       0x74 ./../../../../BitCloud/lib/libHAL_deRFusb23e06_At91sam3s4c_64Mhz_Gcc.a(halExceptionGcc.o)
                0x00400040                halNmiHandler
                0x00400042                halHardFaultHandler
                0x00400044                halMemManageHandler
                0x00400046                halBusFaultHandler
                0x00400048                halUsageFaultHandler
                0x0040004a                halSvcHandler
                0x0040004c                halDebugMonHandler
                0x0040004e                halPendsvHandler
                0x00400050                halSysTickHandler
 .text          0x004000b4       0x58 c:/users/user/desktop/winsync/code_files/sabre/_toolchains/yagarto_arm/bin/../lib/gcc/arm-none-eabi/4.5.1/../../../../arm-none-eabi/lib/thumb/v7m\libc.a(lib_a-memcmp.o)
                0x004000b4                memcmp
 .text          0x0040010c       0x8c c:/users/user/desktop/winsync/code_files/sabre/_toolchains/yagarto_arm/bin/../lib/gcc/arm-none-eabi/4.5.1/../../../../arm-none-eabi/lib/thumb/v7m\libc.a(lib_a-memcpy.o)
                0x0040010c                memcpy
 .text          0x00400198       0xb4 c:/users/user/desktop/winsync/code_files/sabre/_toolchains/yagarto_arm/bin/../lib/gcc/arm-none-eabi/4.5.1/../../../../arm-none-eabi/lib/thumb/v7m\libc.a(lib_a-memmove.o)
                0x00400198                memmove
 .text          0x0040024c       0x9c c:/users/user/desktop/winsync/code_files/sabre/_toolchains/yagarto_arm/bin/../lib/gcc/arm-none-eabi/4.5.1/../../../../arm-none-eabi/lib/thumb/v7m\libc.a(lib_a-memset.o)
                0x0040024c                memset
 .text          0x004002e8       0x64 c:/users/user/desktop/winsync/code_files/sabre/_toolchains/yagarto_arm/bin/../lib/gcc/arm-none-eabi/4.5.1/../../../../arm-none-eabi/lib/thumb/v7m\libc.a(lib_a-rand.o)
                0x004002e8                srand
                0x00400300                rand
 *(.text.*)
 .text.batteryDataReady
                0x0040034c       0x24 All_deRFusb23e06_At91sam3s4c_Rf231_Gcc/Obj/WSNSensorManager.o
 .text.temperatureDataReady
                0x00400370       0x40 All_deRFusb23e06_At91sam3s4c_Rf231_Gcc/Obj/WSNSensorManager.o
 .text.lightDataReady
                0x004003b0       0x40 All_deRFusb23e06_At91sam3s4c_Rf231_Gcc/Obj/WSNSensorManager.o
 .text.appStartSensorManager
                0x004003f0       0x10 All_deRFusb23e06_At91sam3s4c_Rf231_Gcc/Obj/WSNSensorManager.o
                0x004003f0                appStartSensorManager
 .text.appStopSensorManager
                0x00400400       0x10 All_deRFusb23e06_At91sam3s4c_Rf231_Gcc/Obj/WSNSensorManager.o
                0x00400400                appStopSensorManager
 .text.appGetSensorData
                0x00400410       0x18 All_deRFusb23e06_At91sam3s4c_Rf231_Gcc/Obj/WSNSensorManager.o
                0x00400410                appGetSensorData
 .text.appEndDeviceWakeUpInd
                0x00400428       0x18 All_deRFusb23e06_At91sam3s4c_Rf231_Gcc/Obj/WSNEndDevice.o
 .text.appEndDeviceTaskReset
                0x00400440       0x14 All_deRFusb23e06_At91sam3s4c_Rf231_Gcc/Obj/WSNEndDevice.o
 .text.appEndDeviceSleepConf
                0x00400454       0x1c All_deRFusb23e06_At91sam3s4c_Rf231_Gcc/Obj/WSNEndDevice.o
 .text.deviceTimerFired
                0x00400470       0x1c All_deRFusb23e06_At91sam3s4c_Rf231_Gcc/Obj/WSNEndDevice.o
 .text.appEndDeviceTaskHandler
                0x0040048c       0xb4 All_deRFusb23e06_At91sam3s4c_Rf231_Gcc/Obj/WSNEndDevice.o
 .text.appSensorsGot
                0x00400540       0x18 All_deRFusb23e06_At91sam3s4c_Rf231_Gcc/Obj/WSNEndDevice.o
 .text.appEndDeviceInitialization
                0x00400558       0x1c All_deRFusb23e06_At91sam3s4c_Rf231_Gcc/Obj/WSNEndDevice.o
 .text.appEndDeviceIdentifyCmdHandler
                0x00400574       0x1c All_deRFusb23e06_At91sam3s4c_Rf231_Gcc/Obj/WSNEndDevice.o
                0x00400574                appEndDeviceIdentifyCmdHandler
 .text.appEndDeviceNwkInfoCmdHandler
                0x00400590       0x4c All_deRFusb23e06_At91sam3s4c_Rf231_Gcc/Obj/WSNEndDevice.o
                0x00400590                appEndDeviceNwkInfoCmdHandler
 .text.appEndDeviceGetInterface
                0x004005dc       0x30 All_deRFusb23e06_At91sam3s4c_Rf231_Gcc/Obj/WSNEndDevice.o
                0x004005dc                appEndDeviceGetInterface
 .text.visualizeAppStarting
                0x0040060c        0x8 All_deRFusb23e06_At91sam3s4c_Rf231_Gcc/Obj/WSNVisualizer.o
                0x0040060c                visualizeAppStarting
 .text.visualizeNwkStarting
                0x00400614       0x16 All_deRFusb23e06_At91sam3s4c_Rf231_Gcc/Obj/WSNVisualizer.o
                0x00400614                visualizeNwkStarting
 .text.visualizeNwkStarted
                0x0040062a       0x16 All_deRFusb23e06_At91sam3s4c_Rf231_Gcc/Obj/WSNVisualizer.o
                0x0040062a                visualizeNwkStarted
 .text.visualizeNwkLeaving
                0x00400640        0xa All_deRFusb23e06_At91sam3s4c_Rf231_Gcc/Obj/WSNVisualizer.o
                0x00400640                visualizeNwkLeaving
 .text.visualizeNwkLeft
                0x0040064a        0xa All_deRFusb23e06_At91sam3s4c_Rf231_Gcc/Obj/WSNVisualizer.o
                0x0040064a                visualizeNwkLeft
 .text.visualizeAirTxStarted
                0x00400654        0xa All_deRFusb23e06_At91sam3s4c_Rf231_Gcc/Obj/WSNVisualizer.o
                0x00400654                visualizeAirTxStarted
 .text.visualizeAirTxFInished
                0x0040065e        0xa All_deRFusb23e06_At91sam3s4c_Rf231_Gcc/Obj/WSNVisualizer.o
                0x0040065e                visualizeAirTxFInished
 .text.visualizeAirRxFinished
                0x00400668        0xa All_deRFusb23e06_At91sam3s4c_Rf231_Gcc/Obj/WSNVisualizer.o
                0x00400668                visualizeAirRxFinished
 .text.visualizeWakeUp
                0x00400672        0xe All_deRFusb23e06_At91sam3s4c_Rf231_Gcc/Obj/WSNVisualizer.o
                0x00400672                visualizeWakeUp
 .text.visualizeSleep
                0x00400680        0x8 All_deRFusb23e06_At91sam3s4c_Rf231_Gcc/Obj/WSNVisualizer.o
                0x00400680                visualizeSleep
 .text.visualizeIdentity
                0x00400688        0xa All_deRFusb23e06_At91sam3s4c_Rf231_Gcc/Obj/WSNVisualizer.o
                0x00400688                visualizeIdentity
 .text.appRemoveQueueElement
                0x00400692       0x28 All_deRFusb23e06_At91sam3s4c_Rf231_Gcc/Obj/WSNMessageSender.o
 *fill*         0x004006ba        0x2 00
 .text.msgSenderApsDataConf
                0x004006bc       0x4c All_deRFusb23e06_At91sam3s4c_Rf231_Gcc/Obj/WSNMessageSender.o
 .text.appInitMsgSender
                0x00400708       0x30 All_deRFusb23e06_At91sam3s4c_Rf231_Gcc/Obj/WSNMessageSender.o
                0x00400708                appInitMsgSender
 .text.appMsgSender
                0x00400738       0x98 All_deRFusb23e06_At91sam3s4c_Rf231_Gcc/Obj/WSNMessageSender.o
                0x00400738                appMsgSender
 .text.appIsTxQueueFree
                0x004007d0       0x20 All_deRFusb23e06_At91sam3s4c_Rf231_Gcc/Obj/WSNMessageSender.o
                0x004007d0                appIsTxQueueFree
 .text.appCreateTxFrame
                0x004007f0       0x5c All_deRFusb23e06_At91sam3s4c_Rf231_Gcc/Obj/WSNMessageSender.o
                0x004007f0                appCreateTxFrame
 .text.appInitCmdHandler
                0x0040084c       0x28 All_deRFusb23e06_At91sam3s4c_Rf231_Gcc/Obj/WSNCommandHandler.o
                0x0040084c                appInitCmdHandler
 .text.appCmdHandler
                0x00400874       0x44 All_deRFusb23e06_At91sam3s4c_Rf231_Gcc/Obj/WSNCommandHandler.o
                0x00400874                appCmdHandler
 .text.appIsCmdQueueFree
                0x004008b8       0x18 All_deRFusb23e06_At91sam3s4c_Rf231_Gcc/Obj/WSNCommandHandler.o
                0x004008b8                appIsCmdQueueFree
 .text.appCreateCommand
                0x004008d0       0x38 All_deRFusb23e06_At91sam3s4c_Rf231_Gcc/Obj/WSNCommandHandler.o
                0x004008d0                appCreateCommand
 .text.manageBlinkingDuringRejoin
                0x00400908       0x2c All_deRFusb23e06_At91sam3s4c_Rf231_Gcc/Obj/WSNDemoApp.o
 .text.identifyTimerFired
                0x00400934       0x2c All_deRFusb23e06_At91sam3s4c_Rf231_Gcc/Obj/WSNDemoApp.o
 .text.appPostGlobalTask
                0x00400960       0x24 All_deRFusb23e06_At91sam3s4c_Rf231_Gcc/Obj/WSNDemoApp.o
 .text.appZdpLeaveResp
                0x00400984       0x1c All_deRFusb23e06_At91sam3s4c_Rf231_Gcc/Obj/WSNDemoApp.o
 .text.appZdoStartNetworkConf
                0x004009a0       0x4c All_deRFusb23e06_At91sam3s4c_Rf231_Gcc/Obj/WSNDemoApp.o
 .text.startingNetworkTimerFired
                0x004009ec        0x8 All_deRFusb23e06_At91sam3s4c_Rf231_Gcc/Obj/WSNDemoApp.o
 .text.appApsDataIndHandler
                0x004009f4       0x16 All_deRFusb23e06_At91sam3s4c_Rf231_Gcc/Obj/WSNDemoApp.o
 *fill*         0x00400a0a        0x2 00
 .text.APL_TaskHandler
                0x00400a0c      0x194 All_deRFusb23e06_At91sam3s4c_Rf231_Gcc/Obj/WSNDemoApp.o
                0x00400a0c                APL_TaskHandler
 .text.ZDO_MgmtNwkUpdateNotf
                0x00400ba0       0xa0 All_deRFusb23e06_At91sam3s4c_Rf231_Gcc/Obj/WSNDemoApp.o
                0x00400ba0                ZDO_MgmtNwkUpdateNotf
 .text.ZDO_WakeUpInd
                0x00400c40       0x10 All_deRFusb23e06_At91sam3s4c_Rf231_Gcc/Obj/WSNDemoApp.o
                0x00400c40                ZDO_WakeUpInd
 .text.appReadLqiRssi
                0x00400c50       0x24 All_deRFusb23e06_At91sam3s4c_Rf231_Gcc/Obj/WSNDemoApp.o
                0x00400c50                appReadLqiRssi
 .text.appPostSubTaskTask
                0x00400c74       0x3c All_deRFusb23e06_At91sam3s4c_Rf231_Gcc/Obj/WSNDemoApp.o
                0x00400c74                appPostSubTaskTask
 .text.appPostCmdHandlerTask
                0x00400cb0       0x3c All_deRFusb23e06_At91sam3s4c_Rf231_Gcc/Obj/WSNDemoApp.o
                0x00400cb0                appPostCmdHandlerTask
 .text.appPostMsgSenderTask
                0x00400cec       0x3c All_deRFusb23e06_At91sam3s4c_Rf231_Gcc/Obj/WSNDemoApp.o
                0x00400cec                appPostMsgSenderTask
 .text.appLeaveNetwork
                0x00400d28       0x1c All_deRFusb23e06_At91sam3s4c_Rf231_Gcc/Obj/WSNDemoApp.o
                0x00400d28                appLeaveNetwork
 .text.appIsSleepPermitted
                0x00400d44       0x20 All_deRFusb23e06_At91sam3s4c_Rf231_Gcc/Obj/WSNDemoApp.o
                0x00400d44                appIsSleepPermitted
 .text.appStartIdentifyVisualization
                0x00400d64       0x40 All_deRFusb23e06_At91sam3s4c_Rf231_Gcc/Obj/WSNDemoApp.o
                0x00400d64                appStartIdentifyVisualization
 .text.appGetCmdDescriptor
                0x00400da4       0x40 All_deRFusb23e06_At91sam3s4c_Rf231_Gcc/Obj/WSNDemoApp.o
                0x00400da4                appGetCmdDescriptor
 .text.ZDO_BindIndication
                0x00400de4        0x2 All_deRFusb23e06_At91sam3s4c_Rf231_Gcc/Obj/WSNDemoApp.o
                0x00400de4                ZDO_BindIndication
 .text.ZDO_UnbindIndication
                0x00400de6        0x2 All_deRFusb23e06_At91sam3s4c_Rf231_Gcc/Obj/WSNDemoApp.o
                0x00400de6                ZDO_UnbindIndication
 .text.main     0x00400de8        0xc All_deRFusb23e06_At91sam3s4c_Rf231_Gcc/Obj/WSNDemoApp.o
                0x00400de8                main
 .text.BSP_OpenLeds
                0x00400df4       0x24 All_deRFusb23e06_At91sam3s4c_Rf231_Gcc/Obj/leds.o
                0x00400df4                BSP_OpenLeds
 .text.BSP_CloseLeds
                0x00400e18       0x30 All_deRFusb23e06_At91sam3s4c_Rf231_Gcc/Obj/leds.o
                0x00400e18                BSP_CloseLeds
 .text.BSP_OnLed
                0x00400e48       0x28 All_deRFusb23e06_At91sam3s4c_Rf231_Gcc/Obj/leds.o
                0x00400e48                BSP_OnLed
 .text.BSP_OffLed
                0x00400e70       0x28 All_deRFusb23e06_At91sam3s4c_Rf231_Gcc/Obj/leds.o
                0x00400e70                BSP_OffLed
 .text.BSP_ToggleLed
                0x00400e98       0x58 All_deRFusb23e06_At91sam3s4c_Rf231_Gcc/Obj/leds.o
                0x00400e98                BSP_ToggleLed
 .text.BSP_TaskHandler
                0x00400ef0       0x70 All_deRFusb23e06_At91sam3s4c_Rf231_Gcc/Obj/bspTaskManager.o
                0x00400ef0                BSP_TaskHandler
 .text.BSP_OpenTemperatureSensor
                0x00400f60        0x4 All_deRFusb23e06_At91sam3s4c_Rf231_Gcc/Obj/fakeBSP.o
                0x00400f60                BSP_OpenTemperatureSensor
 .text.BSP_CloseTemperatureSensor
                0x00400f64        0x4 All_deRFusb23e06_At91sam3s4c_Rf231_Gcc/Obj/fakeBSP.o
                0x00400f64                BSP_CloseTemperatureSensor
 .text.BSP_ReadTemperatureData
                0x00400f68       0x3c All_deRFusb23e06_At91sam3s4c_Rf231_Gcc/Obj/fakeBSP.o
                0x00400f68                BSP_ReadTemperatureData
 .text.bspTemperatureSensorHandler
                0x00400fa4       0x14 All_deRFusb23e06_At91sam3s4c_Rf231_Gcc/Obj/fakeBSP.o
                0x00400fa4                bspTemperatureSensorHandler
 .text.BSP_OpenLightSensor
                0x00400fb8        0x4 All_deRFusb23e06_At91sam3s4c_Rf231_Gcc/Obj/fakeBSP.o
                0x00400fb8                BSP_OpenLightSensor
 .text.BSP_CloseLightSensor
                0x00400fbc        0x4 All_deRFusb23e06_At91sam3s4c_Rf231_Gcc/Obj/fakeBSP.o
                0x00400fbc                BSP_CloseLightSensor
 .text.BSP_ReadLightData
                0x00400fc0       0x3c All_deRFusb23e06_At91sam3s4c_Rf231_Gcc/Obj/fakeBSP.o
                0x00400fc0                BSP_ReadLightData
 .text.bspLightSensorHandler
                0x00400ffc       0x14 All_deRFusb23e06_At91sam3s4c_Rf231_Gcc/Obj/fakeBSP.o
                0x00400ffc                bspLightSensorHandler
 .text.BSP_OpenBatterySensor
                0x00401010        0x4 All_deRFusb23e06_At91sam3s4c_Rf231_Gcc/Obj/fakeBSP.o
                0x00401010                BSP_OpenBatterySensor
 .text.BSP_CloseBatterySensor
                0x00401014        0x4 All_deRFusb23e06_At91sam3s4c_Rf231_Gcc/Obj/fakeBSP.o
                0x00401014                BSP_CloseBatterySensor
 .text.BSP_ReadBatteryData
                0x00401018       0x3c All_deRFusb23e06_At91sam3s4c_Rf231_Gcc/Obj/fakeBSP.o
                0x00401018                BSP_ReadBatteryData
 .text.bspEmptyBatteryHandler
                0x00401054       0x10 All_deRFusb23e06_At91sam3s4c_Rf231_Gcc/Obj/fakeBSP.o
                0x00401054                bspEmptyBatteryHandler
 *fill*         0x00401064        0x4 00
 .text.csSetToDefault
                0x00401068       0x88 All_deRFusb23e06_At91sam3s4c_Rf231_Gcc/Obj/csMem.o
                0x00401068                csSetToDefault
 .text.csGetItem
                0x004010f0       0x24 All_deRFusb23e06_At91sam3s4c_Rf231_Gcc/Obj/configServer.o
 .text.CS_Init  0x00401114        0x8 All_deRFusb23e06_At91sam3s4c_Rf231_Gcc/Obj/configServer.o
                0x00401114                CS_Init
 .text.CS_ReadParameter
                0x0040111c       0x1e All_deRFusb23e06_At91sam3s4c_Rf231_Gcc/Obj/configServer.o
                0x0040111c                CS_ReadParameter
 .text.CS_WriteParameter
                0x0040113a       0x2a All_deRFusb23e06_At91sam3s4c_Rf231_Gcc/Obj/configServer.o
                0x0040113a                CS_WriteParameter
 .text.CS_GetMemory
                0x00401164       0x1a All_deRFusb23e06_At91sam3s4c_Rf231_Gcc/Obj/configServer.o
                0x00401164                CS_GetMemory
 .text.halStartAtomic
                0x0040117e        0xe ./../../../../BitCloud/lib/libHAL_deRFusb23e06_At91sam3s4c_64Mhz_Gcc.a(atomic.o)
                0x0040117e                halStartAtomic
 .text.halEndAtomic
                0x0040118c        0xa ./../../../../BitCloud/lib/libHAL_deRFusb23e06_At91sam3s4c_64Mhz_Gcc.a(atomic.o)
                0x0040118c                halEndAtomic
 .text.__get_PRIMASK
                0x00401196        0x6 ./../../../../BitCloud/lib/libHAL_deRFusb23e06_At91sam3s4c_64Mhz_Gcc.a(core_cm3.o)
                0x00401196                __get_PRIMASK
 .text.__set_PRIMASK
                0x0040119c        0x6 ./../../../../BitCloud/lib/libHAL_deRFusb23e06_At91sam3s4c_64Mhz_Gcc.a(core_cm3.o)
                0x0040119c                __set_PRIMASK
 .text.halIrqHandlerNotUsed
                0x004011a2        0x2 ./../../../../BitCloud/lib/libHAL_deRFusb23e06_At91sam3s4c_64Mhz_Gcc.a(halVectorTable.o)
 .text.halAdjustSleepInterval
                0x004011a4       0x3c ./../../../../BitCloud/lib/libHAL_deRFusb23e06_At91sam3s4c_64Mhz_Gcc.a(halAppClock.o)
                0x004011a4                halAdjustSleepInterval
 .text.halAppSystemTimeSynchronize
                0x004011e0       0x34 ./../../../../BitCloud/lib/libHAL_deRFusb23e06_At91sam3s4c_64Mhz_Gcc.a(halAppClock.o)
                0x004011e0                halAppSystemTimeSynchronize
 .text.timerHandler
                0x00401214       0x70 ./../../../../BitCloud/lib/libHAL_deRFusb23e06_At91sam3s4c_64Mhz_Gcc.a(halAppClock.o)
                0x00401214                timerHandler
 .text.halStartAppClock
                0x00401284       0x50 ./../../../../BitCloud/lib/libHAL_deRFusb23e06_At91sam3s4c_64Mhz_Gcc.a(halAppClock.o)
                0x00401284                halStartAppClock
 .text.halStopAppClock
                0x004012d4        0xc ./../../../../BitCloud/lib/libHAL_deRFusb23e06_At91sam3s4c_64Mhz_Gcc.a(halAppClock.o)
                0x004012d4                halStopAppClock
 .text.halGetTimeOfAppTimer
                0x004012e0       0x10 ./../../../../BitCloud/lib/libHAL_deRFusb23e06_At91sam3s4c_64Mhz_Gcc.a(halAppClock.o)
                0x004012e0                halGetTimeOfAppTimer
 .text.halDelayUs
                0x004012f0       0x30 ./../../../../BitCloud/lib/libHAL_deRFusb23e06_At91sam3s4c_64Mhz_Gcc.a(halAppClock.o)
                0x004012f0                halDelayUs
 .text.commonUsartHandler
                0x00401320       0x80 ./../../../../BitCloud/lib/libHAL_deRFusb23e06_At91sam3s4c_64Mhz_Gcc.a(halUsart.o)
                0x00401320                commonUsartHandler
 .text.usart0Handler
                0x004013a0       0x10 ./../../../../BitCloud/lib/libHAL_deRFusb23e06_At91sam3s4c_64Mhz_Gcc.a(halUsart.o)
                0x004013a0                usart0Handler
 .text.usart1Handler
                0x004013b0       0x10 ./../../../../BitCloud/lib/libHAL_deRFusb23e06_At91sam3s4c_64Mhz_Gcc.a(halUsart.o)
                0x004013b0                usart1Handler
 .text.halPostUartTask
                0x004013c0       0x44 ./../../../../BitCloud/lib/libHAL_deRFusb23e06_At91sam3s4c_64Mhz_Gcc.a(halUart.o)
 .text.halUartTaskUart1Rxc
                0x00401404       0x10 ./../../../../BitCloud/lib/libHAL_deRFusb23e06_At91sam3s4c_64Mhz_Gcc.a(halUart.o)
 .text.halUartTaskUart0Rxc
                0x00401414       0x10 ./../../../../BitCloud/lib/libHAL_deRFusb23e06_At91sam3s4c_64Mhz_Gcc.a(halUart.o)
 .text.halUartTaskUart1Txc
                0x00401424       0x10 ./../../../../BitCloud/lib/libHAL_deRFusb23e06_At91sam3s4c_64Mhz_Gcc.a(halUart.o)
 .text.halUartTaskUart0Txc
                0x00401434       0x10 ./../../../../BitCloud/lib/libHAL_deRFusb23e06_At91sam3s4c_64Mhz_Gcc.a(halUart.o)
 .text.halUartTaskUart1Dre
                0x00401444       0x10 ./../../../../BitCloud/lib/libHAL_deRFusb23e06_At91sam3s4c_64Mhz_Gcc.a(halUart.o)
 .text.halUartTaskUart0Dre
                0x00401454       0x10 ./../../../../BitCloud/lib/libHAL_deRFusb23e06_At91sam3s4c_64Mhz_Gcc.a(halUart.o)
 .text.halSigUartHandler
                0x00401464       0x3c ./../../../../BitCloud/lib/libHAL_deRFusb23e06_At91sam3s4c_64Mhz_Gcc.a(halUart.o)
                0x00401464                halSigUartHandler
 .text.uart0Handler
                0x004014a0       0x68 ./../../../../BitCloud/lib/libHAL_deRFusb23e06_At91sam3s4c_64Mhz_Gcc.a(halUart.o)
                0x004014a0                uart0Handler
 .text.halClearCSR
                0x00401508       0x48 ./../../../../BitCloud/lib/libHAL_deRFusb23e06_At91sam3s4c_64Mhz_Gcc.a(halUsb.o)
 .text.halSetCSR
                0x00401550       0x48 ./../../../../BitCloud/lib/libHAL_deRFusb23e06_At91sam3s4c_64Mhz_Gcc.a(halUsb.o)
 .text.halWritePayload
                0x00401598       0x50 ./../../../../BitCloud/lib/libHAL_deRFusb23e06_At91sam3s4c_64Mhz_Gcc.a(halUsb.o)
 .text.halClearRxFlag
                0x004015e8       0x98 ./../../../../BitCloud/lib/libHAL_deRFusb23e06_At91sam3s4c_64Mhz_Gcc.a(halUsb.o)
 .text.usbHandler
                0x00401680      0x100 ./../../../../BitCloud/lib/libHAL_deRFusb23e06_At91sam3s4c_64Mhz_Gcc.a(halUsb.o)
                0x00401680                usbHandler
 .text.halEndOfTransfer
                0x00401780       0x3c ./../../../../BitCloud/lib/libHAL_deRFusb23e06_At91sam3s4c_64Mhz_Gcc.a(halUsb.o)
                0x00401780                halEndOfTransfer
 .text.halResetEndpoints
                0x004017bc       0x30 ./../../../../BitCloud/lib/libHAL_deRFusb23e06_At91sam3s4c_64Mhz_Gcc.a(halUsb.o)
                0x004017bc                halResetEndpoints
 .text.halDisableEndpoints
                0x004017ec       0x24 ./../../../../BitCloud/lib/libHAL_deRFusb23e06_At91sam3s4c_64Mhz_Gcc.a(halUsb.o)
                0x004017ec                halDisableEndpoints
 .text.halEndOfBusResetHandler
                0x00401810       0x34 ./../../../../BitCloud/lib/libHAL_deRFusb23e06_At91sam3s4c_64Mhz_Gcc.a(halUsb.o)
                0x00401810                halEndOfBusResetHandler
 .text.halEndpointHandler
                0x00401844      0x250 ./../../../../BitCloud/lib/libHAL_deRFusb23e06_At91sam3s4c_64Mhz_Gcc.a(halUsb.o)
                0x00401844                halEndpointHandler
 .text.halConfigureEndpoint
                0x00401a94       0x34 ./../../../../BitCloud/lib/libHAL_deRFusb23e06_At91sam3s4c_64Mhz_Gcc.a(halUsb.o)
                0x00401a94                halConfigureEndpoint
 .text.halProcessExtIrq
                0x00401ac8       0x36 ./../../../../BitCloud/lib/libHAL_deRFusb23e06_At91sam3s4c_64Mhz_Gcc.a(halIrq.o)
 *fill*         0x00401afe        0x2 00
 .text.halRegisterExtIrq
                0x00401b00      0x168 ./../../../../BitCloud/lib/libHAL_deRFusb23e06_At91sam3s4c_64Mhz_Gcc.a(halIrq.o)
                0x00401b00                halRegisterExtIrq
 .text.halEnableExtIrq
                0x00401c68       0x20 ./../../../../BitCloud/lib/libHAL_deRFusb23e06_At91sam3s4c_64Mhz_Gcc.a(halIrq.o)
                0x00401c68                halEnableExtIrq
 .text.halDisableExtIrq
                0x00401c88       0x38 ./../../../../BitCloud/lib/libHAL_deRFusb23e06_At91sam3s4c_64Mhz_Gcc.a(halIrq.o)
                0x00401c88                halDisableExtIrq
 .text.halClearExtIrq
                0x00401cc0       0x74 ./../../../../BitCloud/lib/libHAL_deRFusb23e06_At91sam3s4c_64Mhz_Gcc.a(halIrq.o)
                0x00401cc0                halClearExtIrq
 .text.pioaHandler
                0x00401d34       0x10 ./../../../../BitCloud/lib/libHAL_deRFusb23e06_At91sam3s4c_64Mhz_Gcc.a(halIrq.o)
                0x00401d34                pioaHandler
 .text.piobHandler
                0x00401d44       0x10 ./../../../../BitCloud/lib/libHAL_deRFusb23e06_At91sam3s4c_64Mhz_Gcc.a(halIrq.o)
                0x00401d44                piobHandler
 .text.piocHandler
                0x00401d54       0x10 ./../../../../BitCloud/lib/libHAL_deRFusb23e06_At91sam3s4c_64Mhz_Gcc.a(halIrq.o)
                0x00401d54                piocHandler
 .text.hsmciHandler
                0x00401d64       0xec ./../../../../BitCloud/lib/libHAL_deRFusb23e06_At91sam3s4c_64Mhz_Gcc.a(halHsmci.o)
                0x00401d64                hsmciHandler
 .text.halHsmciHandler
                0x00401e50       0x14 ./../../../../BitCloud/lib/libHAL_deRFusb23e06_At91sam3s4c_64Mhz_Gcc.a(halHsmci.o)
                0x00401e50                halHsmciHandler
 .text.halStartSleepTimerClock
                0x00401e64       0x44 ./../../../../BitCloud/lib/libHAL_deRFusb23e06_At91sam3s4c_64Mhz_Gcc.a(halSleepTimerClock.o)
                0x00401e64                halStartSleepTimerClock
 .text.halSetSleepTimerInterval
                0x00401ea8       0x24 ./../../../../BitCloud/lib/libHAL_deRFusb23e06_At91sam3s4c_64Mhz_Gcc.a(halSleepTimerClock.o)
                0x00401ea8                halSetSleepTimerInterval
 .text.halGetTimeOfSleepTimer
                0x00401ecc       0x54 ./../../../../BitCloud/lib/libHAL_deRFusb23e06_At91sam3s4c_64Mhz_Gcc.a(halSleepTimerClock.o)
                0x00401ecc                halGetTimeOfSleepTimer
 .text.halSleepTimerFrequency
                0x00401f20        0x4 ./../../../../BitCloud/lib/libHAL_deRFusb23e06_At91sam3s4c_64Mhz_Gcc.a(halSleepTimerClock.o)
                0x00401f20                halSleepTimerFrequency
 .text.rttHandler
                0x00401f24       0x80 ./../../../../BitCloud/lib/libHAL_deRFusb23e06_At91sam3s4c_64Mhz_Gcc.a(halSleepTimerClock.o)
                0x00401f24                rttHandler
 .text.halPowerOn
                0x00401fa4       0x54 ./../../../../BitCloud/lib/libHAL_deRFusb23e06_At91sam3s4c_64Mhz_Gcc.a(halSleep.o)
                0x00401fa4                halPowerOn
 .text.halPowerOff
                0x00401ff8       0x74 ./../../../../BitCloud/lib/libHAL_deRFusb23e06_At91sam3s4c_64Mhz_Gcc.a(halSleep.o)
                0x00401ff8                halPowerOff
 .text.HAL_Sleep
                0x0040206c       0x40 ./../../../../BitCloud/lib/libHAL_deRFusb23e06_At91sam3s4c_64Mhz_Gcc.a(halSleep.o)
                0x0040206c                HAL_Sleep
 .text.halWakeupHandler
                0x004020ac       0x60 ./../../../../BitCloud/lib/libHAL_deRFusb23e06_At91sam3s4c_64Mhz_Gcc.a(halSleep.o)
                0x004020ac                halWakeupHandler
 .text.gccReset
                0x0040210c       0x50 ./../../../../BitCloud/lib/libHAL_deRFusb23e06_At91sam3s4c_64Mhz_Gcc.a(halStartupGcc.o)
                0x0040210c                gccReset
 .text.HAL_Delay
                0x0040215c        0x8 ./../../../../BitCloud/lib/libHAL_deRFusb23e06_At91sam3s4c_64Mhz_Gcc.a(halRfCtrl.o)
                0x0040215c                HAL_Delay
 .text.HAL_ClearRfIrqFlag
                0x00402164        0xa ./../../../../BitCloud/lib/libHAL_deRFusb23e06_At91sam3s4c_64Mhz_Gcc.a(halRfCtrl.o)
                0x00402164                HAL_ClearRfIrqFlag
 .text.HAL_EnableRfIrq
                0x0040216e        0xa ./../../../../BitCloud/lib/libHAL_deRFusb23e06_At91sam3s4c_64Mhz_Gcc.a(halRfCtrl.o)
                0x0040216e                HAL_EnableRfIrq
 .text.HAL_DisableRfIrq
                0x00402178        0xc ./../../../../BitCloud/lib/libHAL_deRFusb23e06_At91sam3s4c_64Mhz_Gcc.a(halRfCtrl.o)
                0x00402178                HAL_DisableRfIrq
 .text.HAL_SetRfSlpTr
                0x00402184       0x10 ./../../../../BitCloud/lib/libHAL_deRFusb23e06_At91sam3s4c_64Mhz_Gcc.a(halRfCtrl.o)
                0x00402184                HAL_SetRfSlpTr
 .text.HAL_ClearRfSlpTr
                0x00402194       0x10 ./../../../../BitCloud/lib/libHAL_deRFusb23e06_At91sam3s4c_64Mhz_Gcc.a(halRfCtrl.o)
                0x00402194                HAL_ClearRfSlpTr
 .text.HAL_SetRfRst
                0x004021a4       0x10 ./../../../../BitCloud/lib/libHAL_deRFusb23e06_At91sam3s4c_64Mhz_Gcc.a(halRfCtrl.o)
                0x004021a4                HAL_SetRfRst
 .text.HAL_ClearRfRst
                0x004021b4       0x10 ./../../../../BitCloud/lib/libHAL_deRFusb23e06_At91sam3s4c_64Mhz_Gcc.a(halRfCtrl.o)
                0x004021b4                HAL_ClearRfRst
 .text.HAL_InitRfPins
                0x004021c4       0x18 ./../../../../BitCloud/lib/libHAL_deRFusb23e06_At91sam3s4c_64Mhz_Gcc.a(halRfCtrl.o)
                0x004021c4                HAL_InitRfPins
 .text.HAL_InitRfIrq
                0x004021dc       0x28 ./../../../../BitCloud/lib/libHAL_deRFusb23e06_At91sam3s4c_64Mhz_Gcc.a(halRfCtrl.o)
                0x004021dc                HAL_InitRfIrq
 .text.HAL_GetRfFreq
                0x00402204        0x4 ./../../../../BitCloud/lib/libHAL_deRFusb23e06_At91sam3s4c_64Mhz_Gcc.a(halRfCtrl.o)
                0x00402204                HAL_GetRfFreq
 .text.halWaitRadio
                0x00402208       0x20 ./../../../../BitCloud/lib/libHAL_deRFusb23e06_At91sam3s4c_64Mhz_Gcc.a(halRfCtrl.o)
                0x00402208                halWaitRadio
 .text.HAL_EnableRxTxSwitcher
                0x00402228        0x8 ./../../../../BitCloud/lib/libHAL_deRFusb23e06_At91sam3s4c_64Mhz_Gcc.a(halRfCtrl.o)
                0x00402228                HAL_EnableRxTxSwitcher
 .text.HAL_InitAntennaDiversity
                0x00402230        0x2 ./../../../../BitCloud/lib/libHAL_deRFusb23e06_At91sam3s4c_64Mhz_Gcc.a(halRfCtrl.o)
                0x00402230                HAL_InitAntennaDiversity
 .text.HAL_EnableRxAntennaDiversity
                0x00402232        0x2 ./../../../../BitCloud/lib/libHAL_deRFusb23e06_At91sam3s4c_64Mhz_Gcc.a(halRfCtrl.o)
                0x00402232                HAL_EnableRxAntennaDiversity
 .text.HAL_EnableTxAntennaDiversity
                0x00402234        0x2 ./../../../../BitCloud/lib/libHAL_deRFusb23e06_At91sam3s4c_64Mhz_Gcc.a(halRfCtrl.o)
                0x00402234                HAL_EnableTxAntennaDiversity
 *fill*         0x00402236        0x2 00
 .text.HAL_InitRfSpi
                0x00402238       0x44 ./../../../../BitCloud/lib/libHAL_deRFusb23e06_At91sam3s4c_64Mhz_Gcc.a(halRfSpi.o)
                0x00402238                HAL_InitRfSpi
 .text.HAL_WriteByteRfSpi
                0x0040227c       0x18 ./../../../../BitCloud/lib/libHAL_deRFusb23e06_At91sam3s4c_64Mhz_Gcc.a(halRfSpi.o)
                0x0040227c                HAL_WriteByteRfSpi
 .text.HAL_DeselectRfSpi
                0x00402294       0x10 ./../../../../BitCloud/lib/libHAL_deRFusb23e06_At91sam3s4c_64Mhz_Gcc.a(halRfSpi.o)
                0x00402294                HAL_DeselectRfSpi
 .text.HAL_SelectRfSpi
                0x004022a4       0x10 ./../../../../BitCloud/lib/libHAL_deRFusb23e06_At91sam3s4c_64Mhz_Gcc.a(halRfSpi.o)
                0x004022a4                HAL_SelectRfSpi
 .text.HAL_InitMacIsr
                0x004022b4       0x14 ./../../../../BitCloud/lib/libHAL_deRFusb23e06_At91sam3s4c_64Mhz_Gcc.a(halMacIsr.o)
                0x004022b4                HAL_InitMacIsr
 .text.HAL_StartRtimer
                0x004022c8       0x54 ./../../../../BitCloud/lib/libHAL_deRFusb23e06_At91sam3s4c_64Mhz_Gcc.a(halMacIsr.o)
                0x004022c8                HAL_StartRtimer
 .text.HAL_StopRtimer
                0x0040231c       0x18 ./../../../../BitCloud/lib/libHAL_deRFusb23e06_At91sam3s4c_64Mhz_Gcc.a(halMacIsr.o)
                0x0040231c                HAL_StopRtimer
 .text.halMacTimerHandler
                0x00402334       0x50 ./../../../../BitCloud/lib/libHAL_deRFusb23e06_At91sam3s4c_64Mhz_Gcc.a(halMacIsr.o)
                0x00402334                halMacTimerHandler
 .text.halAppTimerHandler
                0x00402384       0x40 ./../../../../BitCloud/lib/libHAL_deRFusb23e06_At91sam3s4c_64Mhz_Gcc.a(appTimer.o)
                0x00402384                halAppTimerHandler
 .text.HAL_StartAppTimer
                0x004023c4       0x3c ./../../../../BitCloud/lib/libHAL_deRFusb23e06_At91sam3s4c_64Mhz_Gcc.a(appTimer.o)
                0x004023c4                HAL_StartAppTimer
 .text.HAL_StopAppTimer
                0x00402400       0x34 ./../../../../BitCloud/lib/libHAL_deRFusb23e06_At91sam3s4c_64Mhz_Gcc.a(appTimer.o)
                0x00402400                HAL_StopAppTimer
 .text.HAL_GetSystemTime
                0x00402434       0x18 ./../../../../BitCloud/lib/libHAL_deRFusb23e06_At91sam3s4c_64Mhz_Gcc.a(appTimer.o)
                0x00402434                HAL_GetSystemTime
 .text.HAL_TaskHandler
                0x0040244c      0x1e0 ./../../../../BitCloud/lib/libHAL_deRFusb23e06_At91sam3s4c_64Mhz_Gcc.a(halTaskManager.o)
                0x0040244c                HAL_TaskHandler
 .text.HAL_StartSystemSleep
                0x0040262c       0x5c ./../../../../BitCloud/lib/libHAL_deRFusb23e06_At91sam3s4c_64Mhz_Gcc.a(sleep.o)
                0x0040262c                HAL_StartSystemSleep
 .text.halAddTimer
                0x00402688       0x76 ./../../../../BitCloud/lib/libHAL_deRFusb23e06_At91sam3s4c_64Mhz_Gcc.a(timer.o)
                0x00402688                halAddTimer
 .text.halRemoveTimer
                0x004026fe       0x1c ./../../../../BitCloud/lib/libHAL_deRFusb23e06_At91sam3s4c_64Mhz_Gcc.a(timer.o)
                0x004026fe                halRemoveTimer
 .text.halFindPrevTimer
                0x0040271a       0x12 ./../../../../BitCloud/lib/libHAL_deRFusb23e06_At91sam3s4c_64Mhz_Gcc.a(timer.o)
                0x0040271a                halFindPrevTimer
 .text.halSigUsartReceptionComplete
                0x0040272c       0x3c ./../../../../BitCloud/lib/libHAL_deRFusb23e06_At91sam3s4c_64Mhz_Gcc.a(usart.o)
 .text.halUsartTaskUsart1Rxc
                0x00402768       0x10 ./../../../../BitCloud/lib/libHAL_deRFusb23e06_At91sam3s4c_64Mhz_Gcc.a(usart.o)
 .text.halUsartTaskUsart0Rxc
                0x00402778       0x10 ./../../../../BitCloud/lib/libHAL_deRFusb23e06_At91sam3s4c_64Mhz_Gcc.a(usart.o)
 .text.halUsartHwController
                0x00402788       0xc4 ./../../../../BitCloud/lib/libHAL_deRFusb23e06_At91sam3s4c_64Mhz_Gcc.a(usart.o)
 .text.hwControlPinsPollCallback
                0x0040284c       0x10 ./../../../../BitCloud/lib/libHAL_deRFusb23e06_At91sam3s4c_64Mhz_Gcc.a(usart.o)
                0x0040284c                hwControlPinsPollCallback
 .text.halUsartTaskUsart1Dre
                0x0040285c       0x10 ./../../../../BitCloud/lib/libHAL_deRFusb23e06_At91sam3s4c_64Mhz_Gcc.a(usart.o)
 .text.halUsartTaskUsart0Dre
                0x0040286c       0x10 ./../../../../BitCloud/lib/libHAL_deRFusb23e06_At91sam3s4c_64Mhz_Gcc.a(usart.o)
 .text.halSigUsartHandler
                0x0040287c       0x68 ./../../../../BitCloud/lib/libHAL_deRFusb23e06_At91sam3s4c_64Mhz_Gcc.a(usart.o)
                0x0040287c                halSigUsartHandler
 .text.halPostUsartTask
                0x004028e4       0x44 ./../../../../BitCloud/lib/libHAL_deRFusb23e06_At91sam3s4c_64Mhz_Gcc.a(usart.o)
                0x004028e4                halPostUsartTask
 .text.halUsartRxBufferFiller
                0x00402928       0xa4 ./../../../../BitCloud/lib/libHAL_deRFusb23e06_At91sam3s4c_64Mhz_Gcc.a(usart.o)
                0x00402928                halUsartRxBufferFiller
 .text.halSigUsartTransmissionComplete
                0x004029cc       0x54 ./../../../../BitCloud/lib/libHAL_deRFusb23e06_At91sam3s4c_64Mhz_Gcc.a(usart.o)
                0x004029cc                halSigUsartTransmissionComplete
 .text.halUsartTaskUsart1Txc
                0x00402a20       0x10 ./../../../../BitCloud/lib/libHAL_deRFusb23e06_At91sam3s4c_64Mhz_Gcc.a(usart.o)
 .text.halUsartTaskUsart0Txc
                0x00402a30       0x10 ./../../../../BitCloud/lib/libHAL_deRFusb23e06_At91sam3s4c_64Mhz_Gcc.a(usart.o)
 .text.halUartStoreRx
                0x00402a40       0x54 ./../../../../BitCloud/lib/libHAL_deRFusb23e06_At91sam3s4c_64Mhz_Gcc.a(uart.o)
                0x00402a40                halUartStoreRx
 .text.halUartTx
                0x00402a94       0x58 ./../../../../BitCloud/lib/libHAL_deRFusb23e06_At91sam3s4c_64Mhz_Gcc.a(uart.o)
                0x00402a94                halUartTx
 .text.halSigUartTransmissionComplete
                0x00402aec       0x30 ./../../../../BitCloud/lib/libHAL_deRFusb23e06_At91sam3s4c_64Mhz_Gcc.a(uart.o)
                0x00402aec                halSigUartTransmissionComplete
 .text.halSigUartReceptionComplete
                0x00402b1c       0x22 ./../../../../BitCloud/lib/libHAL_deRFusb23e06_At91sam3s4c_64Mhz_Gcc.a(uart.o)
                0x00402b1c                halSigUartReceptionComplete
 *fill*         0x00402b3e        0x2 00
 .text.HAL_ConfigureEndpoint
                0x00402b40       0x58 ./../../../../BitCloud/lib/libHAL_deRFusb23e06_At91sam3s4c_64Mhz_Gcc.a(usb.o)
                0x00402b40                HAL_ConfigureEndpoint
 .text.halEndPointHandler
                0x00402b98       0x12 ./../../../../BitCloud/lib/libHAL_deRFusb23e06_At91sam3s4c_64Mhz_Gcc.a(usb.o)
                0x00402b98                halEndPointHandler
 *fill*         0x00402baa        0x2 00
 .text.halSuspendHandler
                0x00402bac       0x10 ./../../../../BitCloud/lib/libHAL_deRFusb23e06_At91sam3s4c_64Mhz_Gcc.a(usb.o)
                0x00402bac                halSuspendHandler
 .text.halResumeHandler
                0x00402bbc       0x10 ./../../../../BitCloud/lib/libHAL_deRFusb23e06_At91sam3s4c_64Mhz_Gcc.a(usb.o)
                0x00402bbc                halResumeHandler
 .text.halBusResetHandler
                0x00402bcc       0x14 ./../../../../BitCloud/lib/libHAL_deRFusb23e06_At91sam3s4c_64Mhz_Gcc.a(usb.o)
                0x00402bcc                halBusResetHandler
 .text.halSigEepromReadyHandler
                0x00402be0       0x14 ./../../../../BitCloud/lib/libHAL_deRFusb23e06_At91sam3s4c_64Mhz_Gcc.a(eeprom.o)
                0x00402be0                halSigEepromReadyHandler
 .text.HAL_StartSleepTimer
                0x00402bf4       0x68 ./../../../../BitCloud/lib/libHAL_deRFusb23e06_At91sam3s4c_64Mhz_Gcc.a(sleepTimer.o)
                0x00402bf4                HAL_StartSleepTimer
 .text.halAsyncTimerHandler
                0x00402c5c       0x3c ./../../../../BitCloud/lib/libHAL_deRFusb23e06_At91sam3s4c_64Mhz_Gcc.a(sleepTimer.o)
                0x00402c5c                halAsyncTimerHandler
 .text.halSwitchToRcClock
                0x00402c98       0xc0 ./../../../../BitCloud/lib/libHAL_deRFusb23e06_At91sam3s4c_64Mhz_Gcc.a(halLowLevelInit.o)
                0x00402c98                halSwitchToRcClock
 .text.halSwitchToActiveClock
                0x00402d58       0xc8 ./../../../../BitCloud/lib/libHAL_deRFusb23e06_At91sam3s4c_64Mhz_Gcc.a(halLowLevelInit.o)
                0x00402d58                halSwitchToActiveClock
 .text.halRestoreStartupClock
                0x00402e20        0xc ./../../../../BitCloud/lib/libHAL_deRFusb23e06_At91sam3s4c_64Mhz_Gcc.a(halLowLevelInit.o)
                0x00402e20                halRestoreStartupClock
 .text.halLowLevelInit
                0x00402e2c       0x2c ./../../../../BitCloud/lib/libHAL_deRFusb23e06_At91sam3s4c_64Mhz_Gcc.a(halLowLevelInit.o)
                0x00402e2c                halLowLevelInit
 .text.halDbguPrintAscii
                0x00402e58       0x20 ./../../../../BitCloud/lib/libHAL_deRFusb23e06_At91sam3s4c_64Mhz_Gcc.a(halExcHandler.o)
 .text.halDbguPrintHex8
                0x00402e78       0x40 ./../../../../BitCloud/lib/libHAL_deRFusb23e06_At91sam3s4c_64Mhz_Gcc.a(halExcHandler.o)
 .text.halCommonExcHandler
                0x00402eb8      0x20c ./../../../../BitCloud/lib/libHAL_deRFusb23e06_At91sam3s4c_64Mhz_Gcc.a(halExcHandler.o)
                0x00402eb8                halCommonExcHandler
 .text.apsNextBind
                0x004030c4       0x6c ./../../../../BitCloud/lib/libBc_All_At91sam3s4c_Rf231_Gcc.a(aps.o)
 .text.apsPrepareFragmentedTransmission
                0x00403130       0x6c ./../../../../BitCloud/lib/libBc_All_At91sam3s4c_Rf231_Gcc.a(aps.o)
 .text.apsIsFragmentationDataReq
                0x0040319c       0x1c ./../../../../BitCloud/lib/libBc_All_At91sam3s4c_Rf231_Gcc.a(aps.o)
 .text.apsGetBuffer
                0x004031b8       0xb8 ./../../../../BitCloud/lib/libBc_All_At91sam3s4c_Rf231_Gcc.a(aps.o)
 .text.apsFreeBuffer
                0x00403270       0x64 ./../../../../BitCloud/lib/libBc_All_At91sam3s4c_Rf231_Gcc.a(aps.o)
 .text.apsSendNwkDataReq
                0x004032d4       0x10 ./../../../../BitCloud/lib/libBc_All_At91sam3s4c_Rf231_Gcc.a(aps.o)
 .text.apsProcessShortAddrModeDataReq
                0x004032e4      0x1ac ./../../../../BitCloud/lib/libBc_All_At91sam3s4c_Rf231_Gcc.a(aps.o)
 .text.apsSendNextBlock
                0x00403490       0x10 ./../../../../BitCloud/lib/libBc_All_At91sam3s4c_Rf231_Gcc.a(aps.o)
 .text.apsSendAckForFragmentedReceive
                0x004034a0       0xb0 ./../../../../BitCloud/lib/libBc_All_At91sam3s4c_Rf231_Gcc.a(aps.o)
 .text.apsProcessGroupAddrModeDataReq
                0x00403550      0x150 ./../../../../BitCloud/lib/libBc_All_At91sam3s4c_Rf231_Gcc.a(aps.o)
 .text.apsSendToNextBoundDevice
                0x004036a0       0x72 ./../../../../BitCloud/lib/libBc_All_At91sam3s4c_Rf231_Gcc.a(aps.o)
 .text.apsProcessIndirectDataReq
                0x00403712       0x1c ./../../../../BitCloud/lib/libBc_All_At91sam3s4c_Rf231_Gcc.a(aps.o)
 *fill*         0x0040372e        0x2 00
 .text.apsCalculateApsAckTimeout
                0x00403730       0x1c ./../../../../BitCloud/lib/libBc_All_At91sam3s4c_Rf231_Gcc.a(aps.o)
 .text.SYS_GetRandomNumber
                0x0040374c       0x18 ./../../../../BitCloud/lib/libBc_All_At91sam3s4c_Rf231_Gcc.a(aps.o)
 .text.apsResetMemoryManager
                0x00403764       0xc8 ./../../../../BitCloud/lib/libBc_All_At91sam3s4c_Rf231_Gcc.a(aps.o)
 .text.apsPostTask
                0x0040382c       0x34 ./../../../../BitCloud/lib/libBc_All_At91sam3s4c_Rf231_Gcc.a(aps.o)
 .text.apsDataManagerNwkDataConf
                0x00403860       0x20 ./../../../../BitCloud/lib/libBc_All_At91sam3s4c_Rf231_Gcc.a(aps.o)
 .text.apsGroupNwkDataConf
                0x00403880       0x38 ./../../../../BitCloud/lib/libBc_All_At91sam3s4c_Rf231_Gcc.a(aps.o)
 .text.apsProcessEvent
                0x004038b8       0x20 ./../../../../BitCloud/lib/libBc_All_At91sam3s4c_Rf231_Gcc.a(aps.o)
 .text.apsAckOnTimerFired
                0x004038d8       0xb4 ./../../../../BitCloud/lib/libBc_All_At91sam3s4c_Rf231_Gcc.a(aps.o)
 .text.apsFindBindingEntry
                0x0040398c       0x9c ./../../../../BitCloud/lib/libBc_All_At91sam3s4c_Rf231_Gcc.a(aps.o)
 .text.apsMakeApsDataConf
                0x00403a28       0x40 ./../../../../BitCloud/lib/libBc_All_At91sam3s4c_Rf231_Gcc.a(aps.o)
 .text.apsAckForFragmentedReceiveConfirmHandler
                0x00403a68       0x58 ./../../../../BitCloud/lib/libBc_All_At91sam3s4c_Rf231_Gcc.a(aps.o)
 .text.apsHandleTransmittedData.constprop.12
                0x00403ac0       0x50 ./../../../../BitCloud/lib/libBc_All_At91sam3s4c_Rf231_Gcc.a(aps.o)
 .text.APS_BindReq
                0x00403b10       0x98 ./../../../../BitCloud/lib/libBc_All_At91sam3s4c_Rf231_Gcc.a(aps.o)
                0x00403b10                APS_BindReq
 .text.APS_UnbindReq
                0x00403ba8       0x4a ./../../../../BitCloud/lib/libBc_All_At91sam3s4c_Rf231_Gcc.a(aps.o)
                0x00403ba8                APS_UnbindReq
 *fill*         0x00403bf2        0x2 00
 .text.APS_DataReq
                0x00403bf4       0x18 ./../../../../BitCloud/lib/libBc_All_At91sam3s4c_Rf231_Gcc.a(aps.o)
                0x00403bf4                APS_DataReq
 .text.NWK_DataInd
                0x00403c0c       0x18 ./../../../../BitCloud/lib/libBc_All_At91sam3s4c_Rf231_Gcc.a(aps.o)
                0x00403c0c                NWK_DataInd
 .text.APS_CalculateTimes
                0x00403c24       0xe4 ./../../../../BitCloud/lib/libBc_All_At91sam3s4c_Rf231_Gcc.a(aps.o)
                0x00403c24                APS_CalculateTimes
 .text.apsResetDataManager
                0x00403d08       0xac ./../../../../BitCloud/lib/libBc_All_At91sam3s4c_Rf231_Gcc.a(aps.o)
 .text.apsNwkResetConf
                0x00403db4      0x140 ./../../../../BitCloud/lib/libBc_All_At91sam3s4c_Rf231_Gcc.a(aps.o)
 .text.apsStateMachineTaskHandler
                0x00403ef4       0xcc ./../../../../BitCloud/lib/libBc_All_At91sam3s4c_Rf231_Gcc.a(aps.o)
 .text.APS_IsProfileIdMatched
                0x00403fc0       0x1a ./../../../../BitCloud/lib/libBc_All_At91sam3s4c_Rf231_Gcc.a(aps.o)
                0x00403fc0                APS_IsProfileIdMatched
 *fill*         0x00403fda        0x2 00
 .text.APS_NextEndpoint
                0x00403fdc       0x10 ./../../../../BitCloud/lib/libBc_All_At91sam3s4c_Rf231_Gcc.a(aps.o)
                0x00403fdc                APS_NextEndpoint
 .text.apsFindEndpoint
                0x00403fec       0x1a ./../../../../BitCloud/lib/libBc_All_At91sam3s4c_Rf231_Gcc.a(aps.o)
 *fill*         0x00404006        0x2 00
 .text.APS_RegisterEndpointReq
                0x00404008       0x3c ./../../../../BitCloud/lib/libBc_All_At91sam3s4c_Rf231_Gcc.a(aps.o)
                0x00404008                APS_RegisterEndpointReq
 .text.apsGroupIndication
                0x00404044       0x54 ./../../../../BitCloud/lib/libBc_All_At91sam3s4c_Rf231_Gcc.a(aps.o)
 .text.apsUnicastDataInd
                0x00404098      0x1e8 ./../../../../BitCloud/lib/libBc_All_At91sam3s4c_Rf231_Gcc.a(aps.o)
 .text.apsApduUnicastHandler.constprop.10
                0x00404280      0x46c ./../../../../BitCloud/lib/libBc_All_At91sam3s4c_Rf231_Gcc.a(aps.o)
 .text.apsDataTaskHandler
                0x004046ec      0x8e4 ./../../../../BitCloud/lib/libBc_All_At91sam3s4c_Rf231_Gcc.a(aps.o)
 .text.APS_Init
                0x00404fd0       0x28 ./../../../../BitCloud/lib/libBc_All_At91sam3s4c_Rf231_Gcc.a(aps.o)
                0x00404fd0                APS_Init
 .text.APS_ResetReq
                0x00404ff8        0x8 ./../../../../BitCloud/lib/libBc_All_At91sam3s4c_Rf231_Gcc.a(aps.o)
                0x00404ff8                APS_ResetReq
 .text.APS_StartReq
                0x00405000        0x8 ./../../../../BitCloud/lib/libBc_All_At91sam3s4c_Rf231_Gcc.a(aps.o)
                0x00405000                APS_StartReq
 .text.APS_StopReq
                0x00405008        0x8 ./../../../../BitCloud/lib/libBc_All_At91sam3s4c_Rf231_Gcc.a(aps.o)
                0x00405008                APS_StopReq
 .text.APS_IsActiveTransaction
                0x00405010       0x54 ./../../../../BitCloud/lib/libBc_All_At91sam3s4c_Rf231_Gcc.a(aps.o)
                0x00405010                APS_IsActiveTransaction
 .text.APS_TaskHandler
                0x00405064       0x78 ./../../../../BitCloud/lib/libBc_All_At91sam3s4c_Rf231_Gcc.a(aps.o)
                0x00405064                APS_TaskHandler
 .text.SYS_GetRandomNumber
                0x004050dc       0x18 ./../../../../BitCloud/lib/libBc_All_At91sam3s4c_Rf231_Gcc.a(macenvPib.o)
 .text.getSymbolsPerOctet
                0x004050f4       0x40 ./../../../../BitCloud/lib/libBc_All_At91sam3s4c_Rf231_Gcc.a(macenvPib.o)
 .text.calculateMaxFrameDuration
                0x00405134       0x14 ./../../../../BitCloud/lib/libBc_All_At91sam3s4c_Rf231_Gcc.a(macenvPib.o)
 .text.storeTransmitPower
                0x00405148       0x58 ./../../../../BitCloud/lib/libBc_All_At91sam3s4c_Rf231_Gcc.a(macenvPib.o)
 .text.macenvGetPhySymbolDuration
                0x004051a0       0x54 ./../../../../BitCloud/lib/libBc_All_At91sam3s4c_Rf231_Gcc.a(macenvPib.o)
                0x004051a0                macenvGetPhySymbolDuration
 .text.updateMaxFrameTxTime
                0x004051f4       0x24 ./../../../../BitCloud/lib/libBc_All_At91sam3s4c_Rf231_Gcc.a(macenvPib.o)
 .text.macenvResetPib
                0x00405218       0xb4 ./../../../../BitCloud/lib/libBc_All_At91sam3s4c_Rf231_Gcc.a(macenvPib.o)
                0x00405218                macenvResetPib
 .text.macenvConvertTransPersistTimeFromUnitsToMs
                0x004052cc       0x1a ./../../../../BitCloud/lib/libBc_All_At91sam3s4c_Rf231_Gcc.a(macenvPib.o)
                0x004052cc                macenvConvertTransPersistTimeFromUnitsToMs
 *fill*         0x004052e6        0x2 00
 .text.macenvSetPibAttr
                0x004052e8      0x1f4 ./../../../../BitCloud/lib/libBc_All_At91sam3s4c_Rf231_Gcc.a(macenvPib.o)
                0x004052e8                macenvSetPibAttr
 .text.macenvCalculateMaxFrameTotalWaitTimeInMs
                0x004054dc       0x64 ./../../../../BitCloud/lib/libBc_All_At91sam3s4c_Rf231_Gcc.a(macenvPib.o)
                0x004054dc                macenvCalculateMaxFrameTotalWaitTimeInMs
 .text.macenvCalculateResponceWaitTimeInMs
                0x00405540       0x24 ./../../../../BitCloud/lib/libBc_All_At91sam3s4c_Rf231_Gcc.a(macenvPib.o)
                0x00405540                macenvCalculateResponceWaitTimeInMs
 .text.macenvGetPibAttr
                0x00405564      0x1c0 ./../../../../BitCloud/lib/libBc_All_At91sam3s4c_Rf231_Gcc.a(macenvPib.o)
                0x00405564                macenvGetPibAttr
 .text.MAC_GetExtAddr
                0x00405724        0x8 ./../../../../BitCloud/lib/libBc_All_At91sam3s4c_Rf231_Gcc.a(macenvPib.o)
                0x00405724                MAC_GetExtAddr
 .text.MAC_SetExtAddr
                0x0040572c       0x10 ./../../../../BitCloud/lib/libBc_All_At91sam3s4c_Rf231_Gcc.a(macenvPib.o)
                0x0040572c                MAC_SetExtAddr
 .text.MAC_IsOwnExtAddr
                0x0040573c       0x20 ./../../../../BitCloud/lib/libBc_All_At91sam3s4c_Rf231_Gcc.a(macenvPib.o)
                0x0040573c                MAC_IsOwnExtAddr
 .text.MAC_GetOctetsTransmissionTimeInMs
                0x0040575c       0x1c ./../../../../BitCloud/lib/libBc_All_At91sam3s4c_Rf231_Gcc.a(macenvPib.o)
                0x0040575c                MAC_GetOctetsTransmissionTimeInMs
 .text.nwkAddressConflictIsIdle
                0x00405778       0x18 ./../../../../BitCloud/lib/libBc_All_At91sam3s4c_Rf231_Gcc.a(nwk.o)
 .text.nwkFindAddressMapEntryByExtAddr
                0x00405790       0x34 ./../../../../BitCloud/lib/libBc_All_At91sam3s4c_Rf231_Gcc.a(nwk.o)
 .text.nwkAddToAddressMap
                0x004057c4       0x54 ./../../../../BitCloud/lib/libBc_All_At91sam3s4c_Rf231_Gcc.a(nwk.o)
 .text.nwkFindAddressMapEntryByShortAddr
                0x00405818       0x28 ./../../../../BitCloud/lib/libBc_All_At91sam3s4c_Rf231_Gcc.a(nwk.o)
 .text.nwkDataReqIsIdle
                0x00405840       0x18 ./../../../../BitCloud/lib/libBc_All_At91sam3s4c_Rf231_Gcc.a(nwk.o)
 .text.nwkDiscoveryIsIdle
                0x00405858       0x18 ./../../../../BitCloud/lib/libBc_All_At91sam3s4c_Rf231_Gcc.a(nwk.o)
 .text.nwkEDScanIsIdle
                0x00405870       0x18 ./../../../../BitCloud/lib/libBc_All_At91sam3s4c_Rf231_Gcc.a(nwk.o)
 .text.nwkFormationIsIdle
                0x00405888       0x18 ./../../../../BitCloud/lib/libBc_All_At91sam3s4c_Rf231_Gcc.a(nwk.o)
 .text.nwkParseHeader
                0x004058a0       0x6a ./../../../../BitCloud/lib/libBc_All_At91sam3s4c_Rf231_Gcc.a(nwk.o)
 *fill*         0x0040590a        0x2 00
 .text.nwkSetDepth
                0x0040590c       0x10 ./../../../../BitCloud/lib/libBc_All_At91sam3s4c_Rf231_Gcc.a(nwk.o)
 .text.findFreeJoinIndObjFor
                0x0040591c       0x54 ./../../../../BitCloud/lib/libBc_All_At91sam3s4c_Rf231_Gcc.a(nwk.o)
 .text.nwkJoinIndIsIdle
                0x00405970       0x28 ./../../../../BitCloud/lib/libBc_All_At91sam3s4c_Rf231_Gcc.a(nwk.o)
 .text.nwkJoinReqIsIdle
                0x00405998       0x18 ./../../../../BitCloud/lib/libBc_All_At91sam3s4c_Rf231_Gcc.a(nwk.o)
 .text.nwkLeaveReqIsIdle
                0x004059b0       0x18 ./../../../../BitCloud/lib/libBc_All_At91sam3s4c_Rf231_Gcc.a(nwk.o)
 .text.nwkLinkStatusIsIdle
                0x004059c8       0x14 ./../../../../BitCloud/lib/libBc_All_At91sam3s4c_Rf231_Gcc.a(nwk.o)
 .text.nwkLoopbackIsIdle
                0x004059dc       0x18 ./../../../../BitCloud/lib/libBc_All_At91sam3s4c_Rf231_Gcc.a(nwk.o)
 .text.nwkGetOutgoingCost
                0x004059f4       0x24 ./../../../../BitCloud/lib/libBc_All_At91sam3s4c_Rf231_Gcc.a(nwk.o)
 .text.nwkClearNeighborTable
                0x00405a18       0x64 ./../../../../BitCloud/lib/libBc_All_At91sam3s4c_Rf231_Gcc.a(nwk.o)
 .text.nwkUpdateCapacityBits
                0x00405a7c       0x80 ./../../../../BitCloud/lib/libBc_All_At91sam3s4c_Rf231_Gcc.a(nwk.o)
 .text.nwkUpdateCapacityBitsInBeacon
                0x00405afc       0x50 ./../../../../BitCloud/lib/libBc_All_At91sam3s4c_Rf231_Gcc.a(nwk.o)
 .text.nwkUpdateBeaconPayload
                0x00405b4c       0x70 ./../../../../BitCloud/lib/libBc_All_At91sam3s4c_Rf231_Gcc.a(nwk.o)
 .text.nwkFreeNeighbor
                0x00405bbc       0x3c ./../../../../BitCloud/lib/libBc_All_At91sam3s4c_Rf231_Gcc.a(nwk.o)
 .text.nwkCostFromLqi
                0x00405bf8       0x2c ./../../../../BitCloud/lib/libBc_All_At91sam3s4c_Rf231_Gcc.a(nwk.o)
 .text.nwkInitLqiAndCostOfNeighbor
                0x00405c24       0x30 ./../../../../BitCloud/lib/libBc_All_At91sam3s4c_Rf231_Gcc.a(nwk.o)
 .text.nwkUpdateLqiAndCostOfNeighbor
                0x00405c54       0x40 ./../../../../BitCloud/lib/libBc_All_At91sam3s4c_Rf231_Gcc.a(nwk.o)
 .text.nwkFindPassiveAck
                0x00405c94       0x3c ./../../../../BitCloud/lib/libBc_All_At91sam3s4c_Rf231_Gcc.a(nwk.o)
 .text.nwkNewPassiveAck
                0x00405cd0       0xbc ./../../../../BitCloud/lib/libBc_All_At91sam3s4c_Rf231_Gcc.a(nwk.o)
 .text.nwkFreePassiveAck
                0x00405d8c       0x34 ./../../../../BitCloud/lib/libBc_All_At91sam3s4c_Rf231_Gcc.a(nwk.o)
 .text.nwkPermitJoiningIsIdle
                0x00405dc0       0x20 ./../../../../BitCloud/lib/libBc_All_At91sam3s4c_Rf231_Gcc.a(nwk.o)
 .text.nwkResetIsIdle
                0x00405de0       0x14 ./../../../../BitCloud/lib/libBc_All_At91sam3s4c_Rf231_Gcc.a(nwk.o)
 .text.nwkRouteDiscoveryIsIdle
                0x00405df4       0x14 ./../../../../BitCloud/lib/libBc_All_At91sam3s4c_Rf231_Gcc.a(nwk.o)
 .text.nwkFindRouteDiscoveryEntry
                0x00405e08       0x2c ./../../../../BitCloud/lib/libBc_All_At91sam3s4c_Rf231_Gcc.a(nwk.o)
 .text.nwkFreeRouteDiscoveryEntry
                0x00405e34       0x24 ./../../../../BitCloud/lib/libBc_All_At91sam3s4c_Rf231_Gcc.a(nwk.o)
 .text.nwkConfirmRouteRequestTx
                0x00405e58       0x34 ./../../../../BitCloud/lib/libBc_All_At91sam3s4c_Rf231_Gcc.a(nwk.o)
 .text.nwkRouteDiscoveryTableIsIdle
                0x00405e8c       0x14 ./../../../../BitCloud/lib/libBc_All_At91sam3s4c_Rf231_Gcc.a(nwk.o)
 .text.nwkDeleteNextHop
                0x00405ea0       0x34 ./../../../../BitCloud/lib/libBc_All_At91sam3s4c_Rf231_Gcc.a(nwk.o)
 .text.nwkFindRoutingEntry
                0x00405ed4       0x38 ./../../../../BitCloud/lib/libBc_All_At91sam3s4c_Rf231_Gcc.a(nwk.o)
 .text.nwkFreeRoutingEntry
                0x00405f0c       0x12 ./../../../../BitCloud/lib/libBc_All_At91sam3s4c_Rf231_Gcc.a(nwk.o)
 *fill*         0x00405f1e        0x2 00
 .text.nwkUpdateNextHop
                0x00405f20       0x88 ./../../../../BitCloud/lib/libBc_All_At91sam3s4c_Rf231_Gcc.a(nwk.o)
 .text.nwkStartRouterIsIdle
                0x00405fa8       0x18 ./../../../../BitCloud/lib/libBc_All_At91sam3s4c_Rf231_Gcc.a(nwk.o)
 .text.nwkSendRouteErrorConf
                0x00405fc0       0x10 ./../../../../BitCloud/lib/libBc_All_At91sam3s4c_Rf231_Gcc.a(nwk.o)
 .text.nwkSyncIsIdle
                0x00405fd0       0x18 ./../../../../BitCloud/lib/libBc_All_At91sam3s4c_Rf231_Gcc.a(nwk.o)
 .text.nwkTxDelayIsIdle
                0x00405fe8       0x14 ./../../../../BitCloud/lib/libBc_All_At91sam3s4c_Rf231_Gcc.a(nwk.o)
 .text.nwkReloadNibFromConfigServer
                0x00405ffc       0x68 ./../../../../BitCloud/lib/libBc_All_At91sam3s4c_Rf231_Gcc.a(nwk.o)
 .text.nwkSetLifeTimeOfNeighbor
                0x00406064       0x70 ./../../../../BitCloud/lib/libBc_All_At91sam3s4c_Rf231_Gcc.a(nwk.o)
 .text.nwkLinkStatusInd
                0x004060d4      0x208 ./../../../../BitCloud/lib/libBc_All_At91sam3s4c_Rf231_Gcc.a(nwk.o)
 .text.nwkAllocPacket
                0x004062dc       0x88 ./../../../../BitCloud/lib/libBc_All_At91sam3s4c_Rf231_Gcc.a(nwk.o)
 .text.nwkAllocInputPacket
                0x00406364       0x1c ./../../../../BitCloud/lib/libBc_All_At91sam3s4c_Rf231_Gcc.a(nwk.o)
 .text.SYS_GetRandomNumber
                0x00406380       0x18 ./../../../../BitCloud/lib/libBc_All_At91sam3s4c_Rf231_Gcc.a(nwk.o)
 .text.nwkFindDeviceToJoin
                0x00406398       0xf4 ./../../../../BitCloud/lib/libBc_All_At91sam3s4c_Rf231_Gcc.a(nwk.o)
 .text.nwkStartLinkStatusTimer
                0x0040648c       0x14 ./../../../../BitCloud/lib/libBc_All_At91sam3s4c_Rf231_Gcc.a(nwk.o)
 .text.nwkConfirmLinkStatusTx
                0x004064a0       0x14 ./../../../../BitCloud/lib/libBc_All_At91sam3s4c_Rf231_Gcc.a(nwk.o)
 .text.nwkStartAgeTimerOfNeighborTable
                0x004064b4       0x24 ./../../../../BitCloud/lib/libBc_All_At91sam3s4c_Rf231_Gcc.a(nwk.o)
 .text.freeJoinIndObj
                0x004064d8        0x8 ./../../../../BitCloud/lib/libBc_All_At91sam3s4c_Rf231_Gcc.a(nwk.o)
 .text.nwkJoinIndTaskHandler
                0x004064e0       0xc8 ./../../../../BitCloud/lib/libBc_All_At91sam3s4c_Rf231_Gcc.a(nwk.o)
 .text.nwkPrepareCommonFrame
                0x004065a8       0x4c ./../../../../BitCloud/lib/libBc_All_At91sam3s4c_Rf231_Gcc.a(nwk.o)
 .text.nwkAllocRouteDiscoveryEntry
                0x004065f4       0x78 ./../../../../BitCloud/lib/libBc_All_At91sam3s4c_Rf231_Gcc.a(nwk.o)
 .text.nwkPrepareLeaveChildTx
                0x0040666c       0xd4 ./../../../../BitCloud/lib/libBc_All_At91sam3s4c_Rf231_Gcc.a(nwk.o)
 .text.nwkPrepareLeaveItselfTx
                0x00406740       0xa4 ./../../../../BitCloud/lib/libBc_All_At91sam3s4c_Rf231_Gcc.a(nwk.o)
 .text.nwkPrepareJoinRespTx
                0x004067e4       0xf4 ./../../../../BitCloud/lib/libBc_All_At91sam3s4c_Rf231_Gcc.a(nwk.o)
 .text.nwkPrepareJoinReqTx
                0x004068d8       0x98 ./../../../../BitCloud/lib/libBc_All_At91sam3s4c_Rf231_Gcc.a(nwk.o)
 .text.nwkPrepareLinkStatusTx
                0x00406970      0x158 ./../../../../BitCloud/lib/libBc_All_At91sam3s4c_Rf231_Gcc.a(nwk.o)
 .text.nwkPermitJoinTimerFired
                0x00406ac8       0x2c ./../../../../BitCloud/lib/libBc_All_At91sam3s4c_Rf231_Gcc.a(nwk.o)
 .text.nwkResetRouteDiscoveryTable
                0x00406af4       0x64 ./../../../../BitCloud/lib/libBc_All_At91sam3s4c_Rf231_Gcc.a(nwk.o)
 .text.nwkPostTask
                0x00406b58       0x34 ./../../../../BitCloud/lib/libBc_All_At91sam3s4c_Rf231_Gcc.a(nwk.o)
 .text.nwkEDScanMacEDScanConf
                0x00406b8c       0x2c ./../../../../BitCloud/lib/libBc_All_At91sam3s4c_Rf231_Gcc.a(nwk.o)
 .text.nwkFormationMacRxEnableConf
                0x00406bb8       0x1c ./../../../../BitCloud/lib/libBc_All_At91sam3s4c_Rf231_Gcc.a(nwk.o)
 .text.nwkDiscoveryMacActiveScanConf
                0x00406bd4       0x30 ./../../../../BitCloud/lib/libBc_All_At91sam3s4c_Rf231_Gcc.a(nwk.o)
 .text.nwkPermitJoiningMacSetConf
                0x00406c04       0x30 ./../../../../BitCloud/lib/libBc_All_At91sam3s4c_Rf231_Gcc.a(nwk.o)
 .text.nwkStartRouterMacStartConf
                0x00406c34       0x1c ./../../../../BitCloud/lib/libBc_All_At91sam3s4c_Rf231_Gcc.a(nwk.o)
 .text.NWK_JoinConf
                0x00406c50       0x38 ./../../../../BitCloud/lib/libBc_All_At91sam3s4c_Rf231_Gcc.a(nwk.o)
 .text.nwkStatusConf
                0x00406c88       0x14 ./../../../../BitCloud/lib/libBc_All_At91sam3s4c_Rf231_Gcc.a(nwk.o)
 .text.nwkRouteDiscoveryTaskHandler
                0x00406c9c       0xb4 ./../../../../BitCloud/lib/libBc_All_At91sam3s4c_Rf231_Gcc.a(nwk.o)
 .text.nwkFormationMacActiveScanConf
                0x00406d50      0x1bc ./../../../../BitCloud/lib/libBc_All_At91sam3s4c_Rf231_Gcc.a(nwk.o)
 .text.nwkFormationMacStartConf
                0x00406f0c       0x44 ./../../../../BitCloud/lib/libBc_All_At91sam3s4c_Rf231_Gcc.a(nwk.o)
 .text.nwkFormationTaskHandler
                0x00406f50      0x130 ./../../../../BitCloud/lib/libBc_All_At91sam3s4c_Rf231_Gcc.a(nwk.o)
 .text.nwkFormationMacEDScanConf
                0x00407080       0xa4 ./../../../../BitCloud/lib/libBc_All_At91sam3s4c_Rf231_Gcc.a(nwk.o)
 .text.nwkFormationMacSetConf
                0x00407124       0xf8 ./../../../../BitCloud/lib/libBc_All_At91sam3s4c_Rf231_Gcc.a(nwk.o)
 .text.nwkLoopbackTaskHandler
                0x0040721c       0xb8 ./../../../../BitCloud/lib/libBc_All_At91sam3s4c_Rf231_Gcc.a(nwk.o)
 .text.nwkBroadcastForMe
                0x004072d4       0x54 ./../../../../BitCloud/lib/libBc_All_At91sam3s4c_Rf231_Gcc.a(nwk.o)
 .text.nwkIsJoiningForbidden
                0x00407328       0x68 ./../../../../BitCloud/lib/libBc_All_At91sam3s4c_Rf231_Gcc.a(nwk.o)
 .text.nwkIsPassiveAckDone.isra.4
                0x00407390       0x38 ./../../../../BitCloud/lib/libBc_All_At91sam3s4c_Rf231_Gcc.a(nwk.o)
 .text.nwkTxDelayReq
                0x004073c8      0x1c4 ./../../../../BitCloud/lib/libBc_All_At91sam3s4c_Rf231_Gcc.a(nwk.o)
 .text.nwkEDScanTaskHandler
                0x0040758c       0xa4 ./../../../../BitCloud/lib/libBc_All_At91sam3s4c_Rf231_Gcc.a(nwk.o)
 .text.nwkDiscoveryTaskHandler
                0x00407630       0xac ./../../../../BitCloud/lib/libBc_All_At91sam3s4c_Rf231_Gcc.a(nwk.o)
 .text.nwkDataConf
                0x004076dc       0x40 ./../../../../BitCloud/lib/libBc_All_At91sam3s4c_Rf231_Gcc.a(nwk.o)
 .text.nwkConfirmDataTx
                0x0040771c       0x1e ./../../../../BitCloud/lib/libBc_All_At91sam3s4c_Rf231_Gcc.a(nwk.o)
 *fill*         0x0040773a        0x2 00
 .text.nwkRouteDiscoveryTableTimerFired
                0x0040773c       0x4c ./../../../../BitCloud/lib/libBc_All_At91sam3s4c_Rf231_Gcc.a(nwk.o)
 .text.nwkPermitJoiningTaskHandler
                0x00407788       0xb0 ./../../../../BitCloud/lib/libBc_All_At91sam3s4c_Rf231_Gcc.a(nwk.o)
 .text.nwkResetNeighborTable
                0x00407838       0x7c ./../../../../BitCloud/lib/libBc_All_At91sam3s4c_Rf231_Gcc.a(nwk.o)
 .text.nwkStartRouterTaskHandler
                0x004078b4       0xc8 ./../../../../BitCloud/lib/libBc_All_At91sam3s4c_Rf231_Gcc.a(nwk.o)
 .text.nwkConfirmLeaveItselfTx
                0x0040797c       0x40 ./../../../../BitCloud/lib/libBc_All_At91sam3s4c_Rf231_Gcc.a(nwk.o)
 .text.nwkResetTaskHandler
                0x004079bc       0x50 ./../../../../BitCloud/lib/libBc_All_At91sam3s4c_Rf231_Gcc.a(nwk.o)
 .text.nwkSyncTaskHandler
                0x00407a0c       0x9c ./../../../../BitCloud/lib/libBc_All_At91sam3s4c_Rf231_Gcc.a(nwk.o)
 .text.nwkSyncMacPollConf
                0x00407aa8       0x5c ./../../../../BitCloud/lib/libBc_All_At91sam3s4c_Rf231_Gcc.a(nwk.o)
 .text.nwkAssociate
                0x00407b04       0x84 ./../../../../BitCloud/lib/libBc_All_At91sam3s4c_Rf231_Gcc.a(nwk.o)
 .text.MAC_AssociateConf
                0x00407b88       0xc0 ./../../../../BitCloud/lib/libBc_All_At91sam3s4c_Rf231_Gcc.a(nwk.o)
 .text.nwkGetSuitableParent
                0x00407c48       0x68 ./../../../../BitCloud/lib/libBc_All_At91sam3s4c_Rf231_Gcc.a(nwk.o)
 .text.nwkJoinReqMacSetConf
                0x00407cb0      0x170 ./../../../../BitCloud/lib/libBc_All_At91sam3s4c_Rf231_Gcc.a(nwk.o)
 .text.macLatencyFired
                0x00407e20        0x4 ./../../../../BitCloud/lib/libBc_All_At91sam3s4c_Rf231_Gcc.a(nwk.o)
 .text.nwkConfirmJoinReqTx
                0x00407e24       0x4c ./../../../../BitCloud/lib/libBc_All_At91sam3s4c_Rf231_Gcc.a(nwk.o)
 .text.responseWaitTimerFired
                0x00407e70       0x50 ./../../../../BitCloud/lib/libBc_All_At91sam3s4c_Rf231_Gcc.a(nwk.o)
 .text.nwkJoinReqMacPollConf
                0x00407ec0       0x50 ./../../../../BitCloud/lib/libBc_All_At91sam3s4c_Rf231_Gcc.a(nwk.o)
 .text.nwkRejoinResponseFrameInd
                0x00407f10      0x164 ./../../../../BitCloud/lib/libBc_All_At91sam3s4c_Rf231_Gcc.a(nwk.o)
 .text.nwkAllocOutputPacket.constprop.55
                0x00408074       0x30 ./../../../../BitCloud/lib/libBc_All_At91sam3s4c_Rf231_Gcc.a(nwk.o)
 .text.nwkTryToProcessCommandReq
                0x004080a4       0x34 ./../../../../BitCloud/lib/libBc_All_At91sam3s4c_Rf231_Gcc.a(nwk.o)
 .text.nwkCommandReq
                0x004080d8       0x18 ./../../../../BitCloud/lib/libBc_All_At91sam3s4c_Rf231_Gcc.a(nwk.o)
 .text.nwkConfirmNetworkStatusTx
                0x004080f0       0x4c ./../../../../BitCloud/lib/libBc_All_At91sam3s4c_Rf231_Gcc.a(nwk.o)
 .text.nwkLinkStatusTimerFired
                0x0040813c       0x1c ./../../../../BitCloud/lib/libBc_All_At91sam3s4c_Rf231_Gcc.a(nwk.o)
 .text.nwkRejoinCmdPrepareAndSend
                0x00408158       0x34 ./../../../../BitCloud/lib/libBc_All_At91sam3s4c_Rf231_Gcc.a(nwk.o)
 .text.nwkJoinReqMacRxEnableConf
                0x0040818c       0x74 ./../../../../BitCloud/lib/libBc_All_At91sam3s4c_Rf231_Gcc.a(nwk.o)
 .text.nwkJoinReqMacGetConf
                0x00408200       0x30 ./../../../../BitCloud/lib/libBc_All_At91sam3s4c_Rf231_Gcc.a(nwk.o)
 .text.nwkSendAddressConflictNwkStatus.constprop.53
                0x00408230       0x74 ./../../../../BitCloud/lib/libBc_All_At91sam3s4c_Rf231_Gcc.a(nwk.o)
 .text.nwkAddressConflictMacSetConf
                0x004082a4       0x44 ./../../../../BitCloud/lib/libBc_All_At91sam3s4c_Rf231_Gcc.a(nwk.o)
 .text.nwkRemoveAllChildren.constprop.54
                0x004082e8       0x9c ./../../../../BitCloud/lib/libBc_All_At91sam3s4c_Rf231_Gcc.a(nwk.o)
 .text.nwkFreePacket
                0x00408384       0x54 ./../../../../BitCloud/lib/libBc_All_At91sam3s4c_Rf231_Gcc.a(nwk.o)
 .text.nwkSendRouteErrorStatus.constprop.56
                0x004083d8       0x68 ./../../../../BitCloud/lib/libBc_All_At91sam3s4c_Rf231_Gcc.a(nwk.o)
 .text.nwkTxConf
                0x00408440      0x168 ./../../../../BitCloud/lib/libBc_All_At91sam3s4c_Rf231_Gcc.a(nwk.o)
 .text.nwkProcessDelayStatus
                0x004085a8       0xb4 ./../../../../BitCloud/lib/libBc_All_At91sam3s4c_Rf231_Gcc.a(nwk.o)
 .text.MAC_DataConf
                0x0040865c       0x20 ./../../../../BitCloud/lib/libBc_All_At91sam3s4c_Rf231_Gcc.a(nwk.o)
 .text.nwkLeaveReqMacResetConf
                0x0040867c       0xd0 ./../../../../BitCloud/lib/libBc_All_At91sam3s4c_Rf231_Gcc.a(nwk.o)
 .text.nwkTransmitOutputPacket.isra.25
                0x0040874c       0x3c ./../../../../BitCloud/lib/libBc_All_At91sam3s4c_Rf231_Gcc.a(nwk.o)
 .text.nwkSendDiscoveryCommand
                0x00408788       0x5c ./../../../../BitCloud/lib/libBc_All_At91sam3s4c_Rf231_Gcc.a(nwk.o)
 .text.nwkRouteDiscoveryTableTaskHandler
                0x004087e4       0x80 ./../../../../BitCloud/lib/libBc_All_At91sam3s4c_Rf231_Gcc.a(nwk.o)
 .text.nwkTxDelayTimerFired
                0x00408864       0x58 ./../../../../BitCloud/lib/libBc_All_At91sam3s4c_Rf231_Gcc.a(nwk.o)
 .text.nwkMeshRouteDiscoveryConf
                0x004088bc       0x54 ./../../../../BitCloud/lib/libBc_All_At91sam3s4c_Rf231_Gcc.a(nwk.o)
 .text.NWK_GetShortAddr
                0x00408910        0xc ./../../../../BitCloud/lib/libBc_All_At91sam3s4c_Rf231_Gcc.a(nwk.o)
                0x00408910                NWK_GetShortAddr
 .text.NWK_IsStaticAddressingMode
                0x0040891c        0xc ./../../../../BitCloud/lib/libBc_All_At91sam3s4c_Rf231_Gcc.a(nwk.o)
                0x0040891c                NWK_IsStaticAddressingMode
 .text.NWK_RemoveFromAddressMap
                0x00408928       0x12 ./../../../../BitCloud/lib/libBc_All_At91sam3s4c_Rf231_Gcc.a(nwk.o)
                0x00408928                NWK_RemoveFromAddressMap
 *fill*         0x0040893a        0x2 00
 .text.NWK_NetworkDiscoveryReq
                0x0040893c       0x30 ./../../../../BitCloud/lib/libBc_All_At91sam3s4c_Rf231_Gcc.a(nwk.o)
                0x0040893c                NWK_NetworkDiscoveryReq
 .text.MAC_BeaconNotifyInd
                0x0040896c      0x400 ./../../../../BitCloud/lib/libBc_All_At91sam3s4c_Rf231_Gcc.a(nwk.o)
                0x0040896c                MAC_BeaconNotifyInd
 .text.NWK_EDScanReq
                0x00408d6c       0x30 ./../../../../BitCloud/lib/libBc_All_At91sam3s4c_Rf231_Gcc.a(nwk.o)
                0x00408d6c                NWK_EDScanReq
 .text.NWK_NetworkFormationReq
                0x00408d9c       0x30 ./../../../../BitCloud/lib/libBc_All_At91sam3s4c_Rf231_Gcc.a(nwk.o)
                0x00408d9c                NWK_NetworkFormationReq
 .text.NWK_IsGroupMember
                0x00408dcc       0x34 ./../../../../BitCloud/lib/libBc_All_At91sam3s4c_Rf231_Gcc.a(nwk.o)
                0x00408dcc                NWK_IsGroupMember
 .text.nwkRetransmitInputPacket
                0x00408e00       0xe8 ./../../../../BitCloud/lib/libBc_All_At91sam3s4c_Rf231_Gcc.a(nwk.o)
 .text.NWK_DataResp
                0x00408ee8       0x14 ./../../../../BitCloud/lib/libBc_All_At91sam3s4c_Rf231_Gcc.a(nwk.o)
                0x00408ee8                NWK_DataResp
 .text.unlikely.nwkRxIndication
                0x00408efc      0x1f4 ./../../../../BitCloud/lib/libBc_All_At91sam3s4c_Rf231_Gcc.a(nwk.o)
 .text.unlikely.nwkRxRetransmit
                0x004090f0       0xb4 ./../../../../BitCloud/lib/libBc_All_At91sam3s4c_Rf231_Gcc.a(nwk.o)
 .text.NWK_ResetGroups
                0x004091a4       0x40 ./../../../../BitCloud/lib/libBc_All_At91sam3s4c_Rf231_Gcc.a(nwk.o)
                0x004091a4                NWK_ResetGroups
 .text.nwkResetMacResetConf
                0x004091e4      0x340 ./../../../../BitCloud/lib/libBc_All_At91sam3s4c_Rf231_Gcc.a(nwk.o)
 .text.NWK_GetParentShortAddr
                0x00409524        0xc ./../../../../BitCloud/lib/libBc_All_At91sam3s4c_Rf231_Gcc.a(nwk.o)
                0x00409524                NWK_GetParentShortAddr
 .text.NWK_GetPanId
                0x00409530        0xc ./../../../../BitCloud/lib/libBc_All_At91sam3s4c_Rf231_Gcc.a(nwk.o)
                0x00409530                NWK_GetPanId
 .text.NWK_GetExtPanId
                0x0040953c       0x10 ./../../../../BitCloud/lib/libBc_All_At91sam3s4c_Rf231_Gcc.a(nwk.o)
                0x0040953c                NWK_GetExtPanId
 .text.NWK_GetDeviceType
                0x0040954c        0xc ./../../../../BitCloud/lib/libBc_All_At91sam3s4c_Rf231_Gcc.a(nwk.o)
                0x0040954c                NWK_GetDeviceType
 .text.NWK_GetLogicalChannel
                0x00409558        0xc ./../../../../BitCloud/lib/libBc_All_At91sam3s4c_Rf231_Gcc.a(nwk.o)
                0x00409558                NWK_GetLogicalChannel
 .text.NWK_SetLogicalChannel
                0x00409564        0xc ./../../../../BitCloud/lib/libBc_All_At91sam3s4c_Rf231_Gcc.a(nwk.o)
                0x00409564                NWK_SetLogicalChannel
 .text.NWK_GetBroadcastDeliveryTime
                0x00409570        0xc ./../../../../BitCloud/lib/libBc_All_At91sam3s4c_Rf231_Gcc.a(nwk.o)
                0x00409570                NWK_GetBroadcastDeliveryTime
 .text.NWK_GetManagerAddr
                0x0040957c        0xc ./../../../../BitCloud/lib/libBc_All_At91sam3s4c_Rf231_Gcc.a(nwk.o)
                0x0040957c                NWK_GetManagerAddr
 .text.NWK_SetManagerAddr
                0x00409588        0xc ./../../../../BitCloud/lib/libBc_All_At91sam3s4c_Rf231_Gcc.a(nwk.o)
                0x00409588                NWK_SetManagerAddr
 .text.NWK_SetUpdateId
                0x00409594        0xc ./../../../../BitCloud/lib/libBc_All_At91sam3s4c_Rf231_Gcc.a(nwk.o)
                0x00409594                NWK_SetUpdateId
 .text.NWK_GetTransmitCouner
                0x004095a0        0xc ./../../../../BitCloud/lib/libBc_All_At91sam3s4c_Rf231_Gcc.a(nwk.o)
                0x004095a0                NWK_GetTransmitCouner
 .text.NWK_GetTransmitFailureCounter
                0x004095ac        0xc ./../../../../BitCloud/lib/libBc_All_At91sam3s4c_Rf231_Gcc.a(nwk.o)
                0x004095ac                NWK_GetTransmitFailureCounter
 .text.NWK_ResetTransmitCounters
                0x004095b8       0x10 ./../../../../BitCloud/lib/libBc_All_At91sam3s4c_Rf231_Gcc.a(nwk.o)
                0x004095b8                NWK_ResetTransmitCounters
 .text.NWK_JoinReq
                0x004095c8       0x28 ./../../../../BitCloud/lib/libBc_All_At91sam3s4c_Rf231_Gcc.a(nwk.o)
                0x004095c8                NWK_JoinReq
 .text.NWK_RemoveNeighbor
                0x004095f0       0x4c ./../../../../BitCloud/lib/libBc_All_At91sam3s4c_Rf231_Gcc.a(nwk.o)
                0x004095f0                NWK_RemoveNeighbor
 .text.neighborTimerFired
                0x0040963c       0x50 ./../../../../BitCloud/lib/libBc_All_At91sam3s4c_Rf231_Gcc.a(nwk.o)
 .text.NWK_LeaveReq
                0x0040968c       0x30 ./../../../../BitCloud/lib/libBc_All_At91sam3s4c_Rf231_Gcc.a(nwk.o)
                0x0040968c                NWK_LeaveReq
 .text.NWK_LoopbackTxReq
                0x004096bc       0x30 ./../../../../BitCloud/lib/libBc_All_At91sam3s4c_Rf231_Gcc.a(nwk.o)
                0x004096bc                NWK_LoopbackTxReq
 .text.nwkDataConfTaskHandler
                0x004096ec       0x48 ./../../../../BitCloud/lib/libBc_All_At91sam3s4c_Rf231_Gcc.a(nwk.o)
 .text.NWK_DataReq
                0x00409734      0x1d0 ./../../../../BitCloud/lib/libBc_All_At91sam3s4c_Rf231_Gcc.a(nwk.o)
                0x00409734                NWK_DataReq
 .text.NWK_FindNeighborByShortAddr
                0x00409904       0x28 ./../../../../BitCloud/lib/libBc_All_At91sam3s4c_Rf231_Gcc.a(nwk.o)
                0x00409904                NWK_FindNeighborByShortAddr
 .text.nwkAllocNonConflAddr
                0x0040992c       0xa0 ./../../../../BitCloud/lib/libBc_All_At91sam3s4c_Rf231_Gcc.a(nwk.o)
 .text.NWK_NetworkDiscoveryConf
                0x004099cc       0x90 ./../../../../BitCloud/lib/libBc_All_At91sam3s4c_Rf231_Gcc.a(nwk.o)
 .text.nwkJoinReqTaskHandler
                0x00409a5c      0x148 ./../../../../BitCloud/lib/libBc_All_At91sam3s4c_Rf231_Gcc.a(nwk.o)
 .text.nwkAllocateShortAddr.isra.45
                0x00409ba4       0x34 ./../../../../BitCloud/lib/libBc_All_At91sam3s4c_Rf231_Gcc.a(nwk.o)
 .text.nwkResolveAddressConflict
                0x00409bd8      0x174 ./../../../../BitCloud/lib/libBc_All_At91sam3s4c_Rf231_Gcc.a(nwk.o)
 .text.nwkAddressConflictTaskHandler
                0x00409d4c       0x8c ./../../../../BitCloud/lib/libBc_All_At91sam3s4c_Rf231_Gcc.a(nwk.o)
 .text.nwkStatusFrameInd
                0x00409dd8       0x48 ./../../../../BitCloud/lib/libBc_All_At91sam3s4c_Rf231_Gcc.a(nwk.o)
 .text.nwkAddChild
                0x00409e20      0x244 ./../../../../BitCloud/lib/libBc_All_At91sam3s4c_Rf231_Gcc.a(nwk.o)
 .text.nwkRejoinRequestFrameInd
                0x0040a064      0x110 ./../../../../BitCloud/lib/libBc_All_At91sam3s4c_Rf231_Gcc.a(nwk.o)
 .text.MAC_AssociateInd
                0x0040a174       0x98 ./../../../../BitCloud/lib/libBc_All_At91sam3s4c_Rf231_Gcc.a(nwk.o)
                0x0040a174                MAC_AssociateInd
 .text.nwkGetNextHop
                0x0040a20c      0x1c4 ./../../../../BitCloud/lib/libBc_All_At91sam3s4c_Rf231_Gcc.a(nwk.o)
 .text.nwkProcessRouteRequest
                0x0040a3d0      0x198 ./../../../../BitCloud/lib/libBc_All_At91sam3s4c_Rf231_Gcc.a(nwk.o)
 .text.NWK_GetExtByShortAddress
                0x0040a568       0x3c ./../../../../BitCloud/lib/libBc_All_At91sam3s4c_Rf231_Gcc.a(nwk.o)
                0x0040a568                NWK_GetExtByShortAddress
 .text.nwkPrepareRouteRequestTx
                0x0040a5a4      0x118 ./../../../../BitCloud/lib/libBc_All_At91sam3s4c_Rf231_Gcc.a(nwk.o)
 .text.nwkPrepareNetworkStatusTx
                0x0040a6bc      0x130 ./../../../../BitCloud/lib/libBc_All_At91sam3s4c_Rf231_Gcc.a(nwk.o)
 .text.nwkPrepareRouteReplyTx
                0x0040a7ec      0x244 ./../../../../BitCloud/lib/libBc_All_At91sam3s4c_Rf231_Gcc.a(nwk.o)
 .text.NWK_FindNeighborByExtAddr
                0x0040aa30       0x34 ./../../../../BitCloud/lib/libBc_All_At91sam3s4c_Rf231_Gcc.a(nwk.o)
                0x0040aa30                NWK_FindNeighborByExtAddr
 .text.nwkLeaveTaskHandler
                0x0040aa64       0xf8 ./../../../../BitCloud/lib/libBc_All_At91sam3s4c_Rf231_Gcc.a(nwk.o)
 .text.nwkConfirmLeaveChildTx
                0x0040ab5c       0x60 ./../../../../BitCloud/lib/libBc_All_At91sam3s4c_Rf231_Gcc.a(nwk.o)
 .text.nwkConfirmJoinRespTx
                0x0040abbc       0x46 ./../../../../BitCloud/lib/libBc_All_At91sam3s4c_Rf231_Gcc.a(nwk.o)
 .text.nwkConfirmAddrConflictJoinRespTx
                0x0040ac02       0x22 ./../../../../BitCloud/lib/libBc_All_At91sam3s4c_Rf231_Gcc.a(nwk.o)
 .text.nwkLeaveFrameInd
                0x0040ac24       0xd8 ./../../../../BitCloud/lib/libBc_All_At91sam3s4c_Rf231_Gcc.a(nwk.o)
 .text.nwkJoinIndMacCommStatusInd
                0x0040acfc       0x3e ./../../../../BitCloud/lib/libBc_All_At91sam3s4c_Rf231_Gcc.a(nwk.o)
 *fill*         0x0040ad3a        0x2 00
 .text.NWK_GetShortByExtAddress
                0x0040ad3c       0x38 ./../../../../BitCloud/lib/libBc_All_At91sam3s4c_Rf231_Gcc.a(nwk.o)
                0x0040ad3c                NWK_GetShortByExtAddress
 .text.NWK_LinkShortAndExtAddress
                0x0040ad74       0x6e ./../../../../BitCloud/lib/libBc_All_At91sam3s4c_Rf231_Gcc.a(nwk.o)
                0x0040ad74                NWK_LinkShortAndExtAddress
 *fill*         0x0040ade2        0x2 00
 .text.nwkRouteReplyFrameInd
                0x0040ade4      0x1b8 ./../../../../BitCloud/lib/libBc_All_At91sam3s4c_Rf231_Gcc.a(nwk.o)
 .text.nwkRouteRequestFrameInd
                0x0040af9c       0xdc ./../../../../BitCloud/lib/libBc_All_At91sam3s4c_Rf231_Gcc.a(nwk.o)
 .text.NWK_GetNeighborTable
                0x0040b078        0x8 ./../../../../BitCloud/lib/libBc_All_At91sam3s4c_Rf231_Gcc.a(nwk.o)
                0x0040b078                NWK_GetNeighborTable
 .text.NWK_GetNeighborsLqi
                0x0040b080       0x1c ./../../../../BitCloud/lib/libBc_All_At91sam3s4c_Rf231_Gcc.a(nwk.o)
                0x0040b080                NWK_GetNeighborsLqi
 .text.NWK_GetNeighborsRssi
                0x0040b09c       0x1c ./../../../../BitCloud/lib/libBc_All_At91sam3s4c_Rf231_Gcc.a(nwk.o)
                0x0040b09c                NWK_GetNeighborsRssi
 .text.NWK_IsKnownChild
                0x0040b0b8       0x1e ./../../../../BitCloud/lib/libBc_All_At91sam3s4c_Rf231_Gcc.a(nwk.o)
                0x0040b0b8                NWK_IsKnownChild
 .text.MAC_OrphanInd
                0x0040b0d6        0x2 ./../../../../BitCloud/lib/libBc_All_At91sam3s4c_Rf231_Gcc.a(nwk.o)
                0x0040b0d6                MAC_OrphanInd
 .text.NWK_PermitJoiningReq
                0x0040b0d8       0x3c ./../../../../BitCloud/lib/libBc_All_At91sam3s4c_Rf231_Gcc.a(nwk.o)
                0x0040b0d8                NWK_PermitJoiningReq
 .text.NWK_ResetReq
                0x0040b114       0x28 ./../../../../BitCloud/lib/libBc_All_At91sam3s4c_Rf231_Gcc.a(nwk.o)
                0x0040b114                NWK_ResetReq
 .text.NWK_Init
                0x0040b13c       0x2c ./../../../../BitCloud/lib/libBc_All_At91sam3s4c_Rf231_Gcc.a(nwk.o)
                0x0040b13c                NWK_Init
 .text.NWK_GatherPowerFailureInfo
                0x0040b168       0x10 ./../../../../BitCloud/lib/libBc_All_At91sam3s4c_Rf231_Gcc.a(nwk.o)
                0x0040b168                NWK_GatherPowerFailureInfo
 .text.NWK_RouteDiscoveryReq
                0x0040b178       0x34 ./../../../../BitCloud/lib/libBc_All_At91sam3s4c_Rf231_Gcc.a(nwk.o)
                0x0040b178                NWK_RouteDiscoveryReq
 .text.nwkTxTaskHandler
                0x0040b1ac      0x160 ./../../../../BitCloud/lib/libBc_All_At91sam3s4c_Rf231_Gcc.a(nwk.o)
 .text.MAC_DataInd
                0x0040b30c      0x454 ./../../../../BitCloud/lib/libBc_All_At91sam3s4c_Rf231_Gcc.a(nwk.o)
                0x0040b30c                MAC_DataInd
 .text.NWK_StartRouterReq
                0x0040b760       0x2c ./../../../../BitCloud/lib/libBc_All_At91sam3s4c_Rf231_Gcc.a(nwk.o)
                0x0040b760                NWK_StartRouterReq
 .text.NWK_IsActiveTransaction
                0x0040b78c       0x38 ./../../../../BitCloud/lib/libBc_All_At91sam3s4c_Rf231_Gcc.a(nwk.o)
                0x0040b78c                NWK_IsActiveTransaction
 .text.NWK_LaunchActivities
                0x0040b7c4       0x20 ./../../../../BitCloud/lib/libBc_All_At91sam3s4c_Rf231_Gcc.a(nwk.o)
                0x0040b7c4                NWK_LaunchActivities
 .text.NWK_StopActivities
                0x0040b7e4       0x34 ./../../../../BitCloud/lib/libBc_All_At91sam3s4c_Rf231_Gcc.a(nwk.o)
                0x0040b7e4                NWK_StopActivities
 .text.NWK_DeviceIsAbleToOperateInNetwork
                0x0040b818       0x18 ./../../../../BitCloud/lib/libBc_All_At91sam3s4c_Rf231_Gcc.a(nwk.o)
                0x0040b818                NWK_DeviceIsAbleToOperateInNetwork
 .text.NWK_SyncReq
                0x0040b830       0x2c ./../../../../BitCloud/lib/libBc_All_At91sam3s4c_Rf231_Gcc.a(nwk.o)
                0x0040b830                NWK_SyncReq
 .text.MAC_PollInd
                0x0040b85c       0x38 ./../../../../BitCloud/lib/libBc_All_At91sam3s4c_Rf231_Gcc.a(nwk.o)
                0x0040b85c                MAC_PollInd
 .text.MAC_SyncLossInd
                0x0040b894        0x2 ./../../../../BitCloud/lib/libBc_All_At91sam3s4c_Rf231_Gcc.a(nwk.o)
                0x0040b894                MAC_SyncLossInd
 *fill*         0x0040b896        0x2 00
 .text.NWK_TaskHandler
                0x0040b898       0x70 ./../../../../BitCloud/lib/libBc_All_At91sam3s4c_Rf231_Gcc.a(nwk.o)
                0x0040b898                NWK_TaskHandler
 .text.NWK_GetUnicastDeliveryTime
                0x0040b908       0x34 ./../../../../BitCloud/lib/libBc_All_At91sam3s4c_Rf231_Gcc.a(nwk.o)
                0x0040b908                NWK_GetUnicastDeliveryTime
 .text.phyDispatcheRfInterrupt
                0x0040b93c      0x278 ./../../../../BitCloud/lib/libBc_All_At91sam3s4c_Rf231_Gcc.a(phyRfIrqDispatcher.o)
                0x0040b93c                phyDispatcheRfInterrupt
 .text.phySetRTimerSource
                0x0040bbb4       0x10 ./../../../../BitCloud/lib/libBc_All_At91sam3s4c_Rf231_Gcc.a(phyRtimerIrqDispatcher.o)
                0x0040bbb4                phySetRTimerSource
 .text.phyDispatcheRTimerEvent
                0x0040bbc4       0xf0 ./../../../../BitCloud/lib/libBc_All_At91sam3s4c_Rf231_Gcc.a(phyRtimerIrqDispatcher.o)
                0x0040bbc4                phyDispatcheRTimerEvent
 .text.phyRxTxSwitcher
                0x0040bcb4       0x40 ./../../../../BitCloud/lib/libBc_All_At91sam3s4c_Rf231_Gcc.a(phyRxTxIndicator.o)
                0x0040bcb4                phyRxTxSwitcher
 .text.phyRxTxSwitcherOn
                0x0040bcf4        0x6 ./../../../../BitCloud/lib/libBc_All_At91sam3s4c_Rf231_Gcc.a(phyRxTxIndicator.o)
                0x0040bcf4                phyRxTxSwitcherOn
 .text.phyRxTxSwitcherOff
                0x0040bcfa        0x6 ./../../../../BitCloud/lib/libBc_All_At91sam3s4c_Rf231_Gcc.a(phyRxTxIndicator.o)
                0x0040bcfa                phyRxTxSwitcherOff
 .text.deleteHeadQueueElem
                0x0040bd00        0xc ./../../../../BitCloud/lib/libBc_All_At91sam3s4c_Rf231_Gcc.a(queue.o)
                0x0040bd00                deleteHeadQueueElem
 .text.deleteQueueElem
                0x0040bd0c       0x2c ./../../../../BitCloud/lib/libBc_All_At91sam3s4c_Rf231_Gcc.a(queue.o)
                0x0040bd0c                deleteQueueElem
 .text.isQueueElem
                0x0040bd38       0x12 ./../../../../BitCloud/lib/libBc_All_At91sam3s4c_Rf231_Gcc.a(queue.o)
                0x0040bd38                isQueueElem
 .text.putQueueElem
                0x0040bd4a       0x22 ./../../../../BitCloud/lib/libBc_All_At91sam3s4c_Rf231_Gcc.a(queue.o)
                0x0040bd4a                putQueueElem
 .text.SYS_DuplicateTableReset
                0x0040bd6c       0x42 ./../../../../BitCloud/lib/libBc_All_At91sam3s4c_Rf231_Gcc.a(sysDuplicateTable.o)
                0x0040bd6c                SYS_DuplicateTableReset
 .text.duplicateTableUpdate
                0x0040bdae       0x4c ./../../../../BitCloud/lib/libBc_All_At91sam3s4c_Rf231_Gcc.a(sysDuplicateTable.o)
                0x0040bdae                duplicateTableUpdate
 .text.SYS_DuplicateTableCheck
                0x0040bdfa       0xa8 ./../../../../BitCloud/lib/libBc_All_At91sam3s4c_Rf231_Gcc.a(sysDuplicateTable.o)
                0x0040bdfa                SYS_DuplicateTableCheck
 .text.SYS_DuplicateTableClear
                0x0040bea2       0x40 ./../../../../BitCloud/lib/libBc_All_At91sam3s4c_Rf231_Gcc.a(sysDuplicateTable.o)
                0x0040bea2                SYS_DuplicateTableClear
 *fill*         0x0040bee2        0x2 00
 .text.SYS_PostEvent
                0x0040bee4       0x40 ./../../../../BitCloud/lib/libBc_All_At91sam3s4c_Rf231_Gcc.a(sysEvents.o)
                0x0040bee4                SYS_PostEvent
 .text.SYS_IsEventDeliverable
                0x0040bf24       0x20 ./../../../../BitCloud/lib/libBc_All_At91sam3s4c_Rf231_Gcc.a(sysEvents.o)
                0x0040bf24                SYS_IsEventDeliverable
 .text.SYS_IsEventSubscriber
                0x0040bf44       0x1c ./../../../../BitCloud/lib/libBc_All_At91sam3s4c_Rf231_Gcc.a(sysEvents.o)
                0x0040bf44                SYS_IsEventSubscriber
 .text.SYS_SubscribeToEvent
                0x0040bf60       0x54 ./../../../../BitCloud/lib/libBc_All_At91sam3s4c_Rf231_Gcc.a(sysEvents.o)
                0x0040bf60                SYS_SubscribeToEvent
 .text.SYS_StartTimer
                0x0040bfb4       0x10 ./../../../../BitCloud/lib/libBc_All_At91sam3s4c_Rf231_Gcc.a(sysTimer.o)
                0x0040bfb4                SYS_StartTimer
 .text.SYS_StopTimer
                0x0040bfc4       0x12 ./../../../../BitCloud/lib/libBc_All_At91sam3s4c_Rf231_Gcc.a(sysTimer.o)
                0x0040bfc4                SYS_StopTimer
 .text.SYS_InitTimer
                0x0040bfd6       0x1a ./../../../../BitCloud/lib/libBc_All_At91sam3s4c_Rf231_Gcc.a(sysTimer.o)
                0x0040bfd6                SYS_InitTimer
 .text.SYS_RunTask
                0x0040bff0       0x54 ./../../../../BitCloud/lib/libBc_All_At91sam3s4c_Rf231_Gcc.a(taskManager.o)
                0x0040bff0                SYS_RunTask
 .text.SYS_SysInit
                0x0040c044       0x28 ./../../../../BitCloud/lib/libBc_All_At91sam3s4c_Rf231_Gcc.a(taskManager.o)
                0x0040c044                SYS_SysInit
 .text.APS_StopConf
                0x0040c06c       0x18 ./../../../../BitCloud/lib/libBc_All_At91sam3s4c_Rf231_Gcc.a(zdo.o)
 .text.zdoNodeManagerNwkLeaveConf
                0x0040c084       0x10 ./../../../../BitCloud/lib/libBc_All_At91sam3s4c_Rf231_Gcc.a(zdo.o)
 .text.zdoStackResetConf
                0x0040c094       0x1c ./../../../../BitCloud/lib/libBc_All_At91sam3s4c_Rf231_Gcc.a(zdo.o)
 .text.zdoSecurityManagerHandler
                0x0040c0b0        0x2 ./../../../../BitCloud/lib/libBc_All_At91sam3s4c_Rf231_Gcc.a(zdo.o)
                0x0040c0b0                zdoSecurityManagerHandler
 *fill*         0x0040c0b2        0x2 00
 .text.joinNetwork
                0x0040c0b4       0x40 ./../../../../BitCloud/lib/libBc_All_At91sam3s4c_Rf231_Gcc.a(zdo.o)
 .text.zdoRejoinNetwork
                0x0040c0f4       0x28 ./../../../../BitCloud/lib/libBc_All_At91sam3s4c_Rf231_Gcc.a(zdo.o)
 .text.zdoIntraPanPortApsStopConf
                0x0040c11c       0x20 ./../../../../BitCloud/lib/libBc_All_At91sam3s4c_Rf231_Gcc.a(zdo.o)
 .text.joinTimerFired
                0x0040c13c        0x4 ./../../../../BitCloud/lib/libBc_All_At91sam3s4c_Rf231_Gcc.a(zdo.o)
 .text.zdoPostTask
                0x0040c140       0x34 ./../../../../BitCloud/lib/libBc_All_At91sam3s4c_Rf231_Gcc.a(zdo.o)
 .text.startConfirm
                0x0040c174       0x30 ./../../../../BitCloud/lib/libBc_All_At91sam3s4c_Rf231_Gcc.a(zdo.o)
 .text.sleepConfirm
                0x0040c1a4       0x24 ./../../../../BitCloud/lib/libBc_All_At91sam3s4c_Rf231_Gcc.a(zdo.o)
 .text.wakeUpConfirm
                0x0040c1c8       0x24 ./../../../../BitCloud/lib/libBc_All_At91sam3s4c_Rf231_Gcc.a(zdo.o)
 .text.zdoSetZdpIndState
                0x0040c1ec       0x14 ./../../../../BitCloud/lib/libBc_All_At91sam3s4c_Rf231_Gcc.a(zdo.o)
 .text.ttlUpdateTimerFired
                0x0040c200       0x48 ./../../../../BitCloud/lib/libBc_All_At91sam3s4c_Rf231_Gcc.a(zdo.o)
 .text.zdoZdpResetReq
                0x0040c248       0x74 ./../../../../BitCloud/lib/libBc_All_At91sam3s4c_Rf231_Gcc.a(zdo.o)
 .text.zdoNetworkFormationReq
                0x0040c2bc       0x2c ./../../../../BitCloud/lib/libBc_All_At91sam3s4c_Rf231_Gcc.a(zdo.o)
 .text.permitJoin
                0x0040c2e8       0x24 ./../../../../BitCloud/lib/libBc_All_At91sam3s4c_Rf231_Gcc.a(zdo.o)
 .text.zdoPseudoRandomSeed
                0x0040c30c       0x22 ./../../../../BitCloud/lib/libBc_All_At91sam3s4c_Rf231_Gcc.a(zdo.o)
 *fill*         0x0040c32e        0x2 00
 .text.RF_RandomConfUpdater
                0x0040c330       0x1c ./../../../../BitCloud/lib/libBc_All_At91sam3s4c_Rf231_Gcc.a(zdo.o)
 .text.zdoStackReset
                0x0040c34c       0x28 ./../../../../BitCloud/lib/libBc_All_At91sam3s4c_Rf231_Gcc.a(zdo.o)
 .text.startSystemSleep
                0x0040c374       0x38 ./../../../../BitCloud/lib/libBc_All_At91sam3s4c_Rf231_Gcc.a(zdo.o)
 .text.transceiverSwitchedOff
                0x0040c3ac       0x1a ./../../../../BitCloud/lib/libBc_All_At91sam3s4c_Rf231_Gcc.a(zdo.o)
 *fill*         0x0040c3c6        0x2 00
 .text.zdoZdpManagerHandler
                0x0040c3c8      0x140 ./../../../../BitCloud/lib/libBc_All_At91sam3s4c_Rf231_Gcc.a(zdo.o)
 .text.zdoNwkEventListener
                0x0040c508       0x5c ./../../../../BitCloud/lib/libBc_All_At91sam3s4c_Rf231_Gcc.a(zdo.o)
 .text.zdoOtherEventListener
                0x0040c564       0x2e ./../../../../BitCloud/lib/libBc_All_At91sam3s4c_Rf231_Gcc.a(zdo.o)
 *fill*         0x0040c592        0x2 00
 .text.channelChangeTimerFired
                0x0040c594       0x28 ./../../../../BitCloud/lib/libBc_All_At91sam3s4c_Rf231_Gcc.a(zdo.o)
 .text.zdoChildEventListener
                0x0040c5bc       0x90 ./../../../../BitCloud/lib/libBc_All_At91sam3s4c_Rf231_Gcc.a(zdo.o)
 .text.zdoCheckStartNetworkRequestsQueue
                0x0040c64c       0x28 ./../../../../BitCloud/lib/libBc_All_At91sam3s4c_Rf231_Gcc.a(zdo.o)
 .text.reenterNetwork
                0x0040c674       0x34 ./../../../../BitCloud/lib/libBc_All_At91sam3s4c_Rf231_Gcc.a(zdo.o)
 .text.zdoSetZdpDataReqState
                0x0040c6a8       0x28 ./../../../../BitCloud/lib/libBc_All_At91sam3s4c_Rf231_Gcc.a(zdo.o)
 .text.confirmResponse
                0x0040c6d0        0x6 ./../../../../BitCloud/lib/libBc_All_At91sam3s4c_Rf231_Gcc.a(zdo.o)
 .text.zdoDefaultBindApsDataConf
                0x0040c6d6        0x6 ./../../../../BitCloud/lib/libBc_All_At91sam3s4c_Rf231_Gcc.a(zdo.o)
 .text.confirmMgmtLqiResponse
                0x0040c6dc        0x6 ./../../../../BitCloud/lib/libBc_All_At91sam3s4c_Rf231_Gcc.a(zdo.o)
 *fill*         0x0040c6e2        0x2 00
 .text.permitJoiningConf
                0x0040c6e4       0x20 ./../../../../BitCloud/lib/libBc_All_At91sam3s4c_Rf231_Gcc.a(zdo.o)
 .text.confirmMgmtPermitJoiningResponse
                0x0040c704        0x6 ./../../../../BitCloud/lib/libBc_All_At91sam3s4c_Rf231_Gcc.a(zdo.o)
 *fill*         0x0040c70a        0x2 00
 .text.zdoZdpApsConfCallback
                0x0040c70c       0x60 ./../../../../BitCloud/lib/libBc_All_At91sam3s4c_Rf231_Gcc.a(zdo.o)
 .text.zdoStartNetworkConfirm
                0x0040c76c       0x24 ./../../../../BitCloud/lib/libBc_All_At91sam3s4c_Rf231_Gcc.a(zdo.o)
 .text.startSyncTimer.part.4
                0x0040c790       0x38 ./../../../../BitCloud/lib/libBc_All_At91sam3s4c_Rf231_Gcc.a(zdo.o)
 .text.zdoUpdateRandSeedTimerFired
                0x0040c7c8       0x38 ./../../../../BitCloud/lib/libBc_All_At91sam3s4c_Rf231_Gcc.a(zdo.o)
 .text.sendSyncReq
                0x0040c800       0x34 ./../../../../BitCloud/lib/libBc_All_At91sam3s4c_Rf231_Gcc.a(zdo.o)
 .text.transceiverSwitchedOn
                0x0040c834       0x40 ./../../../../BitCloud/lib/libBc_All_At91sam3s4c_Rf231_Gcc.a(zdo.o)
 .text.wakeupCallback
                0x0040c874       0x48 ./../../../../BitCloud/lib/libBc_All_At91sam3s4c_Rf231_Gcc.a(zdo.o)
 .text.zdoPowerManagerHandler
                0x0040c8bc       0xec ./../../../../BitCloud/lib/libBc_All_At91sam3s4c_Rf231_Gcc.a(zdo.o)
 .text.confirmMgmtNwkUpdateNotify
                0x0040c9a8       0x3c ./../../../../BitCloud/lib/libBc_All_At91sam3s4c_Rf231_Gcc.a(zdo.o)
 .text.MAC_SetConf
                0x0040c9e4       0x78 ./../../../../BitCloud/lib/libBc_All_At91sam3s4c_Rf231_Gcc.a(zdo.o)
 .text.zdoInitNotifications
                0x0040ca5c       0x6c ./../../../../BitCloud/lib/libBc_All_At91sam3s4c_Rf231_Gcc.a(zdo.o)
                0x0040ca5c                zdoInitNotifications
 .text.zdoInitHandler
                0x0040cac8       0xc4 ./../../../../BitCloud/lib/libBc_All_At91sam3s4c_Rf231_Gcc.a(zdo.o)
 .text.NWK_JoinInd
                0x0040cb8c       0x32 ./../../../../BitCloud/lib/libBc_All_At91sam3s4c_Rf231_Gcc.a(zdo.o)
                0x0040cb8c                NWK_JoinInd
 .text.ZDO_GetLqiRssi
                0x0040cbbe       0x24 ./../../../../BitCloud/lib/libBc_All_At91sam3s4c_Rf231_Gcc.a(zdo.o)
                0x0040cbbe                ZDO_GetLqiRssi
 *fill*         0x0040cbe2        0x2 00
 .text.ZDO_SleepReq
                0x0040cbe4       0x34 ./../../../../BitCloud/lib/libBc_All_At91sam3s4c_Rf231_Gcc.a(zdo.o)
                0x0040cbe4                ZDO_SleepReq
 .text.ZDO_StartSyncReq
                0x0040cc18       0x38 ./../../../../BitCloud/lib/libBc_All_At91sam3s4c_Rf231_Gcc.a(zdo.o)
                0x0040cc18                ZDO_StartSyncReq
 .text.deviceAnnceConf
                0x0040cc50       0x24 ./../../../../BitCloud/lib/libBc_All_At91sam3s4c_Rf231_Gcc.a(zdo.o)
 .text.ZDO_StopSyncReq
                0x0040cc74       0x24 ./../../../../BitCloud/lib/libBc_All_At91sam3s4c_Rf231_Gcc.a(zdo.o)
                0x0040cc74                ZDO_StopSyncReq