Archive member included because of file (symbol)

c:/program files (x86)/atmel/atmel toolchain/avr8 gcc/native/3.4.2.1002/avr8-gnu-toolchain/bin/../lib/gcc/avr/4.7.2/avr51\libgcc.a(_udivmodhi4.o)
                              ./GCC/tal_ed.o (__udivmodhi4)
c:/program files (x86)/atmel/atmel toolchain/avr8 gcc/native/3.4.2.1002/avr8-gnu-toolchain/bin/../lib/gcc/avr/4.7.2/avr51\libgcc.a(_udivmodsi4.o)
                              ./GCC/pal_uart.o (__udivmodsi4)
c:/program files (x86)/atmel/atmel toolchain/avr8 gcc/native/3.4.2.1002/avr8-gnu-toolchain/bin/../lib/gcc/avr/4.7.2/avr51\libgcc.a(_exit.o)
                              c:/program files (x86)/atmel/atmel toolchain/avr8 gcc/native/3.4.2.1002/avr8-gnu-toolchain/bin/../lib/gcc/avr/4.7.2/../../../../avr/lib/avr51/crtm128rfa1.o (exit)
c:/program files (x86)/atmel/atmel toolchain/avr8 gcc/native/3.4.2.1002/avr8-gnu-toolchain/bin/../lib/gcc/avr/4.7.2/avr51\libgcc.a(_copy_data.o)
                              ./GCC/main.o (__do_copy_data)
c:/program files (x86)/atmel/atmel toolchain/avr8 gcc/native/3.4.2.1002/avr8-gnu-toolchain/bin/../lib/gcc/avr/4.7.2/avr51\libgcc.a(_clear_bss.o)
                              ./GCC/main.o (__do_clear_bss)
c:/program files (x86)/atmel/atmel toolchain/avr8 gcc/native/3.4.2.1002/avr8-gnu-toolchain/bin/../lib/gcc/avr/4.7.2/avr51\libgcc.a(_muluhisi3.o)
                              ./GCC/tal_slotted_csma.o (__muluhisi3)
c:/program files (x86)/atmel/atmel toolchain/avr8 gcc/native/3.4.2.1002/avr8-gnu-toolchain/bin/../lib/gcc/avr/4.7.2/avr51\libgcc.a(_adddi3_s8.o)
                              ./GCC/tal_init.o (__adddi3_s8)
c:/program files (x86)/atmel/atmel toolchain/avr8 gcc/native/3.4.2.1002/avr8-gnu-toolchain/bin/../lib/gcc/avr/4.7.2/avr51\libgcc.a(_cmpdi2.o)
                              ./GCC/main.o (__cmpdi2)
c:/program files (x86)/atmel/atmel toolchain/avr8 gcc/native/3.4.2.1002/avr8-gnu-toolchain/bin/../lib/gcc/avr/4.7.2/avr51\libgcc.a(_cmpdi2_s8.o)
                              ./GCC/tal_init.o (__cmpdi2_s8)
c:/program files (x86)/atmel/atmel toolchain/avr8 gcc/native/3.4.2.1002/avr8-gnu-toolchain/bin/../lib/gcc/avr/4.7.2/avr51\libgcc.a(_fixunssfsi.o)
                              ./GCC/tal_rx.o (__fixunssfsi)
c:/program files (x86)/atmel/atmel toolchain/avr8 gcc/native/3.4.2.1002/avr8-gnu-toolchain/bin/../lib/gcc/avr/4.7.2/avr51\libgcc.a(_addsub_sf.o)
                              ./GCC/tal_rx.o (__addsf3)
c:/program files (x86)/atmel/atmel toolchain/avr8 gcc/native/3.4.2.1002/avr8-gnu-toolchain/bin/../lib/gcc/avr/4.7.2/avr51\libgcc.a(_mul_sf.o)
                              ./GCC/tal_rx.o (__mulsf3)
c:/program files (x86)/atmel/atmel toolchain/avr8 gcc/native/3.4.2.1002/avr8-gnu-toolchain/bin/../lib/gcc/avr/4.7.2/avr51\libgcc.a(_ge_sf.o)
                              c:/program files (x86)/atmel/atmel toolchain/avr8 gcc/native/3.4.2.1002/avr8-gnu-toolchain/bin/../lib/gcc/avr/4.7.2/avr51\libgcc.a(_fixunssfsi.o) (__gesf2)
c:/program files (x86)/atmel/atmel toolchain/avr8 gcc/native/3.4.2.1002/avr8-gnu-toolchain/bin/../lib/gcc/avr/4.7.2/avr51\libgcc.a(_si_to_sf.o)
                              ./GCC/tal_rx.o (__floatsisf)
c:/program files (x86)/atmel/atmel toolchain/avr8 gcc/native/3.4.2.1002/avr8-gnu-toolchain/bin/../lib/gcc/avr/4.7.2/avr51\libgcc.a(_sf_to_si.o)
                              c:/program files (x86)/atmel/atmel toolchain/avr8 gcc/native/3.4.2.1002/avr8-gnu-toolchain/bin/../lib/gcc/avr/4.7.2/avr51\libgcc.a(_fixunssfsi.o) (__fixsfsi)
c:/program files (x86)/atmel/atmel toolchain/avr8 gcc/native/3.4.2.1002/avr8-gnu-toolchain/bin/../lib/gcc/avr/4.7.2/avr51\libgcc.a(_thenan_sf.o)
                              c:/program files (x86)/atmel/atmel toolchain/avr8 gcc/native/3.4.2.1002/avr8-gnu-toolchain/bin/../lib/gcc/avr/4.7.2/avr51\libgcc.a(_addsub_sf.o) (__thenan_sf)
c:/program files (x86)/atmel/atmel toolchain/avr8 gcc/native/3.4.2.1002/avr8-gnu-toolchain/bin/../lib/gcc/avr/4.7.2/avr51\libgcc.a(_clzsi2.o)
                              c:/program files (x86)/atmel/atmel toolchain/avr8 gcc/native/3.4.2.1002/avr8-gnu-toolchain/bin/../lib/gcc/avr/4.7.2/avr51\libgcc.a(_si_to_sf.o) (__clzsi2)
c:/program files (x86)/atmel/atmel toolchain/avr8 gcc/native/3.4.2.1002/avr8-gnu-toolchain/bin/../lib/gcc/avr/4.7.2/avr51\libgcc.a(_clzhi2.o)
                              c:/program files (x86)/atmel/atmel toolchain/avr8 gcc/native/3.4.2.1002/avr8-gnu-toolchain/bin/../lib/gcc/avr/4.7.2/avr51\libgcc.a(_clzsi2.o) (__clzhi2)
c:/program files (x86)/atmel/atmel toolchain/avr8 gcc/native/3.4.2.1002/avr8-gnu-toolchain/bin/../lib/gcc/avr/4.7.2/avr51\libgcc.a(_umulhisi3.o)
                              c:/program files (x86)/atmel/atmel toolchain/avr8 gcc/native/3.4.2.1002/avr8-gnu-toolchain/bin/../lib/gcc/avr/4.7.2/avr51\libgcc.a(_muluhisi3.o) (__umulhisi3)
c:/program files (x86)/atmel/atmel toolchain/avr8 gcc/native/3.4.2.1002/avr8-gnu-toolchain/bin/../lib/gcc/avr/4.7.2/avr51\libgcc.a(_prologue.o)
[...]
Memory Configuration

Name             Origin             Length             Attributes
text             0x00000000         0x00020000         xr
data             0x00800100         0x0000ff00         rw !x
eeprom           0x00810000         0x00010000         rw !x
fuse             0x00820000         0x00000400         rw !x
lock             0x00830000         0x00000400         rw !x
signature        0x00840000         0x00000400         rw !x
user_signatures  0x00850000         0x00000400         rw !x
*default*        0x00000000         0xffffffff

Linker script and memory map

Address of section .data set to 0x800200
LOAD c:/program files (x86)/atmel/atmel toolchain/avr8 gcc/native/3.4.2.1002/avr8-gnu-toolchain/bin/../lib/gcc/avr/4.7.2/../../../../avr/lib/avr51/crtm128rfa1.o
Address of section .data set to 0x800200
LOAD ./GCC/main.o
LOAD ./GCC/sio_handler.o
LOAD ./GCC/pal_uart.o
LOAD ./GCC/pal_usb_ftdi.o
LOAD ./GCC/pal_sio_hub.o
LOAD ./GCC/pal_irq.o
LOAD ./GCC/pal.o
LOAD ./GCC/pal_mcu_generic.o
LOAD ./GCC/pal_timer.o
LOAD ./GCC/pal_board.o
LOAD ./GCC/pal_utils.o
LOAD ./GCC/bmm.o
LOAD ./GCC/qmm.o
LOAD ./GCC/tal.o
LOAD ./GCC/tal_rx.o
LOAD ./GCC/tal_tx.o
LOAD ./GCC/tal_ed.o
LOAD ./GCC/tal_slotted_csma.o
LOAD ./GCC/tal_pib.o
LOAD ./GCC/tal_init.o
LOAD ./GCC/tal_irq_handler.o
LOAD ./GCC/tal_pwr_mgmt.o
LOAD ./GCC/tal_rx_enable.o
LOAD ./GCC/mac_associate.o
LOAD ./GCC/mac_beacon.o
LOAD ./GCC/mac_callback_wrapper.o
LOAD ./GCC/mac_data_ind.o
LOAD ./GCC/mac_data_req.o
LOAD ./GCC/mac_data_extract_mhr.o
LOAD ./GCC/mac_disassociate.o
LOAD ./GCC/mac_dispatcher.o
LOAD ./GCC/mac.o
LOAD ./GCC/mac_mcps_data.o
LOAD ./GCC/mac_misc.o
LOAD ./GCC/mac_orphan.o
LOAD ./GCC/mac_pib.o
LOAD ./GCC/mac_poll.o
LOAD ./GCC/mac_process_beacon_frame.o
LOAD ./GCC/mac_process_tal_tx_frame_status.o
LOAD ./GCC/mac_rx_enable.o
LOAD ./GCC/mac_scan.o
LOAD ./GCC/mac_start.o
LOAD ./GCC/mac_sync.o
LOAD ./GCC/mac_tx_coord_realignment_command.o
LOAD ./GCC/mac_api.o
LOAD ./GCC/usr_mcps_purge_conf.o
LOAD ./GCC/usr_mlme_beacon_notify_ind.o
LOAD ./GCC/usr_mlme_disassociate_conf.o
LOAD ./GCC/usr_mlme_disassociate_ind.o
LOAD ./GCC/usr_mlme_get_conf.o
LOAD ./GCC/usr_mlme_orphan_ind.o
LOAD ./GCC/usr_mlme_poll_conf.o
LOAD ./GCC/usr_mlme_rx_enable_conf.o
LOAD ./GCC/usr_mlme_sync_loss_ind.o
LOAD c:/program files (x86)/atmel/atmel toolchain/avr8 gcc/native/3.4.2.1002/avr8-gnu-toolchain/bin/../lib/gcc/avr/4.7.2/avr51\libgcc.a
LOAD c:/program files (x86)/atmel/atmel toolchain/avr8 gcc/native/3.4.2.1002/avr8-gnu-toolchain/bin/../lib/gcc/avr/4.7.2/../../../../avr/lib/avr51\libc.a
LOAD c:/program files (x86)/atmel/atmel toolchain/avr8 gcc/native/3.4.2.1002/avr8-gnu-toolchain/bin/../lib/gcc/avr/4.7.2/avr51\libgcc.a

.hash
 *(.hash)

.dynsym
 *(.dynsym)

.dynstr
 *(.dynstr)

.gnu.version
 *(.gnu.version)

.gnu.version_d
 *(.gnu.version_d)

.gnu.version_r
 *(.gnu.version_r)

.rel.init
 *(.rel.init)

.rela.init
 *(.rela.init)

.rel.text
 *(.rel.text)
 *(.rel.text.*)
 *(.rel.gnu.linkonce.t*)

.rela.text
 *(.rela.text)
 *(.rela.text.*)
 *(.rela.gnu.linkonce.t*)

.rel.fini
 *(.rel.fini)

.rela.fini
 *(.rela.fini)

.rel.rodata
 *(.rel.rodata)
 *(.rel.rodata.*)
 *(.rel.gnu.linkonce.r*)

.rela.rodata
 *(.rela.rodata)
 *(.rela.rodata.*)
 *(.rela.gnu.linkonce.r*)

.rel.data
 *(.rel.data)
 *(.rel.data.*)
 *(.rel.gnu.linkonce.d*)

.rela.data
 *(.rela.data)
 *(.rela.data.*)
 *(.rela.gnu.linkonce.d*)

.rel.ctors
 *(.rel.ctors)

.rela.ctors
 *(.rela.ctors)

.rel.dtors
 *(.rel.dtors)

.rela.dtors
 *(.rela.dtors)

.rel.got
 *(.rel.got)

.rela.got
 *(.rela.got)

.rel.bss
 *(.rel.bss)

.rela.bss
 *(.rela.bss)

.rel.plt
 *(.rel.plt)

.rela.plt
 *(.rela.plt)

.text           0x00000000     0x9ac2
 *(.vectors)
 .vectors       0x00000000      0x120 c:/program files (x86)/atmel/atmel toolchain/avr8 gcc/native/3.4.2.1002/avr8-gnu-toolchain/bin/../lib/gcc/avr/4.7.2/../../../../avr/lib/avr51/crtm128rfa1.o
                0x00000000                __vector_default
                0x00000000                __vectors
 *(.vectors)
 *(.progmem.gcc*)
 *(.progmem*)
 .progmem.data  0x00000120       0x10 ./GCC/tal_pib.o
                0x00000120                tx_pwr_table
 .progmem.data  0x00000130       0x48 ./GCC/mac_dispatcher.o
 .progmem.data  0x00000178       0x29 ./GCC/mac_pib.o
                0x000001a2                . = ALIGN (0x2)
 *fill*         0x000001a1        0x1 
                0x000001a2                __trampolines_start = .
 *(.trampolines)
 .trampolines   0x000001a2        0x0 linker stubs
 *(.trampolines*)
                0x000001a2                __trampolines_end = .
 *(.jumptables)
 *(.jumptables*)
 *(.lowtext)
 *(.lowtext*)
                0x000001a2                __ctors_start = .
 *(.ctors)
                0x000001a2                __ctors_end = .
                0x000001a2                __dtors_start = .
 *(.dtors)
                0x000001a2                __dtors_end = .
 SORT(*)(.ctors)
 SORT(*)(.dtors)
 *(.init0)
 .init0         0x000001a2        0x0 c:/program files (x86)/atmel/atmel toolchain/avr8 gcc/native/3.4.2.1002/avr8-gnu-toolchain/bin/../lib/gcc/avr/4.7.2/../../../../avr/lib/avr51/crtm128rfa1.o
                0x000001a2                __init
 *(.init0)
 *(.init1)
 *(.init1)
 *(.init2)
 .init2         0x000001a2        0xc c:/program files (x86)/atmel/atmel toolchain/avr8 gcc/native/3.4.2.1002/avr8-gnu-toolchain/bin/../lib/gcc/avr/4.7.2/../../../../avr/lib/avr51/crtm128rfa1.o
 *(.init2)
 *(.init3)
 *(.init3)
 *(.init4)
 .init4         0x000001ae       0x1a c:/program files (x86)/atmel/atmel toolchain/avr8 gcc/native/3.4.2.1002/avr8-gnu-toolchain/bin/../lib/gcc/avr/4.7.2/avr51\libgcc.a(_copy_data.o)
                0x000001ae                __do_copy_data
 .init4         0x000001c8       0x10 c:/program files (x86)/atmel/atmel toolchain/avr8 gcc/native/3.4.2.1002/avr8-gnu-toolchain/bin/../lib/gcc/avr/4.7.2/avr51\libgcc.a(_clear_bss.o)
                0x000001c8                __do_clear_bss
 *(.init4)
 *(.init5)
 *(.init5)
 *(.init6)
 *(.init6)
 *(.init7)
 *(.init7)
 *(.init8)
 *(.init8)
 *(.init9)
 .init9         0x000001d8        0x8 c:/program files (x86)/atmel/atmel toolchain/avr8 gcc/native/3.4.2.1002/avr8-gnu-toolchain/bin/../lib/gcc/avr/4.7.2/../../../../avr/lib/avr51/crtm128rfa1.o
 *(.init9)
 *(.text)
 .text          0x000001e0        0x4 c:/program files (x86)/atmel/atmel toolchain/avr8 gcc/native/3.4.2.1002/avr8-gnu-toolchain/bin/../lib/gcc/avr/4.7.2/../../../../avr/lib/avr51/crtm128rfa1.o
                0x000001e0                __vector_38
                0x000001e0                __vector_22
                0x000001e0                __vector_28
                0x000001e0                __vector_67
                0x000001e0                __vector_1
                0x000001e0                __vector_32
                0x000001e0                __vector_34
                0x000001e0                __vector_24
                0x000001e0                __vector_12
                0x000001e0                __vector_55
                0x000001e0                __vector_69
                0x000001e0                __vector_46
                0x000001e0                __bad_interrupt
                0x000001e0                __vector_31
                0x000001e0                __vector_35
                0x000001e0                __vector_39
                0x000001e0                __vector_3
                0x000001e0                __vector_23
                0x000001e0                __vector_68
                0x000001e0                __vector_30
                0x000001e0                __vector_45
                0x000001e0                __vector_11
                0x000001e0                __vector_54
                0x000001e0                __vector_13
                0x000001e0                __vector_17
                0x000001e0                __vector_19
                0x000001e0                __vector_56
                0x000001e0                __vector_7
                0x000001e0                __vector_49
                0x000001e0                __vector_41
                0x000001e0                __vector_43
                0x000001e0                __vector_5
                0x000001e0                __vector_33
                0x000001e0                __vector_47
                0x000001e0                __vector_52
                0x000001e0                __vector_37
                0x000001e0                __vector_4
                0x000001e0                __vector_44
                0x000001e0                __vector_51
                0x000001e0                __vector_9
                0x000001e0                __vector_2
                0x000001e0                __vector_21
                0x000001e0                __vector_15
                0x000001e0                __vector_36
                0x000001e0                __vector_29
                0x000001e0                __vector_40
                0x000001e0                __vector_8
                0x000001e0                __vector_26
                0x000001e0                __vector_48
                0x000001e0                __vector_14
                0x000001e0                __vector_53
                0x000001e0                __vector_10
                0x000001e0                __vector_50
                0x000001e0                __vector_16
                0x000001e0                __vector_18
                0x000001e0                __vector_20
                0x000001e0                __vector_42
 .text          0x000001e4      0xa22 ./GCC/main.o
                0x00000252                dummy_init_values
                0x000002fc                dummy_generate_values
                0x000005ee                dummy_pack_values
                0x0000094a                dummy_send_data
                0x00000992                usr_mlme_reset_conf
                0x000009c2                usr_mlme_set_conf
                0x00000a4c                usr_mlme_scan_conf
                0x00000a76                usr_mlme_start_conf
                0x00000a9c                usr_mlme_associate_ind
                0x00000bae                usr_mlme_comm_status_ind
                0x00000bb0                usr_mcps_data_ind
                0x00000c02                usr_mlme_associate_conf
                0x00000c04                usr_mcps_data_conf
 .text          0x00000c06       0xd2 ./GCC/sio_handler.o
                0x00000c06                _sio_putchar
                0x00000c4e                _sio_getchar
                0x00000c76                _sio_getchar_nowait
                0x00000ca6                sio_binarywrite
 .text          0x00000cd8      0x200 ./GCC/pal_uart.o
                0x00000cd8                sio_uart_0_init
                0x00000d2e                sio_uart_0_tx
                0x00000daa                sio_uart_0_rx
                0x00000e26                __vector_25
                0x00000e7e                __vector_27
 .text          0x00000ed8        0x0 ./GCC/pal_usb_ftdi.o
 .text          0x00000ed8       0x3c ./GCC/pal_sio_hub.o
                0x00000ed8                pal_sio_init
                0x00000ef0                pal_sio_tx
                0x00000f02                pal_sio_rx
 .text          0x00000f14      0x1f8 ./GCC/pal_irq.o
                0x00000f14                pal_trx_irq_init_tx_end
                0x00000f1e                pal_trx_irq_init_rx_end
                0x00000f28                pal_trx_irq_init_cca_ed
                0x00000f32                pal_trx_irq_init_tstamp
                0x00000f3c                __vector_63
                0x00000f92                __vector_60
                0x00000fe8                __vector_61
                0x0000103e                __vector_64
                0x00001052                __vector_59
                0x000010a8                __vector_57
                0x000010bc                __vector_58
                0x000010d0                __vector_62
                0x000010e4                __vector_71
                0x000010f8                __vector_70
 .text          0x0000110c       0xea ./GCC/pal.o
                0x0000110c                pal_init
                0x00001132                pal_task
                0x00001136                pal_ps_get
                0x0000118c                pal_ps_set
                0x000011e0                pal_alert
 .text          0x000011f6       0x44 ./GCC/pal_mcu_generic.o
                0x000011f6                mcu_init
 .text          0x0000123a      0x7ba ./GCC/pal_timer.o
                0x0000134c                timer_init
                0x000013ae                pal_timer_source_select
                0x000013b0                pal_get_current_time
                0x000013ea                pal_trx_read_timestamp
                0x0000141c                pal_timer_delay
                0x00001470                pal_is_timer_running
                0x0000148a                internal_timer_handler
                0x00001512                pal_timer_stop
                0x00001678                pal_timer_start
                0x0000190a                timer_service
                0x00001978                __vector_65
                0x000019ca                __vector_66
 .text          0x000019f4       0x76 ./GCC/pal_board.o
                0x000019f4                pal_calibrate_rc_osc
                0x000019f8                pal_led_init
                0x00001a06                pal_led
                0x00001a24                pal_button_init
                0x00001a2a                pal_button_read
                0x00001a34                gpio_init
                0x00001a36                pal_sleep_mode
                0x00001a54                __vector_6
 .text          0x00001a6a        0x0 ./GCC/pal_utils.o
 .text          0x00001a6a       0x7c ./GCC/bmm.o
                0x00001a6a                bmm_buffer_init
                0x00001aca                bmm_buffer_alloc
                0x00001ad6                bmm_buffer_free
 .text          0x00001ae6      0x162 ./GCC/qmm.o
                0x00001bc6                qmm_queue_init
                0x00001bd4                qmm_queue_append
                0x00001c0a                qmm_queue_remove
                0x00001c14                qmm_queue_read
                0x00001c1e                qmm_queue_flush
 .text          0x00001c48      0x37a ./GCC/tal.o
                0x00001c7a                set_trx_state
                0x00001f48                tal_task
 .text          0x00001fc2      0x19c ./GCC/tal_rx.o
                0x00001fc2                handle_received_frame_irq
                0x000020a4                process_incoming_frame
 .text          0x0000215e      0x3d8 ./GCC/tal_tx.o
                0x0000215e                tx_done_handling
                0x000021c6                send_frame
                0x000022ca                tal_tx_frame
                0x0000242c                handle_tx_end_irq
                0x000024de                tal_tx_beacon
 .text          0x00002536      0x148 ./GCC/tal_ed.o
                0x00002584                tal_ed_start
                0x00002638                ed_scan_done
 .text          0x0000267e      0x7c0 ./GCC/tal_slotted_csma.o
                0x00002bbc                calculate_transaction_duration
                0x00002c1e                slotted_csma_start
                0x00002d7e                slotted_csma_state_handling
 .text          0x00002e3e      0x3f0 ./GCC/tal_pib.o
                0x00002eba                init_tal_pib
                0x00002f42                write_all_tal_pib_to_trx
                0x00002ffc                tal_pib_set
 .text          0x0000322e      0x2c2 ./GCC/tal_init.o
                0x00003284                tal_generate_rand_seed
                0x00003374                tal_init
                0x0000348a                tal_reset
 .text          0x000034f0       0x28 ./GCC/tal_irq_handler.o
                0x000034f0                trx_rx_end_handler_cb
                0x00003500                trx_tx_end_handler_cb
                0x00003510                trx_irq_timestamp_handler_cb
 .text          0x00003518       0x5a ./GCC/tal_pwr_mgmt.o
                0x00003518                tal_trx_sleep
                0x00003554                tal_trx_wakeup
 .text          0x00003572       0x3e ./GCC/tal_rx_enable.o
                0x00003572                tal_rx_enable
 .text          0x000035b0      0x584 ./GCC/mac_associate.o
                0x000035b0                mac_gen_mlme_associate_conf
                0x000035ca                mac_t_assocresponsetime_cb
                0x00003630                mlme_associate_request
                0x00003832                mac_process_associate_request
                0x00003888                mlme_associate_response
                0x000039b4                mac_process_associate_response
                0x00003aa2                mac_t_response_wait_cb
 .text          0x00003b34      0x4c6 ./GCC/mac_beacon.o
                0x00003bc0                mac_build_and_tx_beacon
                0x00003dbe                mac_process_beacon_request
                0x00003dd2                mac_tx_pending_bc_data
                0x00003f6a                mac_start_beacon_timer
 .text          0x00003ffa      0x3f8 ./GCC/mac_callback_wrapper.o
                0x00003ffa                mcps_data_ind
                0x000040c6                mcps_data_conf
                0x000040ea                mcps_purge_conf
                0x00004106                mlme_associate_conf
                0x00004124                mlme_associate_ind
                0x00004152                mlme_beacon_notify_ind
                0x0000418a                mlme_comm_status_ind
                0x0000422a                mlme_disassociate_conf
                0x0000429e                mlme_disassociate_ind
                0x000042cc                mlme_get_conf
                0x000042ee                mlme_orphan_ind
                0x00004316                mlme_poll_conf
                0x00004330                mlme_reset_conf
                0x0000434a                mlme_rx_enable_conf
                0x00004364                mlme_scan_conf
                0x000043a8                mlme_set_conf
                0x000043c4                mlme_start_conf
                0x000043de                mlme_sync_loss_ind
 .text          0x000043f2      0x85c ./GCC/mac_data_ind.o
                0x0000464c                mac_process_tal_data_ind
                0x00004c36                tal_rx_frame_cb
 .text          0x00004c4e      0x530 ./GCC/mac_data_req.o
                0x00004d0e                mac_build_and_tx_data_req
                0x00004f1e                mac_handle_tx_null_data_frame
                0x000050a2                mac_process_data_request
 .text          0x0000517e      0x150 ./GCC/mac_data_extract_mhr.o
                0x0000517e                mac_extract_mhr_addr_info
 .text          0x000052ce      0x49c ./GCC/mac_disassociate.o
                0x00005356                mlme_disassociate_request
                0x00005590                mac_process_disassociate_notification
                0x00005616                mac_prep_disassoc_conf
 .text          0x0000576a       0x28 ./GCC/mac_dispatcher.o
                0x0000576a                dispatch_event
 .text          0x00005792       0x86 ./GCC/mac.o
                0x00005792                mac_task
                0x000057e2                mac_ready_to_sleep
 .text          0x00005818      0x7d0 ./GCC/mac_mcps_data.o
                0x00005856                mac_gen_mcps_data_conf
                0x0000587e                mac_process_data_frame
                0x00005b24                mac_start_persistence_timer
                0x00005c1c                mcps_data_request
                0x00005f6c                mcps_purge_request
 .text          0x00005fe8      0x330 ./GCC/mac_misc.o
                0x000060e4                mac_mlme_comm_status
                0x000061a2                mac_trx_init_sleep
                0x000061c8                mac_sleep_trans
                0x000061f0                mac_init
                0x00006232                mac_trx_wakeup
                0x0000624e                mlme_reset_request
                0x000062cc                mac_idle_trans
 .text          0x00006318       0x98 ./GCC/mac_orphan.o
                0x00006318                mac_process_orphan_notification
                0x00006376                mlme_orphan_response
 .text          0x000063b0      0x5b0 ./GCC/mac_pib.o
                0x000063b0                mlme_get_request
                0x00006610                mlme_set
                0x0000689c                mlme_set_request
                0x000068d6                set_tal_pib_internal
                0x00006922                mac_get_pib_attribute_size
 .text          0x00006960      0x13c ./GCC/mac_poll.o
                0x00006984                mlme_poll_request
                0x00006a3a                mac_t_poll_wait_time_cb
                0x00006a5a                mac_process_data_response
 .text          0x00006a9c      0x4f4 ./GCC/mac_process_beacon_frame.o
                0x00006abe                mac_process_beacon_frame
 .text          0x00006f90      0x294 ./GCC/mac_process_tal_tx_frame_status.o
                0x00006fd8                tal_tx_frame_done_cb
 .text          0x00007224      0x34e ./GCC/mac_rx_enable.o
                0x0000734c                mlme_rx_enable_request
 .text          0x00007572      0x7d8 ./GCC/mac_scan.o
                0x000075a8                send_scan_cmd
                0x000079cc                mac_scan_send_complete
                0x00007a82                mlme_scan_request
                0x00007c30                tal_ed_end_cb
                0x00007ca0                mac_process_orphan_realign
 .text          0x00007d4a      0x1e0 ./GCC/mac_start.o
                0x00007d60                mlme_start_request
                0x00007e8a                mac_coord_realignment_command_tx_success
 .text          0x00007f2a      0x214 ./GCC/mac_sync.o
                0x00007f2a                mac_t_tracking_beacons_cb
                0x00007f34                mac_t_start_inactive_device_cb
                0x00007f38                mac_sync_loss
                0x00007fc2                mac_start_missed_beacon_timer
                0x00008046                mlme_sync_request
                0x000080d8                mac_process_coord_realign
 .text          0x0000813e      0x1ce ./GCC/mac_tx_coord_realignment_command.o
                0x0000813e                mac_tx_coord_realignment_command
 .text          0x0000830c      0x632 ./GCC/mac_api.o
                0x0000830c                wpan_init
                0x00008318                wpan_task
                0x00008344                wpan_mcps_data_req
                0x00008410                wpan_mcps_purge_req
                0x0000843e                wpan_mlme_associate_req
                0x000084c6                wpan_mlme_associate_resp
                0x00008552                wpan_mlme_disassociate_req
                0x000085d2                wpan_mlme_orphan_resp
                0x0000865e                wpan_mlme_reset_req
                0x0000868c                wpan_mlme_get_req
                0x000086ba                wpan_mlme_set_req
                0x0000871e                wpan_mlme_rx_enable_req
                0x000087a2                wpan_mlme_scan_req
                0x00008812                wpan_mlme_start_req
                0x00008888                wpan_mlme_sync_req
                0x000088d6                wpan_mlme_poll_req
 .text          0x0000893e        0x2 ./GCC/usr_mcps_purge_conf.o
                0x0000893e                usr_mcps_purge_conf
 .text          0x00008940        0x2 ./GCC/usr_mlme_beacon_notify_ind.o
                0x00008940                usr_mlme_beacon_notify_ind
 .text          0x00008942        0x2 ./GCC/usr_mlme_disassociate_conf.o
                0x00008942                usr_mlme_disassociate_conf
 .text          0x00008944        0x2 ./GCC/usr_mlme_disassociate_ind.o
                0x00008944                usr_mlme_disassociate_ind
 .text          0x00008946        0x2 ./GCC/usr_mlme_get_conf.o
                0x00008946                usr_mlme_get_conf
 .text          0x00008948        0x2 ./GCC/usr_mlme_orphan_ind.o
                0x00008948                usr_mlme_orphan_ind
 .text          0x0000894a        0x2 ./GCC/usr_mlme_poll_conf.o
                0x0000894a                usr_mlme_poll_conf
 .text          0x0000894c        0x2 ./GCC/usr_mlme_rx_enable_conf.o
                0x0000894c                usr_mlme_rx_enable_conf
 .text          0x0000894e        0x2 ./GCC/usr_mlme_sync_loss_ind.o
                0x0000894e                usr_mlme_sync_loss_ind
 .text          0x00008950        0x0 c:/program files (x86)/atmel/atmel toolchain/avr8 gcc/native/3.4.2.1002/avr8-gnu-toolchain/bin/../lib/gcc/avr/4.7.2/avr51\libgcc.a(_udivmodhi4.o)
 .text          0x00008950        0x0 c:/program files (x86)/atmel/atmel toolchain/avr8 gcc/native/3.4.2.1002/avr8-gnu-toolchain/bin/../lib/gcc/avr/4.7.2/avr51\libgcc.a(_udivmodsi4.o)
 .text          0x00008950        0x0 c:/program files (x86)/atmel/atmel toolchain/avr8 gcc/native/3.4.2.1002/avr8-gnu-toolchain/bin/../lib/gcc/avr/4.7.2/avr51\libgcc.a(_exit.o)
 .text          0x00008950        0x0 c:/program files (x86)/atmel/atmel toolchain/avr8 gcc/native/3.4.2.1002/avr8-gnu-toolchain/bin/../lib/gcc/avr/4.7.2/avr51\libgcc.a(_copy_data.o)
 .text          0x00008950        0x0 c:/program files (x86)/atmel/atmel toolchain/avr8 gcc/native/3.4.2.1002/avr8-gnu-toolchain/bin/../lib/gcc/avr/4.7.2/avr51\libgcc.a(_clear_bss.o)
 .text          0x00008950        0x0 c:/program files (x86)/atmel/atmel toolchain/avr8 gcc/native/3.4.2.1002/avr8-gnu-toolchain/bin/../lib/gcc/avr/4.7.2/avr51\libgcc.a(_muluhisi3.o)
 .text          0x00008950        0x0 c:/program files (x86)/atmel/atmel toolchain/avr8 gcc/native/3.4.2.1002/avr8-gnu-toolchain/bin/../lib/gcc/avr/4.7.2/avr51\libgcc.a(_adddi3_s8.o)
 .text          0x00008950        0x0 c:/program files (x86)/atmel/atmel toolchain/avr8 gcc/native/3.4.2.1002/avr8-gnu-toolchain/bin/../lib/gcc/avr/4.7.2/avr51\libgcc.a(_cmpdi2.o)
 .text          0x00008950        0x0 c:/program files (x86)/atmel/atmel toolchain/avr8 gcc/native/3.4.2.1002/avr8-gnu-toolchain/bin/../lib/gcc/avr/4.7.2/avr51\libgcc.a(_cmpdi2_s8.o)
 .text          0x00008950       0x5a c:/program files (x86)/atmel/atmel toolchain/avr8 gcc/native/3.4.2.1002/avr8-gnu-toolchain/bin/../lib/gcc/avr/4.7.2/avr51\libgcc.a(_fixunssfsi.o)
                0x00008950                __fixunssfsi
 .text          0x000089aa      0x370 c:/program files (x86)/atmel/atmel toolchain/avr8 gcc/native/3.4.2.1002/avr8-gnu-toolchain/bin/../lib/gcc/avr/4.7.2/avr51\libgcc.a(_addsub_sf.o)
                0x00008c62                __addsf3
                0x00008cba                __subsf3
 .text          0x00008d1a      0x1ca c:/program files (x86)/atmel/atmel toolchain/avr8 gcc/native/3.4.2.1002/avr8-gnu-toolchain/bin/../lib/gcc/avr/4.7.2/avr51\libgcc.a(_mul_sf.o)
                0x00008d1a                __mulsf3
 .text          0x00008ee4       0x5e c:/program files (x86)/atmel/atmel toolchain/avr8 gcc/native/3.4.2.1002/avr8-gnu-toolchain/bin/../lib/gcc/avr/4.7.2/avr51\libgcc.a(_ge_sf.o)
                0x00008ee4                __gesf2
 .text          0x00008f42       0xb8 c:/program files (x86)/atmel/atmel toolchain/avr8 gcc/native/3.4.2.1002/avr8-gnu-toolchain/bin/../lib/gcc/avr/4.7.2/avr51\libgcc.a(_si_to_sf.o)
                0x00008f42                __floatsisf
 .text          0x00008ffa       0x9e c:/program files (x86)/atmel/atmel toolchain/avr8 gcc/native/3.4.2.1002/avr8-gnu-toolchain/bin/../lib/gcc/avr/4.7.2/avr51\libgcc.a(_sf_to_si.o)
                0x00008ffa                __fixsfsi
 .text          0x00009098        0x0 c:/program files (x86)/atmel/atmel toolchain/avr8 gcc/native/3.4.2.1002/avr8-gnu-toolchain/bin/../lib/gcc/avr/4.7.2/avr51\libgcc.a(_thenan_sf.o)
 .text          0x00009098        0x0 c:/program files (x86)/atmel/atmel toolchain/avr8 gcc/native/3.4.2.1002/avr8-gnu-toolchain/bin/../lib/gcc/avr/4.7.2/avr51\libgcc.a(_clzsi2.o)
 .text          0x00009098        0x0 c:/program files (x86)/atmel/atmel toolchain/avr8 gcc/native/3.4.2.1002/avr8-gnu-toolchain/bin/../lib/gcc/avr/4.7.2/avr51\libgcc.a(_clzhi2.o)
 .text          0x00009098        0x0 c:/program files (x86)/atmel/atmel toolchain/avr8 gcc/native/3.4.2.1002/avr8-gnu-toolchain/bin/../lib/gcc/avr/4.7.2/avr51\libgcc.a(_umulhisi3.o)
 .text          0x00009098        0x0 c:/program files (x86)/atmel/atmel toolchain/avr8 gcc/native/3.4.2.1002/avr8-gnu-toolchain/bin/../lib/gcc/avr/4.7.2/avr51\libgcc.a(_prologue.o)
 .text          0x00009098        0x0 c:/program files (x86)/atmel/atmel toolchain/avr8 gcc/native/3.4.2.1002/avr8-gnu-toolchain/bin/../lib/gcc/avr/4.7.2/avr51\libgcc.a(_epilogue.o)
 .text          0x00009098      0x194 c:/program files (x86)/atmel/atmel toolchain/avr8 gcc/native/3.4.2.1002/avr8-gnu-toolchain/bin/../lib/gcc/avr/4.7.2/avr51\libgcc.a(_pack_sf.o)
                0x00009098                __pack_f
 .text          0x0000922c       0xde c:/program files (x86)/atmel/atmel toolchain/avr8 gcc/native/3.4.2.1002/avr8-gnu-toolchain/bin/../lib/gcc/avr/4.7.2/avr51\libgcc.a(_unpack_sf.o)
                0x0000922c                __unpack_f
 .text          0x0000930a       0xc2 c:/program files (x86)/atmel/atmel toolchain/avr8 gcc/native/3.4.2.1002/avr8-gnu-toolchain/bin/../lib/gcc/avr/4.7.2/avr51\libgcc.a(_fpcmp_parts_sf.o)
                0x0000930a                __fpcmp_parts_f
 .text          0x000093cc        0x0 c:/program files (x86)/atmel/atmel toolchain/avr8 gcc/native/3.4.2.1002/avr8-gnu-toolchain/bin/../lib/gcc/avr/4.7.2/../../../../avr/lib/avr51\libc.a(rand.o)
 .text          0x000093cc        0x0 c:/program files (x86)/atmel/atmel toolchain/avr8 gcc/native/3.4.2.1002/avr8-gnu-toolchain/bin/../lib/gcc/avr/4.7.2/../../../../avr/lib/avr51\libc.a(memcpy.o)
 .text          0x000093cc        0x0 c:/program files (x86)/atmel/atmel toolchain/avr8 gcc/native/3.4.2.1002/avr8-gnu-toolchain/bin/../lib/gcc/avr/4.7.2/../../../../avr/lib/avr51\libc.a(fdevopen.o)
 .text          0x000093cc        0x0 c:/program files (x86)/atmel/atmel toolchain/avr8 gcc/native/3.4.2.1002/avr8-gnu-toolchain/bin/../lib/gcc/avr/4.7.2/../../../../avr/lib/avr51\libc.a(fputc.o)
 .text          0x000093cc        0x0 c:/program files (x86)/atmel/atmel toolchain/avr8 gcc/native/3.4.2.1002/avr8-gnu-toolchain/bin/../lib/gcc/avr/4.7.2/../../../../avr/lib/avr51\libc.a(iob.o)
 .text          0x000093cc        0x0 c:/program files (x86)/atmel/atmel toolchain/avr8 gcc/native/3.4.2.1002/avr8-gnu-toolchain/bin/../lib/gcc/avr/4.7.2/../../../../avr/lib/avr51\libc.a(eerd_byte_atmega128rfa1.o)
 .text          0x000093cc        0x0 c:/program files (x86)/atmel/atmel toolchain/avr8 gcc/native/3.4.2.1002/avr8-gnu-toolchain/bin/../lib/gcc/avr/4.7.2/../../../../avr/lib/avr51\libc.a(eewr_byte_atmega128rfa1.o)
 .text          0x000093cc        0x0 c:/program files (x86)/atmel/atmel toolchain/avr8 gcc/native/3.4.2.1002/avr8-gnu-toolchain/bin/../lib/gcc/avr/4.7.2/../../../../avr/lib/avr51\libc.a(calloc.o)
 .text          0x000093cc        0x0 c:/program files (x86)/atmel/atmel toolchain/avr8 gcc/native/3.4.2.1002/avr8-gnu-toolchain/bin/../lib/gcc/avr/4.7.2/../../../../avr/lib/avr51\libc.a(malloc.o)
 .text          0x000093cc        0x0 c:/program files (x86)/atmel/atmel toolchain/avr8 gcc/native/3.4.2.1002/avr8-gnu-toolchain/bin/../lib/gcc/avr/4.7.2/../../../../avr/lib/avr51\libc.a(memset.o)
 .text          0x000093cc        0x0 c:/program files (x86)/atmel/atmel toolchain/avr8 gcc/native/3.4.2.1002/avr8-gnu-toolchain/bin/../lib/gcc/avr/4.7.2/avr51\libgcc.a(_divmodsi4.o)
 .text          0x000093cc        0x0 c:/program files (x86)/atmel/atmel toolchain/avr8 gcc/native/3.4.2.1002/avr8-gnu-toolchain/bin/../lib/gcc/avr/4.7.2/avr51\libgcc.a(_mulshisi3.o)
                0x000093cc                . = ALIGN (0x2)
 *(.text.*)
 .text.startup  0x000093cc       0x82 ./GCC/main.o
                0x000093cc                main
 .text.libgcc.mul
                0x0000944e        0x0 c:/program files (x86)/atmel/atmel toolchain/avr8 gcc/native/3.4.2.1002/avr8-gnu-toolchain/bin/../lib/gcc/avr/4.7.2/avr51\libgcc.a(_udivmodhi4.o)
 .text.libgcc.div
                0x0000944e       0x28 c:/program files (x86)/atmel/atmel toolchain/avr8 gcc/native/3.4.2.1002/avr8-gnu-toolchain/bin/../lib/gcc/avr/4.7.2/avr51\libgcc.a(_udivmodhi4.o)
                0x0000944e                __udivmodhi4
 .text.libgcc   0x00009476        0x0 c:/program files (x86)/atmel/atmel toolchain/avr8 gcc/native/3.4.2.1002/avr8-gnu-toolchain/bin/../lib/gcc/avr/4.7.2/avr51\libgcc.a(_udivmodhi4.o)
 .text.libgcc.prologue
                0x00009476        0x0 c:/program files (x86)/atmel/atmel toolchain/avr8 gcc/native/3.4.2.1002/avr8-gnu-toolchain/bin/../lib/gcc/avr/4.7.2/avr51\libgcc.a(_udivmodhi4.o)
 .text.libgcc.builtins
                0x00009476        0x0 c:/program files (x86)/atmel/atmel toolchain/avr8 gcc/native/3.4.2.1002/avr8-gnu-toolchain/bin/../lib/gcc/avr/4.7.2/avr51\libgcc.a(_udivmodhi4.o)
 .text.libgcc.fmul
                0x00009476        0x0 c:/program files (x86)/atmel/atmel toolchain/avr8 gcc/native/3.4.2.1002/avr8-gnu-toolchain/bin/../lib/gcc/avr/4.7.2/avr51\libgcc.a(_udivmodhi4.o)
 .text.libgcc.mul
                0x00009476        0x0 c:/program files (x86)/atmel/atmel toolchain/avr8 gcc/native/3.4.2.1002/avr8-gnu-toolchain/bin/../lib/gcc/avr/4.7.2/avr51\libgcc.a(_udivmodsi4.o)
 .text.libgcc.div
                0x00009476       0x44 c:/program files (x86)/atmel/atmel toolchain/avr8 gcc/native/3.4.2.1002/avr8-gnu-toolchain/bin/../lib/gcc/avr/4.7.2/avr51\libgcc.a(_udivmodsi4.o)
                0x00009476                __udivmodsi4
 .text.libgcc   0x000094ba        0x0 c:/program files (x86)/atmel/atmel toolchain/avr8 gcc/native/3.4.2.1002/avr8-gnu-toolchain/bin/../lib/gcc/avr/4.7.2/avr51\libgcc.a(_udivmodsi4.o)
 .text.libgcc.prologue
                0x000094ba        0x0 c:/program files (x86)/atmel/atmel toolchain/avr8 gcc/native/3.4.2.1002/avr8-gnu-toolchain/bin/../lib/gcc/avr/4.7.2/avr51\libgcc.a(_udivmodsi4.o)
 .text.libgcc.builtins
                0x000094ba        0x0 c:/program files (x86)/atmel/atmel toolchain/avr8 gcc/native/3.4.2.1002/avr8-gnu-toolchain/bin/../lib/gcc/avr/4.7.2/avr51\libgcc.a(_udivmodsi4.o)
 .text.libgcc.fmul
                0x000094ba        0x0 c:/program files (x86)/atmel/atmel toolchain/avr8 gcc/native/3.4.2.1002/avr8-gnu-toolchain/bin/../lib/gcc/avr/4.7.2/avr51\libgcc.a(_udivmodsi4.o)
 .text.libgcc.mul
                0x000094ba        0x0 c:/program files (x86)/atmel/atmel toolchain/avr8 gcc/native/3.4.2.1002/avr8-gnu-toolchain/bin/../lib/gcc/avr/4.7.2/avr51\libgcc.a(_exit.o)
 .text.libgcc.div
                0x000094ba        0x0 c:/program files (x86)/atmel/atmel toolchain/avr8 gcc/native/3.4.2.1002/avr8-gnu-toolchain/bin/../lib/gcc/avr/4.7.2/avr51\libgcc.a(_exit.o)
 .text.libgcc   0x000094ba        0x0 c:/program files (x86)/atmel/atmel toolchain/avr8 gcc/native/3.4.2.1002/avr8-gnu-toolchain/bin/../lib/gcc/avr/4.7.2/avr51\libgcc.a(_exit.o)
 .text.libgcc.prologue
                0x000094ba        0x0 c:/program files (x86)/atmel/atmel toolchain/avr8 gcc/native/3.4.2.1002/avr8-gnu-toolchain/bin/../lib/gcc/avr/4.7.2/avr51\libgcc.a(_exit.o)
 .text.libgcc.builtins
                0x000094ba        0x0 c:/program files (x86)/atmel/atmel toolchain/avr8 gcc/native/3.4.2.1002/avr8-gnu-toolchain/bin/../lib/gcc/avr/4.7.2/avr51\libgcc.a(_exit.o)
 .text.libgcc.fmul
                0x000094ba        0x0 c:/program files (x86)/atmel/atmel toolchain/avr8 gcc/native/3.4.2.1002/avr8-gnu-toolchain/bin/../lib/gcc/avr/4.7.2/avr51\libgcc.a(_exit.o)
 .text.libgcc.mul
                0x000094ba        0x0 c:/program files (x86)/atmel/atmel toolchain/avr8 gcc/native/3.4.2.1002/avr8-gnu-toolchain/bin/../lib/gcc/avr/4.7.2/avr51\libgcc.a(_copy_data.o)
 .text.libgcc.div
                0x000094ba        0x0 c:/program files (x86)/atmel/atmel toolchain/avr8 gcc/native/3.4.2.1002/avr8-gnu-toolchain/bin/../lib/gcc/avr/4.7.2/avr51\libgcc.a(_copy_data.o)
 .text.libgcc   0x000094ba        0x0 c:/program files (x86)/atmel/atmel toolchain/avr8 gcc/native/3.4.2.1002/avr8-gnu-toolchain/bin/../lib/gcc/avr/4.7.2/avr51\libgcc.a(_copy_data.o)
 .text.libgcc.prologue
                0x000094ba        0x0 c:/program files (x86)/atmel/atmel toolchain/avr8 gcc/native/3.4.2.1002/avr8-gnu-toolchain/bin/../lib/gcc/avr/4.7.2/avr51\libgcc.a(_copy_data.o)
 .text.libgcc.builtins
                0x000094ba        0x0 c:/program files (x86)/atmel/atmel toolchain/avr8 gcc/native/3.4.2.1002/avr8-gnu-toolchain/bin/../lib/gcc/avr/4.7.2/avr51\libgcc.a(_copy_data.o)
 .text.libgcc.fmul
                0x000094ba        0x0 c:/program files (x86)/atmel/atmel toolchain/avr8 gcc/native/3.4.2.1002/avr8-gnu-toolchain/bin/../lib/gcc/avr/4.7.2/avr51\libgcc.a(_copy_data.o)
 .text.libgcc.mul
                0x000094ba        0x0 c:/program files (x86)/atmel/atmel toolchain/avr8 gcc/native/3.4.2.1002/avr8-gnu-toolchain/bin/../lib/gcc/avr/4.7.2/avr51\libgcc.a(_clear_bss.o)
 .text.libgcc.div
                0x000094ba        0x0 c:/program files (x86)/atmel/atmel toolchain/avr8 gcc/native/3.4.2.1002/avr8-gnu-toolchain/bin/../lib/gcc/avr/4.7.2/avr51\libgcc.a(_clear_bss.o)
 .text.libgcc   0x000094ba        0x0 c:/program files (x86)/atmel/atmel toolchain/avr8 gcc/native/3.4.2.1002/avr8-gnu-toolchain/bin/../lib/gcc/avr/4.7.2/avr51\libgcc.a(_clear_bss.o)
 .text.libgcc.prologue
                0x000094ba        0x0 c:/program files (x86)/atmel/atmel toolchain/avr8 gcc/native/3.4.2.1002/avr8-gnu-toolchain/bin/../lib/gcc/avr/4.7.2/avr51\libgcc.a(_clear_bss.o)
 .text.libgcc.builtins
                0x000094ba        0x0 c:/program files (x86)/atmel/atmel toolchain/avr8 gcc/native/3.4.2.1002/avr8-gnu-toolchain/bin/../lib/gcc/avr/4.7.2/avr51\libgcc.a(_clear_bss.o)
 .text.libgcc.fmul
                0x000094ba        0x0 c:/program files (x86)/atmel/atmel toolchain/avr8 gcc/native/3.4.2.1002/avr8-gnu-toolchain/bin/../lib/gcc/avr/4.7.2/avr51\libgcc.a(_clear_bss.o)
 .text.libgcc.mul
                0x000094ba       0x16 c:/program files (x86)/atmel/atmel toolchain/avr8 gcc/native/3.4.2.1002/avr8-gnu-toolchain/bin/../lib/gcc/avr/4.7.2/avr51\libgcc.a(_muluhisi3.o)
                0x000094ba                __muluhisi3
 .text.libgcc.div
                0x000094d0        0x0 c:/program files (x86)/atmel/atmel toolchain/avr8 gcc/native/3.4.2.1002/avr8-gnu-toolchain/bin/../lib/gcc/avr/4.7.2/avr51\libgcc.a(_muluhisi3.o)
 .text.libgcc   0x000094d0        0x0 c:/program files (x86)/atmel/atmel toolchain/avr8 gcc/native/3.4.2.1002/avr8-gnu-toolchain/bin/../lib/gcc/avr/4.7.2/avr51\libgcc.a(_muluhisi3.o)
 .text.libgcc.prologue
                0x000094d0        0x0 c:/program files (x86)/atmel/atmel toolchain/avr8 gcc/native/3.4.2.1002/avr8-gnu-toolchain/bin/../lib/gcc/avr/4.7.2/avr51\libgcc.a(_muluhisi3.o)
 .text.libgcc.builtins
                0x000094d0        0x0 c:/program files (x86)/atmel/atmel toolchain/avr8 gcc/native/3.4.2.1002/avr8-gnu-toolchain/bin/../lib/gcc/avr/4.7.2/avr51\libgcc.a(_muluhisi3.o)
 .text.libgcc.fmul
                0x000094d0        0x0 c:/program files (x86)/atmel/atmel toolchain/avr8 gcc/native/3.4.2.1002/avr8-gnu-toolchain/bin/../lib/gcc/avr/4.7.2/avr51\libgcc.a(_muluhisi3.o)
 .text.libgcc.mul
                0x000094d0        0x0 c:/program files (x86)/atmel/atmel toolchain/avr8 gcc/native/3.4.2.1002/avr8-gnu-toolchain/bin/../lib/gcc/avr/4.7.2/avr51\libgcc.a(_adddi3_s8.o)
 .text.libgcc.div
                0x000094d0        0x0 c:/program files (x86)/atmel/atmel toolchain/avr8 gcc/native/3.4.2.1002/avr8-gnu-toolchain/bin/../lib/gcc/avr/4.7.2/avr51\libgcc.a(_adddi3_s8.o)
 .text.libgcc   0x000094d0       0x18 c:/program files (x86)/atmel/atmel toolchain/avr8 gcc/native/3.4.2.1002/avr8-gnu-toolchain/bin/../lib/gcc/avr/4.7.2/avr51\libgcc.a(_adddi3_s8.o)
                0x000094d0                __adddi3_s8
 .text.libgcc.prologue
                0x000094e8        0x0 c:/program files (x86)/atmel/atmel toolchain/avr8 gcc/native/3.4.2.1002/avr8-gnu-toolchain/bin/../lib/gcc/avr/4.7.2/avr51\libgcc.a(_adddi3_s8.o)
 .text.libgcc.builtins
                0x000094e8        0x0 c:/program files (x86)/atmel/atmel toolchain/avr8 gcc/native/3.4.2.1002/avr8-gnu-toolchain/bin/../lib/gcc/avr/4.7.2/avr51\libgcc.a(_adddi3_s8.o)
 .text.libgcc.fmul
                0x000094e8        0x0 c:/program files (x86)/atmel/atmel toolchain/avr8 gcc/native/3.4.2.1002/avr8-gnu-toolchain/bin/../lib/gcc/avr/4.7.2/avr51\libgcc.a(_adddi3_s8.o)
 .text.libgcc.mul
                0x000094e8        0x0 c:/program files (x86)/atmel/atmel toolchain/avr8 gcc/native/3.4.2.1002/avr8-gnu-toolchain/bin/../lib/gcc/avr/4.7.2/avr51\libgcc.a(_cmpdi2.o)
 .text.libgcc.div
                0x000094e8        0x0 c:/program files (x86)/atmel/atmel toolchain/avr8 gcc/native/3.4.2.1002/avr8-gnu-toolchain/bin/../lib/gcc/avr/4.7.2/avr51\libgcc.a(_cmpdi2.o)
 .text.libgcc   0x000094e8       0x12 c:/program files (x86)/atmel/atmel toolchain/avr8 gcc/native/3.4.2.1002/avr8-gnu-toolchain/bin/../lib/gcc/avr/4.7.2/avr51\libgcc.a(_cmpdi2.o)
                0x000094e8                __cmpdi2
 .text.libgcc.prologue
                0x000094fa        0x0 c:/program files (x86)/atmel/atmel toolchain/avr8 gcc/native/3.4.2.1002/avr8-gnu-toolchain/bin/../lib/gcc/avr/4.7.2/avr51\libgcc.a(_cmpdi2.o)
 .text.libgcc.builtins
                0x000094fa        0x0 c:/program files (x86)/atmel/atmel toolchain/avr8 gcc/native/3.4.2.1002/avr8-gnu-toolchain/bin/../lib/gcc/avr/4.7.2/avr51\libgcc.a(_cmpdi2.o)
 .text.libgcc.fmul
                0x000094fa        0x0 c:/program files (x86)/atmel/atmel toolchain/avr8 gcc/native/3.4.2.1002/avr8-gnu-toolchain/bin/../lib/gcc/avr/4.7.2/avr51\libgcc.a(_cmpdi2.o)
 .text.libgcc.mul
                0x000094fa        0x0 c:/program files (x86)/atmel/atmel toolchain/avr8 gcc/native/3.4.2.1002/avr8-gnu-toolchain/bin/../lib/gcc/avr/4.7.2/avr51\libgcc.a(_cmpdi2_s8.o)
 .text.libgcc.div
                0x000094fa        0x0 c:/program files (x86)/atmel/atmel toolchain/avr8 gcc/native/3.4.2.1002/avr8-gnu-toolchain/bin/../lib/gcc/avr/4.7.2/avr51\libgcc.a(_cmpdi2_s8.o)
 .text.libgcc   0x000094fa       0x18 c:/program files (x86)/atmel/atmel toolchain/avr8 gcc/native/3.4.2.1002/avr8-gnu-toolchain/bin/../lib/gcc/avr/4.7.2/avr51\libgcc.a(_cmpdi2_s8.o)
                0x000094fa                __cmpdi2_s8
 .text.libgcc.prologue
                0x00009512        0x0 c:/program files (x86)/atmel/atmel toolchain/avr8 gcc/native/3.4.2.1002/avr8-gnu-toolchain/bin/../lib/gcc/avr/4.7.2/avr51\libgcc.a(_cmpdi2_s8.o)
 .text.libgcc.builtins
                0x00009512        0x0 c:/program files (x86)/atmel/atmel toolchain/avr8 gcc/native/3.4.2.1002/avr8-gnu-toolchain/bin/../lib/gcc/avr/4.7.2/avr51\libgcc.a(_cmpdi2_s8.o)
 .text.libgcc.fmul
                0x00009512        0x0 c:/program files (x86)/atmel/atmel toolchain/avr8 gcc/native/3.4.2.1002/avr8-gnu-toolchain/bin/../lib/gcc/avr/4.7.2/avr51\libgcc.a(_cmpdi2_s8.o)
 .text.libgcc.mul
                0x00009512        0x0 c:/program files (x86)/atmel/atmel toolchain/avr8 gcc/native/3.4.2.1002/avr8-gnu-toolchain/bin/../lib/gcc/avr/4.7.2/avr51\libgcc.a(_clzsi2.o)
 .text.libgcc.div
                0x00009512        0x0 c:/program files (x86)/atmel/atmel toolchain/avr8 gcc/native/3.4.2.1002/avr8-gnu-toolchain/bin/../lib/gcc/avr/4.7.2/avr51\libgcc.a(_clzsi2.o)
 .text.libgcc   0x00009512        0x0 c:/program files (x86)/atmel/atmel toolchain/avr8 gcc/native/3.4.2.1002/avr8-gnu-toolchain/bin/../lib/gcc/avr/4.7.2/avr51\libgcc.a(_clzsi2.o)
 .text.libgcc.prologue
                0x00009512        0x0 c:/program files (x86)/atmel/atmel toolchain/avr8 gcc/native/3.4.2.1002/avr8-gnu-toolchain/bin/../lib/gcc/avr/4.7.2/avr51\libgcc.a(_clzsi2.o)
 .text.libgcc.builtins
                0x00009512       0x12 c:/program files (x86)/atmel/atmel toolchain/avr8 gcc/native/3.4.2.1002/avr8-gnu-toolchain/bin/../lib/gcc/avr/4.7.2/avr51\libgcc.a(_clzsi2.o)
                0x00009512                __clzsi2
 .text.libgcc.fmul
                0x00009524        0x0 c:/program files (x86)/atmel/atmel toolchain/avr8 gcc/native/3.4.2.1002/avr8-gnu-toolchain/bin/../lib/gcc/avr/4.7.2/avr51\libgcc.a(_clzsi2.o)
 .text.libgcc.mul
                0x00009524        0x0 c:/program files (x86)/atmel/atmel toolchain/avr8 gcc/native/3.4.2.1002/avr8-gnu-toolchain/bin/../lib/gcc/avr/4.7.2/avr51\libgcc.a(_clzhi2.o)
 .text.libgcc.div
                0x00009524        0x0 c:/program files (x86)/atmel/atmel toolchain/avr8 gcc/native/3.4.2.1002/avr8-gnu-toolchain/bin/../lib/gcc/avr/4.7.2/avr51\libgcc.a(_clzhi2.o)
 .text.libgcc   0x00009524        0x0 c:/program files (x86)/atmel/atmel toolchain/avr8 gcc/native/3.4.2.1002/avr8-gnu-toolchain/bin/../lib/gcc/avr/4.7.2/avr51\libgcc.a(_clzhi2.o)
 .text.libgcc.prologue
                0x00009524        0x0 c:/program files (x86)/atmel/atmel toolchain/avr8 gcc/native/3.4.2.1002/avr8-gnu-toolchain/bin/../lib/gcc/avr/4.7.2/avr51\libgcc.a(_clzhi2.o)
 .text.libgcc.builtins
                0x00009524       0x24 c:/program files (x86)/atmel/atmel toolchain/avr8 gcc/native/3.4.2.1002/avr8-gnu-toolchain/bin/../lib/gcc/avr/4.7.2/avr51\libgcc.a(_clzhi2.o)
                0x00009524                __clzhi2
 .text.libgcc.fmul
                0x00009548        0x0 c:/program files (x86)/atmel/atmel toolchain/avr8 gcc/native/3.4.2.1002/avr8-gnu-toolchain/bin/../lib/gcc/avr/4.7.2/avr51\libgcc.a(_clzhi2.o)
 .text.libgcc.mul
                0x00009548       0x18 c:/program files (x86)/atmel/atmel toolchain/avr8 gcc/native/3.4.2.1002/avr8-gnu-toolchain/bin/../lib/gcc/avr/4.7.2/avr51\libgcc.a(_umulhisi3.o)
                0x00009548                __umulhisi3
 .text.libgcc.div
                0x00009560        0x0 c:/program files (x86)/atmel/atmel toolchain/avr8 gcc/native/3.4.2.1002/avr8-gnu-toolchain/bin/../lib/gcc/avr/4.7.2/avr51\libgcc.a(_umulhisi3.o)
 .text.libgcc   0x00009560        0x0 c:/program files (x86)/atmel/atmel toolchain/avr8 gcc/native/3.4.2.1002/avr8-gnu-toolchain/bin/../lib/gcc/avr/4.7.2/avr51\libgcc.a(_umulhisi3.o)
 .text.libgcc.prologue
                0x00009560        0x0 c:/program files (x86)/atmel/atmel toolchain/avr8 gcc/native/3.4.2.1002/avr8-gnu-toolchain/bin/../lib/gcc/avr/4.7.2/avr51\libgcc.a(_umulhisi3.o)
 .text.libgcc.builtins
                0x00009560        0x0 c:/program files (x86)/atmel/atmel toolchain/avr8 gcc/native/3.4.2.1002/avr8-gnu-toolchain/bin/../lib/gcc/avr/4.7.2/avr51\libgcc.a(_umulhisi3.o)
 .text.libgcc.fmul
                0x00009560        0x0 c:/program files (x86)/atmel/atmel toolchain/avr8 gcc/native/3.4.2.1002/avr8-gnu-toolchain/bin/../lib/gcc/avr/4.7.2/avr51\libgcc.a(_umulhisi3.o)
 .text.libgcc.mul
                0x00009560        0x0 c:/program files (x86)/atmel/atmel toolchain/avr8 gcc/native/3.4.2.1002/avr8-gnu-toolchain/bin/../lib/gcc/avr/4.7.2/avr51\libgcc.a(_prologue.o)
 .text.libgcc.div
                0x00009560        0x0 c:/program files (x86)/atmel/atmel toolchain/avr8 gcc/native/3.4.2.1002/avr8-gnu-toolchain/bin/../lib/gcc/avr/4.7.2/avr51\libgcc.a(_prologue.o)
 .text.libgcc   0x00009560        0x0 c:/program files (x86)/atmel/atmel toolchain/avr8 gcc/native/3.4.2.1002/avr8-gnu-toolchain/bin/../lib/gcc/avr/4.7.2/avr51\libgcc.a(_prologue.o)
 .text.libgcc.prologue
                0x00009560       0x38 c:/program files (x86)/atmel/atmel toolchain/avr8 gcc/native/3.4.2.1002/avr8-gnu-toolchain/bin/../lib/gcc/avr/4.7.2/avr51\libgcc.a(_prologue.o)
                0x00009560                __prologue_saves__
 .text.libgcc.builtins
                0x00009598        0x0 c:/program files (x86)/atmel/atmel toolchain/avr8 gcc/native/3.4.2.1002/avr8-gnu-toolchain/bin/../lib/gcc/avr/4.7.2/avr51\libgcc.a(_prologue.o)
 .text.libgcc.fmul
                0x00009598        0x0 c:/program files (x86)/atmel/atmel toolchain/avr8 gcc/native/3.4.2.1002/avr8-gnu-toolchain/bin/../lib/gcc/avr/4.7.2/avr51\libgcc.a(_prologue.o)
 .text.libgcc.mul
                0x00009598        0x0 c:/program files (x86)/atmel/atmel toolchain/avr8 gcc/native/3.4.2.1002/avr8-gnu-toolchain/bin/../lib/gcc/avr/4.7.2/avr51\libgcc.a(_epilogue.o)
 .text.libgcc.div
                0x00009598        0x0 c:/program files (x86)/atmel/atmel toolchain/avr8 gcc/native/3.4.2.1002/avr8-gnu-toolchain/bin/../lib/gcc/avr/4.7.2/avr51\libgcc.a(_epilogue.o)
 .text.libgcc   0x00009598        0x0 c:/program files (x86)/atmel/atmel toolchain/avr8 gcc/native/3.4.2.1002/avr8-gnu-toolchain/bin/../lib/gcc/avr/4.7.2/avr51\libgcc.a(_epilogue.o)
 .text.libgcc.prologue
                0x00009598       0x36 c:/program files (x86)/atmel/atmel toolchain/avr8 gcc/native/3.4.2.1002/avr8-gnu-toolchain/bin/../lib/gcc/avr/4.7.2/avr51\libgcc.a(_epilogue.o)
                0x00009598                __epilogue_restores__
 .text.libgcc.builtins
                0x000095ce        0x0 c:/program files (x86)/atmel/atmel toolchain/avr8 gcc/native/3.4.2.1002/avr8-gnu-toolchain/bin/../lib/gcc/avr/4.7.2/avr51\libgcc.a(_epilogue.o)
 .text.libgcc.fmul
                0x000095ce        0x0 c:/program files (x86)/atmel/atmel toolchain/avr8 gcc/native/3.4.2.1002/avr8-gnu-toolchain/bin/../lib/gcc/avr/4.7.2/avr51\libgcc.a(_epilogue.o)
 .text.avr-libc
                0x000095ce       0xbe c:/program files (x86)/atmel/atmel toolchain/avr8 gcc/native/3.4.2.1002/avr8-gnu-toolchain/bin/../lib/gcc/avr/4.7.2/../../../../avr/lib/avr51\libc.a(rand.o)
                0x0000966a                rand_r
                0x0000966e                rand
                0x00009676                srand
 .text.avr-libc
                0x0000968c       0x12 c:/program files (x86)/atmel/atmel toolchain/avr8 gcc/native/3.4.2.1002/avr8-gnu-toolchain/bin/../lib/gcc/avr/4.7.2/../../../../avr/lib/avr51\libc.a(memcpy.o)
                0x0000968c                memcpy
 .text.avr-libc
                0x0000969e       0x96 c:/program files (x86)/atmel/atmel toolchain/avr8 gcc/native/3.4.2.1002/avr8-gnu-toolchain/bin/../lib/gcc/avr/4.7.2/../../../../avr/lib/avr51\libc.a(fdevopen.o)
                0x0000969e                fdevopen
 .text.avr-libc
                0x00009734       0x58 c:/program files (x86)/atmel/atmel toolchain/avr8 gcc/native/3.4.2.1002/avr8-gnu-toolchain/bin/../lib/gcc/avr/4.7.2/../../../../avr/lib/avr51\libc.a(fputc.o)
                0x00009734                fputc
 .text.avr-libc
                0x0000978c       0x10 c:/program files (x86)/atmel/atmel toolchain/avr8 gcc/native/3.4.2.1002/avr8-gnu-toolchain/bin/../lib/gcc/avr/4.7.2/../../../../avr/lib/avr51\libc.a(eerd_byte_atmega128rfa1.o)
                0x0000978c                __eerd_byte_m128rfa1
 .text.avr-libc
                0x0000979c       0x1c c:/program files (x86)/atmel/atmel toolchain/avr8 gcc/native/3.4.2.1002/avr8-gnu-toolchain/bin/../lib/gcc/avr/4.7.2/../../../../avr/lib/avr51\libc.a(eewr_byte_atmega128rfa1.o)
                0x0000979c                __eewr_byte_m128rfa1
                0x0000979e                __eewr_r18_m128rfa1
 .text.avr-libc
                0x000097b8       0x3c c:/program files (x86)/atmel/atmel toolchain/avr8 gcc/native/3.4.2.1002/avr8-gnu-toolchain/bin/../lib/gcc/avr/4.7.2/../../../../avr/lib/avr51\libc.a(calloc.o)
                0x000097b8                calloc
 .text.avr-libc
                0x000097f4      0x274 c:/program files (x86)/atmel/atmel toolchain/avr8 gcc/native/3.4.2.1002/avr8-gnu-toolchain/bin/../lib/gcc/avr/4.7.2/../../../../avr/lib/avr51\libc.a(malloc.o)
                0x000097f4                malloc
                0x0000992a                free
 .text.avr-libc
                0x00009a68        0xe c:/program files (x86)/atmel/atmel toolchain/avr8 gcc/native/3.4.2.1002/avr8-gnu-toolchain/bin/../lib/gcc/avr/4.7.2/../../../../avr/lib/avr51\libc.a(memset.o)
                0x00009a68                memset
 .text.libgcc.mul
                0x00009a76        0x0 c:/program files (x86)/atmel/atmel toolchain/avr8 gcc/native/3.4.2.1002/avr8-gnu-toolchain/bin/../lib/gcc/avr/4.7.2/avr51\libgcc.a(_divmodsi4.o)
 .text.libgcc.div
                0x00009a76       0x38 c:/program files (x86)/atmel/atmel toolchain/avr8 gcc/native/3.4.2.1002/avr8-gnu-toolchain/bin/../lib/gcc/avr/4.7.2/avr51\libgcc.a(_divmodsi4.o)
                0x00009a76                __divmodsi4
 .text.libgcc   0x00009aae        0x0 c:/program files (x86)/atmel/atmel toolchain/avr8 gcc/native/3.4.2.1002/avr8-gnu-toolchain/bin/../lib/gcc/avr/4.7.2/avr51\libgcc.a(_divmodsi4.o)
 .text.libgcc.prologue
                0x00009aae        0x0 c:/program files (x86)/atmel/atmel toolchain/avr8 gcc/native/3.4.2.1002/avr8-gnu-toolchain/bin/../lib/gcc/avr/4.7.2/avr51\libgcc.a(_divmodsi4.o)
 .text.libgcc.builtins
                0x00009aae        0x0 c:/program files (x86)/atmel/atmel toolchain/avr8 gcc/native/3.4.2.1002/avr8-gnu-toolchain/bin/../lib/gcc/avr/4.7.2/avr51\libgcc.a(_divmodsi4.o)
 .text.libgcc.fmul
                0x00009aae        0x0 c:/program files (x86)/atmel/atmel toolchain/avr8 gcc/native/3.4.2.1002/avr8-gnu-toolchain/bin/../lib/gcc/avr/4.7.2/avr51\libgcc.a(_divmodsi4.o)
 .text.libgcc.mul
                0x00009aae       0x10 c:/program files (x86)/atmel/atmel toolchain/avr8 gcc/native/3.4.2.1002/avr8-gnu-toolchain/bin/../lib/gcc/avr/4.7.2/avr51\libgcc.a(_mulshisi3.o)
                0x00009aae                __mulshisi3
                0x00009ab4                __mulohisi3
 .text.libgcc.div
                0x00009abe        0x0 c:/program files (x86)/atmel/atmel toolchain/avr8 gcc/native/3.4.2.1002/avr8-gnu-toolchain/bin/../lib/gcc/avr/4.7.2/avr51\libgcc.a(_mulshisi3.o)
 .text.libgcc   0x00009abe        0x0 c:/program files (x86)/atmel/atmel toolchain/avr8 gcc/native/3.4.2.1002/avr8-gnu-toolchain/bin/../lib/gcc/avr/4.7.2/avr51\libgcc.a(_mulshisi3.o)
 .text.libgcc.prologue
                0x00009abe        0x0 c:/program files (x86)/atmel/atmel toolchain/avr8 gcc/native/3.4.2.1002/avr8-gnu-toolchain/bin/../lib/gcc/avr/4.7.2/avr51\libgcc.a(_mulshisi3.o)
 .text.libgcc.builtins
                0x00009abe        0x0 c:/program files (x86)/atmel/atmel toolchain/avr8 gcc/native/3.4.2.1002/avr8-gnu-toolchain/bin/../lib/gcc/avr/4.7.2/avr51\libgcc.a(_mulshisi3.o)
 .text.libgcc.fmul
                0x00009abe        0x0 c:/program files (x86)/atmel/atmel toolchain/avr8 gcc/native/3.4.2.1002/avr8-gnu-toolchain/bin/../lib/gcc/avr/4.7.2/avr51\libgcc.a(_mulshisi3.o)
                0x00009abe                . = ALIGN (0x2)
 *(.fini9)
 .fini9         0x00009abe        0x0 c:/program files (x86)/atmel/atmel toolchain/avr8 gcc/native/3.4.2.1002/avr8-gnu-toolchain/bin/../lib/gcc/avr/4.7.2/avr51\libgcc.a(_exit.o)
                0x00009abe                _exit
                0x00009abe                exit
 *(.fini9)
 *(.fini8)
 *(.fini8)
 *(.fini7)
 *(.fini7)
 *(.fini6)
 *(.fini6)
 *(.fini5)
 *(.fini5)
 *(.fini4)
 *(.fini4)
 *(.fini3)
 *(.fini3)
 *(.fini2)
 *(.fini2)
 *(.fini1)
 *(.fini1)
 *(.fini0)
 .fini0         0x00009abe        0x4 c:/program files (x86)/atmel/atmel toolchain/avr8 gcc/native/3.4.2.1002/avr8-gnu-toolchain/bin/../lib/gcc/avr/4.7.2/avr51\libgcc.a(_exit.o)
 *(.fini0)
                0x00009ac2                _etext = .

.data           0x00800200       0x26 load address 0x00009ac2
                0x00800200                PROVIDE (__data_start, .)
 *(.data)
 .data          0x00800200        0x0 c:/program files (x86)/atmel/atmel toolchain/avr8 gcc/native/3.4.2.1002/avr8-gnu-toolchain/bin/../lib/gcc/avr/4.7.2/../../../../avr/lib/avr51/crtm128rfa1.o
 .data          0x00800200        0x9 ./GCC/main.o
 .data          0x00800209        0x0 ./GCC/sio_handler.o
 .data          0x00800209        0x0 ./GCC/pal_uart.o
 .data          0x00800209        0x0 ./GCC/pal_usb_ftdi.o
 .data          0x00800209        0x0 ./GCC/pal_sio_hub.o
 .data          0x00800209        0x0 ./GCC/pal_irq.o
 .data          0x00800209        0x0 ./GCC/pal.o
 .data          0x00800209        0x0 ./GCC/pal_mcu_generic.o
 .data          0x00800209        0x0 ./GCC/pal_timer.o
 .data          0x00800209        0x0 ./GCC/pal_board.o
 .data          0x00800209        0x0 ./GCC/pal_utils.o
 .data          0x00800209        0x0 ./GCC/bmm.o
 .data          0x00800209        0x0 ./GCC/qmm.o
 .data          0x00800209        0x0 ./GCC/tal.o
 .data          0x00800209        0x0 ./GCC/tal_rx.o
 .data          0x00800209        0x0 ./GCC/tal_tx.o
 .data          0x00800209        0x0 ./GCC/tal_ed.o
 .data          0x00800209        0x0 ./GCC/tal_slotted_csma.o
 .data          0x00800209        0x0 ./GCC/tal_pib.o
 .data          0x00800209        0x0 ./GCC/tal_init.o
 .data          0x00800209        0x0 ./GCC/tal_irq_handler.o
 .data          0x00800209        0x0 ./GCC/tal_pwr_mgmt.o
 .data          0x00800209        0x0 ./GCC/tal_rx_enable.o
 .data          0x00800209        0x0 ./GCC/mac_associate.o
 .data          0x00800209        0x0 ./GCC/mac_beacon.o
 .data          0x00800209        0x0 ./GCC/mac_callback_wrapper.o
 .data          0x00800209        0x0 ./GCC/mac_data_ind.o
 .data          0x00800209        0x0 ./GCC/mac_data_req.o
 .data          0x00800209        0x0 ./GCC/mac_data_extract_mhr.o
 .data          0x00800209        0x0 ./GCC/mac_disassociate.o
 .data          0x00800209        0x0 ./GCC/mac_dispatcher.o
 .data          0x00800209        0x0 ./GCC/mac.o
 .data          0x00800209        0x0 ./GCC/mac_mcps_data.o
 .data          0x00800209        0x0 ./GCC/mac_misc.o
 .data          0x00800209        0x0 ./GCC/mac_orphan.o
 .data          0x00800209        0x0 ./GCC/mac_pib.o
 .data          0x00800209        0x0 ./GCC/mac_poll.o
 .data          0x00800209        0x0 ./GCC/mac_process_beacon_frame.o
 .data          0x00800209        0x0 ./GCC/mac_process_tal_tx_frame_status.o
 .data          0x00800209        0x0 ./GCC/mac_rx_enable.o
 .data          0x00800209        0x0 ./GCC/mac_scan.o
 .data          0x00800209        0x0 ./GCC/mac_start.o
 .data          0x00800209        0x0 ./GCC/mac_sync.o
 .data          0x00800209        0x0 ./GCC/mac_tx_coord_realignment_command.o
 .data          0x00800209        0x0 ./GCC/mac_api.o
 .data          0x00800209        0x0 ./GCC/usr_mcps_purge_conf.o
 .data          0x00800209        0x0 ./GCC/usr_mlme_beacon_notify_ind.o
 .data          0x00800209        0x0 ./GCC/usr_mlme_disassociate_conf.o
 .data          0x00800209        0x0 ./GCC/usr_mlme_disassociate_ind.o
 .data          0x00800209        0x0 ./GCC/usr_mlme_get_conf.o
 .data          0x00800209        0x0 ./GCC/usr_mlme_orphan_ind.o
 .data          0x00800209        0x0 ./GCC/usr_mlme_poll_conf.o
 .data          0x00800209        0x0 ./GCC/usr_mlme_rx_enable_conf.o
 .data          0x00800209        0x0 ./GCC/usr_mlme_sync_loss_ind.o
 .data          0x00800209        0x0 c:/program files (x86)/atmel/atmel toolchain/avr8 gcc/native/3.4.2.1002/avr8-gnu-toolchain/bin/../lib/gcc/avr/4.7.2/avr51\libgcc.a(_udivmodhi4.o)
 .data          0x00800209        0x0 c:/program files (x86)/atmel/atmel toolchain/avr8 gcc/native/3.4.2.1002/avr8-gnu-toolchain/bin/../lib/gcc/avr/4.7.2/avr51\libgcc.a(_udivmodsi4.o)
 .data          0x00800209        0x0 c:/program files (x86)/atmel/atmel toolchain/avr8 gcc/native/3.4.2.1002/avr8-gnu-toolchain/bin/../lib/gcc/avr/4.7.2/avr51\libgcc.a(_exit.o)
 .data          0x00800209        0x0 c:/program files (x86)/atmel/atmel toolchain/avr8 gcc/native/3.4.2.1002/avr8-gnu-toolchain/bin/../lib/gcc/avr/4.7.2/avr51\libgcc.a(_copy_data.o)
 .data          0x00800209        0x0 c:/program files (x86)/atmel/atmel toolchain/avr8 gcc/native/3.4.2.1002/avr8-gnu-toolchain/bin/../lib/gcc/avr/4.7.2/avr51\libgcc.a(_clear_bss.o)
 .data          0x00800209        0x0 c:/program files (x86)/atmel/atmel toolchain/avr8 gcc/native/3.4.2.1002/avr8-gnu-toolchain/bin/../lib/gcc/avr/4.7.2/avr51\libgcc.a(_muluhisi3.o)
 .data          0x00800209        0x0 c:/program files (x86)/atmel/atmel toolchain/avr8 gcc/native/3.4.2.1002/avr8-gnu-toolchain/bin/../lib/gcc/avr/4.7.2/avr51\libgcc.a(_adddi3_s8.o)
 .data          0x00800209        0x0 c:/program files (x86)/atmel/atmel toolchain/avr8 gcc/native/3.4.2.1002/avr8-gnu-toolchain/bin/../lib/gcc/avr/4.7.2/avr51\libgcc.a(_cmpdi2.o)
 .data          0x00800209        0x0 c:/program files (x86)/atmel/atmel toolchain/avr8 gcc/native/3.4.2.1002/avr8-gnu-toolchain/bin/../lib/gcc/avr/4.7.2/avr51\libgcc.a(_cmpdi2_s8.o)
 .data          0x00800209        0x0 c:/program files (x86)/atmel/atmel toolchain/avr8 gcc/native/3.4.2.1002/avr8-gnu-toolchain/bin/../lib/gcc/avr/4.7.2/avr51\libgcc.a(_fixunssfsi.o)
 .data          0x00800209        0x0 c:/program files (x86)/atmel/atmel toolchain/avr8 gcc/native/3.4.2.1002/avr8-gnu-toolchain/bin/../lib/gcc/avr/4.7.2/avr51\libgcc.a(_addsub_sf.o)
 .data          0x00800209        0x0 c:/program files (x86)/atmel/atmel toolchain/avr8 gcc/native/3.4.2.1002/avr8-gnu-toolchain/bin/../lib/gcc/avr/4.7.2/avr51\libgcc.a(_mul_sf.o)
 .data          0x00800209        0x0 c:/program files (x86)/atmel/atmel toolchain/avr8 gcc/native/3.4.2.1002/avr8-gnu-toolchain/bin/../lib/gcc/avr/4.7.2/avr51\libgcc.a(_ge_sf.o)
 .data          0x00800209        0x0 c:/program files (x86)/atmel/atmel toolchain/avr8 gcc/native/3.4.2.1002/avr8-gnu-toolchain/bin/../lib/gcc/avr/4.7.2/avr51\libgcc.a(_si_to_sf.o)
 .data          0x00800209        0x0 c:/program files (x86)/atmel/atmel toolchain/avr8 gcc/native/3.4.2.1002/avr8-gnu-toolchain/bin/../lib/gcc/avr/4.7.2/avr51\libgcc.a(_sf_to_si.o)
 .data          0x00800209        0x0 c:/program files (x86)/atmel/atmel toolchain/avr8 gcc/native/3.4.2.1002/avr8-gnu-toolchain/bin/../lib/gcc/avr/4.7.2/avr51\libgcc.a(_thenan_sf.o)
 .data          0x00800209        0x0 c:/program files (x86)/atmel/atmel toolchain/avr8 gcc/native/3.4.2.1002/avr8-gnu-toolchain/bin/../lib/gcc/avr/4.7.2/avr51\libgcc.a(_clzsi2.o)
 .data          0x00800209        0x0 c:/program files (x86)/atmel/atmel toolchain/avr8 gcc/native/3.4.2.1002/avr8-gnu-toolchain/bin/../lib/gcc/avr/4.7.2/avr51\libgcc.a(_clzhi2.o)
 .data          0x00800209        0x0 c:/program files (x86)/atmel/atmel toolchain/avr8 gcc/native/3.4.2.1002/avr8-gnu-toolchain/bin/../lib/gcc/avr/4.7.2/avr51\libgcc.a(_umulhisi3.o)
 .data          0x00800209        0x0 c:/program files (x86)/atmel/atmel toolchain/avr8 gcc/native/3.4.2.1002/avr8-gnu-toolchain/bin/../lib/gcc/avr/4.7.2/avr51\libgcc.a(_prologue.o)
 .data          0x00800209        0x0 c:/program files (x86)/atmel/atmel toolchain/avr8 gcc/native/3.4.2.1002/avr8-gnu-toolchain/bin/../lib/gcc/avr/4.7.2/avr51\libgcc.a(_epilogue.o)
 .data          0x00800209        0x0 c:/program files (x86)/atmel/atmel toolchain/avr8 gcc/native/3.4.2.1002/avr8-gnu-toolchain/bin/../lib/gcc/avr/4.7.2/avr51\libgcc.a(_pack_sf.o)
 .data          0x00800209        0x0 c:/program files (x86)/atmel/atmel toolchain/avr8 gcc/native/3.4.2.1002/avr8-gnu-toolchain/bin/../lib/gcc/avr/4.7.2/avr51\libgcc.a(_unpack_sf.o)
 .data          0x00800209        0x0 c:/program files (x86)/atmel/atmel toolchain/avr8 gcc/native/3.4.2.1002/avr8-gnu-toolchain/bin/../lib/gcc/avr/4.7.2/avr51\libgcc.a(_fpcmp_parts_sf.o)
 .data          0x00800209        0x4 c:/program files (x86)/atmel/atmel toolchain/avr8 gcc/native/3.4.2.1002/avr8-gnu-toolchain/bin/../lib/gcc/avr/4.7.2/../../../../avr/lib/avr51\libc.a(rand.o)
 .data          0x0080020d        0x0 c:/program files (x86)/atmel/atmel toolchain/avr8 gcc/native/3.4.2.1002/avr8-gnu-toolchain/bin/../lib/gcc/avr/4.7.2/../../../../avr/lib/avr51\libc.a(memcpy.o)
 .data          0x0080020d        0x0 c:/program files (x86)/atmel/atmel toolchain/avr8 gcc/native/3.4.2.1002/avr8-gnu-toolchain/bin/../lib/gcc/avr/4.7.2/../../../../avr/lib/avr51\libc.a(fdevopen.o)
 .data          0x0080020d        0x0 c:/program files (x86)/atmel/atmel toolchain/avr8 gcc/native/3.4.2.1002/avr8-gnu-toolchain/bin/../lib/gcc/avr/4.7.2/../../../../avr/lib/avr51\libc.a(fputc.o)
 .data          0x0080020d        0x0 c:/program files (x86)/atmel/atmel toolchain/avr8 gcc/native/3.4.2.1002/avr8-gnu-toolchain/bin/../lib/gcc/avr/4.7.2/../../../../avr/lib/avr51\libc.a(iob.o)
 .data          0x0080020d        0x0 c:/program files (x86)/atmel/atmel toolchain/avr8 gcc/native/3.4.2.1002/avr8-gnu-toolchain/bin/../lib/gcc/avr/4.7.2/../../../../avr/lib/avr51\libc.a(eerd_byte_atmega128rfa1.o)
 .data          0x0080020d        0x0 c:/program files (x86)/atmel/atmel toolchain/avr8 gcc/native/3.4.2.1002/avr8-gnu-toolchain/bin/../lib/gcc/avr/4.7.2/../../../../avr/lib/avr51\libc.a(eewr_byte_atmega128rfa1.o)
 .data          0x0080020d        0x0 c:/program files (x86)/atmel/atmel toolchain/avr8 gcc/native/3.4.2.1002/avr8-gnu-toolchain/bin/../lib/gcc/avr/4.7.2/../../../../avr/lib/avr51\libc.a(calloc.o)
 .data          0x0080020d        0x6 c:/program files (x86)/atmel/atmel toolchain/avr8 gcc/native/3.4.2.1002/avr8-gnu-toolchain/bin/../lib/gcc/avr/4.7.2/../../../../avr/lib/avr51\libc.a(malloc.o)
                0x0080020d                __malloc_heap_end
                0x0080020f                __malloc_heap_start
                0x00800211                __malloc_margin
 .data          0x00800213        0x0 c:/program files (x86)/atmel/atmel toolchain/avr8 gcc/native/3.4.2.1002/avr8-gnu-toolchain/bin/../lib/gcc/avr/4.7.2/../../../../avr/lib/avr51\libc.a(memset.o)
 .data          0x00800213        0x0 c:/program files (x86)/atmel/atmel toolchain/avr8 gcc/native/3.4.2.1002/avr8-gnu-toolchain/bin/../lib/gcc/avr/4.7.2/avr51\libgcc.a(_divmodsi4.o)
 .data          0x00800213        0x0 c:/program files (x86)/atmel/atmel toolchain/avr8 gcc/native/3.4.2.1002/avr8-gnu-toolchain/bin/../lib/gcc/avr/4.7.2/avr51\libgcc.a(_mulshisi3.o)
 *(.data*)
 *(.rodata)
 .rodata        0x00800213        0x3 ./GCC/main.o
 .rodata        0x00800216        0x8 ./GCC/tal_tx.o
 .rodata        0x0080021e        0x8 c:/program files (x86)/atmel/atmel toolchain/avr8 gcc/native/3.4.2.1002/avr8-gnu-toolchain/bin/../lib/gcc/avr/4.7.2/avr51\libgcc.a(_thenan_sf.o)
                0x0080021e                __thenan_sf
 *(.rodata*)
 *(.gnu.linkonce.d*)
                0x00800226                . = ALIGN (0x2)
                0x00800226                _edata = .
                0x00800226                PROVIDE (__data_end, .)

.bss            0x00800226      0xa74
                0x00800226                PROVIDE (__bss_start, .)
 *(.bss)
 .bss           0x00800226        0x0 c:/program files (x86)/atmel/atmel toolchain/avr8 gcc/native/3.4.2.1002/avr8-gnu-toolchain/bin/../lib/gcc/avr/4.7.2/../../../../avr/lib/avr51/crtm128rfa1.o
 .bss           0x00800226      0x44d ./GCC/main.o
 .bss           0x00800673        0x0 ./GCC/sio_handler.o
 .bss           0x00800673        0x0 ./GCC/pal_uart.o
 .bss           0x00800673        0x0 ./GCC/pal_usb_ftdi.o
 .bss           0x00800673        0x0 ./GCC/pal_sio_hub.o
 .bss           0x00800673        0x8 ./GCC/pal_irq.o
 .bss           0x0080067b        0x0 ./GCC/pal.o
 .bss           0x0080067b        0x0 ./GCC/pal_mcu_generic.o
 .bss           0x0080067b        0x8 ./GCC/pal_timer.o
 .bss           0x00800683        0x0 ./GCC/pal_board.o
 .bss           0x00800683        0x0 ./GCC/pal_utils.o
 .bss           0x00800683      0x3b9 ./GCC/bmm.o
 .bss           0x00800a3c        0x0 ./GCC/qmm.o
 .bss           0x00800a3c        0x2 ./GCC/tal.o
                0x00800a3c                tal_rx_buffer
 .bss           0x00800a3e        0x0 ./GCC/tal_rx.o
 .bss           0x00800a3e        0x1 ./GCC/tal_tx.o
 .bss           0x00800a3f        0x5 ./GCC/tal_ed.o
 .bss           0x00800a44        0x8 ./GCC/tal_slotted_csma.o
 .bss           0x00800a4c        0x0 ./GCC/tal_pib.o
 .bss           0x00800a4c        0x0 ./GCC/tal_init.o
 .bss           0x00800a4c        0x0 ./GCC/tal_irq_handler.o
 .bss           0x00800a4c        0x0 ./GCC/tal_pwr_mgmt.o
 .bss           0x00800a4c        0x0 ./GCC/tal_rx_enable.o
 .bss           0x00800a4c        0x0 ./GCC/mac_associate.o
 .bss           0x00800a4c       0x9d ./GCC/mac_beacon.o
 .bss           0x00800ae9        0x0 ./GCC/mac_callback_wrapper.o
 .bss           0x00800ae9        0x0 ./GCC/mac_data_ind.o
 .bss           0x00800ae9        0x0 ./GCC/mac_data_req.o
 .bss           0x00800ae9        0x0 ./GCC/mac_data_extract_mhr.o
 .bss           0x00800ae9        0x0 ./GCC/mac_disassociate.o
 .bss           0x00800ae9        0x0 ./GCC/mac_dispatcher.o
 .bss           0x00800ae9        0x0 ./GCC/mac.o
 .bss           0x00800ae9        0x0 ./GCC/mac_mcps_data.o
 .bss           0x00800ae9        0x0 ./GCC/mac_misc.o
 .bss           0x00800ae9        0x0 ./GCC/mac_orphan.o
 .bss           0x00800ae9        0x1 ./GCC/mac_pib.o
 .bss           0x00800aea        0x0 ./GCC/mac_poll.o
 .bss           0x00800aea        0x0 ./GCC/mac_process_beacon_frame.o
 .bss           0x00800aea        0x0 ./GCC/mac_process_tal_tx_frame_status.o
 .bss           0x00800aea        0x4 ./GCC/mac_rx_enable.o
 .bss           0x00800aee        0x8 ./GCC/mac_scan.o
 .bss           0x00800af6        0xa ./GCC/mac_start.o
 .bss           0x00800b00        0xa ./GCC/mac_sync.o
 .bss           0x00800b0a        0x0 ./GCC/mac_tx_coord_realignment_command.o
 .bss           0x00800b0a        0x0 ./GCC/mac_api.o
 .bss           0x00800b0a        0x0 ./GCC/usr_mcps_purge_conf.o
 .bss           0x00800b0a        0x0 ./GCC/usr_mlme_beacon_notify_ind.o
 .bss           0x00800b0a        0x0 ./GCC/usr_mlme_disassociate_conf.o
 .bss           0x00800b0a        0x0 ./GCC/usr_mlme_disassociate_ind.o
 .bss           0x00800b0a        0x0 ./GCC/usr_mlme_get_conf.o
 .bss           0x00800b0a        0x0 ./GCC/usr_mlme_orphan_ind.o
 .bss           0x00800b0a        0x0 ./GCC/usr_mlme_poll_conf.o
 .bss           0x00800b0a        0x0 ./GCC/usr_mlme_rx_enable_conf.o
 .bss           0x00800b0a        0x0 ./GCC/usr_mlme_sync_loss_ind.o
 .bss           0x00800b0a        0x0 c:/program files (x86)/atmel/atmel toolchain/avr8 gcc/native/3.4.2.1002/avr8-gnu-toolchain/bin/../lib/gcc/avr/4.7.2/avr51\libgcc.a(_udivmodhi4.o)
 .bss           0x00800b0a        0x0 c:/program files (x86)/atmel/atmel toolchain/avr8 gcc/native/3.4.2.1002/avr8-gnu-toolchain/bin/../lib/gcc/avr/4.7.2/avr51\libgcc.a(_udivmodsi4.o)
 .bss           0x00800b0a        0x0 c:/program files (x86)/atmel/atmel toolchain/avr8 gcc/native/3.4.2.1002/avr8-gnu-toolchain/bin/../lib/gcc/avr/4.7.2/avr51\libgcc.a(_exit.o)
 .bss           0x00800b0a        0x0 c:/program files (x86)/atmel/atmel toolchain/avr8 gcc/native/3.4.2.1002/avr8-gnu-toolchain/bin/../lib/gcc/avr/4.7.2/avr51\libgcc.a(_copy_data.o)
 .bss           0x00800b0a        0x0 c:/program files (x86)/atmel/atmel toolchain/avr8 gcc/native/3.4.2.1002/avr8-gnu-toolchain/bin/../lib/gcc/avr/4.7.2/avr51\libgcc.a(_clear_bss.o)
 .bss           0x00800b0a        0x0 c:/program files (x86)/atmel/atmel toolchain/avr8 gcc/native/3.4.2.1002/avr8-gnu-toolchain/bin/../lib/gcc/avr/4.7.2/avr51\libgcc.a(_muluhisi3.o)
 .bss           0x00800b0a        0x0 c:/program files (x86)/atmel/atmel toolchain/avr8 gcc/native/3.4.2.1002/avr8-gnu-toolchain/bin/../lib/gcc/avr/4.7.2/avr51\libgcc.a(_adddi3_s8.o)
 .bss           0x00800b0a        0x0 c:/program files (x86)/atmel/atmel toolchain/avr8 gcc/native/3.4.2.1002/avr8-gnu-toolchain/bin/../lib/gcc/avr/4.7.2/avr51\libgcc.a(_cmpdi2.o)
 .bss           0x00800b0a        0x0 c:/program files (x86)/atmel/atmel toolchain/avr8 gcc/native/3.4.2.1002/avr8-gnu-toolchain/bin/../lib/gcc/avr/4.7.2/avr51\libgcc.a(_cmpdi2_s8.o)
 .bss           0x00800b0a        0x0 c:/program files (x86)/atmel/atmel toolchain/avr8 gcc/native/3.4.2.1002/avr8-gnu-toolchain/bin/../lib/gcc/avr/4.7.2/avr51\libgcc.a(_fixunssfsi.o)
 .bss           0x00800b0a        0x0 c:/program files (x86)/atmel/atmel toolchain/avr8 gcc/native/3.4.2.1002/avr8-gnu-toolchain/bin/../lib/gcc/avr/4.7.2/avr51\libgcc.a(_addsub_sf.o)
 .bss           0x00800b0a        0x0 c:/program files (x86)/atmel/atmel toolchain/avr8 gcc/native/3.4.2.1002/avr8-gnu-toolchain/bin/../lib/gcc/avr/4.7.2/avr51\libgcc.a(_mul_sf.o)
 .bss           0x00800b0a        0x0 c:/program files (x86)/atmel/atmel toolchain/avr8 gcc/native/3.4.2.1002/avr8-gnu-toolchain/bin/../lib/gcc/avr/4.7.2/avr51\libgcc.a(_ge_sf.o)
 .bss           0x00800b0a        0x0 c:/program files (x86)/atmel/atmel toolchain/avr8 gcc/native/3.4.2.1002/avr8-gnu-toolchain/bin/../lib/gcc/avr/4.7.2/avr51\libgcc.a(_si_to_sf.o)
 .bss           0x00800b0a        0x0 c:/program files (x86)/atmel/atmel toolchain/avr8 gcc/native/3.4.2.1002/avr8-gnu-toolchain/bin/../lib/gcc/avr/4.7.2/avr51\libgcc.a(_sf_to_si.o)
 .bss           0x00800b0a        0x0 c:/program files (x86)/atmel/atmel toolchain/avr8 gcc/native/3.4.2.1002/avr8-gnu-toolchain/bin/../lib/gcc/avr/4.7.2/avr51\libgcc.a(_thenan_sf.o)
 .bss           0x00800b0a        0x0 c:/program files (x86)/atmel/atmel toolchain/avr8 gcc/native/3.4.2.1002/avr8-gnu-toolchain/bin/../lib/gcc/avr/4.7.2/avr51\libgcc.a(_clzsi2.o)
 .bss           0x00800b0a        0x0 c:/program files (x86)/atmel/atmel toolchain/avr8 gcc/native/3.4.2.1002/avr8-gnu-toolchain/bin/../lib/gcc/avr/4.7.2/avr51\libgcc.a(_clzhi2.o)
 .bss           0x00800b0a        0x0 c:/program files (x86)/atmel/atmel toolchain/avr8 gcc/native/3.4.2.1002/avr8-gnu-toolchain/bin/../lib/gcc/avr/4.7.2/avr51\libgcc.a(_umulhisi3.o)
 .bss           0x00800b0a        0x0 c:/program files (x86)/atmel/atmel toolchain/avr8 gcc/native/3.4.2.1002/avr8-gnu-toolchain/bin/../lib/gcc/avr/4.7.2/avr51\libgcc.a(_prologue.o)
 .bss           0x00800b0a        0x0 c:/program files (x86)/atmel/atmel toolchain/avr8 gcc/native/3.4.2.1002/avr8-gnu-toolchain/bin/../lib/gcc/avr/4.7.2/avr51\libgcc.a(_epilogue.o)
 .bss           0x00800b0a        0x0 c:/program files (x86)/atmel/atmel toolchain/avr8 gcc/native/3.4.2.1002/avr8-gnu-toolchain/bin/../lib/gcc/avr/4.7.2/avr51\libgcc.a(_pack_sf.o)
 .bss           0x00800b0a        0x0 c:/program files (x86)/atmel/atmel toolchain/avr8 gcc/native/3.4.2.1002/avr8-gnu-toolchain/bin/../lib/gcc/avr/4.7.2/avr51\libgcc.a(_unpack_sf.o)
 .bss           0x00800b0a        0x0 c:/program files (x86)/atmel/atmel toolchain/avr8 gcc/native/3.4.2.1002/avr8-gnu-toolchain/bin/../lib/gcc/avr/4.7.2/avr51\libgcc.a(_fpcmp_parts_sf.o)
 .bss           0x00800b0a        0x0 c:/program files (x86)/atmel/atmel toolchain/avr8 gcc/native/3.4.2.1002/avr8-gnu-toolchain/bin/../lib/gcc/avr/4.7.2/../../../../avr/lib/avr51\libc.a(rand.o)
 .bss           0x00800b0a        0x0 c:/program files (x86)/atmel/atmel toolchain/avr8 gcc/native/3.4.2.1002/avr8-gnu-toolchain/bin/../lib/gcc/avr/4.7.2/../../../../avr/lib/avr51\libc.a(memcpy.o)
 .bss           0x00800b0a        0x0 c:/program files (x86)/atmel/atmel toolchain/avr8 gcc/native/3.4.2.1002/avr8-gnu-toolchain/bin/../lib/gcc/avr/4.7.2/../../../../avr/lib/avr51\libc.a(fdevopen.o)
 .bss           0x00800b0a        0x0 c:/program files (x86)/atmel/atmel toolchain/avr8 gcc/native/3.4.2.1002/avr8-gnu-toolchain/bin/../lib/gcc/avr/4.7.2/../../../../avr/lib/avr51\libc.a(fputc.o)
 .bss           0x00800b0a        0x0 c:/program files (x86)/atmel/atmel toolchain/avr8 gcc/native/3.4.2.1002/avr8-gnu-toolchain/bin/../lib/gcc/avr/4.7.2/../../../../avr/lib/avr51\libc.a(iob.o)
 .bss           0x00800b0a        0x0 c:/program files (x86)/atmel/atmel toolchain/avr8 gcc/native/3.4.2.1002/avr8-gnu-toolchain/bin/../lib/gcc/avr/4.7.2/../../../../avr/lib/avr51\libc.a(eerd_byte_atmega128rfa1.o)
 .bss           0x00800b0a        0x0 c:/program files (x86)/atmel/atmel toolchain/avr8 gcc/native/3.4.2.1002/avr8-gnu-toolchain/bin/../lib/gcc/avr/4.7.2/../../../../avr/lib/avr51\libc.a(eewr_byte_atmega128rfa1.o)
 .bss           0x00800b0a        0x0 c:/program files (x86)/atmel/atmel toolchain/avr8 gcc/native/3.4.2.1002/avr8-gnu-toolchain/bin/../lib/gcc/avr/4.7.2/../../../../avr/lib/avr51\libc.a(calloc.o)
 .bss           0x00800b0a        0x0 c:/program files (x86)/atmel/atmel toolchain/avr8 gcc/native/3.4.2.1002/avr8-gnu-toolchain/bin/../lib/gcc/avr/4.7.2/../../../../avr/lib/avr51\libc.a(malloc.o)
 .bss           0x00800b0a        0x0 c:/program files (x86)/atmel/atmel toolchain/avr8 gcc/native/3.4.2.1002/avr8-gnu-toolchain/bin/../lib/gcc/avr/4.7.2/../../../../avr/lib/avr51\libc.a(memset.o)
 .bss           0x00800b0a        0x0 c:/program files (x86)/atmel/atmel toolchain/avr8 gcc/native/3.4.2.1002/avr8-gnu-toolchain/bin/../lib/gcc/avr/4.7.2/avr51\libgcc.a(_divmodsi4.o)
 .bss           0x00800b0a        0x0 c:/program files (x86)/atmel/atmel toolchain/avr8 gcc/native/3.4.2.1002/avr8-gnu-toolchain/bin/../lib/gcc/avr/4.7.2/avr51\libgcc.a(_mulshisi3.o)
 *(.bss*)
 *(COMMON)
 COMMON         0x00800b0a       0x1a ./GCC/pal_uart.o
                0x00800b0a                uart_0_buffer
 COMMON         0x00800b24       0x88 ./GCC/pal_timer.o
                0x00800b24                timer_array
                0x00800bab                timer_trigger
 COMMON         0x00800bac       0x38 ./GCC/tal.o
                0x00800bac                tal_rx_on_required
                0x00800bad                tal_incoming_frame_queue
                0x00800bb2                tal_beacon_transmission
                0x00800bb3                mac_frame_ptr
                0x00800bb5                tal_csma_state
                0x00800bb7                tal_rx_timestamp
                0x00800bbb                tal_pib
                0x00800bdf                tal_trx_status
                0x00800be0                last_frame_length
                0x00800be1                tal_frame_to_tx
                0x00800be3                tal_state
 COMMON         0x00800be4        0x1 ./GCC/tal_slotted_csma.o
                0x00800be4                transaction_duration_periods
 COMMON         0x00800be5       0xa6 ./GCC/mac.o
                0x00800be5                mac_last_dsn
                0x00800be6                indirect_data_q
                0x00800beb                mac_last_src_addr
                0x00800bf3                mac_scan_orig_page
                0x00800bf4                mac_poll_state
                0x00800bf5                broadcast_q
                0x00800bfa                nhle_mac_q
                0x00800bff                mac_scan_state
                0x00800c00                mac_sync_state
                0x00800c01                mac_final_cap_slot
                0x00800c02                mac_scan_orig_channel
                0x00800c03                mac_conf_buf_ptr
                0x00800c05                mac_beacon_payload
                0x00800c39                mac_pib
                0x00800c52                mac_bc_data_indicated
                0x00800c53                mac_rx_enabled
                0x00800c54                mac_scan_orig_panid
                0x00800c56                tal_mac_q
                0x00800c5b                mac_scan_cmd_buf_ptr
                0x00800c5d                mac_parse_data
                0x00800c88                mac_state
                0x00800c89                mac_busy
                0x00800c8a                mac_radio_sleep_state
 COMMON         0x00800c8b        0x5 ./GCC/mac_api.o
                0x00800c8b                mac_nhle_q
 COMMON         0x00800c90        0x6 c:/program files (x86)/atmel/atmel toolchain/avr8 gcc/native/3.4.2.1002/avr8-gnu-toolchain/bin/../lib/gcc/avr/4.7.2/../../../../avr/lib/avr51\libc.a(iob.o)
                0x00800c90                __iob
 COMMON         0x00800c96        0x4 c:/program files (x86)/atmel/atmel toolchain/avr8 gcc/native/3.4.2.1002/avr8-gnu-toolchain/bin/../lib/gcc/avr/4.7.2/../../../../avr/lib/avr51\libc.a(malloc.o)
                0x00800c96                __brkval
                0x00800c98                __flp
                0x00800c9a                PROVIDE (__bss_end, .)
                0x00009ac2                __data_load_start = LOADADDR (.data)
                0x00009ae8                __data_load_end = (__data_load_start + SIZEOF (.data))

.noinit         0x00800c9a        0x0
                0x00800c9a                PROVIDE (__noinit_start, .)
 *(.noinit*)
                0x00800c9a                PROVIDE (__noinit_end, .)
                0x00800c9a                _end = .
                0x00800c9a                PROVIDE (__heap_start, .)

.eeprom         0x00810000        0x0
 *(.eeprom*)
                0x00810000                __eeprom_end = .

.fuse
 *(.fuse)
 *(.lfuse)
 *(.hfuse)
 *(.efuse)

.lock
 *(.lock*)

.signature
 *(.signature*)

.user_signatures
 *(.user_signatures*)

.stab           0x00000000      0x930
 *(.stab)
 .stab          0x00000000      0x6cc c:/program files (x86)/atmel/atmel toolchain/avr8 gcc/native/3.4.2.1002/avr8-gnu-toolchain/bin/../lib/gcc/avr/4.7.2/../../../../avr/lib/avr51/crtm128rfa1.o
 .stab          0x000006cc       0x84 c:/program files (x86)/atmel/atmel toolchain/avr8 gcc/native/3.4.2.1002/avr8-gnu-toolchain/bin/../lib/gcc/avr/4.7.2/../../../../avr/lib/avr51\libc.a(memcpy.o)
                                 0x90 (size before relaxing)
 .stab          0x00000750       0x90 c:/program files (x86)/atmel/atmel toolchain/avr8 gcc/native/3.4.2.1002/avr8-gnu-toolchain/bin/../lib/gcc/avr/4.7.2/../../../../avr/lib/avr51\libc.a(eerd_byte_atmega128rfa1.o)
                                 0x9c (size before relaxing)
 .stab          0x000007e0       0xe4 c:/program files (x86)/atmel/atmel toolchain/avr8 gcc/native/3.4.2.1002/avr8-gnu-toolchain/bin/../lib/gcc/avr/4.7.2/../../../../avr/lib/avr51\libc.a(eewr_byte_atmega128rfa1.o)
                                 0xf0 (size before relaxing)
 .stab          0x000008c4       0x6c c:/program files (x86)/atmel/atmel toolchain/avr8 gcc/native/3.4.2.1002/avr8-gnu-toolchain/bin/../lib/gcc/avr/4.7.2/../../../../avr/lib/avr51\libc.a(memset.o)
                                 0x78 (size before relaxing)

.stabstr        0x00000000      0x269
 *(.stabstr)
 .stabstr       0x00000000      0x269 c:/program files (x86)/atmel/atmel toolchain/avr8 gcc/native/3.4.2.1002/avr8-gnu-toolchain/bin/../lib/gcc/avr/4.7.2/../../../../avr/lib/avr51/crtm128rfa1.o

.stab.excl
 *(.stab.excl)

.stab.exclstr
 *(.stab.exclstr)

.stab.index
 *(.stab.index)

.stab.indexstr
 *(.stab.indexstr)

.comment        0x00000000       0x2f
 *(.comment)
 .comment       0x00000000       0x2f ./GCC/main.o
                                 0x30 (size before relaxing)
 .comment       0x00000000       0x30 ./GCC/sio_handler.o
 .comment       0x00000000       0x30 ./GCC/pal_uart.o
 .comment       0x00000000       0x30 ./GCC/pal_usb_ftdi.o
 .comment       0x00000000       0x30 ./GCC/pal_sio_hub.o
 .comment       0x00000000       0x30 ./GCC/pal_irq.o
 .comment       0x00000000       0x30 ./GCC/pal.o
 .comment       0x00000000       0x30 ./GCC/pal_mcu_generic.o
 .comment       0x00000000       0x30 ./GCC/pal_timer.o
 .comment       0x00000000       0x30 ./GCC/pal_board.o
 .comment       0x00000000       0x30 ./GCC/pal_utils.o
 .comment       0x00000000       0x30 ./GCC/bmm.o
 .comment       0x00000000       0x30 ./GCC/qmm.o
 .comment       0x00000000       0x30 ./GCC/tal.o
 .comment       0x00000000       0x30 ./GCC/tal_rx.o
 .comment       0x00000000       0x30 ./GCC/tal_tx.o
 .comment       0x00000000       0x30 ./GCC/tal_ed.o
 .comment       0x00000000       0x30 ./GCC/tal_slotted_csma.o
 .comment       0x00000000       0x30 ./GCC/tal_pib.o
 .comment       0x00000000       0x30 ./GCC/tal_init.o
 .comment       0x00000000       0x30 ./GCC/tal_irq_handler.o
 .comment       0x00000000       0x30 ./GCC/tal_pwr_mgmt.o
 .comment       0x00000000       0x30 ./GCC/tal_rx_enable.o
 .comment       0x00000000       0x30 ./GCC/mac_associate.o
 .comment       0x00000000       0x30 ./GCC/mac_beacon.o
 .comment       0x00000000       0x30 ./GCC/mac_callback_wrapper.o
 .comment       0x00000000       0x30 ./GCC/mac_data_ind.o
 .comment       0x00000000       0x30 ./GCC/mac_data_req.o
 .comment       0x00000000       0x30 ./GCC/mac_data_extract_mhr.o
 .comment       0x00000000       0x30 ./GCC/mac_disassociate.o
 .comment       0x00000000       0x30 ./GCC/mac_dispatcher.o
 .comment       0x00000000       0x30 ./GCC/mac.o
 .comment       0x00000000       0x30 ./GCC/mac_mcps_data.o
 .comment       0x00000000       0x30 ./GCC/mac_misc.o
 .comment       0x00000000       0x30 ./GCC/mac_orphan.o
 .comment       0x00000000       0x30 ./GCC/mac_pib.o
 .comment       0x00000000       0x30 ./GCC/mac_poll.o
 .comment       0x00000000       0x30 ./GCC/mac_process_beacon_frame.o
 .comment       0x00000000       0x30 ./GCC/mac_process_tal_tx_frame_status.o
 .comment       0x00000000       0x30 ./GCC/mac_rx_enable.o
 .comment       0x00000000       0x30 ./GCC/mac_scan.o
 .comment       0x00000000       0x30 ./GCC/mac_start.o
 .comment       0x00000000       0x30 ./GCC/mac_sync.o
 .comment       0x00000000       0x30 ./GCC/mac_tx_coord_realignment_command.o
 .comment       0x00000000       0x30 ./GCC/mac_api.o
 .comment       0x00000000       0x30 ./GCC/usr_mcps_purge_conf.o
 .comment       0x00000000       0x30 ./GCC/usr_mlme_beacon_notify_ind.o
 .comment       0x00000000       0x30 ./GCC/usr_mlme_disassociate_conf.o
 .comment       0x00000000       0x30 ./GCC/usr_mlme_disassociate_ind.o
 .comment       0x00000000       0x30 ./GCC/usr_mlme_get_conf.o
 .comment       0x00000000       0x30 ./GCC/usr_mlme_orphan_ind.o
 .comment       0x00000000       0x30 ./GCC/usr_mlme_poll_conf.o
 .comment       0x00000000       0x30 ./GCC/usr_mlme_rx_enable_conf.o
 .comment       0x00000000       0x30 ./GCC/usr_mlme_sync_loss_ind.o
 .comment       0x00000000       0x30 c:/program files (x86)/atmel/atmel toolchain/avr8 gcc/native/3.4.2.1002/avr8-gnu-toolchain/bin/../lib/gcc/avr/4.7.2/avr51\libgcc.a(_fixunssfsi.o)
 .comment       0x00000000       0x30 c:/program files (x86)/atmel/atmel toolchain/avr8 gcc/native/3.4.2.1002/avr8-gnu-toolchain/bin/../lib/gcc/avr/4.7.2/avr51\libgcc.a(_addsub_sf.o)
 .comment       0x00000000       0x30 c:/program files (x86)/atmel/atmel toolchain/avr8 gcc/native/3.4.2.1002/avr8-gnu-toolchain/bin/../lib/gcc/avr/4.7.2/avr51\libgcc.a(_mul_sf.o)
 .comment       0x00000000       0x30 c:/program files (x86)/atmel/atmel toolchain/avr8 gcc/native/3.4.2.1002/avr8-gnu-toolchain/bin/../lib/gcc/avr/4.7.2/avr51\libgcc.a(_ge_sf.o)
 .comment       0x00000000       0x30 c:/program files (x86)/atmel/atmel toolchain/avr8 gcc/native/3.4.2.1002/avr8-gnu-toolchain/bin/../lib/gcc/avr/4.7.2/avr51\libgcc.a(_si_to_sf.o)
 .comment       0x00000000       0x30 c:/program files (x86)/atmel/atmel toolchain/avr8 gcc/native/3.4.2.1002/avr8-gnu-toolchain/bin/../lib/gcc/avr/4.7.2/avr51\libgcc.a(_sf_to_si.o)
 .comment       0x00000000       0x30 c:/program files (x86)/atmel/atmel toolchain/avr8 gcc/native/3.4.2.1002/avr8-gnu-toolchain/bin/../lib/gcc/avr/4.7.2/avr51\libgcc.a(_thenan_sf.o)
 .comment       0x00000000       0x30 c:/program files (x86)/atmel/atmel toolchain/avr8 gcc/native/3.4.2.1002/avr8-gnu-toolchain/bin/../lib/gcc/avr/4.7.2/avr51\libgcc.a(_pack_sf.o)
 .comment       0x00000000       0x30 c:/program files (x86)/atmel/atmel toolchain/avr8 gcc/native/3.4.2.1002/avr8-gnu-toolchain/bin/../lib/gcc/avr/4.7.2/avr51\libgcc.a(_unpack_sf.o)
 .comment       0x00000000       0x30 c:/program files (x86)/atmel/atmel toolchain/avr8 gcc/native/3.4.2.1002/avr8-gnu-toolchain/bin/../lib/gcc/avr/4.7.2/avr51\libgcc.a(_fpcmp_parts_sf.o)
 .comment       0x00000000       0x30 c:/program files (x86)/atmel/atmel toolchain/avr8 gcc/native/3.4.2.1002/avr8-gnu-toolchain/bin/../lib/gcc/avr/4.7.2/../../../../avr/lib/avr51\libc.a(rand.o)
 .comment       0x00000000       0x30 c:/program files (x86)/atmel/atmel toolchain/avr8 gcc/native/3.4.2.1002/avr8-gnu-toolchain/bin/../lib/gcc/avr/4.7.2/../../../../avr/lib/avr51\libc.a(fdevopen.o)
 .comment       0x00000000       0x30 c:/program files (x86)/atmel/atmel toolchain/avr8 gcc/native/3.4.2.1002/avr8-gnu-toolchain/bin/../lib/gcc/avr/4.7.2/../../../../avr/lib/avr51\libc.a(fputc.o)
 .comment       0x00000000       0x30 c:/program files (x86)/atmel/atmel toolchain/avr8 gcc/native/3.4.2.1002/avr8-gnu-toolchain/bin/../lib/gcc/avr/4.7.2/../../../../avr/lib/avr51\libc.a(iob.o)
 .comment       0x00000000       0x30 c:/program files (x86)/atmel/atmel toolchain/avr8 gcc/native/3.4.2.1002/avr8-gnu-toolchain/bin/../lib/gcc/avr/4.7.2/../../../../avr/lib/avr51\libc.a(calloc.o)
 .comment       0x00000000       0x30 c:/program files (x86)/atmel/atmel toolchain/avr8 gcc/native/3.4.2.1002/avr8-gnu-toolchain/bin/../lib/gcc/avr/4.7.2/../../../../avr/lib/avr51\libc.a(malloc.o)

.debug
 *(.debug)

.line
 *(.line)

.debug_srcinfo
 *(.debug_srcinfo)

.debug_sfnames
 *(.debug_sfnames)

.debug_aranges  0x00000000      0x898
 *(.debug_aranges)
 .debug_aranges
                0x00000000       0x28 ./GCC/main.o
 .debug_aranges
                0x00000028       0x20 ./GCC/sio_handler.o
 .debug_aranges
                0x00000048       0x20 ./GCC/pal_uart.o
 .debug_aranges
                0x00000068       0x20 ./GCC/pal_sio_hub.o
 .debug_aranges
                0x00000088       0x20 ./GCC/pal_irq.o
 .debug_aranges
                0x000000a8       0x20 ./GCC/pal.o
 .debug_aranges
                0x000000c8       0x20 ./GCC/pal_mcu_generic.o
 .debug_aranges
                0x000000e8       0x20 ./GCC/pal_timer.o
 .debug_aranges
                0x00000108       0x20 ./GCC/pal_board.o
 .debug_aranges
                0x00000128       0x20 ./GCC/bmm.o
 .debug_aranges
                0x00000148       0x20 ./GCC/qmm.o
 .debug_aranges
                0x00000168       0x20 ./GCC/tal.o
 .debug_aranges
                0x00000188       0x20 ./GCC/tal_rx.o
 .debug_aranges
                0x000001a8       0x20 ./GCC/tal_tx.o
 .debug_aranges
                0x000001c8       0x20 ./GCC/tal_ed.o
 .debug_aranges
                0x000001e8       0x20 ./GCC/tal_slotted_csma.o
 .debug_aranges
                0x00000208       0x20 ./GCC/tal_pib.o
 .debug_aranges
                0x00000228       0x20 ./GCC/tal_init.o
 .debug_aranges
                0x00000248       0x20 ./GCC/tal_irq_handler.o
 .debug_aranges
                0x00000268       0x20 ./GCC/tal_pwr_mgmt.o
 .debug_aranges
                0x00000288       0x20 ./GCC/tal_rx_enable.o
 .debug_aranges
                0x000002a8       0x20 ./GCC/mac_associate.o
 .debug_aranges
                0x000002c8       0x20 ./GCC/mac_beacon.o
 .debug_aranges
                0x000002e8       0x20 ./GCC/mac_callback_wrapper.o
 .debug_aranges
                0x00000308       0x20 ./GCC/mac_data_ind.o
 .debug_aranges
                0x00000328       0x20 ./GCC/mac_data_req.o
 .debug_aranges
                0x00000348       0x20 ./GCC/mac_data_extract_mhr.o
 .debug_aranges
                0x00000368       0x20 ./GCC/mac_disassociate.o
 .debug_aranges
                0x00000388       0x20 ./GCC/mac_dispatcher.o
 .debug_aranges
                0x000003a8       0x20 ./GCC/mac.o
 .debug_aranges
                0x000003c8       0x20 ./GCC/mac_mcps_data.o
 .debug_aranges
                0x000003e8       0x20 ./GCC/mac_misc.o
 .debug_aranges
                0x00000408       0x20 ./GCC/mac_orphan.o
 .debug_aranges
                0x00000428       0x20 ./GCC/mac_pib.o
 .debug_aranges
                0x00000448       0x20 ./GCC/mac_poll.o
 .debug_aranges
                0x00000468       0x20 ./GCC/mac_process_beacon_frame.o
 .debug_aranges
                0x00000488       0x20 ./GCC/mac_process_tal_tx_frame_status.o
 .debug_aranges
                0x000004a8       0x20 ./GCC/mac_rx_enable.o
 .debug_aranges
                0x000004c8       0x20 ./GCC/mac_scan.o
 .debug_aranges
                0x000004e8       0x20 ./GCC/mac_start.o
 .debug_aranges
                0x00000508       0x20 ./GCC/mac_sync.o
 .debug_aranges
                0x00000528       0x20 ./GCC/mac_tx_coord_realignment_command.o
 .debug_aranges
                0x00000548       0x20 ./GCC/mac_api.o
 .debug_aranges
                0x00000568       0x20 ./GCC/usr_mcps_purge_conf.o
 .debug_aranges
                0x00000588       0x20 ./GCC/usr_mlme_beacon_notify_ind.o
 .debug_aranges
                0x000005a8       0x20 ./GCC/usr_mlme_disassociate_conf.o
 .debug_aranges
                0x000005c8       0x20 ./GCC/usr_mlme_disassociate_ind.o
 .debug_aranges
                0x000005e8       0x20 ./GCC/usr_mlme_get_conf.o
 .debug_aranges
                0x00000608       0x20 ./GCC/usr_mlme_orphan_ind.o
 .debug_aranges
                0x00000628       0x20 ./GCC/usr_mlme_poll_conf.o
 .debug_aranges
                0x00000648       0x20 ./GCC/usr_mlme_rx_enable_conf.o
 .debug_aranges
                0x00000668       0x20 ./GCC/usr_mlme_sync_loss_ind.o
 .debug_aranges
                0x00000688       0x20 c:/program files (x86)/atmel/atmel toolchain/avr8 gcc/native/3.4.2.1002/avr8-gnu-toolchain/bin/../lib/gcc/avr/4.7.2/avr51\libgcc.a(_fixunssfsi.o)
 .debug_aranges
                0x000006a8       0x20 c:/program files (x86)/atmel/atmel toolchain/avr8 gcc/native/3.4.2.1002/avr8-gnu-toolchain/bin/../lib/gcc/avr/4.7.2/avr51\libgcc.a(_addsub_sf.o)
 .debug_aranges
                0x000006c8       0x20 c:/program files (x86)/atmel/atmel toolchain/avr8 gcc/native/3.4.2.1002/avr8-gnu-toolchain/bin/../lib/gcc/avr/4.7.2/avr51\libgcc.a(_mul_sf.o)
 .debug_aranges
                0x000006e8       0x20 c:/program files (x86)/atmel/atmel toolchain/avr8 gcc/native/3.4.2.1002/avr8-gnu-toolchain/bin/../lib/gcc/avr/4.7.2/avr51\libgcc.a(_ge_sf.o)
 .debug_aranges
                0x00000708       0x20 c:/program files (x86)/atmel/atmel toolchain/avr8 gcc/native/3.4.2.1002/avr8-gnu-toolchain/bin/../lib/gcc/avr/4.7.2/avr51\libgcc.a(_si_to_sf.o)
 .debug_aranges
                0x00000728       0x20 c:/program files (x86)/atmel/atmel toolchain/avr8 gcc/native/3.4.2.1002/avr8-gnu-toolchain/bin/../lib/gcc/avr/4.7.2/avr51\libgcc.a(_sf_to_si.o)
 .debug_aranges
                0x00000748       0x18 c:/program files (x86)/atmel/atmel toolchain/avr8 gcc/native/3.4.2.1002/avr8-gnu-toolchain/bin/../lib/gcc/avr/4.7.2/avr51\libgcc.a(_thenan_sf.o)
 .debug_aranges
                0x00000760       0x20 c:/program files (x86)/atmel/atmel toolchain/avr8 gcc/native/3.4.2.1002/avr8-gnu-toolchain/bin/../lib/gcc/avr/4.7.2/avr51\libgcc.a(_pack_sf.o)
 .debug_aranges