Archive member included because of file (symbol)

./../../../../../../Atmel_lib/BitCloud_MEGARF_1_14_0/BitCloud/lib/libHAL_AtmlStk600_Atmega128rfa1_8Mhz_Gcc.a(halDelay.o)
                              EndDevice_Stk600_Atmega128rfa1_8Mhz_Gcc/Obj/buttons.o (HAL_Delay)
./../../../../../../Atmel_lib/BitCloud_MEGARF_1_14_0/BitCloud/lib/libHAL_AtmlStk600_Atmega128rfa1_8Mhz_Gcc.a(halW1.o)
                              ./../../../../../../Atmel_lib/BitCloud_MEGARF_1_14_0/BitCloud/lib/libHAL_AtmlStk600_Atmega128rfa1_8Mhz_Gcc.a(halDelay.o) (__delay_us)
./../../../../../../Atmel_lib/BitCloud_MEGARF_1_14_0/BitCloud/lib/libHAL_AtmlStk600_Atmega128rfa1_8Mhz_Gcc.a(appTimer.o)
                              EndDevice_Stk600_Atmega128rfa1_8Mhz_Gcc/Obj/WSNEndDevice.o (HAL_StartAppTimer)
./../../../../../../Atmel_lib/BitCloud_MEGARF_1_14_0/BitCloud/lib/libHAL_AtmlStk600_Atmega128rfa1_8Mhz_Gcc.a(irq.o)
                              EndDevice_Stk600_Atmega128rfa1_8Mhz_Gcc/Obj/buttons.o (HAL_RegisterIrq)
./../../../../../../Atmel_lib/BitCloud_MEGARF_1_14_0/BitCloud/lib/libHAL_AtmlStk600_Atmega128rfa1_8Mhz_Gcc.a(eeprom.o)
                              EndDevice_Stk600_Atmega128rfa1_8Mhz_Gcc/Obj/pdsWriteData.o (HAL_ReadEeprom)
./../../../../../../Atmel_lib/BitCloud_MEGARF_1_14_0/BitCloud/lib/libHAL_AtmlStk600_Atmega128rfa1_8Mhz_Gcc.a(timer.o)
                              ./../../../../../../Atmel_lib/BitCloud_MEGARF_1_14_0/BitCloud/lib/libHAL_AtmlStk600_Atmega128rfa1_8Mhz_Gcc.a(appTimer.o) (halAddTimer)
./../../../../../../Atmel_lib/BitCloud_MEGARF_1_14_0/BitCloud/lib/libHAL_AtmlStk600_Atmega128rfa1_8Mhz_Gcc.a(halSleepTimerClock.o)
                              ./../../../../../../Atmel_lib/BitCloud_MEGARF_1_14_0/BitCloud/lib/libHAL_AtmlStk600_Atmega128rfa1_8Mhz_Gcc.a(appTimer.o) (halGetTimeOfSleepTimer)
./../../../../../../Atmel_lib/BitCloud_MEGARF_1_14_0/BitCloud/lib/libHAL_AtmlStk600_Atmega128rfa1_8Mhz_Gcc.a(halAppClock.o)
                              ./../../../../../../Atmel_lib/BitCloud_MEGARF_1_14_0/BitCloud/lib/libHAL_AtmlStk600_Atmega128rfa1_8Mhz_Gcc.a(appTimer.o) (halGetTimeOfAppTimer)
./../../../../../../Atmel_lib/BitCloud_MEGARF_1_14_0/BitCloud/lib/libHAL_AtmlStk600_Atmega128rfa1_8Mhz_Gcc.a(halIrq.o)
                              ./../../../../../../Atmel_lib/BitCloud_MEGARF_1_14_0/BitCloud/lib/libHAL_AtmlStk600_Atmega128rfa1_8Mhz_Gcc.a(irq.o) (halSetIrqConfig)
./../../../../../../Atmel_lib/BitCloud_MEGARF_1_14_0/BitCloud/lib/libHAL_AtmlStk600_Atmega128rfa1_8Mhz_Gcc.a(halEeprom.o)
                              ./../../../../../../Atmel_lib/BitCloud_MEGARF_1_14_0/BitCloud/lib/libHAL_AtmlStk600_Atmega128rfa1_8Mhz_Gcc.a(eeprom.o) (halEepromWrite)
./../../../../../../Atmel_lib/BitCloud_MEGARF_1_14_0/BitCloud/lib/libHAL_AtmlStk600_Atmega128rfa1_8Mhz_Gcc.a(halSleep.o)
                              ./../../../../../../Atmel_lib/BitCloud_MEGARF_1_14_0/BitCloud/lib/libHAL_AtmlStk600_Atmega128rfa1_8Mhz_Gcc.a(halSleepTimerClock.o) (halPowerOn)
./../../../../../../Atmel_lib/BitCloud_MEGARF_1_14_0/BitCloud/lib/libHAL_AtmlStk600_Atmega128rfa1_8Mhz_Gcc.a(calibration.o)
                              ./../../../../../../Atmel_lib/BitCloud_MEGARF_1_14_0/BitCloud/lib/libHAL_AtmlStk600_Atmega128rfa1_8Mhz_Gcc.a(halSleep.o) (halStartingCalibrate)
./../../../../../../Atmel_lib/BitCloud_MEGARF_1_14_0/BitCloud/lib/libHAL_AtmlStk600_Atmega128rfa1_8Mhz_Gcc.a(halCalibration.o)
                              ./../../../../../../Atmel_lib/BitCloud_MEGARF_1_14_0/BitCloud/lib/libHAL_AtmlStk600_Atmega128rfa1_8Mhz_Gcc.a(calibration.o) (halMeasurement)
./../../../../../../Atmel_lib/BitCloud_MEGARF_1_14_0/BitCloud/lib/libHAL_AtmlStk600_Atmega128rfa1_8Mhz_Gcc.a(halTaskManager.o)
                              ./../../../../../../Atmel_lib/BitCloud_MEGARF_1_14_0/BitCloud/lib/libHAL_AtmlStk600_Atmega128rfa1_8Mhz_Gcc.a(halAppClock.o) (halTaskFlags4)
./../../../../../../Atmel_lib/BitCloud_MEGARF_1_14_0/BitCloud/lib/libHAL_AtmlStk600_Atmega128rfa1_8Mhz_Gcc.a(usart.o)
                              ./../../../../../../Atmel_lib/BitCloud_MEGARF_1_14_0/BitCloud/lib/libHAL_AtmlStk600_Atmega128rfa1_8Mhz_Gcc.a(halTaskManager.o) (halSigUsartHandler)
./../../../../../../Atmel_lib/BitCloud_MEGARF_1_14_0/BitCloud/lib/libHAL_AtmlStk600_Atmega128rfa1_8Mhz_Gcc.a(i2cPacket.o)
                              ./../../../../../../Atmel_lib/BitCloud_MEGARF_1_14_0/BitCloud/lib/libHAL_AtmlStk600_Atmega128rfa1_8Mhz_Gcc.a(halTaskManager.o) (halSig2WireSerialHandler)
./../../../../../../Atmel_lib/BitCloud_MEGARF_1_14_0/BitCloud/lib/libHAL_AtmlStk600_Atmega128rfa1_8Mhz_Gcc.a(adc.o)
                              ./../../../../../../Atmel_lib/BitCloud_MEGARF_1_14_0/BitCloud/lib/libHAL_AtmlStk600_Atmega128rfa1_8Mhz_Gcc.a(halTaskManager.o) (halSigAdcHandler)
./../../../../../../Atmel_lib/BitCloud_MEGARF_1_14_0/BitCloud/lib/libHAL_AtmlStk600_Atmega128rfa1_8Mhz_Gcc.a(spi.o)
[...]
Memory Configuration

Name             Origin             Length             Attributes
text             0x00000000         0x00020000         xr
data             0x00800190         0x00003e0c         rw !x
eeprom           0x00810000         0x00001000         rw !x
*default*        0x00000000         0xffffffff

Linker script and memory map

Address of section .data set to 0x800200
LOAD c:/program files (x86)/atmel/avr tools/avr toolchain/bin/../lib/gcc/avr/4.5.1/../../../../avr/lib/avr51/crtm128rfa1.o

.text           0x00000000    0x12252
                0x00000000                PROVIDE (__text_start, .)
 *(.vectors)
 .vectors       0x00000000      0x120 c:/program files (x86)/atmel/avr tools/avr toolchain/bin/../lib/gcc/avr/4.5.1/../../../../avr/lib/avr51/crtm128rfa1.o
                0x00000000                __vector_default
                0x00000000                __vectors
 *(.vectors)
                0x00000120                PROVIDE (__pds_ff_start, .)
 *(.pds_ff)
 .pds_ff        0x00000120       0x8a EndDevice_Stk600_Atmega128rfa1_8Mhz_Gcc/Obj/csPersistentMem.o
                0x00000120                csGeneralFileDescriptors
                0x00000180                csExtendedFileDescriptors
                0x00000198                csNeighborTableFileDescriptor
                0x0000019e                csGroupTableFileDescriptor
                0x000001a4                csBindingTableFileDescriptor
                0x000001aa                PROVIDE (__pds_ff_end, .)
                0x000001aa                PROVIDE (__pds_fd_start, .)
 *(.pds_fd)
 .pds_fd        0x000001aa       0x24 EndDevice_Stk600_Atmega128rfa1_8Mhz_Gcc/Obj/csPersistentMem.o
                0x000001aa                csGeneralParamsDirDescr
                0x000001b0                csExtendedParamsDirDescr
                0x000001b6                csNwkSecurityTablesDirDescr
                0x000001bc                BCSystemDirDescr
                0x000001c2                BCExtGenParamsDirDescr
                0x000001c8                BCRejoinParamsDirDescr
                0x000001ce                PROVIDE (__pds_fd_end, .)
 *(.progmem.gcc*)
 .progmem.gcc_sw_table
                0x000001ce      0x108 ./../../../../../../Atmel_lib/BitCloud_MEGARF_1_14_0/BitCloud/lib/libBc_EndDevice_Atmega128rfa1_Atmega128rfa1_Gcc.a(macenvPib.o)
 .progmem.gcc_sw_table
                0x000002d6       0x1e ./../../../../../../Atmel_lib/BitCloud_MEGARF_1_14_0/BitCloud/lib/libBc_EndDevice_Atmega128rfa1_Atmega128rfa1_Gcc.a(nwk.o)
 .progmem.gcc_sw_table
                0x000002f4       0x58 ./../../../../../../Atmel_lib/BitCloud_MEGARF_1_14_0/BitCloud/lib/libBc_EndDevice_Atmega128rfa1_Atmega128rfa1_Gcc.a(zdo.o)
 .progmem.gcc_sw_table
                0x0000034c       0x28 ./../../../../../../Atmel_lib/BitCloud_MEGARF_1_14_0/BitCloud/lib/libBc_EndDevice_Atmega128rfa1_Atmega128rfa1_Gcc.a(machwdManager.o)
 .progmem.gcc_sw_table
                0x00000374       0x28 ./../../../../../../Atmel_lib/BitCloud_MEGARF_1_14_0/BitCloud/lib/libBc_EndDevice_Atmega128rfa1_Atmega128rfa1_Gcc.a(machwiManager.o)
 .progmem.gcc_sw_table
                0x0000039c       0x20 ./../../../../../../Atmel_lib/BitCloud_MEGARF_1_14_0/BitCloud/lib/libBc_EndDevice_Atmega128rfa1_Atmega128rfa1_Gcc.a(machwiScanHandler.o)
 *(.progmem*)
 .progmem.data  0x000003bc        0x6 EndDevice_Stk600_Atmega128rfa1_8Mhz_Gcc/Obj/WSNEndDevice.o
                0x000003bc                appEndDeviceCmdDescTable
 .progmem.data  0x000003c2       0xa4 EndDevice_Stk600_Atmega128rfa1_8Mhz_Gcc/Obj/csPersistentMem.o
                0x000003c2                CsGeneralMemoryIdsTable
                0x000003e2                CsExtendedMemoryIdsTable
                0x000003ea                CsNwkSecurityMemoryIdsTable
                0x000003ee                BCSystemMemoryIdsTable
                0x0000041c                BCExtGenParamsMemoryIdsTable
                0x00000444                BCRejoinParamsMemoryIdsTable
 .progmem.data  0x00000466      0x25e EndDevice_Stk600_Atmega128rfa1_8Mhz_Gcc/Obj/csMem.o
                0x00000466                defaultNIB
                0x000004ec                defaultZIB
                0x0000051b                defaultAIB
                0x0000051d                defaultSIB
                0x00000559                csReadOnlyItems
                0x00000578                csMemoryItems
 .progmem.data  0x000006c4        0xc ./../../../../../../Atmel_lib/BitCloud_MEGARF_1_14_0/BitCloud/lib/libHAL_AtmlStk600_Atmega128rfa1_8Mhz_Gcc.a(usart.o)
 .progmem.data  0x000006d0       0x10 ./../../../../../../Atmel_lib/BitCloud_MEGARF_1_14_0/BitCloud/lib/libBc_EndDevice_Atmega128rfa1_Atmega128rfa1_Gcc.a(aps.o)
 .progmem.data  0x000006e0      0x132 ./../../../../../../Atmel_lib/BitCloud_MEGARF_1_14_0/BitCloud/lib/libBc_EndDevice_Atmega128rfa1_Atmega128rfa1_Gcc.a(nwk.o)
                0x00000812                . = ALIGN (0x2)
 *(.trampolines*)
 .trampolines   0x00000812        0x0 linker stubs
 *(.jumptables*)
 *(.lowtext*)
 *(.init0)
 .init0         0x00000812        0x0 c:/program files (x86)/atmel/avr tools/avr toolchain/bin/../lib/gcc/avr/4.5.1/../../../../avr/lib/avr51/crtm128rfa1.o
                0x00000812                __init
 .init0         0x00000812       0x30 ./../../../../../../Atmel_lib/BitCloud_MEGARF_1_14_0/BitCloud/lib/WdtInitatmega128rfa1_Gcc.o
                0x00000812                halWdtInit
 *(.init0)
 *(.init1)
 *(.init1)
 *(.init2)
 .init2         0x00000842        0xc c:/program files (x86)/atmel/avr tools/avr toolchain/bin/../lib/gcc/avr/4.5.1/../../../../avr/lib/avr51/crtm128rfa1.o
 *(.init2)
 *(.init3)
 *(.init3)
 *(.init4)
 .init4         0x0000084e       0x1a c:/program files (x86)/atmel/avr tools/avr toolchain/bin/../lib/gcc/avr/4.5.1/avr51\libgcc.a(_copy_data.o)
                0x0000084e                __do_copy_data
 .init4         0x00000868       0x10 c:/program files (x86)/atmel/avr tools/avr toolchain/bin/../lib/gcc/avr/4.5.1/avr51\libgcc.a(_clear_bss.o)
                0x00000868                __do_clear_bss
 *(.init4)
 *(.init5)
 *(.init5)
 *(.init6)
 *(.init6)
 *(.init7)
 *(.init7)
 *(.init8)
 *(.init8)
 *(.text.main)
 .text.main     0x00000878        0xa EndDevice_Stk600_Atmega128rfa1_8Mhz_Gcc/Obj/WSNDemoApp.o
                0x00000878                main
 *(.text.main)
 *(.text)
 .text          0x00000882        0x4 c:/program files (x86)/atmel/avr tools/avr toolchain/bin/../lib/gcc/avr/4.5.1/../../../../avr/lib/avr51/crtm128rfa1.o
                0x00000882                __vector_22
                0x00000882                __vector_28
                0x00000882                __vector_67
                0x00000882                __vector_32
                0x00000882                __vector_71
                0x00000882                __vector_34
                0x00000882                __vector_62
                0x00000882                __vector_12
                0x00000882                __vector_55
                0x00000882                __vector_69
                0x00000882                __vector_46
                0x00000882                __bad_interrupt
                0x00000882                __vector_31
                0x00000882                __vector_35
                0x00000882                __vector_23
                0x00000882                __vector_68
                0x00000882                __vector_45
                0x00000882                __vector_61
                0x00000882                __vector_11
                0x00000882                __vector_54
                0x00000882                __vector_17
                0x00000882                __vector_19
                0x00000882                __vector_56
                0x00000882                __vector_49
                0x00000882                __vector_41
                0x00000882                __vector_64
                0x00000882                __vector_33
                0x00000882                __vector_47
                0x00000882                __vector_52
                0x00000882                __vector_44
                0x00000882                __vector_51
                0x00000882                __vector_9
                0x00000882                __vector_21
                0x00000882                __vector_66
                0x00000882                __vector_58
                0x00000882                __vector_70
                0x00000882                __vector_40
                0x00000882                __vector_48
                0x00000882                __vector_14
                0x00000882                __vector_57
                0x00000882                __vector_53
                0x00000882                __vector_10
                0x00000882                __vector_50
                0x00000882                __vector_16
                0x00000882                __vector_59
                0x00000882                __vector_18
                0x00000882                __vector_20
                0x00000882                __vector_65
 .text          0x00000886       0xce ./../../../../../../Atmel_lib/BitCloud_MEGARF_1_14_0/BitCloud/lib/libHAL_AtmlStk600_Atmega128rfa1_8Mhz_Gcc.a(halW1.o)
                0x00000886                halResetW1
                0x000008ba                halReadW1Bit
                0x000008ea                halReadW1
                0x00000906                halWriteW1bit
                0x00000932                halWriteW1
                0x00000944                __delay_us
 .text          0x00000954       0x3a ./../../../../../../Atmel_lib/BitCloud_MEGARF_1_14_0/BitCloud/lib/libHAL_AtmlStk600_Atmega128rfa1_8Mhz_Gcc.a(halCalibration.o)
                0x00000954                halMeasurement
 .text          0x0000098e       0xe2 c:/program files (x86)/atmel/avr tools/avr toolchain/bin/../lib/gcc/avr/4.5.1/avr51\libgcc.a(_ashldi3.o)
                0x0000098e                __ashldi3
 *(.text.*)
 .text.batteryDataReady
                0x00000a70       0x24 EndDevice_Stk600_Atmega128rfa1_8Mhz_Gcc/Obj/WSNSensorManager.o
 .text.temperatureDataReady
                0x00000a94       0x38 EndDevice_Stk600_Atmega128rfa1_8Mhz_Gcc/Obj/WSNSensorManager.o
 .text.lightDataReady
                0x00000acc       0x38 EndDevice_Stk600_Atmega128rfa1_8Mhz_Gcc/Obj/WSNSensorManager.o
 .text.appStartSensorManager
                0x00000b04        0xe EndDevice_Stk600_Atmega128rfa1_8Mhz_Gcc/Obj/WSNSensorManager.o
                0x00000b04                appStartSensorManager
 .text.appStopSensorManager
                0x00000b12        0xe EndDevice_Stk600_Atmega128rfa1_8Mhz_Gcc/Obj/WSNSensorManager.o
                0x00000b12                appStopSensorManager
 .text.appGetSensorData
                0x00000b20       0x12 EndDevice_Stk600_Atmega128rfa1_8Mhz_Gcc/Obj/WSNSensorManager.o
                0x00000b20                appGetSensorData
 .text.visualizeAppStarting
                0x00000b32        0x6 EndDevice_Stk600_Atmega128rfa1_8Mhz_Gcc/Obj/WSNVisualizer.o
                0x00000b32                visualizeAppStarting
 .text.visualizeNwkStarting
                0x00000b38       0x14 EndDevice_Stk600_Atmega128rfa1_8Mhz_Gcc/Obj/WSNVisualizer.o
                0x00000b38                visualizeNwkStarting
 .text.visualizeNwkStarted
                0x00000b4c       0x14 EndDevice_Stk600_Atmega128rfa1_8Mhz_Gcc/Obj/WSNVisualizer.o
                0x00000b4c                visualizeNwkStarted
 .text.visualizeNwkLeaving
                0x00000b60        0x8 EndDevice_Stk600_Atmega128rfa1_8Mhz_Gcc/Obj/WSNVisualizer.o
                0x00000b60                visualizeNwkLeaving
 .text.visualizeNwkLeft
                0x00000b68        0x8 EndDevice_Stk600_Atmega128rfa1_8Mhz_Gcc/Obj/WSNVisualizer.o
                0x00000b68                visualizeNwkLeft
 .text.visualizeAirTxStarted
                0x00000b70        0x8 EndDevice_Stk600_Atmega128rfa1_8Mhz_Gcc/Obj/WSNVisualizer.o
                0x00000b70                visualizeAirTxStarted
 .text.visualizeAirTxFInished
                0x00000b78        0x8 EndDevice_Stk600_Atmega128rfa1_8Mhz_Gcc/Obj/WSNVisualizer.o
                0x00000b78                visualizeAirTxFInished
 .text.visualizeAirRxFinished
                0x00000b80        0x8 EndDevice_Stk600_Atmega128rfa1_8Mhz_Gcc/Obj/WSNVisualizer.o
                0x00000b80                visualizeAirRxFinished
 .text.visualizeWakeUp
                0x00000b88        0xc EndDevice_Stk600_Atmega128rfa1_8Mhz_Gcc/Obj/WSNVisualizer.o
                0x00000b88                visualizeWakeUp
 .text.visualizeSleep
                0x00000b94        0x6 EndDevice_Stk600_Atmega128rfa1_8Mhz_Gcc/Obj/WSNVisualizer.o
                0x00000b94                visualizeSleep
 .text.visualizeIdentity
                0x00000b9a        0x8 EndDevice_Stk600_Atmega128rfa1_8Mhz_Gcc/Obj/WSNVisualizer.o
                0x00000b9a                visualizeIdentity
 .text.appEndDeviceWakeUpInd
                0x00000ba2       0x10 EndDevice_Stk600_Atmega128rfa1_8Mhz_Gcc/Obj/WSNEndDevice.o
 .text.appEndDeviceTaskReset
                0x00000bb2        0xa EndDevice_Stk600_Atmega128rfa1_8Mhz_Gcc/Obj/WSNEndDevice.o
 .text.appEndDeviceSleepConf
                0x00000bbc       0x1c EndDevice_Stk600_Atmega128rfa1_8Mhz_Gcc/Obj/WSNEndDevice.o
 .text.deviceTimerFired
                0x00000bd8       0x18 EndDevice_Stk600_Atmega128rfa1_8Mhz_Gcc/Obj/WSNEndDevice.o
 .text.appEndDeviceTaskHandler
                0x00000bf0       0xf0 EndDevice_Stk600_Atmega128rfa1_8Mhz_Gcc/Obj/WSNEndDevice.o
 .text.appSensorsGot
                0x00000ce0       0x10 EndDevice_Stk600_Atmega128rfa1_8Mhz_Gcc/Obj/WSNEndDevice.o
 .text.appEndDeviceInitialization
                0x00000cf0       0x26 EndDevice_Stk600_Atmega128rfa1_8Mhz_Gcc/Obj/WSNEndDevice.o
 .text.appEndDeviceIdentifyCmdHandler
                0x00000d16       0x12 EndDevice_Stk600_Atmega128rfa1_8Mhz_Gcc/Obj/WSNEndDevice.o
                0x00000d16                appEndDeviceIdentifyCmdHandler
 .text.appEndDeviceNwkInfoCmdHandler
                0x00000d28       0x70 EndDevice_Stk600_Atmega128rfa1_8Mhz_Gcc/Obj/WSNEndDevice.o
                0x00000d28                appEndDeviceNwkInfoCmdHandler
 .text.appEndDeviceGetInterface
                0x00000d98       0x30 EndDevice_Stk600_Atmega128rfa1_8Mhz_Gcc/Obj/WSNEndDevice.o
                0x00000d98                appEndDeviceGetInterface
 .text.appRemoveQueueElement
                0x00000dc8       0x3a EndDevice_Stk600_Atmega128rfa1_8Mhz_Gcc/Obj/WSNMessageSender.o
 .text.msgSenderApsDataConf
                0x00000e02       0x5a EndDevice_Stk600_Atmega128rfa1_8Mhz_Gcc/Obj/WSNMessageSender.o
 .text.appInitMsgSender
                0x00000e5c       0x46 EndDevice_Stk600_Atmega128rfa1_8Mhz_Gcc/Obj/WSNMessageSender.o
                0x00000e5c                appInitMsgSender
 .text.appMsgSender
                0x00000ea2       0xbe EndDevice_Stk600_Atmega128rfa1_8Mhz_Gcc/Obj/WSNMessageSender.o
                0x00000ea2                appMsgSender
 .text.appIsTxQueueFree
                0x00000f60       0x36 EndDevice_Stk600_Atmega128rfa1_8Mhz_Gcc/Obj/WSNMessageSender.o
                0x00000f60                appIsTxQueueFree
 .text.appCreateTxFrame
                0x00000f96       0xa8 EndDevice_Stk600_Atmega128rfa1_8Mhz_Gcc/Obj/WSNMessageSender.o
                0x00000f96                appCreateTxFrame
 .text.appInitCmdHandler
                0x0000103e       0x4c EndDevice_Stk600_Atmega128rfa1_8Mhz_Gcc/Obj/WSNCommandHandler.o
                0x0000103e                appInitCmdHandler
 .text.appCmdHandler
                0x0000108a       0x66 EndDevice_Stk600_Atmega128rfa1_8Mhz_Gcc/Obj/WSNCommandHandler.o
                0x0000108a                appCmdHandler
 .text.appIsCmdQueueFree
                0x000010f0       0x24 EndDevice_Stk600_Atmega128rfa1_8Mhz_Gcc/Obj/WSNCommandHandler.o
                0x000010f0                appIsCmdQueueFree
 .text.appCreateCommand
                0x00001114       0x68 EndDevice_Stk600_Atmega128rfa1_8Mhz_Gcc/Obj/WSNCommandHandler.o
                0x00001114                appCreateCommand
 .text.appPostGlobalTask
                0x0000117c       0x1a EndDevice_Stk600_Atmega128rfa1_8Mhz_Gcc/Obj/WSNDemoApp.o
 .text.appZdpLeaveResp
                0x00001196       0x16 EndDevice_Stk600_Atmega128rfa1_8Mhz_Gcc/Obj/WSNDemoApp.o
 .text.manageBlinkingDuringRejoin
                0x000011ac       0x2e EndDevice_Stk600_Atmega128rfa1_8Mhz_Gcc/Obj/WSNDemoApp.o
 .text.identifyTimerFired
                0x000011da       0x52 EndDevice_Stk600_Atmega128rfa1_8Mhz_Gcc/Obj/WSNDemoApp.o
 .text.appZdoStartNetworkConf
                0x0000122c       0x60 EndDevice_Stk600_Atmega128rfa1_8Mhz_Gcc/Obj/WSNDemoApp.o
 .text.startingNetworkTimerFired
                0x0000128c        0x6 EndDevice_Stk600_Atmega128rfa1_8Mhz_Gcc/Obj/WSNDemoApp.o
 .text.appApsDataIndHandler
                0x00001292       0x2a EndDevice_Stk600_Atmega128rfa1_8Mhz_Gcc/Obj/WSNDemoApp.o
 .text.APL_TaskHandler
                0x000012bc      0x1e6 EndDevice_Stk600_Atmega128rfa1_8Mhz_Gcc/Obj/WSNDemoApp.o
                0x000012bc                APL_TaskHandler
 .text.ZDO_MgmtNwkUpdateNotf
                0x000014a2       0xac EndDevice_Stk600_Atmega128rfa1_8Mhz_Gcc/Obj/WSNDemoApp.o
                0x000014a2                ZDO_MgmtNwkUpdateNotf
 .text.ZDO_WakeUpInd
                0x0000154e       0x10 EndDevice_Stk600_Atmega128rfa1_8Mhz_Gcc/Obj/WSNDemoApp.o
                0x0000154e                ZDO_WakeUpInd
 .text.appReadLqiRssi
                0x0000155e       0x34 EndDevice_Stk600_Atmega128rfa1_8Mhz_Gcc/Obj/WSNDemoApp.o
                0x0000155e                appReadLqiRssi
 .text.appPostSubTaskTask
                0x00001592       0x2c EndDevice_Stk600_Atmega128rfa1_8Mhz_Gcc/Obj/WSNDemoApp.o
                0x00001592                appPostSubTaskTask
 .text.appPostCmdHandlerTask
                0x000015be       0x2c EndDevice_Stk600_Atmega128rfa1_8Mhz_Gcc/Obj/WSNDemoApp.o
                0x000015be                appPostCmdHandlerTask
 .text.appPostMsgSenderTask
                0x000015ea       0x2c EndDevice_Stk600_Atmega128rfa1_8Mhz_Gcc/Obj/WSNDemoApp.o
                0x000015ea                appPostMsgSenderTask
 .text.appLeaveNetwork
                0x00001616       0x14 EndDevice_Stk600_Atmega128rfa1_8Mhz_Gcc/Obj/WSNDemoApp.o
                0x00001616                appLeaveNetwork
 .text.appIsSleepPermitted
                0x0000162a       0x26 EndDevice_Stk600_Atmega128rfa1_8Mhz_Gcc/Obj/WSNDemoApp.o
                0x0000162a                appIsSleepPermitted
 .text.appStartIdentifyVisualization
                0x00001650       0x52 EndDevice_Stk600_Atmega128rfa1_8Mhz_Gcc/Obj/WSNDemoApp.o
                0x00001650                appStartIdentifyVisualization
 .text.appGetCmdDescriptor
                0x000016a2       0x6a EndDevice_Stk600_Atmega128rfa1_8Mhz_Gcc/Obj/WSNDemoApp.o
                0x000016a2                appGetCmdDescriptor
 .text.ZDO_BindIndication
                0x0000170c        0x2 EndDevice_Stk600_Atmega128rfa1_8Mhz_Gcc/Obj/WSNDemoApp.o
                0x0000170c                ZDO_BindIndication
 .text.ZDO_UnbindIndication
                0x0000170e        0x2 EndDevice_Stk600_Atmega128rfa1_8Mhz_Gcc/Obj/WSNDemoApp.o
                0x0000170e                ZDO_UnbindIndication
 .text.pdsDummyCallback
                0x00001710        0x2 EndDevice_Stk600_Atmega128rfa1_8Mhz_Gcc/Obj/pdsWriteData.o
                0x00001710                pdsDummyCallback
 .text.pdsAddDataForCommitment
                0x00001712       0x70 EndDevice_Stk600_Atmega128rfa1_8Mhz_Gcc/Obj/pdsWriteData.o
                0x00001712                pdsAddDataForCommitment
 .text.pdsWaitMemoryFree
                0x00001782       0x10 EndDevice_Stk600_Atmega128rfa1_8Mhz_Gcc/Obj/pdsWriteData.o
                0x00001782                pdsWaitMemoryFree
 .text.pdsRead  0x00001792       0x3e EndDevice_Stk600_Atmega128rfa1_8Mhz_Gcc/Obj/pdsWriteData.o
                0x00001792                pdsRead
 .text.pdsWrite
                0x000017d0       0x3e EndDevice_Stk600_Atmega128rfa1_8Mhz_Gcc/Obj/pdsWriteData.o
                0x000017d0                pdsWrite
 .text.pdsStartCommitment
                0x0000180e      0x1e6 EndDevice_Stk600_Atmega128rfa1_8Mhz_Gcc/Obj/pdsWriteData.o
                0x0000180e                pdsStartCommitment
 .text.pdsMemMaskIsAnyBitSet
                0x000019f4       0x1c EndDevice_Stk600_Atmega128rfa1_8Mhz_Gcc/Obj/pdsDataServer.o
 .text.pdsInitMemMask
                0x00001a10       0x3c EndDevice_Stk600_Atmega128rfa1_8Mhz_Gcc/Obj/pdsDataServer.o
 .text.pdsGetMemoryAllowed
                0x00001a4c       0x38 EndDevice_Stk600_Atmega128rfa1_8Mhz_Gcc/Obj/pdsDataServer.o
 .text.PDS_Store
                0x00001a84       0x14 EndDevice_Stk600_Atmega128rfa1_8Mhz_Gcc/Obj/pdsDataServer.o
                0x00001a84                PDS_Store
 .text.PDS_IsMemoryRestored
                0x00001a98       0x54 EndDevice_Stk600_Atmega128rfa1_8Mhz_Gcc/Obj/pdsDataServer.o
                0x00001a98                PDS_IsMemoryRestored
 .text.PDS_Init
                0x00001aec      0x226 EndDevice_Stk600_Atmega128rfa1_8Mhz_Gcc/Obj/pdsInit.o
                0x00001aec                PDS_Init
 .text.pdsTimerFired
                0x00001d12        0xe EndDevice_Stk600_Atmega128rfa1_8Mhz_Gcc/Obj/pdsTimer.o
 .text.pdsTimerInit
                0x00001d20       0x12 EndDevice_Stk600_Atmega128rfa1_8Mhz_Gcc/Obj/pdsTimer.o
                0x00001d20                pdsTimerInit
 .text.pdsGetFileDescrRec
                0x00001d32       0x66 EndDevice_Stk600_Atmega128rfa1_8Mhz_Gcc/Obj/pdsMemAccess.o
                0x00001d32                pdsGetFileDescrRec
 .text.pdsGetFileOffset
                0x00001d98      0x112 EndDevice_Stk600_Atmega128rfa1_8Mhz_Gcc/Obj/pdsMemAccess.o
                0x00001d98                pdsGetFileOffset
 .text.pdsPrepareMemoryAccess
                0x00001eaa       0xc0 EndDevice_Stk600_Atmega128rfa1_8Mhz_Gcc/Obj/pdsMemAccess.o
                0x00001eaa                pdsPrepareMemoryAccess
 .text.pdsExpandMemoryMask
                0x00001f6a      0x162 EndDevice_Stk600_Atmega128rfa1_8Mhz_Gcc/Obj/pdsMemAccess.o
                0x00001f6a                pdsExpandMemoryMask
 .text.pdsPrepareAccessContext
                0x000020cc       0x40 EndDevice_Stk600_Atmega128rfa1_8Mhz_Gcc/Obj/pdsMemAccess.o
                0x000020cc                pdsPrepareAccessContext
 .text.pdsCalculateRAMDataCrc
                0x0000210c       0x1c EndDevice_Stk600_Atmega128rfa1_8Mhz_Gcc/Obj/pdsCrcService.o
                0x0000210c                pdsCalculateRAMDataCrc
 .text.pdsCheckFile
                0x00002128       0xc8 EndDevice_Stk600_Atmega128rfa1_8Mhz_Gcc/Obj/pdsCrcService.o
                0x00002128                pdsCheckFile
 .text.pdsCheckStorage
                0x000021f0       0x8e EndDevice_Stk600_Atmega128rfa1_8Mhz_Gcc/Obj/pdsCrcService.o
                0x000021f0                pdsCheckStorage
 .text.BSP_OpenTemperatureSensor
                0x0000227e        0x4 EndDevice_Stk600_Atmega128rfa1_8Mhz_Gcc/Obj/fakeBSP.o
                0x0000227e                BSP_OpenTemperatureSensor
 .text.BSP_CloseTemperatureSensor
                0x00002282        0x4 EndDevice_Stk600_Atmega128rfa1_8Mhz_Gcc/Obj/fakeBSP.o
                0x00002282                BSP_CloseTemperatureSensor
 .text.BSP_ReadTemperatureData
                0x00002286       0x2e EndDevice_Stk600_Atmega128rfa1_8Mhz_Gcc/Obj/fakeBSP.o
                0x00002286                BSP_ReadTemperatureData
 .text.bspTemperatureSensorHandler
                0x000022b4       0x12 EndDevice_Stk600_Atmega128rfa1_8Mhz_Gcc/Obj/fakeBSP.o
                0x000022b4                bspTemperatureSensorHandler
 .text.BSP_OpenLightSensor
                0x000022c6        0x4 EndDevice_Stk600_Atmega128rfa1_8Mhz_Gcc/Obj/fakeBSP.o
                0x000022c6                BSP_OpenLightSensor
 .text.BSP_CloseLightSensor
                0x000022ca        0x4 EndDevice_Stk600_Atmega128rfa1_8Mhz_Gcc/Obj/fakeBSP.o
                0x000022ca                BSP_CloseLightSensor
 .text.BSP_ReadLightData
                0x000022ce       0x2e EndDevice_Stk600_Atmega128rfa1_8Mhz_Gcc/Obj/fakeBSP.o
                0x000022ce                BSP_ReadLightData
 .text.bspLightSensorHandler
                0x000022fc       0x12 EndDevice_Stk600_Atmega128rfa1_8Mhz_Gcc/Obj/fakeBSP.o
                0x000022fc                bspLightSensorHandler
 .text.BSP_OpenBatterySensor
                0x0000230e        0x4 EndDevice_Stk600_Atmega128rfa1_8Mhz_Gcc/Obj/fakeBSP.o
                0x0000230e                BSP_OpenBatterySensor
 .text.BSP_CloseBatterySensor
                0x00002312        0x4 EndDevice_Stk600_Atmega128rfa1_8Mhz_Gcc/Obj/fakeBSP.o
                0x00002312                BSP_CloseBatterySensor
 .text.BSP_ReadBatteryData
                0x00002316       0x2e EndDevice_Stk600_Atmega128rfa1_8Mhz_Gcc/Obj/fakeBSP.o
                0x00002316                BSP_ReadBatteryData
 .text.bspEmptyBatteryHandler
                0x00002344       0x10 EndDevice_Stk600_Atmega128rfa1_8Mhz_Gcc/Obj/fakeBSP.o
                0x00002344                bspEmptyBatteryHandler
 .text.bspButtonsHandler
                0x00002354       0x8a EndDevice_Stk600_Atmega128rfa1_8Mhz_Gcc/Obj/buttons.o
                0x00002354                bspButtonsHandler
 .text.BSP_OpenLeds
                0x000023de       0x10 EndDevice_Stk600_Atmega128rfa1_8Mhz_Gcc/Obj/leds.o
                0x000023de                BSP_OpenLeds
 .text.BSP_CloseLeds
                0x000023ee       0x10 EndDevice_Stk600_Atmega128rfa1_8Mhz_Gcc/Obj/leds.o
                0x000023ee                BSP_CloseLeds
 .text.BSP_OnLed
                0x000023fe       0x1a EndDevice_Stk600_Atmega128rfa1_8Mhz_Gcc/Obj/leds.o
                0x000023fe                BSP_OnLed
 .text.BSP_OffLed
                0x00002418       0x1a EndDevice_Stk600_Atmega128rfa1_8Mhz_Gcc/Obj/leds.o
                0x00002418                BSP_OffLed
 .text.BSP_ToggleLed
                0x00002432       0x28 EndDevice_Stk600_Atmega128rfa1_8Mhz_Gcc/Obj/leds.o
                0x00002432                BSP_ToggleLed
 .text.BSP_TaskHandler
                0x0000245a       0x7a EndDevice_Stk600_Atmega128rfa1_8Mhz_Gcc/Obj/bspTaskManager.o
                0x0000245a                BSP_TaskHandler
 .text.csSetToDefault
                0x000024d4       0x88 EndDevice_Stk600_Atmega128rfa1_8Mhz_Gcc/Obj/csMem.o
                0x000024d4                csSetToDefault
 .text.csGetItem
                0x0000255c       0x38 EndDevice_Stk600_Atmega128rfa1_8Mhz_Gcc/Obj/configServer.o
 .text.CS_Init  0x00002594        0xa EndDevice_Stk600_Atmega128rfa1_8Mhz_Gcc/Obj/configServer.o
                0x00002594                CS_Init
 .text.CS_ReadParameter
                0x0000259e       0x36 EndDevice_Stk600_Atmega128rfa1_8Mhz_Gcc/Obj/configServer.o
                0x0000259e                CS_ReadParameter
 .text.CS_WriteParameter
                0x000025d4       0x34 EndDevice_Stk600_Atmega128rfa1_8Mhz_Gcc/Obj/configServer.o
                0x000025d4                CS_WriteParameter
 .text.CS_GetMemory
                0x00002608       0x18 EndDevice_Stk600_Atmega128rfa1_8Mhz_Gcc/Obj/configServer.o
                0x00002608                CS_GetMemory
 .text.HAL_Delay
                0x00002620        0x6 ./../../../../../../Atmel_lib/BitCloud_MEGARF_1_14_0/BitCloud/lib/libHAL_AtmlStk600_Atmega128rfa1_8Mhz_Gcc.a(halDelay.o)
                0x00002620                HAL_Delay
 .text.halAppTimerHandler
                0x00002626       0x8a ./../../../../../../Atmel_lib/BitCloud_MEGARF_1_14_0/BitCloud/lib/libHAL_AtmlStk600_Atmega128rfa1_8Mhz_Gcc.a(appTimer.o)
                0x00002626                halAppTimerHandler
 .text.HAL_StartAppTimer
                0x000026b0       0x58 ./../../../../../../Atmel_lib/BitCloud_MEGARF_1_14_0/BitCloud/lib/libHAL_AtmlStk600_Atmega128rfa1_8Mhz_Gcc.a(appTimer.o)
                0x000026b0                HAL_StartAppTimer
 .text.HAL_StopAppTimer
                0x00002708       0x4a ./../../../../../../Atmel_lib/BitCloud_MEGARF_1_14_0/BitCloud/lib/libHAL_AtmlStk600_Atmega128rfa1_8Mhz_Gcc.a(appTimer.o)
                0x00002708                HAL_StopAppTimer
 .text.HAL_GetSystemTime
                0x00002752       0x4e ./../../../../../../Atmel_lib/BitCloud_MEGARF_1_14_0/BitCloud/lib/libHAL_AtmlStk600_Atmega128rfa1_8Mhz_Gcc.a(appTimer.o)
                0x00002752                HAL_GetSystemTime
 .text.HAL_ReadEeprom
                0x000027a0       0xc8 ./../../../../../../Atmel_lib/BitCloud_MEGARF_1_14_0/BitCloud/lib/libHAL_AtmlStk600_Atmega128rfa1_8Mhz_Gcc.a(eeprom.o)
                0x000027a0                HAL_ReadEeprom
 .text.HAL_WriteEeprom
                0x00002868       0xea ./../../../../../../Atmel_lib/BitCloud_MEGARF_1_14_0/BitCloud/lib/libHAL_AtmlStk600_Atmega128rfa1_8Mhz_Gcc.a(eeprom.o)
                0x00002868                HAL_WriteEeprom
 .text.HAL_IsEepromBusy
                0x00002952        0xe ./../../../../../../Atmel_lib/BitCloud_MEGARF_1_14_0/BitCloud/lib/libHAL_AtmlStk600_Atmega128rfa1_8Mhz_Gcc.a(eeprom.o)
                0x00002952                HAL_IsEepromBusy
 .text.halSigEepromReadyHandler
                0x00002960       0x60 ./../../../../../../Atmel_lib/BitCloud_MEGARF_1_14_0/BitCloud/lib/libHAL_AtmlStk600_Atmega128rfa1_8Mhz_Gcc.a(eeprom.o)
                0x00002960                halSigEepromReadyHandler
 .text.halAddTimer
                0x000029c0      0x370 ./../../../../../../Atmel_lib/BitCloud_MEGARF_1_14_0/BitCloud/lib/libHAL_AtmlStk600_Atmega128rfa1_8Mhz_Gcc.a(timer.o)
                0x000029c0                halAddTimer
 .text.halRemoveTimer
                0x00002d30       0x3e ./../../../../../../Atmel_lib/BitCloud_MEGARF_1_14_0/BitCloud/lib/libHAL_AtmlStk600_Atmega128rfa1_8Mhz_Gcc.a(timer.o)
                0x00002d30                halRemoveTimer
 .text.halFindPrevTimer
                0x00002d6e       0x1e ./../../../../../../Atmel_lib/BitCloud_MEGARF_1_14_0/BitCloud/lib/libHAL_AtmlStk600_Atmega128rfa1_8Mhz_Gcc.a(timer.o)
                0x00002d6e                halFindPrevTimer
 .text.halClearTimeControl
                0x00002d8c       0x14 ./../../../../../../Atmel_lib/BitCloud_MEGARF_1_14_0/BitCloud/lib/libHAL_AtmlStk600_Atmega128rfa1_8Mhz_Gcc.a(halSleepTimerClock.o)
                0x00002d8c                halClearTimeControl
 .text.halWakeupFromIrq
                0x00002da0       0x28 ./../../../../../../Atmel_lib/BitCloud_MEGARF_1_14_0/BitCloud/lib/libHAL_AtmlStk600_Atmega128rfa1_8Mhz_Gcc.a(halSleepTimerClock.o)
                0x00002da0                halWakeupFromIrq
 .text.halStartSleepTimerClock
                0x00002dc8       0x48 ./../../../../../../Atmel_lib/BitCloud_MEGARF_1_14_0/BitCloud/lib/libHAL_AtmlStk600_Atmega128rfa1_8Mhz_Gcc.a(halSleepTimerClock.o)
                0x00002dc8                halStartSleepTimerClock
 .text.halStopSleepTimerClock
                0x00002e10       0x42 ./../../../../../../Atmel_lib/BitCloud_MEGARF_1_14_0/BitCloud/lib/libHAL_AtmlStk600_Atmega128rfa1_8Mhz_Gcc.a(halSleepTimerClock.o)
                0x00002e10                halStopSleepTimerClock
 .text.halSetSleepTimerInterval
                0x00002e52       0x6a ./../../../../../../Atmel_lib/BitCloud_MEGARF_1_14_0/BitCloud/lib/libHAL_AtmlStk600_Atmega128rfa1_8Mhz_Gcc.a(halSleepTimerClock.o)
                0x00002e52                halSetSleepTimerInterval
 .text.halGetTimeOfSleepTimer
                0x00002ebc       0xbc ./../../../../../../Atmel_lib/BitCloud_MEGARF_1_14_0/BitCloud/lib/libHAL_AtmlStk600_Atmega128rfa1_8Mhz_Gcc.a(halSleepTimerClock.o)
                0x00002ebc                halGetTimeOfSleepTimer
 .text.halSleepTimerFrequency
                0x00002f78        0xa ./../../../../../../Atmel_lib/BitCloud_MEGARF_1_14_0/BitCloud/lib/libHAL_AtmlStk600_Atmega128rfa1_8Mhz_Gcc.a(halSleepTimerClock.o)
                0x00002f78                halSleepTimerFrequency
 .text.halSleepSystemTimeSynchronize
                0x00002f82       0x62 ./../../../../../../Atmel_lib/BitCloud_MEGARF_1_14_0/BitCloud/lib/libHAL_AtmlStk600_Atmega128rfa1_8Mhz_Gcc.a(halSleepTimerClock.o)
                0x00002f82                halSleepSystemTimeSynchronize
 .text.__vector_13
                0x00002fe4       0x92 ./../../../../../../Atmel_lib/BitCloud_MEGARF_1_14_0/BitCloud/lib/libHAL_AtmlStk600_Atmega128rfa1_8Mhz_Gcc.a(halSleepTimerClock.o)
                0x00002fe4                __vector_13
 .text.__vector_15
                0x00003076      0x10a ./../../../../../../Atmel_lib/BitCloud_MEGARF_1_14_0/BitCloud/lib/libHAL_AtmlStk600_Atmega128rfa1_8Mhz_Gcc.a(halSleepTimerClock.o)
                0x00003076                __vector_15
 .text.halInitAppClock
                0x00003180       0x26 ./../../../../../../Atmel_lib/BitCloud_MEGARF_1_14_0/BitCloud/lib/libHAL_AtmlStk600_Atmega128rfa1_8Mhz_Gcc.a(halAppClock.o)
                0x00003180                halInitAppClock
 .text.halAdjustSleepInterval
                0x000031a6       0x50 ./../../../../../../Atmel_lib/BitCloud_MEGARF_1_14_0/BitCloud/lib/libHAL_AtmlStk600_Atmega128rfa1_8Mhz_Gcc.a(halAppClock.o)
                0x000031a6                halAdjustSleepInterval
 .text.halAppSystemTimeSynchronize
                0x000031f6       0x62 ./../../../../../../Atmel_lib/BitCloud_MEGARF_1_14_0/BitCloud/lib/libHAL_AtmlStk600_Atmega128rfa1_8Mhz_Gcc.a(halAppClock.o)
                0x000031f6                halAppSystemTimeSynchronize
 .text.halGetTimeOfAppTimer
                0x00003258       0x16 ./../../../../../../Atmel_lib/BitCloud_MEGARF_1_14_0/BitCloud/lib/libHAL_AtmlStk600_Atmega128rfa1_8Mhz_Gcc.a(halAppClock.o)
                0x00003258                halGetTimeOfAppTimer
 .text.__vector_42
                0x0000326e       0x4c ./../../../../../../Atmel_lib/BitCloud_MEGARF_1_14_0/BitCloud/lib/libHAL_AtmlStk600_Atmega128rfa1_8Mhz_Gcc.a(halAppClock.o)
                0x0000326e                __vector_42
 .text.__vector_1
                0x000032ba       0x5a ./../../../../../../Atmel_lib/BitCloud_MEGARF_1_14_0/BitCloud/lib/libHAL_AtmlStk600_Atmega128rfa1_8Mhz_Gcc.a(halIrq.o)
                0x000032ba                __vector_1
 .text.__vector_2
                0x00003314       0x5a ./../../../../../../Atmel_lib/BitCloud_MEGARF_1_14_0/BitCloud/lib/libHAL_AtmlStk600_Atmega128rfa1_8Mhz_Gcc.a(halIrq.o)
                0x00003314                __vector_2
 .text.__vector_3
                0x0000336e       0x5a ./../../../../../../Atmel_lib/BitCloud_MEGARF_1_14_0/BitCloud/lib/libHAL_AtmlStk600_Atmega128rfa1_8Mhz_Gcc.a(halIrq.o)
                0x0000336e                __vector_3
 .text.__vector_4
                0x000033c8       0x5a ./../../../../../../Atmel_lib/BitCloud_MEGARF_1_14_0/BitCloud/lib/libHAL_AtmlStk600_Atmega128rfa1_8Mhz_Gcc.a(halIrq.o)
                0x000033c8                __vector_4
 .text.__vector_5
                0x00003422       0x5a ./../../../../../../Atmel_lib/BitCloud_MEGARF_1_14_0/BitCloud/lib/libHAL_AtmlStk600_Atmega128rfa1_8Mhz_Gcc.a(halIrq.o)
                0x00003422                __vector_5
 .text.__vector_6
                0x0000347c       0x5a ./../../../../../../Atmel_lib/BitCloud_MEGARF_1_14_0/BitCloud/lib/libHAL_AtmlStk600_Atmega128rfa1_8Mhz_Gcc.a(halIrq.o)
                0x0000347c                __vector_6
 .text.__vector_7
                0x000034d6       0x5a ./../../../../../../Atmel_lib/BitCloud_MEGARF_1_14_0/BitCloud/lib/libHAL_AtmlStk600_Atmega128rfa1_8Mhz_Gcc.a(halIrq.o)
                0x000034d6                __vector_7
 .text.__vector_8
                0x00003530       0x5a ./../../../../../../Atmel_lib/BitCloud_MEGARF_1_14_0/BitCloud/lib/libHAL_AtmlStk600_Atmega128rfa1_8Mhz_Gcc.a(halIrq.o)
                0x00003530                __vector_8
 .text.halEepromWrite
                0x0000358a       0x1c ./../../../../../../Atmel_lib/BitCloud_MEGARF_1_14_0/BitCloud/lib/libHAL_AtmlStk600_Atmega128rfa1_8Mhz_Gcc.a(halEeprom.o)
                0x0000358a                halEepromWrite
 .text.__vector_30
                0x000035a6       0x44 ./../../../../../../Atmel_lib/BitCloud_MEGARF_1_14_0/BitCloud/lib/libHAL_AtmlStk600_Atmega128rfa1_8Mhz_Gcc.a(halEeprom.o)
                0x000035a6                __vector_30
 .text.halPowerOn
                0x000035ea       0x3e ./../../../../../../Atmel_lib/BitCloud_MEGARF_1_14_0/BitCloud/lib/libHAL_AtmlStk600_Atmega128rfa1_8Mhz_Gcc.a(halSleep.o)
                0x000035ea                halPowerOn
 .text.halPowerOff
                0x00003628       0x9a ./../../../../../../Atmel_lib/BitCloud_MEGARF_1_14_0/BitCloud/lib/libHAL_AtmlStk600_Atmega128rfa1_8Mhz_Gcc.a(halSleep.o)
                0x00003628                halPowerOff
 .text.HAL_Sleep
                0x000036c2       0x40 ./../../../../../../Atmel_lib/BitCloud_MEGARF_1_14_0/BitCloud/lib/libHAL_AtmlStk600_Atmega128rfa1_8Mhz_Gcc.a(halSleep.o)
                0x000036c2                HAL_Sleep
 .text.halWakeupHandler
                0x00003702       0x6a ./../../../../../../Atmel_lib/BitCloud_MEGARF_1_14_0/BitCloud/lib/libHAL_AtmlStk600_Atmega128rfa1_8Mhz_Gcc.a(halSleep.o)
                0x00003702                halWakeupHandler
 .text.halCalibrateInternalRc
                0x0000376c       0xda ./../../../../../../Atmel_lib/BitCloud_MEGARF_1_14_0/BitCloud/lib/libHAL_AtmlStk600_Atmega128rfa1_8Mhz_Gcc.a(calibration.o)
                0x0000376c                halCalibrateInternalRc
 .text.HAL_CalibrateMainClock
                0x00003846        0xe ./../../../../../../Atmel_lib/BitCloud_MEGARF_1_14_0/BitCloud/lib/libHAL_AtmlStk600_Atmega128rfa1_8Mhz_Gcc.a(calibration.o)
                0x00003846                HAL_CalibrateMainClock
 .text.halStartingCalibrate
                0x00003854       0x1c ./../../../../../../Atmel_lib/BitCloud_MEGARF_1_14_0/BitCloud/lib/libHAL_AtmlStk600_Atmega128rfa1_8Mhz_Gcc.a(calibration.o)
                0x00003854                halStartingCalibrate
 .text.HAL_TaskHandler
                0x00003870      0x1b2 ./../../../../../../Atmel_lib/BitCloud_MEGARF_1_14_0/BitCloud/lib/libHAL_AtmlStk600_Atmega128rfa1_8Mhz_Gcc.a(halTaskManager.o)
                0x00003870                HAL_TaskHandler
 .text.halUsartHwController
                0x00003a22       0x9a ./../../../../../../Atmel_lib/BitCloud_MEGARF_1_14_0/BitCloud/lib/libHAL_AtmlStk600_Atmega128rfa1_8Mhz_Gcc.a(usart.o)
 .text.halSigUsartReceptionComplete
                0x00003abc       0x54 ./../../../../../../Atmel_lib/BitCloud_MEGARF_1_14_0/BitCloud/lib/libHAL_AtmlStk600_Atmega128rfa1_8Mhz_Gcc.a(usart.o)
 .text.halUsartTaskUsart0Dre
                0x00003b10        0x8 ./../../../../../../Atmel_lib/BitCloud_MEGARF_1_14_0/BitCloud/lib/libHAL_AtmlStk600_Atmega128rfa1_8Mhz_Gcc.a(usart.o)
 .text.halUsartTaskUsart0Rxc
                0x00003b18        0x8 ./../../../../../../Atmel_lib/BitCloud_MEGARF_1_14_0/BitCloud/lib/libHAL_AtmlStk600_Atmega128rfa1_8Mhz_Gcc.a(usart.o)
 .text.halUsartTaskUsart1Dre
                0x00003b20        0x8 ./../../../../../../Atmel_lib/BitCloud_MEGARF_1_14_0/BitCloud/lib/libHAL_AtmlStk600_Atmega128rfa1_8Mhz_Gcc.a(usart.o)
 .text.halUsartTaskUsart1Rxc
                0x00003b28        0x8 ./../../../../../../Atmel_lib/BitCloud_MEGARF_1_14_0/BitCloud/lib/libHAL_AtmlStk600_Atmega128rfa1_8Mhz_Gcc.a(usart.o)
 .text.halSigUsartHandler
                0x00003b30       0x6e ./../../../../../../Atmel_lib/BitCloud_MEGARF_1_14_0/BitCloud/lib/libHAL_AtmlStk600_Atmega128rfa1_8Mhz_Gcc.a(usart.o)
                0x00003b30                halSigUsartHandler
 .text.halPostUsartTask
                0x00003b9e       0x3c ./../../../../../../Atmel_lib/BitCloud_MEGARF_1_14_0/BitCloud/lib/libHAL_AtmlStk600_Atmega128rfa1_8Mhz_Gcc.a(usart.o)
                0x00003b9e                halPostUsartTask
 .text.halUsartRxBufferFiller
                0x00003bda       0xa4 ./../../../../../../Atmel_lib/BitCloud_MEGARF_1_14_0/BitCloud/lib/libHAL_AtmlStk600_Atmega128rfa1_8Mhz_Gcc.a(usart.o)
                0x00003bda                halUsartRxBufferFiller
 .text.halSigUsartTransmissionComplete
                0x00003c7e       0x68 ./../../../../../../Atmel_lib/BitCloud_MEGARF_1_14_0/BitCloud/lib/libHAL_AtmlStk600_Atmega128rfa1_8Mhz_Gcc.a(usart.o)
                0x00003c7e                halSigUsartTransmissionComplete
 .text.halUsartTaskUsart1Txc
                0x00003ce6        0x8 ./../../../../../../Atmel_lib/BitCloud_MEGARF_1_14_0/BitCloud/lib/libHAL_AtmlStk600_Atmega128rfa1_8Mhz_Gcc.a(usart.o)
 .text.halUsartTaskUsart0Txc
                0x00003cee        0x8 ./../../../../../../Atmel_lib/BitCloud_MEGARF_1_14_0/BitCloud/lib/libHAL_AtmlStk600_Atmega128rfa1_8Mhz_Gcc.a(usart.o)
 .text.halI2cBusReset
                0x00003cf6       0x36 ./../../../../../../Atmel_lib/BitCloud_MEGARF_1_14_0/BitCloud/lib/libHAL_AtmlStk600_Atmega128rfa1_8Mhz_Gcc.a(i2cPacket.o)
                0x00003cf6                halI2cBusReset
 .text.halSendStartDoneI2c
                0x00003d2c       0x3e ./../../../../../../Atmel_lib/BitCloud_MEGARF_1_14_0/BitCloud/lib/libHAL_AtmlStk600_Atmega128rfa1_8Mhz_Gcc.a(i2cPacket.o)
                0x00003d2c                halSendStartDoneI2c
 .text.halWriteData
                0x00003d6a       0x64 ./../../../../../../Atmel_lib/BitCloud_MEGARF_1_14_0/BitCloud/lib/libHAL_AtmlStk600_Atmega128rfa1_8Mhz_Gcc.a(i2cPacket.o)
                0x00003d6a                halWriteData
 .text.halWriteInternalAddress
                0x00003dce       0x5c ./../../../../../../Atmel_lib/BitCloud_MEGARF_1_14_0/BitCloud/lib/libHAL_AtmlStk600_Atmega128rfa1_8Mhz_Gcc.a(i2cPacket.o)
                0x00003dce                halWriteInternalAddress
 .text.halWriteDoneI2c
                0x00003e2a       0x3a ./../../../../../../Atmel_lib/BitCloud_MEGARF_1_14_0/BitCloud/lib/libHAL_AtmlStk600_Atmega128rfa1_8Mhz_Gcc.a(i2cPacket.o)
                0x00003e2a                halWriteDoneI2c
 .text.halMasterReadWriteAddressAckI2c
                0x00003e64       0x3c ./../../../../../../Atmel_lib/BitCloud_MEGARF_1_14_0/BitCloud/lib/libHAL_AtmlStk600_Atmega128rfa1_8Mhz_Gcc.a(i2cPacket.o)
                0x00003e64                halMasterReadWriteAddressAckI2c
 .text.halReadDoneI2c
                0x00003ea0       0x58 ./../../../../../../Atmel_lib/BitCloud_MEGARF_1_14_0/BitCloud/lib/libHAL_AtmlStk600_Atmega128rfa1_8Mhz_Gcc.a(i2cPacket.o)
                0x00003ea0                halReadDoneI2c
 .text.halReadLastByteDoneI2c
                0x00003ef8       0x58 ./../../../../../../Atmel_lib/BitCloud_MEGARF_1_14_0/BitCloud/lib/libHAL_AtmlStk600_Atmega128rfa1_8Mhz_Gcc.a(i2cPacket.o)
                0x00003ef8                halReadLastByteDoneI2c
 .text.halSig2WireSerialHandler
                0x00003f50       0x46 ./../../../../../../Atmel_lib/BitCloud_MEGARF_1_14_0/BitCloud/lib/libHAL_AtmlStk600_Atmega128rfa1_8Mhz_Gcc.a(i2cPacket.o)
                0x00003f50                halSig2WireSerialHandler
 .text.halSigAdcHandler
                0x00003f96       0x16 ./../../../../../../Atmel_lib/BitCloud_MEGARF_1_14_0/BitCloud/lib/libHAL_AtmlStk600_Atmega128rfa1_8Mhz_Gcc.a(adc.o)
                0x00003f96                halSigAdcHandler
 .text.halClearRealSpi
                0x00003fac        0x8 ./../../../../../../Atmel_lib/BitCloud_MEGARF_1_14_0/BitCloud/lib/libHAL_AtmlStk600_Atmega128rfa1_8Mhz_Gcc.a(spi.o)
 .text.halSpiTxByteComplete
                0x00003fb4       0x32 ./../../../../../../Atmel_lib/BitCloud_MEGARF_1_14_0/BitCloud/lib/libHAL_AtmlStk600_Atmega128rfa1_8Mhz_Gcc.a(spi.o)
                0x00003fb4                halSpiTxByteComplete
 .text.halSpiRxBufferFiller
                0x00003fe6       0x58 ./../../../../../../Atmel_lib/BitCloud_MEGARF_1_14_0/BitCloud/lib/libHAL_AtmlStk600_Atmega128rfa1_8Mhz_Gcc.a(spi.o)
                0x00003fe6                halSpiRxBufferFiller
 .text.halSpiRxByteComplete
                0x0000403e       0x24 ./../../../../../../Atmel_lib/BitCloud_MEGARF_1_14_0/BitCloud/lib/libHAL_AtmlStk600_Atmega128rfa1_8Mhz_Gcc.a(spi.o)
                0x0000403e                halSpiRxByteComplete
 .text.HAL_StartSystemSleep
                0x00004062       0x7a ./../../../../../../Atmel_lib/BitCloud_MEGARF_1_14_0/BitCloud/lib/libHAL_AtmlStk600_Atmega128rfa1_8Mhz_Gcc.a(sleep.o)
                0x00004062                HAL_StartSystemSleep
 .text.halSmRequestHandler
                0x000040dc      0x15c ./../../../../../../Atmel_lib/BitCloud_MEGARF_1_14_0/BitCloud/lib/libHAL_AtmlStk600_Atmega128rfa1_8Mhz_Gcc.a(halSecurityModule.o)
                0x000040dc                halSmRequestHandler
 .text.halInitFreq
                0x00004238       0x6c ./../../../../../../Atmel_lib/BitCloud_MEGARF_1_14_0/BitCloud/lib/libHAL_AtmlStk600_Atmega128rfa1_8Mhz_Gcc.a(halClkCtrl.o)
                0x00004238                halInitFreq
 .text.halGetClockSource
                0x000042a4        0x6 ./../../../../../../Atmel_lib/BitCloud_MEGARF_1_14_0/BitCloud/lib/libHAL_AtmlStk600_Atmega128rfa1_8Mhz_Gcc.a(halClkCtrl.o)
                0x000042a4                halGetClockSource
 .text.__vector_26
                0x000042aa       0x5c ./../../../../../../Atmel_lib/BitCloud_MEGARF_1_14_0/BitCloud/lib/libHAL_AtmlStk600_Atmega128rfa1_8Mhz_Gcc.a(halUsart.o)
                0x000042aa                __vector_26
 .text.__vector_27
                0x00004306       0x5c ./../../../../../../Atmel_lib/BitCloud_MEGARF_1_14_0/BitCloud/lib/libHAL_AtmlStk600_Atmega128rfa1_8Mhz_Gcc.a(halUsart.o)
                0x00004306                __vector_27
 .text.__vector_25
                0x00004362       0x64 ./../../../../../../Atmel_lib/BitCloud_MEGARF_1_14_0/BitCloud/lib/libHAL_AtmlStk600_Atmega128rfa1_8Mhz_Gcc.a(halUsart.o)
                0x00004362                __vector_25
 .text.__vector_37
                0x000043c6       0x5c ./../../../../../../Atmel_lib/BitCloud_MEGARF_1_14_0/BitCloud/lib/libHAL_AtmlStk600_Atmega128rfa1_8Mhz_Gcc.a(halUsart.o)
                0x000043c6                __vector_37
 .text.__vector_38
                0x00004422       0x5c ./../../../../../../Atmel_lib/BitCloud_MEGARF_1_14_0/BitCloud/lib/libHAL_AtmlStk600_Atmega128rfa1_8Mhz_Gcc.a(halUsart.o)
                0x00004422                __vector_38
 .text.__vector_36
                0x0000447e       0x64 ./../../../../../../Atmel_lib/BitCloud_MEGARF_1_14_0/BitCloud/lib/libHAL_AtmlStk600_Atmega128rfa1_8Mhz_Gcc.a(halUsart.o)
                0x0000447e                __vector_36
 .text.__vector_39
                0x000044e2       0xda ./../../../../../../Atmel_lib/BitCloud_MEGARF_1_14_0/BitCloud/lib/libHAL_AtmlStk600_Atmega128rfa1_8Mhz_Gcc.a(halTwi.o)
                0x000044e2                __vector_39
 .text.__vector_29
                0x000045bc       0xcc ./../../../../../../Atmel_lib/BitCloud_MEGARF_1_14_0/BitCloud/lib/libHAL_AtmlStk600_Atmega128rfa1_8Mhz_Gcc.a(halAdc.o)
                0x000045bc                __vector_29
 .text.__vector_24
                0x00004688       0x8c ./../../../../../../Atmel_lib/BitCloud_MEGARF_1_14_0/BitCloud/lib/libHAL_AtmlStk600_Atmega128rfa1_8Mhz_Gcc.a(halSpi.o)
                0x00004688                __vector_24
 .text.HAL_StartSleepTimer
                0x00004714       0x72 ./../../../../../../Atmel_lib/BitCloud_MEGARF_1_14_0/BitCloud/lib/libHAL_AtmlStk600_Atmega128rfa1_8Mhz_Gcc.a(sleepTimer.o)
                0x00004714                HAL_StartSleepTimer
 .text.halAsyncTimerHandler
                0x00004786       0x52 ./../../../../../../Atmel_lib/BitCloud_MEGARF_1_14_0/BitCloud/lib/libHAL_AtmlStk600_Atmega128rfa1_8Mhz_Gcc.a(sleepTimer.o)
                0x00004786                halAsyncTimerHandler
 .text.apsGetApsCounter
                0x000047d8        0xe ./../../../../../../Atmel_lib/BitCloud_MEGARF_1_14_0/BitCloud/lib/libBc_EndDevice_Atmega128rfa1_Atmega128rfa1_Gcc.a(aps.o)
 .text.apsPrepareFragmentedTransmission
                0x000047e6       0x70 ./../../../../../../Atmel_lib/BitCloud_MEGARF_1_14_0/BitCloud/lib/libBc_EndDevice_Atmega128rfa1_Atmega128rfa1_Gcc.a(aps.o)
 .text.apsIsFragmentationDataReq
                0x00004856       0x22 ./../../../../../../Atmel_lib/BitCloud_MEGARF_1_14_0/BitCloud/lib/libBc_EndDevice_Atmega128rfa1_Atmega128rfa1_Gcc.a(aps.o)
 .text.apsGetBuffer
                0x00004878       0xd6 ./../../../../../../Atmel_lib/BitCloud_MEGARF_1_14_0/BitCloud/lib/libBc_EndDevice_Atmega128rfa1_Atmega128rfa1_Gcc.a(aps.o)
 .text.apsFreeBuffer
                0x0000494e       0x8e ./../../../../../../Atmel_lib/BitCloud_MEGARF_1_14_0/BitCloud/lib/libBc_EndDevice_Atmega128rfa1_Atmega128rfa1_Gcc.a(aps.o)
 .text.apsPostTask
                0x000049dc       0x32 ./../../../../../../Atmel_lib/BitCloud_MEGARF_1_14_0/BitCloud/lib/libBc_EndDevice_Atmega128rfa1_Atmega128rfa1_Gcc.a(aps.o)
 .text.apsMakeApsDataConf
                0x00004a0e       0x5a ./../../../../../../Atmel_lib/BitCloud_MEGARF_1_14_0/BitCloud/lib/libBc_EndDevice_Atmega128rfa1_Atmega128rfa1_Gcc.a(aps.o)
 .text.apsAckForFragmentedReceiveConfirmHandler
                0x00004a68       0x9e ./../../../../../../Atmel_lib/BitCloud_MEGARF_1_14_0/BitCloud/lib/libBc_EndDevice_Atmega128rfa1_Atmega128rfa1_Gcc.a(aps.o)
 .text.apsStopConf
                0x00004b06       0x4a ./../../../../../../Atmel_lib/BitCloud_MEGARF_1_14_0/BitCloud/lib/libBc_EndDevice_Atmega128rfa1_Atmega128rfa1_Gcc.a(aps.o)
 .text.apsSendNwkDataReq
                0x00004b50       0x10 ./../../../../../../Atmel_lib/BitCloud_MEGARF_1_14_0/BitCloud/lib/libBc_EndDevice_Atmega128rfa1_Atmega128rfa1_Gcc.a(aps.o)
 .text.apsProcessShortAddrModeDataReq
                0x00004b60      0x296 ./../../../../../../Atmel_lib/BitCloud_MEGARF_1_14_0/BitCloud/lib/libBc_EndDevice_Atmega128rfa1_Atmega128rfa1_Gcc.a(aps.o)
 .text.apsSendNextBlock
                0x00004df6       0x14 ./../../../../../../Atmel_lib/BitCloud_MEGARF_1_14_0/BitCloud/lib/libBc_EndDevice_Atmega128rfa1_Atmega128rfa1_Gcc.a(aps.o)
 .text.apsSendAckForFragmentedReceive
                0x00004e0a       0xce ./../../../../../../Atmel_lib/BitCloud_MEGARF_1_14_0/BitCloud/lib/libBc_EndDevice_Atmega128rfa1_Atmega128rfa1_Gcc.a(aps.o)
 .text.apsDataManagerNwkDataConf
                0x00004ed8       0x1c ./../../../../../../Atmel_lib/BitCloud_MEGARF_1_14_0/BitCloud/lib/libBc_EndDevice_Atmega128rfa1_Atmega128rfa1_Gcc.a(aps.o)
 .text.apsProcessEvent
                0x00004ef4       0x26 ./../../../../../../Atmel_lib/BitCloud_MEGARF_1_14_0/BitCloud/lib/libBc_EndDevice_Atmega128rfa1_Atmega128rfa1_Gcc.a(aps.o)
 .text.apsProcessGroupAddrModeDataReq
                0x00004f1a      0x190 ./../../../../../../Atmel_lib/BitCloud_MEGARF_1_14_0/BitCloud/lib/libBc_EndDevice_Atmega128rfa1_Atmega128rfa1_Gcc.a(aps.o)
 .text.apsCalculateApsAckTimeout
                0x000050aa       0x56 ./../../../../../../Atmel_lib/BitCloud_MEGARF_1_14_0/BitCloud/lib/libBc_EndDevice_Atmega128rfa1_Atmega128rfa1_Gcc.a(aps.o)
 .text.apsGroupNwkDataConf
                0x00005100       0x4a ./../../../../../../Atmel_lib/BitCloud_MEGARF_1_14_0/BitCloud/lib/libBc_EndDevice_Atmega128rfa1_Atmega128rfa1_Gcc.a(aps.o)
 .text.apsNextBind
                0x0000514a       0xb0 ./../../../../../../Atmel_lib/BitCloud_MEGARF_1_14_0/BitCloud/lib/libBc_EndDevice_Atmega128rfa1_Atmega128rfa1_Gcc.a(aps.o)
 .text.apsSendToNextBoundDevice
                0x000051fa       0x9c ./../../../../../../Atmel_lib/BitCloud_MEGARF_1_14_0/BitCloud/lib/libBc_EndDevice_Atmega128rfa1_Atmega128rfa1_Gcc.a(aps.o)
 .text.apsProcessIndirectDataReq
                0x00005296       0x2c ./../../../../../../Atmel_lib/BitCloud_MEGARF_1_14_0/BitCloud/lib/libBc_EndDevice_Atmega128rfa1_Atmega128rfa1_Gcc.a(aps.o)
 .text.apsFindBindingEntry
                0x000052c2       0xc6 ./../../../../../../Atmel_lib/BitCloud_MEGARF_1_14_0/BitCloud/lib/libBc_EndDevice_Atmega128rfa1_Atmega128rfa1_Gcc.a(aps.o)
 .text.SYS_GetRandomNumber
                0x00005388       0x2a ./../../../../../../Atmel_lib/BitCloud_MEGARF_1_14_0/BitCloud/lib/libBc_EndDevice_Atmega128rfa1_Atmega128rfa1_Gcc.a(aps.o)
 .text.apsResetMemoryManager
                0x000053b2       0xfa ./../../../../../../Atmel_lib/BitCloud_MEGARF_1_14_0/BitCloud/lib/libBc_EndDevice_Atmega128rfa1_Atmega128rfa1_Gcc.a(aps.o)
 .text.apsAckOnTimerFired
                0x000054ac       0xf8 ./../../../../../../Atmel_lib/BitCloud_MEGARF_1_14_0/BitCloud/lib/libBc_EndDevice_Atmega128rfa1_Atmega128rfa1_Gcc.a(aps.o)
 .text.apsHandleTransmittedData.clone.10
                0x000055a4       0x6e ./../../../../../../Atmel_lib/BitCloud_MEGARF_1_14_0/BitCloud/lib/libBc_EndDevice_Atmega128rfa1_Atmega128rfa1_Gcc.a(aps.o)
 .text.APS_BindReq
                0x00005612       0xa6 ./../../../../../../Atmel_lib/BitCloud_MEGARF_1_14_0/BitCloud/lib/libBc_EndDevice_Atmega128rfa1_Atmega128rfa1_Gcc.a(aps.o)
                0x00005612                APS_BindReq
 .text.APS_UnbindReq
                0x000056b8       0x4a ./../../../../../../Atmel_lib/BitCloud_MEGARF_1_14_0/BitCloud/lib/libBc_EndDevice_Atmega128rfa1_Atmega128rfa1_Gcc.a(aps.o)
                0x000056b8                APS_UnbindReq
 .text.APS_DataReq
                0x00005702       0x12 ./../../../../../../Atmel_lib/BitCloud_MEGARF_1_14_0/BitCloud/lib/libBc_EndDevice_Atmega128rfa1_Atmega128rfa1_Gcc.a(aps.o)
                0x00005702                APS_DataReq
 .text.NWK_DataInd
                0x00005714       0x12 ./../../../../../../Atmel_lib/BitCloud_MEGARF_1_14_0/BitCloud/lib/libBc_EndDevice_Atmega128rfa1_Atmega128rfa1_Gcc.a(aps.o)
                0x00005714                NWK_DataInd
 .text.APS_CalculateTimes
                0x00005726      0x1b2 ./../../../../../../Atmel_lib/BitCloud_MEGARF_1_14_0/BitCloud/lib/libBc_EndDevice_Atmega128rfa1_Atmega128rfa1_Gcc.a(aps.o)
                0x00005726                APS_CalculateTimes
 .text.apsResetDataManager
                0x000058d8      0x110 ./../../../../../../Atmel_lib/BitCloud_MEGARF_1_14_0/BitCloud/lib/libBc_EndDevice_Atmega128rfa1_Atmega128rfa1_Gcc.a(aps.o)
 .text.apsNwkResetConf
                0x000059e8      0x196 ./../../../../../../Atmel_lib/BitCloud_MEGARF_1_14_0/BitCloud/lib/libBc_EndDevice_Atmega128rfa1_Atmega128rfa1_Gcc.a(aps.o)
 .text.apsStateMachineTaskHandler
                0x00005b7e       0xee ./../../../../../../Atmel_lib/BitCloud_MEGARF_1_14_0/BitCloud/lib/libBc_EndDevice_Atmega128rfa1_Atmega128rfa1_Gcc.a(aps.o)
 .text.APS_IsProfileIdMatched
                0x00005c6c       0x22 ./../../../../../../Atmel_lib/BitCloud_MEGARF_1_14_0/BitCloud/lib/libBc_EndDevice_Atmega128rfa1_Atmega128rfa1_Gcc.a(aps.o)
                0x00005c6c                APS_IsProfileIdMatched
 .text.APS_NextEndpoint
                0x00005c8e       0x16 ./../../../../../../Atmel_lib/BitCloud_MEGARF_1_14_0/BitCloud/lib/libBc_EndDevice_Atmega128rfa1_Atmega128rfa1_Gcc.a(aps.o)
                0x00005c8e                APS_NextEndpoint
 .text.apsFindEndpoint
                0x00005ca4       0x26 ./../../../../../../Atmel_lib/BitCloud_MEGARF_1_14_0/BitCloud/lib/libBc_EndDevice_Atmega128rfa1_Atmega128rfa1_Gcc.a(aps.o)
 .text.APS_RegisterEndpointReq
                0x00005cca       0x48 ./../../../../../../Atmel_lib/BitCloud_MEGARF_1_14_0/BitCloud/lib/libBc_EndDevice_Atmega128rfa1_Atmega128rfa1_Gcc.a(aps.o)
                0x00005cca                APS_RegisterEndpointReq
 .text.apsGroupIndication
                0x00005d12       0x8a ./../../../../../../Atmel_lib/BitCloud_MEGARF_1_14_0/BitCloud/lib/libBc_EndDevice_Atmega128rfa1_Atmega128rfa1_Gcc.a(aps.o)
 .text.apsUnicastDataInd
                0x00005d9c      0x2a2 ./../../../../../../Atmel_lib/BitCloud_MEGARF_1_14_0/BitCloud/lib/libBc_EndDevice_Atmega128rfa1_Atmega128rfa1_Gcc.a(aps.o)
 .text.apsApduUnicastHandler.clone.8
                0x0000603e      0x5dc ./../../../../../../Atmel_lib/BitCloud_MEGARF_1_14_0/BitCloud/lib/libBc_EndDevice_Atmega128rfa1_Atmega128rfa1_Gcc.a(aps.o)
 .text.apsDataTaskHandler
                0x0000661a      0xb20 ./../../../../../../Atmel_lib/BitCloud_MEGARF_1_14_0/BitCloud/lib/libBc_EndDevice_Atmega128rfa1_Atmega128rfa1_Gcc.a(aps.o)
 .text.APS_Init
                0x0000713a       0x2e ./../../../../../../Atmel_lib/BitCloud_MEGARF_1_14_0/BitCloud/lib/libBc_EndDevice_Atmega128rfa1_Atmega128rfa1_Gcc.a(aps.o)
                0x0000713a                APS_Init
 .text.APS_ResetReq
                0x00007168        0xc ./../../../../../../Atmel_lib/BitCloud_MEGARF_1_14_0/BitCloud/lib/libBc_EndDevice_Atmega128rfa1_Atmega128rfa1_Gcc.a(aps.o)
                0x00007168                APS_ResetReq
 .text.APS_StartReq
                0x00007174        0xc ./../../../../../../Atmel_lib/BitCloud_MEGARF_1_14_0/BitCloud/lib/libBc_EndDevice_Atmega128rfa1_Atmega128rfa1_Gcc.a(aps.o)
                0x00007174                APS_StartReq
 .text.APS_StopReq
                0x00007180        0xc ./../../../../../../Atmel_lib/BitCloud_MEGARF_1_14_0/BitCloud/lib/libBc_EndDevice_Atmega128rfa1_Atmega128rfa1_Gcc.a(aps.o)
                0x00007180                APS_StopReq
 .text.APS_IsActiveTransaction
                0x0000718c       0x54 ./../../../../../../Atmel_lib/BitCloud_MEGARF_1_14_0/BitCloud/lib/libBc_EndDevice_Atmega128rfa1_Atmega128rfa1_Gcc.a(aps.o)
                0x0000718c                APS_IsActiveTransaction
 .text.APS_TaskHandler
                0x000071e0       0x9c ./../../../../../../Atmel_lib/BitCloud_MEGARF_1_14_0/BitCloud/lib/libBc_EndDevice_Atmega128rfa1_Atmega128rfa1_Gcc.a(aps.o)
                0x000071e0                APS_TaskHandler
 .text.getSymbolsPerOctet
                0x0000727c       0x3c ./../../../../../../Atmel_lib/BitCloud_MEGARF_1_14_0/BitCloud/lib/libBc_EndDevice_Atmega128rfa1_Atmega128rfa1_Gcc.a(macenvPib.o)
 .text.calculateMaxFrameDuration
                0x000072b8       0x22 ./../../../../../../Atmel_lib/BitCloud_MEGARF_1_14_0/BitCloud/lib/libBc_EndDevice_Atmega128rfa1_Atmega128rfa1_Gcc.a(macenvPib.o)
 .text.storeTransmitPower
                0x000072da       0x44 ./../../../../../../Atmel_lib/BitCloud_MEGARF_1_14_0/BitCloud/lib/libBc_EndDevice_Atmega128rfa1_Atmega128rfa1_Gcc.a(macenvPib.o)
 .text.macenvGetPhySymbolDuration
                0x0000731e       0x4a ./../../../../../../Atmel_lib/BitCloud_MEGARF_1_14_0/BitCloud/lib/libBc_EndDevice_Atmega128rfa1_Atmega128rfa1_Gcc.a(macenvPib.o)
                0x0000731e                macenvGetPhySymbolDuration
 .text.updateMaxFrameTxTime
                0x00007368       0x3a ./../../../../../../Atmel_lib/BitCloud_MEGARF_1_14_0/BitCloud/lib/libBc_EndDevice_Atmega128rfa1_Atmega128rfa1_Gcc.a(macenvPib.o)
 .text.macenvSetPibAttr
                0x000073a2      0x222 ./../../../../../../Atmel_lib/BitCloud_MEGARF_1_14_0/BitCloud/lib/libBc_EndDevice_Atmega128rfa1_Atmega128rfa1_Gcc.a(macenvPib.o)
                0x000073a2                macenvSetPibAttr
 .text.macenvResetPib
                0x000075c4       0xec ./../../../../../../Atmel_lib/BitCloud_MEGARF_1_14_0/BitCloud/lib/libBc_EndDevice_Atmega128rfa1_Atmega128rfa1_Gcc.a(macenvPib.o)
                0x000075c4                macenvResetPib
 .text.macenvCalculateMaxFrameTotalWaitTimeInMs
                0x000076b0      0x128 ./../../../../../../Atmel_lib/BitCloud_MEGARF_1_14_0/BitCloud/lib/libBc_EndDevice_Atmega128rfa1_Atmega128rfa1_Gcc.a(macenvPib.o)
                0x000076b0                macenvCalculateMaxFrameTotalWaitTimeInMs
 .text.macenvCalculateResponceWaitTimeInMs
                0x000077d8       0x42 ./../../../../../../Atmel_lib/BitCloud_MEGARF_1_14_0/BitCloud/lib/libBc_EndDevice_Atmega128rfa1_Atmega128rfa1_Gcc.a(macenvPib.o)
                0x000077d8                macenvCalculateResponceWaitTimeInMs
 .text.macenvGetPibAttr
                0x0000781a      0x16e ./../../../../../../Atmel_lib/BitCloud_MEGARF_1_14_0/BitCloud/lib/libBc_EndDevice_Atmega128rfa1_Atmega128rfa1_Gcc.a(macenvPib.o)
                0x0000781a                macenvGetPibAttr
 .text.MAC_GetExtAddr
                0x00007988        0x6 ./../../../../../../Atmel_lib/BitCloud_MEGARF_1_14_0/BitCloud/lib/libBc_EndDevice_Atmega128rfa1_Atmega128rfa1_Gcc.a(macenvPib.o)
                0x00007988                MAC_GetExtAddr
 .text.MAC_SetExtAddr
                0x0000798e       0x34 ./../../../../../../Atmel_lib/BitCloud_MEGARF_1_14_0/BitCloud/lib/libBc_EndDevice_Atmega128rfa1_Atmega128rfa1_Gcc.a(macenvPib.o)
                0x0000798e                MAC_SetExtAddr
 .text.MAC_IsOwnExtAddr
                0x000079c2       0x1c ./../../../../../../Atmel_lib/BitCloud_MEGARF_1_14_0/BitCloud/lib/libBc_EndDevice_Atmega128rfa1_Atmega128rfa1_Gcc.a(macenvPib.o)
                0x000079c2                MAC_IsOwnExtAddr
 .text.MAC_GetOctetsTransmissionTimeInMs
                0x000079de       0x5e ./../../../../../../Atmel_lib/BitCloud_MEGARF_1_14_0/BitCloud/lib/libBc_EndDevice_Atmega128rfa1_Atmega128rfa1_Gcc.a(macenvPib.o)
                0x000079de                MAC_GetOctetsTransmissionTimeInMs
 .text.nwkBroadcastForMe
                0x00007a3c       0x60 ./../../../../../../Atmel_lib/BitCloud_MEGARF_1_14_0/BitCloud/lib/libBc_EndDevice_Atmega128rfa1_Atmega128rfa1_Gcc.a(nwk.o)
 .text.nwkAddressConflictIsIdle
                0x00007a9c        0xe ./../../../../../../Atmel_lib/BitCloud_MEGARF_1_14_0/BitCloud/lib/libBc_EndDevice_Atmega128rfa1_Atmega128rfa1_Gcc.a(nwk.o)
 .text.nwkFindAddressMapEntryByShortAddr
                0x00007aaa       0x30 ./../../../../../../Atmel_lib/BitCloud_MEGARF_1_14_0/BitCloud/lib/libBc_EndDevice_Atmega128rfa1_Atmega128rfa1_Gcc.a(nwk.o)
 .text.nwkDataReqIsIdle
                0x00007ada        0xe ./../../../../../../Atmel_lib/BitCloud_MEGARF_1_14_0/BitCloud/lib/libBc_EndDevice_Atmega128rfa1_Atmega128rfa1_Gcc.a(nwk.o)
 .text.nwkDiscoveryIsIdle
                0x00007ae8        0xe ./../../../../../../Atmel_lib/BitCloud_MEGARF_1_14_0/BitCloud/lib/libBc_EndDevice_Atmega128rfa1_Atmega128rfa1_Gcc.a(nwk.o)
 .text.nwkEDScanIsIdle
                0x00007af6        0xe ./../../../../../../Atmel_lib/BitCloud_MEGARF_1_14_0/BitCloud/lib/libBc_EndDevice_Atmega128rfa1_Atmega128rfa1_Gcc.a(nwk.o)
 .text.nwkUpdateBeaconPayload
                0x00007b04      0x120 ./../../../../../../Atmel_lib/BitCloud_MEGARF_1_14_0/BitCloud/lib/libBc_EndDevice_Atmega128rfa1_Atmega128rfa1_Gcc.a(nwk.o)
 .text.nwkSetDepth
                0x00007c24        0xc ./../../../../../../Atmel_lib/BitCloud_MEGARF_1_14_0/BitCloud/lib/libBc_EndDevice_Atmega128rfa1_Atmega128rfa1_Gcc.a(nwk.o)
 .text.nwkJoinReqIsIdle
                0x00007c30        0xe ./../../../../../../Atmel_lib/BitCloud_MEGARF_1_14_0/BitCloud/lib/libBc_EndDevice_Atmega128rfa1_Atmega128rfa1_Gcc.a(nwk.o)
 .text.nwkLoopbackIsIdle
                0x00007c3e        0xe ./../../../../../../Atmel_lib/BitCloud_MEGARF_1_14_0/BitCloud/lib/libBc_EndDevice_Atmega128rfa1_Atmega128rfa1_Gcc.a(nwk.o)
 .text.nwkCostFromLqi
                0x00007c4c       0x3a ./../../../../../../Atmel_lib/BitCloud_MEGARF_1_14_0/BitCloud/lib/libBc_EndDevice_Atmega128rfa1_Atmega128rfa1_Gcc.a(nwk.o)
 .text.nwkUpdateLqiAndCostOfNeighbor
                0x00007c86       0x88 ./../../../../../../Atmel_lib/BitCloud_MEGARF_1_14_0/BitCloud/lib/libBc_EndDevice_Atmega128rfa1_Atmega128rfa1_Gcc.a(nwk.o)
 .text.nwkResetIsIdle
                0x00007d0e        0xe ./../../../../../../Atmel_lib/BitCloud_MEGARF_1_14_0/BitCloud/lib/libBc_EndDevice_Atmega128rfa1_Atmega128rfa1_Gcc.a(nwk.o)
 .text.nwkParseRxHeader
                0x00007d1c       0xb0 ./../../../../../../Atmel_lib/BitCloud_MEGARF_1_14_0/BitCloud/lib/libBc_EndDevice_Atmega128rfa1_Atmega128rfa1_Gcc.a(nwk.o)
 .text.nwkSyncIsIdle
                0x00007dcc        0xe ./../../../../../../Atmel_lib/BitCloud_MEGARF_1_14_0/BitCloud/lib/libBc_EndDevice_Atmega128rfa1_Atmega128rfa1_Gcc.a(nwk.o)
 .text.nwkPostTask
                0x00007dda       0x58 ./../../../../../../Atmel_lib/BitCloud_MEGARF_1_14_0/BitCloud/lib/libBc_EndDevice_Atmega128rfa1_Atmega128rfa1_Gcc.a(nwk.o)
 .text.nwkEDScanMacEDScanConf
                0x00007e32       0x3e ./../../../../../../Atmel_lib/BitCloud_MEGARF_1_14_0/BitCloud/lib/libBc_EndDevice_Atmega128rfa1_Atmega128rfa1_Gcc.a(nwk.o)
 .text.nwkDiscoveryMacActiveScanConf
                0x00007e70       0x28 ./../../../../../../Atmel_lib/BitCloud_MEGARF_1_14_0/BitCloud/lib/libBc_EndDevice_Atmega128rfa1_Atmega128rfa1_Gcc.a(nwk.o)
 .text.nwkResetMacRxEnableConf
                0x00007e98       0x1c ./../../../../../../Atmel_lib/BitCloud_MEGARF_1_14_0/BitCloud/lib/libBc_EndDevice_Atmega128rfa1_Atmega128rfa1_Gcc.a(nwk.o)
 .text.nwkTxDelayIsIdle
                0x00007eb4       0x14 ./../../../../../../Atmel_lib/BitCloud_MEGARF_1_14_0/BitCloud/lib/libBc_EndDevice_Atmega128rfa1_Atmega128rfa1_Gcc.a(nwk.o)
 .text.nwkReloadNibFromConfigServer
                0x00007ec8       0x6c ./../../../../../../Atmel_lib/BitCloud_MEGARF_1_14_0/BitCloud/lib/libBc_EndDevice_Atmega128rfa1_Atmega128rfa1_Gcc.a(nwk.o)
 .text.nwkSetLifeTimeOfNeighbor
                0x00007f34       0xe8 ./../../../../../../Atmel_lib/BitCloud_MEGARF_1_14_0/BitCloud/lib/libBc_EndDevice_Atmega128rfa1_Atmega128rfa1_Gcc.a(nwk.o)
 .text.nwkAllocPacket
                0x0000801c       0xd2 ./../../../../../../Atmel_lib/BitCloud_MEGARF_1_14_0/BitCloud/lib/libBc_EndDevice_Atmega128rfa1_Atmega128rfa1_Gcc.a(nwk.o)
 .text.nwkAllocInputPacket
                0x000080ee       0x2c ./../../../../../../Atmel_lib/BitCloud_MEGARF_1_14_0/BitCloud/lib/libBc_EndDevice_Atmega128rfa1_Atmega128rfa1_Gcc.a(nwk.o)
 .text.nwkLoopbackTaskHandler
                0x0000811a       0xe2 ./../../../../../../Atmel_lib/BitCloud_MEGARF_1_14_0/BitCloud/lib/libBc_EndDevice_Atmega128rfa1_Atmega128rfa1_Gcc.a(nwk.o)
 .text.nwkEDScanTaskHandler
                0x000081fc       0xac ./../../../../../../Atmel_lib/BitCloud_MEGARF_1_14_0/BitCloud/lib/libBc_EndDevice_Atmega128rfa1_Atmega128rfa1_Gcc.a(nwk.o)
 .text.nwkTryToProcessCommandReq
                0x000082a8       0x72 ./../../../../../../Atmel_lib/BitCloud_MEGARF_1_14_0/BitCloud/lib/libBc_EndDevice_Atmega128rfa1_Atmega128rfa1_Gcc.a(nwk.o)
 .text.nwkCommandReq
                0x0000831a       0x14 ./../../../../../../Atmel_lib/BitCloud_MEGARF_1_14_0/BitCloud/lib/libBc_EndDevice_Atmega128rfa1_Atmega128rfa1_Gcc.a(nwk.o)
 .text.nwkLeaveTaskHandler
                0x0000832e       0x86 ./../../../../../../Atmel_lib/BitCloud_MEGARF_1_14_0/BitCloud/lib/libBc_EndDevice_Atmega128rfa1_Atmega128rfa1_Gcc.a(nwk.o)
 .text.nwkDataConf
                0x000083b4       0x4a ./../../../../../../Atmel_lib/BitCloud_MEGARF_1_14_0/BitCloud/lib/libBc_EndDevice_Atmega128rfa1_Atmega128rfa1_Gcc.a(nwk.o)
 .text.nwkConfirmDataTx
                0x000083fe       0x16 ./../../../../../../Atmel_lib/BitCloud_MEGARF_1_14_0/BitCloud/lib/libBc_EndDevice_Atmega128rfa1_Atmega128rfa1_Gcc.a(nwk.o)
 .text.nwkFindAddressMapEntryByExtAddr
                0x00008414       0x52 ./../../../../../../Atmel_lib/BitCloud_MEGARF_1_14_0/BitCloud/lib/libBc_EndDevice_Atmega128rfa1_Atmega128rfa1_Gcc.a(nwk.o)
 .text.SYS_GetRandomNumber
                0x00008466       0x2a ./../../../../../../Atmel_lib/BitCloud_MEGARF_1_14_0/BitCloud/lib/libBc_EndDevice_Atmega128rfa1_Atmega128rfa1_Gcc.a(nwk.o)
 .text.nwkFindDeviceToJoin
                0x00008490      0x1cc ./../../../../../../Atmel_lib/BitCloud_MEGARF_1_14_0/BitCloud/lib/libBc_EndDevice_Atmega128rfa1_Atmega128rfa1_Gcc.a(nwk.o)
 .text.nwkAssociate
                0x0000865c       0x9e ./../../../../../../Atmel_lib/BitCloud_MEGARF_1_14_0/BitCloud/lib/libBc_EndDevice_Atmega128rfa1_Atmega128rfa1_Gcc.a(nwk.o)
 .text.MAC_AssociateConf
                0x000086fa       0xfa ./../../../../../../Atmel_lib/BitCloud_MEGARF_1_14_0/BitCloud/lib/libBc_EndDevice_Atmega128rfa1_Atmega128rfa1_Gcc.a(nwk.o)
 .text.nwkGetSuitableParent
                0x000087f4       0x80 ./../../../../../../Atmel_lib/BitCloud_MEGARF_1_14_0/BitCloud/lib/libBc_EndDevice_Atmega128rfa1_Atmega128rfa1_Gcc.a(nwk.o)
 .text.nwkRejoinCmdPrepareAndSend
                0x00008874       0x30 ./../../../../../../Atmel_lib/BitCloud_MEGARF_1_14_0/BitCloud/lib/libBc_EndDevice_Atmega128rfa1_Atmega128rfa1_Gcc.a(nwk.o)
 .text.nwkJoinReqMacGetConf
                0x000088a4       0x3e ./../../../../../../Atmel_lib/BitCloud_MEGARF_1_14_0/BitCloud/lib/libBc_EndDevice_Atmega128rfa1_Atmega128rfa1_Gcc.a(nwk.o)
 .text.macLatencyFired
                0x000088e2        0x6 ./../../../../../../Atmel_lib/BitCloud_MEGARF_1_14_0/BitCloud/lib/libBc_EndDevice_Atmega128rfa1_Atmega128rfa1_Gcc.a(nwk.o)
 .text.NWK_JoinConf
                0x000088e8       0x48 ./../../../../../../Atmel_lib/BitCloud_MEGARF_1_14_0/BitCloud/lib/libBc_EndDevice_Atmega128rfa1_Atmega128rfa1_Gcc.a(nwk.o)
 .text.nwkJoinReqMacSetConf
                0x00008930      0x198 ./../../../../../../Atmel_lib/BitCloud_MEGARF_1_14_0/BitCloud/lib/libBc_EndDevice_Atmega128rfa1_Atmega128rfa1_Gcc.a(nwk.o)
 .text.nwkJoinReqMacRxEnableConf
                0x00008ac8       0x72 ./../../../../../../Atmel_lib/BitCloud_MEGARF_1_14_0/BitCloud/lib/libBc_EndDevice_Atmega128rfa1_Atmega128rfa1_Gcc.a(nwk.o)
 .text.nwkTxDelayReq
                0x00008b3a       0xc2 ./../../../../../../Atmel_lib/BitCloud_MEGARF_1_14_0/BitCloud/lib/libBc_EndDevice_Atmega128rfa1_Atmega128rfa1_Gcc.a(nwk.o)
 .text.nwkConfirmJoinReqTx
                0x00008bfc       0x62 ./../../../../../../Atmel_lib/BitCloud_MEGARF_1_14_0/BitCloud/lib/libBc_EndDevice_Atmega128rfa1_Atmega128rfa1_Gcc.a(nwk.o)
 .text.nwkJoinReqMacPollConf
                0x00008c5e       0x5e ./../../../../../../Atmel_lib/BitCloud_MEGARF_1_14_0/BitCloud/lib/libBc_EndDevice_Atmega128rfa1_Atmega128rfa1_Gcc.a(nwk.o)
 .text.nwkConfirmLeaveItselfTx
                0x00008cbc       0x42 ./../../../../../../Atmel_lib/BitCloud_MEGARF_1_14_0/BitCloud/lib/libBc_EndDevice_Atmega128rfa1_Atmega128rfa1_Gcc.a(nwk.o)
 .text.nwkResetTaskHandler
                0x00008cfe       0x6a ./../../../../../../Atmel_lib/BitCloud_MEGARF_1_14_0/BitCloud/lib/libBc_EndDevice_Atmega128rfa1_Atmega128rfa1_Gcc.a(nwk.o)
 .text.nwkRejoinResponseFrameInd
                0x00008d68      0x14e ./../../../../../../Atmel_lib/BitCloud_MEGARF_1_14_0/BitCloud/lib/libBc_EndDevice_Atmega128rfa1_Atmega128rfa1_Gcc.a(nwk.o)
 .text.nwkPrepareCommonFrame
                0x00008eb6       0x4a ./../../../../../../Atmel_lib/BitCloud_MEGARF_1_14_0/BitCloud/lib/libBc_EndDevice_Atmega128rfa1_Atmega128rfa1_Gcc.a(nwk.o)
 .text.nwkPrepareLeaveItselfTx
                0x00008f00       0x64 ./../../../../../../Atmel_lib/BitCloud_MEGARF_1_14_0/BitCloud/lib/libBc_EndDevice_Atmega128rfa1_Atmega128rfa1_Gcc.a(nwk.o)
 .text.nwkPrepareJoinReqTx
                0x00008f64       0x94 ./../../../../../../Atmel_lib/BitCloud_MEGARF_1_14_0/BitCloud/lib/libBc_EndDevice_Atmega128rfa1_Atmega128rfa1_Gcc.a(nwk.o)
 .text.nwkResetTaskManager
                0x00008ff8       0x10 ./../../../../../../Atmel_lib/BitCloud_MEGARF_1_14_0/BitCloud/lib/libBc_EndDevice_Atmega128rfa1_Atmega128rfa1_Gcc.a(nwk.o)
 .text.nwkSyncTaskHandler
                0x00009008       0xa8 ./../../../../../../Atmel_lib/BitCloud_MEGARF_1_14_0/BitCloud/lib/libBc_EndDevice_Atmega128rfa1_Atmega128rfa1_Gcc.a(nwk.o)
 .text.nwkSyncMacPollConf
                0x000090b0       0x5e ./../../../../../../Atmel_lib/BitCloud_MEGARF_1_14_0/BitCloud/lib/libBc_EndDevice_Atmega128rfa1_Atmega128rfa1_Gcc.a(nwk.o)
 .text.responseWaitTimerFired
                0x0000910e       0x50 ./../../../../../../Atmel_lib/BitCloud_MEGARF_1_14_0/BitCloud/lib/libBc_EndDevice_Atmega128rfa1_Atmega128rfa1_Gcc.a(nwk.o)
 .text.nwkCheckBTT
                0x0000915e       0x22 ./../../../../../../Atmel_lib/BitCloud_MEGARF_1_14_0/BitCloud/lib/libBc_EndDevice_Atmega128rfa1_Atmega128rfa1_Gcc.a(nwk.o)
 .text.nwkGetNextHop.clone.4
                0x00009180       0x5c ./../../../../../../Atmel_lib/BitCloud_MEGARF_1_14_0/BitCloud/lib/libBc_EndDevice_Atmega128rfa1_Atmega128rfa1_Gcc.a(nwk.o)
 .text.nwkFreePacket.clone.11
                0x000091dc       0x30 ./../../../../../../Atmel_lib/BitCloud_MEGARF_1_14_0/BitCloud/lib/libBc_EndDevice_Atmega128rfa1_Atmega128rfa1_Gcc.a(nwk.o)
 .text.NWK_DataResp
                0x0000920c        0xa ./../../../../../../Atmel_lib/BitCloud_MEGARF_1_14_0/BitCloud/lib/libBc_EndDevice_Atmega128rfa1_Atmega128rfa1_Gcc.a(nwk.o)
                0x0000920c                NWK_DataResp
 .text.nwkTxConf
                0x00009216       0xb6 ./../../../../../../Atmel_lib/BitCloud_MEGARF_1_14_0/BitCloud/lib/libBc_EndDevice_Atmega128rfa1_Atmega128rfa1_Gcc.a(nwk.o)
 .text.nwkProcessDelayStatus
                0x000092cc       0x44 ./../../../../../../Atmel_lib/BitCloud_MEGARF_1_14_0/BitCloud/lib/libBc_EndDevice_Atmega128rfa1_Atmega128rfa1_Gcc.a(nwk.o)
 .text.MAC_DataConf
                0x00009310       0x30 ./../../../../../../Atmel_lib/BitCloud_MEGARF_1_14_0/BitCloud/lib/libBc_EndDevice_Atmega128rfa1_Atmega128rfa1_Gcc.a(nwk.o)
 .text.nwkTxDelayTimerFired
                0x00009340       0x96 ./../../../../../../Atmel_lib/BitCloud_MEGARF_1_14_0/BitCloud/lib/libBc_EndDevice_Atmega128rfa1_Atmega128rfa1_Gcc.a(nwk.o)
 .text.nwkTxTaskHandler
                0x000093d6      0x14a ./../../../../../../Atmel_lib/BitCloud_MEGARF_1_14_0/BitCloud/lib/libBc_EndDevice_Atmega128rfa1_Atmega128rfa1_Gcc.a(nwk.o)
 .text.nwkRxIndication.clone.14
                0x00009520      0x1ee ./../../../../../../Atmel_lib/BitCloud_MEGARF_1_14_0/BitCloud/lib/libBc_EndDevice_Atmega128rfa1_Atmega128rfa1_Gcc.a(nwk.o)
 .text.nwkClearNeighborTable.clone.15
                0x0000970e       0x68 ./../../../../../../Atmel_lib/BitCloud_MEGARF_1_14_0/BitCloud/lib/libBc_EndDevice_Atmega128rfa1_Atmega128rfa1_Gcc.a(nwk.o)
 .text.nwkResetNeighborTable
                0x00009776       0x82 ./../../../../../../Atmel_lib/BitCloud_MEGARF_1_14_0/BitCloud/lib/libBc_EndDevice_Atmega128rfa1_Atmega128rfa1_Gcc.a(nwk.o)
 .text.nwkLeaveReqMacResetConf
                0x000097f8       0xae ./../../../../../../Atmel_lib/BitCloud_MEGARF_1_14_0/BitCloud/lib/libBc_EndDevice_Atmega128rfa1_Atmega128rfa1_Gcc.a(nwk.o)
 .text.nwkDiscoveryTaskHandler
                0x000098a6       0xb8 ./../../../../../../Atmel_lib/BitCloud_MEGARF_1_14_0/BitCloud/lib/libBc_EndDevice_Atmega128rfa1_Atmega128rfa1_Gcc.a(nwk.o)
 .text.NWK_GetShortAddr
                0x0000995e        0xa ./../../../../../../Atmel_lib/BitCloud_MEGARF_1_14_0/BitCloud/lib/libBc_EndDevice_Atmega128rfa1_Atmega128rfa1_Gcc.a(nwk.o)
                0x0000995e                NWK_GetShortAddr
 .text.NWK_IsStaticAddressingMode
                0x00009968        0x6 ./../../../../../../Atmel_lib/BitCloud_MEGARF_1_14_0/BitCloud/lib/libBc_EndDevice_Atmega128rfa1_Atmega128rfa1_Gcc.a(nwk.o)
                0x00009968                NWK_IsStaticAddressingMode
 .text.NWK_RemoveFromAddressMap
                0x0000996e       0x12 ./../../../../../../Atmel_lib/BitCloud_MEGARF_1_14_0/BitCloud/lib/libBc_EndDevice_Atmega128rfa1_Atmega128rfa1_Gcc.a(nwk.o)
                0x0000996e                NWK_RemoveFromAddressMap
 .text.NWK_NetworkDiscoveryReq
                0x00009980       0x20 ./../../../../../../Atmel_lib/BitCloud_MEGARF_1_14_0/BitCloud/lib/libBc_EndDevice_Atmega128rfa1_Atmega128rfa1_Gcc.a(nwk.o)
                0x00009980                NWK_NetworkDiscoveryReq
 .text.MAC_BeaconNotifyInd
                0x000099a0      0x4b8 ./../../../../../../Atmel_lib/BitCloud_MEGARF_1_14_0/BitCloud/lib/libBc_EndDevice_Atmega128rfa1_Atmega128rfa1_Gcc.a(nwk.o)
                0x000099a0                MAC_BeaconNotifyInd
 .text.NWK_EDScanReq
                0x00009e58       0x20 ./../../../../../../Atmel_lib/BitCloud_MEGARF_1_14_0/BitCloud/lib/libBc_EndDevice_Atmega128rfa1_Atmega128rfa1_Gcc.a(nwk.o)
                0x00009e58                NWK_EDScanReq
 .text.NWK_IsGroupMember
                0x00009e78       0x3c ./../../../../../../Atmel_lib/BitCloud_MEGARF_1_14_0/BitCloud/lib/libBc_EndDevice_Atmega128rfa1_Atmega128rfa1_Gcc.a(nwk.o)
                0x00009e78                NWK_IsGroupMember
 .text.NWK_ResetGroups
                0x00009eb4       0x5e ./../../../../../../Atmel_lib/BitCloud_MEGARF_1_14_0/BitCloud/lib/libBc_EndDevice_Atmega128rfa1_Atmega128rfa1_Gcc.a(nwk.o)
                0x00009eb4                NWK_ResetGroups
 .text.nwkResetMacResetConf
                0x00009f12      0x3e0 ./../../../../../../Atmel_lib/BitCloud_MEGARF_1_14_0/BitCloud/lib/libBc_EndDevice_Atmega128rfa1_Atmega128rfa1_Gcc.a(nwk.o)
 .text.NWK_GetParentShortAddr
                0x0000a2f2        0xa ./../../../../../../Atmel_lib/BitCloud_MEGARF_1_14_0/BitCloud/lib/libBc_EndDevice_Atmega128rfa1_Atmega128rfa1_Gcc.a(nwk.o)
                0x0000a2f2                NWK_GetParentShortAddr
 .text.NWK_GetPanId
                0x0000a2fc        0xa ./../../../../../../Atmel_lib/BitCloud_MEGARF_1_14_0/BitCloud/lib/libBc_EndDevice_Atmega128rfa1_Atmega128rfa1_Gcc.a(nwk.o)
                0x0000a2fc                NWK_GetPanId
 .text.NWK_GetExtPanId
                0x0000a306       0x22 ./../../../../../../Atmel_lib/BitCloud_MEGARF_1_14_0/BitCloud/lib/libBc_EndDevice_Atmega128rfa1_Atmega128rfa1_Gcc.a(nwk.o)
                0x0000a306                NWK_GetExtPanId
 .text.NWK_SetExtPanId
                0x0000a328       0x34 ./../../../../../../Atmel_lib/BitCloud_MEGARF_1_14_0/BitCloud/lib/libBc_EndDevice_Atmega128rfa1_Atmega128rfa1_Gcc.a(nwk.o)
                0x0000a328                NWK_SetExtPanId
 .text.NWK_GetDeviceType
                0x0000a35c        0x6 ./../../../../../../Atmel_lib/BitCloud_MEGARF_1_14_0/BitCloud/lib/libBc_EndDevice_Atmega128rfa1_Atmega128rfa1_Gcc.a(nwk.o)
                0x0000a35c                NWK_GetDeviceType
 .text.NWK_GetLogicalChannel
                0x0000a362        0x6 ./../../../../../../Atmel_lib/BitCloud_MEGARF_1_14_0/BitCloud/lib/libBc_EndDevice_Atmega128rfa1_Atmega128rfa1_Gcc.a(nwk.o)
                0x0000a362                NWK_GetLogicalChannel
 .text.NWK_SetLogicalChannel
                0x0000a368        0x6 ./../../../../../../Atmel_lib/BitCloud_MEGARF_1_14_0/BitCloud/lib/libBc_EndDevice_Atmega128rfa1_Atmega128rfa1_Gcc.a(nwk.o)
                0x0000a368                NWK_SetLogicalChannel
 .text.NWK_GetBroadcastDeliveryTime
                0x0000a36e       0x12 ./../../../../../../Atmel_lib/BitCloud_MEGARF_1_14_0/BitCloud/lib/libBc_EndDevice_Atmega128rfa1_Atmega128rfa1_Gcc.a(nwk.o)
                0x0000a36e                NWK_GetBroadcastDeliveryTime
 .text.NWK_GetManagerAddr
                0x0000a380        0xa ./../../../../../../Atmel_lib/BitCloud_MEGARF_1_14_0/BitCloud/lib/libBc_EndDevice_Atmega128rfa1_Atmega128rfa1_Gcc.a(nwk.o)
                0x0000a380                NWK_GetManagerAddr
 .text.NWK_SetManagerAddr
                0x0000a38a        0xa ./../../../../../../Atmel_lib/BitCloud_MEGARF_1_14_0/BitCloud/lib/libBc_EndDevice_Atmega128rfa1_Atmega128rfa1_Gcc.a(nwk.o)
                0x0000a38a                NWK_SetManagerAddr
 .text.NWK_SetUpdateId
                0x0000a394        0xa ./../../../../../../Atmel_lib/BitCloud_MEGARF_1_14_0/BitCloud/lib/libBc_EndDevice_Atmega128rfa1_Atmega128rfa1_Gcc.a(nwk.o)
                0x0000a394                NWK_SetUpdateId
 .text.NWK_GetTransmitCouner
                0x0000a39e       0x14 ./../../../../../../Atmel_lib/BitCloud_MEGARF_1_14_0/BitCloud/lib/libBc_EndDevice_Atmega128rfa1_Atmega128rfa1_Gcc.a(nwk.o)
                0x0000a39e                NWK_GetTransmitCouner
 .text.NWK_GetTransmitFailureCounter
                0x0000a3b2       0x14 ./../../../../../../Atmel_lib/BitCloud_MEGARF_1_14_0/BitCloud/lib/libBc_EndDevice_Atmega128rfa1_Atmega128rfa1_Gcc.a(nwk.o)
                0x0000a3b2                NWK_GetTransmitFailureCounter
 .text.NWK_ResetTransmitCounters
                0x0000a3c6       0x12 ./../../../../../../Atmel_lib/BitCloud_MEGARF_1_14_0/BitCloud/lib/libBc_EndDevice_Atmega128rfa1_Atmega128rfa1_Gcc.a(nwk.o)
                0x0000a3c6                NWK_ResetTransmitCounters
 .text.NWK_JoinReq
                0x0000a3d8       0x20 ./../../../../../../Atmel_lib/BitCloud_MEGARF_1_14_0/BitCloud/lib/libBc_EndDevice_Atmega128rfa1_Atmega128rfa1_Gcc.a(nwk.o)
                0x0000a3d8                NWK_JoinReq
 .text.nwkAddressConflictTaskHandler
                0x0000a3f8      0x176 ./../../../../../../Atmel_lib/BitCloud_MEGARF_1_14_0/BitCloud/lib/libBc_EndDevice_Atmega128rfa1_Atmega128rfa1_Gcc.a(nwk.o)
 .text.NWK_RemoveNeighbor
                0x0000a56e       0xb6 ./../../../../../../Atmel_lib/BitCloud_MEGARF_1_14_0/BitCloud/lib/libBc_EndDevice_Atmega128rfa1_Atmega128rfa1_Gcc.a(nwk.o)
                0x0000a56e                NWK_RemoveNeighbor
 .text.NWK_LeaveReq
                0x0000a624       0x20 ./../../../../../../Atmel_lib/BitCloud_MEGARF_1_14_0/BitCloud/lib/libBc_EndDevice_Atmega128rfa1_Atmega128rfa1_Gcc.a(nwk.o)
                0x0000a624                NWK_LeaveReq
 .text.NWK_LoopbackTxReq
                0x0000a644       0x20 ./../../../../../../Atmel_lib/BitCloud_MEGARF_1_14_0/BitCloud/lib/libBc_EndDevice_Atmega128rfa1_Atmega128rfa1_Gcc.a(nwk.o)
                0x0000a644                NWK_LoopbackTxReq
 .text.nwkDataConfTaskHandler
                0x0000a664       0x5a ./../../../../../../Atmel_lib/BitCloud_MEGARF_1_14_0/BitCloud/lib/libBc_EndDevice_Atmega128rfa1_Atmega128rfa1_Gcc.a(nwk.o)
 .text.NWK_DataReq
                0x0000a6be      0x1f8 ./../../../../../../Atmel_lib/BitCloud_MEGARF_1_14_0/BitCloud/lib/libBc_EndDevice_Atmega128rfa1_Atmega128rfa1_Gcc.a(nwk.o)
                0x0000a6be                NWK_DataReq
 .text.NWK_FindNeighborByShortAddr
                0x0000a8b6       0x30 ./../../../../../../Atmel_lib/BitCloud_MEGARF_1_14_0/BitCloud/lib/libBc_EndDevice_Atmega128rfa1_Atmega128rfa1_Gcc.a(nwk.o)
                0x0000a8b6                NWK_FindNeighborByShortAddr
 .text.NWK_NetworkDiscoveryConf
                0x0000a8e6      0x14e ./../../../../../../Atmel_lib/BitCloud_MEGARF_1_14_0/BitCloud/lib/libBc_EndDevice_Atmega128rfa1_Atmega128rfa1_Gcc.a(nwk.o)
 .text.nwkJoinReqTaskHandler
                0x0000aa34      0x178 ./../../../../../../Atmel_lib/BitCloud_MEGARF_1_14_0/BitCloud/lib/libBc_EndDevice_Atmega128rfa1_Atmega128rfa1_Gcc.a(nwk.o)
 .text.nwkResetMacSetConf
                0x0000abac      0x178 ./../../../../../../Atmel_lib/BitCloud_MEGARF_1_14_0/BitCloud/lib/libBc_EndDevice_Atmega128rfa1_Atmega128rfa1_Gcc.a(nwk.o)
 .text.NWK_GetExtByShortAddress
                0x0000ad24       0x5c ./../../../../../../Atmel_lib/BitCloud_MEGARF_1_14_0/BitCloud/lib/libBc_EndDevice_Atmega128rfa1_Atmega128rfa1_Gcc.a(nwk.o)
                0x0000ad24                NWK_GetExtByShortAddress
 .text.NWK_FindNeighborByExtAddr
                0x0000ad80       0x68 ./../../../../../../Atmel_lib/BitCloud_MEGARF_1_14_0/BitCloud/lib/libBc_EndDevice_Atmega128rfa1_Atmega128rfa1_Gcc.a(nwk.o)
                0x0000ad80                NWK_FindNeighborByExtAddr
 .text.nwkLeaveFrameInd
                0x0000ade8       0xde ./../../../../../../Atmel_lib/BitCloud_MEGARF_1_14_0/BitCloud/lib/libBc_EndDevice_Atmega128rfa1_Atmega128rfa1_Gcc.a(nwk.o)
 .text.NWK_GetShortByExtAddress
                0x0000aec6       0x60 ./../../../../../../Atmel_lib/BitCloud_MEGARF_1_14_0/BitCloud/lib/libBc_EndDevice_Atmega128rfa1_Atmega128rfa1_Gcc.a(nwk.o)
                0x0000aec6                NWK_GetShortByExtAddress
 .text.NWK_LinkShortAndExtAddress
                0x0000af26      0x14c ./../../../../../../Atmel_lib/BitCloud_MEGARF_1_14_0/BitCloud/lib/libBc_EndDevice_Atmega128rfa1_Atmega128rfa1_Gcc.a(nwk.o)
                0x0000af26                NWK_LinkShortAndExtAddress
 .text.NWK_GetNeighborTable
                0x0000b072        0x6 ./../../../../../../Atmel_lib/BitCloud_MEGARF_1_14_0/BitCloud/lib/libBc_EndDevice_Atmega128rfa1_Atmega128rfa1_Gcc.a(nwk.o)
                0x0000b072                NWK_GetNeighborTable
 .text.NWK_GetNeighborsLqi
                0x0000b078       0x3e ./../../../../../../Atmel_lib/BitCloud_MEGARF_1_14_0/BitCloud/lib/libBc_EndDevice_Atmega128rfa1_Atmega128rfa1_Gcc.a(nwk.o)
                0x0000b078                NWK_GetNeighborsLqi
 .text.NWK_GetNeighborsRssi
                0x0000b0b6       0x3e ./../../../../../../Atmel_lib/BitCloud_MEGARF_1_14_0/BitCloud/lib/libBc_EndDevice_Atmega128rfa1_Atmega128rfa1_Gcc.a(nwk.o)
                0x0000b0b6                NWK_GetNeighborsRssi
 .text.NWK_IsKnownChild
                0x0000b0f4       0x24 ./../../../../../../Atmel_lib/BitCloud_MEGARF_1_14_0/BitCloud/lib/libBc_EndDevice_Atmega128rfa1_Atmega128rfa1_Gcc.a(nwk.o)
                0x0000b0f4                NWK_IsKnownChild
 .text.NWK_ResetReq
                0x0000b118       0x20 ./../../../../../../Atmel_lib/BitCloud_MEGARF_1_14_0/BitCloud/lib/libBc_EndDevice_Atmega128rfa1_Atmega128rfa1_Gcc.a(nwk.o)
                0x0000b118                NWK_ResetReq
 .text.NWK_Init
                0x0000b138       0x20 ./../../../../../../Atmel_lib/BitCloud_MEGARF_1_14_0/BitCloud/lib/libBc_EndDevice_Atmega128rfa1_Atmega128rfa1_Gcc.a(nwk.o)
                0x0000b138                NWK_Init
 .text.MAC_DataInd
                0x0000b158      0x2ae ./../../../../../../Atmel_lib/BitCloud_MEGARF_1_14_0/BitCloud/lib/libBc_EndDevice_Atmega128rfa1_Atmega128rfa1_Gcc.a(nwk.o)
                0x0000b158                MAC_DataInd
 .text.NWK_IsActiveTransaction
                0x0000b406       0x54 ./../../../../../../Atmel_lib/BitCloud_MEGARF_1_14_0/BitCloud/lib/libBc_EndDevice_Atmega128rfa1_Atmega128rfa1_Gcc.a(nwk.o)
                0x0000b406                NWK_IsActiveTransaction
 .text.NWK_LaunchActivities
                0x0000b45a        0x2 ./../../../../../../Atmel_lib/BitCloud_MEGARF_1_14_0/BitCloud/lib/libBc_EndDevice_Atmega128rfa1_Atmega128rfa1_Gcc.a(nwk.o)
                0x0000b45a                NWK_LaunchActivities
 .text.NWK_StopActivities
                0x0000b45c        0x2 ./../../../../../../Atmel_lib/BitCloud_MEGARF_1_14_0/BitCloud/lib/libBc_EndDevice_Atmega128rfa1_Atmega128rfa1_Gcc.a(nwk.o)
                0x0000b45c                NWK_StopActivities
 .text.NWK_DeviceIsAbleToOperateInNetwork
                0x0000b45e       0x36 ./../../../../../../Atmel_lib/BitCloud_MEGARF_1_14_0/BitCloud/lib/libBc_EndDevice_Atmega128rfa1_Atmega128rfa1_Gcc.a(nwk.o)
                0x0000b45e                NWK_DeviceIsAbleToOperateInNetwork
 .text.NWK_GatherPowerFailureInfo
                0x0000b494       0x24 ./../../../../../../Atmel_lib/BitCloud_MEGARF_1_14_0/BitCloud/lib/libBc_EndDevice_Atmega128rfa1_Atmega128rfa1_Gcc.a(nwk.o)
                0x0000b494                NWK_GatherPowerFailureInfo
 .text.NWK_SyncReq
                0x0000b4b8       0x20 ./../../../../../../Atmel_lib/BitCloud_MEGARF_1_14_0/BitCloud/lib/libBc_EndDevice_Atmega128rfa1_Atmega128rfa1_Gcc.a(nwk.o)
                0x0000b4b8                NWK_SyncReq
 .text.MAC_SyncLossInd
                0x0000b4d8        0x2 ./../../../../../../Atmel_lib/BitCloud_MEGARF_1_14_0/BitCloud/lib/libBc_EndDevice_Atmega128rfa1_Atmega128rfa1_Gcc.a(nwk.o)
                0x0000b4d8                MAC_SyncLossInd
 .text.NWK_TaskHandler
                0x0000b4da       0xd8 ./../../../../../../Atmel_lib/BitCloud_MEGARF_1_14_0/BitCloud/lib/libBc_EndDevice_Atmega128rfa1_Atmega128rfa1_Gcc.a(nwk.o)
                0x0000b4da                NWK_TaskHandler
 .text.NWK_GetUnicastDeliveryTime
                0x0000b5b2       0x6a ./../../../../../../Atmel_lib/BitCloud_MEGARF_1_14_0/BitCloud/lib/libBc_EndDevice_Atmega128rfa1_Atmega128rfa1_Gcc.a(nwk.o)
                0x0000b5b2                NWK_GetUnicastDeliveryTime
 .text.phyRxTxSwitcher
                0x0000b61c       0x36 ./../../../../../../Atmel_lib/BitCloud_MEGARF_1_14_0/BitCloud/lib/libBc_EndDevice_Atmega128rfa1_Atmega128rfa1_Gcc.a(phyRxTxIndicator.o)
 .text.phyRxTxSwitcherOn
                0x0000b652        0x8 ./../../../../../../Atmel_lib/BitCloud_MEGARF_1_14_0/BitCloud/lib/libBc_EndDevice_Atmega128rfa1_Atmega128rfa1_Gcc.a(phyRxTxIndicator.o)
                0x0000b652                phyRxTxSwitcherOn
 .text.phyRxTxSwitcherOff
                0x0000b65a        0x8 ./../../../../../../Atmel_lib/BitCloud_MEGARF_1_14_0/BitCloud/lib/libBc_EndDevice_Atmega128rfa1_Atmega128rfa1_Gcc.a(phyRxTxIndicator.o)
                0x0000b65a                phyRxTxSwitcherOff
 .text.deleteHeadQueueElem
                0x0000b662       0x22 ./../../../../../../Atmel_lib/BitCloud_MEGARF_1_14_0/BitCloud/lib/libBc_EndDevice_Atmega128rfa1_Atmega128rfa1_Gcc.a(queue.o)
                0x0000b662                deleteHeadQueueElem
 .text.deleteQueueElem
                0x0000b684       0x4a ./../../../../../../Atmel_lib/BitCloud_MEGARF_1_14_0/BitCloud/lib/libBc_EndDevice_Atmega128rfa1_Atmega128rfa1_Gcc.a(queue.o)
                0x0000b684                deleteQueueElem
 .text.isQueueElem
                0x0000b6ce       0x22 ./../../../../../../Atmel_lib/BitCloud_MEGARF_1_14_0/BitCloud/lib/libBc_EndDevice_Atmega128rfa1_Atmega128rfa1_Gcc.a(queue.o)
                0x0000b6ce                isQueueElem
 .text.putQueueElem
                0x0000b6f0       0x40 ./../../../../../../Atmel_lib/BitCloud_MEGARF_1_14_0/BitCloud/lib/libBc_EndDevice_Atmega128rfa1_Atmega128rfa1_Gcc.a(queue.o)
                0x0000b6f0                putQueueElem
 .text.SYS_DuplicateTableReset
                0x0000b730       0x4e ./../../../../../../Atmel_lib/BitCloud_MEGARF_1_14_0/BitCloud/lib/libBc_EndDevice_Atmega128rfa1_Atmega128rfa1_Gcc.a(sysDuplicateTable.o)
                0x0000b730                SYS_DuplicateTableReset
 .text.duplicateTableUpdate
                0x0000b77e       0x8e ./../../../../../../Atmel_lib/BitCloud_MEGARF_1_14_0/BitCloud/lib/libBc_EndDevice_Atmega128rfa1_Atmega128rfa1_Gcc.a(sysDuplicateTable.o)
                0x0000b77e                duplicateTableUpdate
 .text.SYS_DuplicateTableCheck
                0x0000b80c      0x10c ./../../../../../../Atmel_lib/BitCloud_MEGARF_1_14_0/BitCloud/lib/libBc_EndDevice_Atmega128rfa1_Atmega128rfa1_Gcc.a(sysDuplicateTable.o)
                0x0000b80c                SYS_DuplicateTableCheck
 .text.SYS_DuplicateTableClear
                0x0000b918       0x7c ./../../../../../../Atmel_lib/BitCloud_MEGARF_1_14_0/BitCloud/lib/libBc_EndDevice_Atmega128rfa1_Atmega128rfa1_Gcc.a(sysDuplicateTable.o)
                0x0000b918                SYS_DuplicateTableClear
 .text.SYS_PostEvent
                0x0000b994       0x7a ./../../../../../../Atmel_lib/BitCloud_MEGARF_1_14_0/BitCloud/lib/libBc_EndDevice_Atmega128rfa1_Atmega128rfa1_Gcc.a(sysEvents.o)
                0x0000b994                SYS_PostEvent
 .text.SYS_IsEventDeliverable
                0x0000ba0e       0x38 ./../../../../../../Atmel_lib/BitCloud_MEGARF_1_14_0/BitCloud/lib/libBc_EndDevice_Atmega128rfa1_Atmega128rfa1_Gcc.a(sysEvents.o)
                0x0000ba0e                SYS_IsEventDeliverable
 .text.SYS_IsEventSubscriber
                0x0000ba46       0x32 ./../../../../../../Atmel_lib/BitCloud_MEGARF_1_14_0/BitCloud/lib/libBc_EndDevice_Atmega128rfa1_Atmega128rfa1_Gcc.a(sysEvents.o)
                0x0000ba46                SYS_IsEventSubscriber
 .text.SYS_SubscribeToEvent
                0x0000ba78       0x70 ./../../../../../../Atmel_lib/BitCloud_MEGARF_1_14_0/BitCloud/lib/libBc_EndDevice_Atmega128rfa1_Atmega128rfa1_Gcc.a(sysEvents.o)
                0x0000ba78                SYS_SubscribeToEvent
 .text.SYS_StartTimer
                0x0000bae8       0x14 ./../../../../../../Atmel_lib/BitCloud_MEGARF_1_14_0/BitCloud/lib/libBc_EndDevice_Atmega128rfa1_Atmega128rfa1_Gcc.a(sysTimer.o)
                0x0000bae8                SYS_StartTimer
 .text.SYS_StopTimer
                0x0000bafc       0x12 ./../../../../../../Atmel_lib/BitCloud_MEGARF_1_14_0/BitCloud/lib/libBc_EndDevice_Atmega128rfa1_Atmega128rfa1_Gcc.a(sysTimer.o)
                0x0000bafc                SYS_StopTimer
 .text.SYS_InitTimer
                0x0000bb0e       0x34 ./../../../../../../Atmel_lib/BitCloud_MEGARF_1_14_0/BitCloud/lib/libBc_EndDevice_Atmega128rfa1_Atmega128rfa1_Gcc.a(sysTimer.o)
                0x0000bb0e                SYS_InitTimer
 .text.SYS_RunTask
                0x0000bb42       0x76 ./../../../../../../Atmel_lib/BitCloud_MEGARF_1_14_0/BitCloud/lib/libBc_EndDevice_Atmega128rfa1_Atmega128rfa1_Gcc.a(taskManager.o)
                0x0000bb42                SYS_RunTask
 .text.SYS_ForceRunTask
                0x0000bbb8        0x6 ./../../../../../../Atmel_lib/BitCloud_MEGARF_1_14_0/BitCloud/lib/libBc_EndDevice_Atmega128rfa1_Atmega128rfa1_Gcc.a(taskManager.o)
                0x0000bbb8                SYS_ForceRunTask
 .text.SYS_SysInit
                0x0000bbbe       0x22 ./../../../../../../Atmel_lib/BitCloud_MEGARF_1_14_0/BitCloud/lib/libBc_EndDevice_Atmega128rfa1_Atmega128rfa1_Gcc.a(taskManager.o)
                0x0000bbbe                SYS_SysInit
 .text.APS_StopConf
                0x0000bbe0       0x14 ./../../../../../../Atmel_lib/BitCloud_MEGARF_1_14_0/BitCloud/lib/libBc_EndDevice_Atmega128rfa1_Atmega128rfa1_Gcc.a(zdo.o)
 .text.zdoNodeManagerNwkLeaveConf
                0x0000bbf4        0x6 ./../../../../../../Atmel_lib/BitCloud_MEGARF_1_14_0/BitCloud/lib/libBc_EndDevice_Atmega128rfa1_Atmega128rfa1_Gcc.a(zdo.o)
 .text.zdoNwkManagerReset
                0x0000bbfa       0x10 ./../../../../../../Atmel_lib/BitCloud_MEGARF_1_14_0/BitCloud/lib/libBc_EndDevice_Atmega128rfa1_Atmega128rfa1_Gcc.a(zdo.o)
 .text.zdoStackResetConf
                0x0000bc0a       0x1c ./../../../../../../Atmel_lib/BitCloud_MEGARF_1_14_0/BitCloud/lib/libBc_EndDevice_Atmega128rfa1_Atmega128rfa1_Gcc.a(zdo.o)
 .text.zdoSecurityManagerHandler
                0x0000bc26        0x2 ./../../../../../../Atmel_lib/BitCloud_MEGARF_1_14_0/BitCloud/lib/libBc_EndDevice_Atmega128rfa1_Atmega128rfa1_Gcc.a(zdo.o)
                0x0000bc26                zdoSecurityManagerHandler
 .text.zdoPostTask
                0x0000bc28       0x3c ./../../../../../../Atmel_lib/BitCloud_MEGARF_1_14_0/BitCloud/lib/libBc_EndDevice_Atmega128rfa1_Atmega128rfa1_Gcc.a(zdo.o)
 .text.zdoCheckStartNetworkRequestsQueue
                0x0000bc64       0x38 ./../../../../../../Atmel_lib/BitCloud_MEGARF_1_14_0/BitCloud/lib/libBc_EndDevice_Atmega128rfa1_Atmega128rfa1_Gcc.a(zdo.o)
 .text.zdoStartNetworkFree
                0x0000bc9c        0xe ./../../../../../../Atmel_lib/BitCloud_MEGARF_1_14_0/BitCloud/lib/libBc_EndDevice_Atmega128rfa1_Atmega128rfa1_Gcc.a(zdo.o)
 .text.startConfirm
                0x0000bcaa       0x2e ./../../../../../../Atmel_lib/BitCloud_MEGARF_1_14_0/BitCloud/lib/libBc_EndDevice_Atmega128rfa1_Atmega128rfa1_Gcc.a(zdo.o)
 .text.sleepConfirm