Archive member included because of file (symbol)

./../../../../../../Atmel_lib/BitCloud_MEGARF_1_14_0/BitCloud/lib/libHAL_AtmlStk600_Atmega128rfa1_8Mhz_Gcc.a(halDelay.o)
                              Coordinator_Stk600_Atmega128rfa1_8Mhz_Gcc/Obj/buttons.o (HAL_Delay)
./../../../../../../Atmel_lib/BitCloud_MEGARF_1_14_0/BitCloud/lib/libHAL_AtmlStk600_Atmega128rfa1_8Mhz_Gcc.a(halW1.o)
                              ./../../../../../../Atmel_lib/BitCloud_MEGARF_1_14_0/BitCloud/lib/libHAL_AtmlStk600_Atmega128rfa1_8Mhz_Gcc.a(halDelay.o) (__delay_us)
./../../../../../../Atmel_lib/BitCloud_MEGARF_1_14_0/BitCloud/lib/libHAL_AtmlStk600_Atmega128rfa1_8Mhz_Gcc.a(appTimer.o)
                              Coordinator_Stk600_Atmega128rfa1_8Mhz_Gcc/Obj/blink.o (HAL_StartAppTimer)
./../../../../../../Atmel_lib/BitCloud_MEGARF_1_14_0/BitCloud/lib/libHAL_AtmlStk600_Atmega128rfa1_8Mhz_Gcc.a(irq.o)
                              Coordinator_Stk600_Atmega128rfa1_8Mhz_Gcc/Obj/buttons.o (HAL_RegisterIrq)
./../../../../../../Atmel_lib/BitCloud_MEGARF_1_14_0/BitCloud/lib/libHAL_AtmlStk600_Atmega128rfa1_8Mhz_Gcc.a(eeprom.o)
                              Coordinator_Stk600_Atmega128rfa1_8Mhz_Gcc/Obj/pdsWriteData.o (HAL_ReadEeprom)
./../../../../../../Atmel_lib/BitCloud_MEGARF_1_14_0/BitCloud/lib/libHAL_AtmlStk600_Atmega128rfa1_8Mhz_Gcc.a(timer.o)
                              ./../../../../../../Atmel_lib/BitCloud_MEGARF_1_14_0/BitCloud/lib/libHAL_AtmlStk600_Atmega128rfa1_8Mhz_Gcc.a(appTimer.o) (halAddTimer)
./../../../../../../Atmel_lib/BitCloud_MEGARF_1_14_0/BitCloud/lib/libHAL_AtmlStk600_Atmega128rfa1_8Mhz_Gcc.a(halSleepTimerClock.o)
                              ./../../../../../../Atmel_lib/BitCloud_MEGARF_1_14_0/BitCloud/lib/libHAL_AtmlStk600_Atmega128rfa1_8Mhz_Gcc.a(appTimer.o) (halGetTimeOfSleepTimer)
./../../../../../../Atmel_lib/BitCloud_MEGARF_1_14_0/BitCloud/lib/libHAL_AtmlStk600_Atmega128rfa1_8Mhz_Gcc.a(halAppClock.o)
                              ./../../../../../../Atmel_lib/BitCloud_MEGARF_1_14_0/BitCloud/lib/libHAL_AtmlStk600_Atmega128rfa1_8Mhz_Gcc.a(appTimer.o) (halGetTimeOfAppTimer)
./../../../../../../Atmel_lib/BitCloud_MEGARF_1_14_0/BitCloud/lib/libHAL_AtmlStk600_Atmega128rfa1_8Mhz_Gcc.a(halIrq.o)
                              ./../../../../../../Atmel_lib/BitCloud_MEGARF_1_14_0/BitCloud/lib/libHAL_AtmlStk600_Atmega128rfa1_8Mhz_Gcc.a(irq.o) (halSetIrqConfig)
./../../../../../../Atmel_lib/BitCloud_MEGARF_1_14_0/BitCloud/lib/libHAL_AtmlStk600_Atmega128rfa1_8Mhz_Gcc.a(halEeprom.o)
                              ./../../../../../../Atmel_lib/BitCloud_MEGARF_1_14_0/BitCloud/lib/libHAL_AtmlStk600_Atmega128rfa1_8Mhz_Gcc.a(eeprom.o) (halEepromWrite)
./../../../../../../Atmel_lib/BitCloud_MEGARF_1_14_0/BitCloud/lib/libHAL_AtmlStk600_Atmega128rfa1_8Mhz_Gcc.a(halSleep.o)
                              ./../../../../../../Atmel_lib/BitCloud_MEGARF_1_14_0/BitCloud/lib/libHAL_AtmlStk600_Atmega128rfa1_8Mhz_Gcc.a(halSleepTimerClock.o) (halPowerOn)
./../../../../../../Atmel_lib/BitCloud_MEGARF_1_14_0/BitCloud/lib/libHAL_AtmlStk600_Atmega128rfa1_8Mhz_Gcc.a(calibration.o)
                              ./../../../../../../Atmel_lib/BitCloud_MEGARF_1_14_0/BitCloud/lib/libHAL_AtmlStk600_Atmega128rfa1_8Mhz_Gcc.a(halSleep.o) (halStartingCalibrate)
./../../../../../../Atmel_lib/BitCloud_MEGARF_1_14_0/BitCloud/lib/libHAL_AtmlStk600_Atmega128rfa1_8Mhz_Gcc.a(halCalibration.o)
                              ./../../../../../../Atmel_lib/BitCloud_MEGARF_1_14_0/BitCloud/lib/libHAL_AtmlStk600_Atmega128rfa1_8Mhz_Gcc.a(calibration.o) (halMeasurement)
./../../../../../../Atmel_lib/BitCloud_MEGARF_1_14_0/BitCloud/lib/libHAL_AtmlStk600_Atmega128rfa1_8Mhz_Gcc.a(halTaskManager.o)
                              ./../../../../../../Atmel_lib/BitCloud_MEGARF_1_14_0/BitCloud/lib/libHAL_AtmlStk600_Atmega128rfa1_8Mhz_Gcc.a(halAppClock.o) (halTaskFlags4)
./../../../../../../Atmel_lib/BitCloud_MEGARF_1_14_0/BitCloud/lib/libHAL_AtmlStk600_Atmega128rfa1_8Mhz_Gcc.a(usart.o)
                              ./../../../../../../Atmel_lib/BitCloud_MEGARF_1_14_0/BitCloud/lib/libHAL_AtmlStk600_Atmega128rfa1_8Mhz_Gcc.a(halTaskManager.o) (halSigUsartHandler)
./../../../../../../Atmel_lib/BitCloud_MEGARF_1_14_0/BitCloud/lib/libHAL_AtmlStk600_Atmega128rfa1_8Mhz_Gcc.a(i2cPacket.o)
                              ./../../../../../../Atmel_lib/BitCloud_MEGARF_1_14_0/BitCloud/lib/libHAL_AtmlStk600_Atmega128rfa1_8Mhz_Gcc.a(halTaskManager.o) (halSig2WireSerialHandler)
./../../../../../../Atmel_lib/BitCloud_MEGARF_1_14_0/BitCloud/lib/libHAL_AtmlStk600_Atmega128rfa1_8Mhz_Gcc.a(adc.o)
                              ./../../../../../../Atmel_lib/BitCloud_MEGARF_1_14_0/BitCloud/lib/libHAL_AtmlStk600_Atmega128rfa1_8Mhz_Gcc.a(halTaskManager.o) (halSigAdcHandler)
./../../../../../../Atmel_lib/BitCloud_MEGARF_1_14_0/BitCloud/lib/libHAL_AtmlStk600_Atmega128rfa1_8Mhz_Gcc.a(spi.o)
[...]
Memory Configuration

Name             Origin             Length             Attributes
text             0x00000000         0x00020000         xr
data             0x00800190         0x00003e0c         rw !x
eeprom           0x00810000         0x00001000         rw !x
*default*        0x00000000         0xffffffff

Linker script and memory map

Address of section .data set to 0x800200
LOAD c:/program files (x86)/atmel/avr tools/avr toolchain/bin/../lib/gcc/avr/4.5.1/../../../../avr/lib/avr51/crtm128rfa1.o

.text           0x00000000    0x159f4
                0x00000000                PROVIDE (__text_start, .)
 *(.vectors)
 .vectors       0x00000000      0x120 c:/program files (x86)/atmel/avr tools/avr toolchain/bin/../lib/gcc/avr/4.5.1/../../../../avr/lib/avr51/crtm128rfa1.o
                0x00000000                __vector_default
                0x00000000                __vectors
 *(.vectors)
                0x00000120                PROVIDE (__pds_ff_start, .)
 *(.pds_ff)
 .pds_ff        0x00000120       0x8a Coordinator_Stk600_Atmega128rfa1_8Mhz_Gcc/Obj/csPersistentMem.o
                0x00000120                csGeneralFileDescriptors
                0x00000180                csExtendedFileDescriptors
                0x00000198                csNeighborTableFileDescriptor
                0x0000019e                csGroupTableFileDescriptor
                0x000001a4                csBindingTableFileDescriptor
                0x000001aa                PROVIDE (__pds_ff_end, .)
                0x000001aa                PROVIDE (__pds_fd_start, .)
 *(.pds_fd)
 .pds_fd        0x000001aa       0x24 Coordinator_Stk600_Atmega128rfa1_8Mhz_Gcc/Obj/csPersistentMem.o
                0x000001aa                csGeneralParamsDirDescr
                0x000001b0                csExtendedParamsDirDescr
                0x000001b6                csNwkSecurityTablesDirDescr
                0x000001bc                BCSystemDirDescr
                0x000001c2                BCExtGenParamsDirDescr
                0x000001c8                BCRejoinParamsDirDescr
                0x000001ce                PROVIDE (__pds_fd_end, .)
 *(.progmem.gcc*)
 .progmem.gcc_sw_table
                0x000001ce       0x58 ./../../../../../../Atmel_lib/BitCloud_MEGARF_1_14_0/BitCloud/lib/libBc_Coordinator_Atmega128rfa1_Atmega128rfa1_Gcc.a(zdo.o)
 .progmem.gcc_sw_table
                0x00000226      0x110 ./../../../../../../Atmel_lib/BitCloud_MEGARF_1_14_0/BitCloud/lib/libBc_Coordinator_Atmega128rfa1_Atmega128rfa1_Gcc.a(macenvPib.o)
 .progmem.gcc_sw_table
                0x00000336       0x28 ./../../../../../../Atmel_lib/BitCloud_MEGARF_1_14_0/BitCloud/lib/libBc_Coordinator_Atmega128rfa1_Atmega128rfa1_Gcc.a(machwdManager.o)
 .progmem.gcc_sw_table
                0x0000035e       0x3c ./../../../../../../Atmel_lib/BitCloud_MEGARF_1_14_0/BitCloud/lib/libBc_Coordinator_Atmega128rfa1_Atmega128rfa1_Gcc.a(machwiManager.o)
 .progmem.gcc_sw_table
                0x0000039a       0x16 ./../../../../../../Atmel_lib/BitCloud_MEGARF_1_14_0/BitCloud/lib/libBc_Coordinator_Atmega128rfa1_Atmega128rfa1_Gcc.a(machwiPanServer.o)
 .progmem.gcc_sw_table
                0x000003b0       0x20 ./../../../../../../Atmel_lib/BitCloud_MEGARF_1_14_0/BitCloud/lib/libBc_Coordinator_Atmega128rfa1_Atmega128rfa1_Gcc.a(machwiScanHandler.o)
 .progmem.gcc_sw_table
                0x000003d0       0x34 ./../../../../../../Atmel_lib/BitCloud_MEGARF_1_14_0/BitCloud/lib/libBc_Coordinator_Atmega128rfa1_Atmega128rfa1_Gcc.a(nwk.o)
 .progmem.gcc_sw_table
                0x00000404       0x26 ./../../../../../../Atmel_lib/BitCloud_MEGARF_1_14_0/BitCloud/lib/libBc_Coordinator_Atmega128rfa1_Atmega128rfa1_Gcc.a(machwdFrameRoutine.o)
 *(.progmem*)
 .progmem.data  0x0000042a       0xa4 Coordinator_Stk600_Atmega128rfa1_8Mhz_Gcc/Obj/csPersistentMem.o
                0x0000042a                CsGeneralMemoryIdsTable
                0x0000044a                CsExtendedMemoryIdsTable
                0x00000452                CsNwkSecurityMemoryIdsTable
                0x00000456                BCSystemMemoryIdsTable
                0x00000484                BCExtGenParamsMemoryIdsTable
                0x000004ac                BCRejoinParamsMemoryIdsTable
 .progmem.data  0x000004ce      0x25e Coordinator_Stk600_Atmega128rfa1_8Mhz_Gcc/Obj/csMem.o
                0x000004ce                defaultNIB
                0x00000554                defaultZIB
                0x00000583                defaultAIB
                0x00000585                defaultSIB
                0x000005c1                csReadOnlyItems
                0x000005e0                csMemoryItems
 .progmem.data  0x0000072c        0xc ./../../../../../../Atmel_lib/BitCloud_MEGARF_1_14_0/BitCloud/lib/libHAL_AtmlStk600_Atmega128rfa1_8Mhz_Gcc.a(usart.o)
 .progmem.data  0x00000738       0x10 ./../../../../../../Atmel_lib/BitCloud_MEGARF_1_14_0/BitCloud/lib/libBc_Coordinator_Atmega128rfa1_Atmega128rfa1_Gcc.a(aps.o)
 .progmem.data  0x00000748      0x132 ./../../../../../../Atmel_lib/BitCloud_MEGARF_1_14_0/BitCloud/lib/libBc_Coordinator_Atmega128rfa1_Atmega128rfa1_Gcc.a(nwk.o)
                0x0000087a                . = ALIGN (0x2)
 *(.trampolines*)
 .trampolines   0x0000087a        0x0 linker stubs
 *(.jumptables*)
 *(.lowtext*)
 *(.init0)
 .init0         0x0000087a        0x0 c:/program files (x86)/atmel/avr tools/avr toolchain/bin/../lib/gcc/avr/4.5.1/../../../../avr/lib/avr51/crtm128rfa1.o
                0x0000087a                __init
 .init0         0x0000087a       0x30 ./../../../../../../Atmel_lib/BitCloud_MEGARF_1_14_0/BitCloud/lib/WdtInitatmega128rfa1_Gcc.o
                0x0000087a                halWdtInit
 *(.init0)
 *(.init1)
 *(.init1)
 *(.init2)
 .init2         0x000008aa        0xc c:/program files (x86)/atmel/avr tools/avr toolchain/bin/../lib/gcc/avr/4.5.1/../../../../avr/lib/avr51/crtm128rfa1.o
 *(.init2)
 *(.init3)
 *(.init3)
 *(.init4)
 .init4         0x000008b6       0x1a c:/program files (x86)/atmel/avr tools/avr toolchain/bin/../lib/gcc/avr/4.5.1/avr51\libgcc.a(_copy_data.o)
                0x000008b6                __do_copy_data
 .init4         0x000008d0       0x10 c:/program files (x86)/atmel/avr tools/avr toolchain/bin/../lib/gcc/avr/4.5.1/avr51\libgcc.a(_clear_bss.o)
                0x000008d0                __do_clear_bss
 *(.init4)
 *(.init5)
 *(.init5)
 *(.init6)
 *(.init6)
 *(.init7)
 *(.init7)
 *(.init8)
 *(.init8)
 *(.text.main)
 .text.main     0x000008e0        0xa Coordinator_Stk600_Atmega128rfa1_8Mhz_Gcc/Obj/blink.o
                0x000008e0                main
 *(.text.main)
 *(.text)
 .text          0x000008ea        0x4 c:/program files (x86)/atmel/avr tools/avr toolchain/bin/../lib/gcc/avr/4.5.1/../../../../avr/lib/avr51/crtm128rfa1.o
                0x000008ea                __vector_22
                0x000008ea                __vector_28
                0x000008ea                __vector_67
                0x000008ea                __vector_32
                0x000008ea                __vector_71
                0x000008ea                __vector_34
                0x000008ea                __vector_62
                0x000008ea                __vector_12
                0x000008ea                __vector_55
                0x000008ea                __vector_69
                0x000008ea                __vector_46
                0x000008ea                __bad_interrupt
                0x000008ea                __vector_31
                0x000008ea                __vector_35
                0x000008ea                __vector_23
                0x000008ea                __vector_68
                0x000008ea                __vector_45
                0x000008ea                __vector_61
                0x000008ea                __vector_11
                0x000008ea                __vector_54
                0x000008ea                __vector_17
                0x000008ea                __vector_19
                0x000008ea                __vector_56
                0x000008ea                __vector_49
                0x000008ea                __vector_41
                0x000008ea                __vector_64
                0x000008ea                __vector_33
                0x000008ea                __vector_47
                0x000008ea                __vector_52
                0x000008ea                __vector_44
                0x000008ea                __vector_51
                0x000008ea                __vector_9
                0x000008ea                __vector_21
                0x000008ea                __vector_66
                0x000008ea                __vector_58
                0x000008ea                __vector_70
                0x000008ea                __vector_40
                0x000008ea                __vector_48
                0x000008ea                __vector_14
                0x000008ea                __vector_57
                0x000008ea                __vector_53
                0x000008ea                __vector_10
                0x000008ea                __vector_50
                0x000008ea                __vector_16
                0x000008ea                __vector_59
                0x000008ea                __vector_18
                0x000008ea                __vector_20
                0x000008ea                __vector_65
 .text          0x000008ee       0xce ./../../../../../../Atmel_lib/BitCloud_MEGARF_1_14_0/BitCloud/lib/libHAL_AtmlStk600_Atmega128rfa1_8Mhz_Gcc.a(halW1.o)
                0x000008ee                halResetW1
                0x00000922                halReadW1Bit
                0x00000952                halReadW1
                0x0000096e                halWriteW1bit
                0x0000099a                halWriteW1
                0x000009ac                __delay_us
 .text          0x000009bc       0x3a ./../../../../../../Atmel_lib/BitCloud_MEGARF_1_14_0/BitCloud/lib/libHAL_AtmlStk600_Atmega128rfa1_8Mhz_Gcc.a(halCalibration.o)
                0x000009bc                halMeasurement
 .text          0x000009f6       0xe2 c:/program files (x86)/atmel/avr tools/avr toolchain/bin/../lib/gcc/avr/4.5.1/avr51\libgcc.a(_ashldi3.o)
                0x000009f6                __ashldi3
 *(.text.*)
 .text.blinkTimerFired
                0x00000ad8       0x14 Coordinator_Stk600_Atmega128rfa1_8Mhz_Gcc/Obj/blink.o
 .text.buttonsReleased
                0x00000aec       0xb0 Coordinator_Stk600_Atmega128rfa1_8Mhz_Gcc/Obj/blink.o
 .text.changeTimerFired
                0x00000b9c       0x1c Coordinator_Stk600_Atmega128rfa1_8Mhz_Gcc/Obj/blink.o
 .text.APL_TaskHandler
                0x00000bb8       0x84 Coordinator_Stk600_Atmega128rfa1_8Mhz_Gcc/Obj/blink.o
                0x00000bb8                APL_TaskHandler
 .text.ZDO_MgmtNwkUpdateNotf
                0x00000c3c        0x2 Coordinator_Stk600_Atmega128rfa1_8Mhz_Gcc/Obj/blink.o
                0x00000c3c                ZDO_MgmtNwkUpdateNotf
 .text.ZDO_WakeUpInd
                0x00000c3e        0x2 Coordinator_Stk600_Atmega128rfa1_8Mhz_Gcc/Obj/blink.o
                0x00000c3e                ZDO_WakeUpInd
 .text.ZDO_BindIndication
                0x00000c40        0x2 Coordinator_Stk600_Atmega128rfa1_8Mhz_Gcc/Obj/blink.o
                0x00000c40                ZDO_BindIndication
 .text.ZDO_UnbindIndication
                0x00000c42        0x2 Coordinator_Stk600_Atmega128rfa1_8Mhz_Gcc/Obj/blink.o
                0x00000c42                ZDO_UnbindIndication
 .text.pdsDummyCallback
                0x00000c44        0x2 Coordinator_Stk600_Atmega128rfa1_8Mhz_Gcc/Obj/pdsWriteData.o
                0x00000c44                pdsDummyCallback
 .text.pdsAddDataForCommitment
                0x00000c46       0x70 Coordinator_Stk600_Atmega128rfa1_8Mhz_Gcc/Obj/pdsWriteData.o
                0x00000c46                pdsAddDataForCommitment
 .text.pdsWaitMemoryFree
                0x00000cb6       0x10 Coordinator_Stk600_Atmega128rfa1_8Mhz_Gcc/Obj/pdsWriteData.o
                0x00000cb6                pdsWaitMemoryFree
 .text.pdsRead  0x00000cc6       0x3e Coordinator_Stk600_Atmega128rfa1_8Mhz_Gcc/Obj/pdsWriteData.o
                0x00000cc6                pdsRead
 .text.pdsWrite
                0x00000d04       0x3e Coordinator_Stk600_Atmega128rfa1_8Mhz_Gcc/Obj/pdsWriteData.o
                0x00000d04                pdsWrite
 .text.pdsStartCommitment
                0x00000d42      0x1e6 Coordinator_Stk600_Atmega128rfa1_8Mhz_Gcc/Obj/pdsWriteData.o
                0x00000d42                pdsStartCommitment
 .text.pdsMemMaskIsAnyBitSet
                0x00000f28       0x1c Coordinator_Stk600_Atmega128rfa1_8Mhz_Gcc/Obj/pdsDataServer.o
 .text.pdsInitMemMask
                0x00000f44       0x3c Coordinator_Stk600_Atmega128rfa1_8Mhz_Gcc/Obj/pdsDataServer.o
 .text.pdsGetMemoryAllowed
                0x00000f80       0x38 Coordinator_Stk600_Atmega128rfa1_8Mhz_Gcc/Obj/pdsDataServer.o
 .text.PDS_Store
                0x00000fb8       0x14 Coordinator_Stk600_Atmega128rfa1_8Mhz_Gcc/Obj/pdsDataServer.o
                0x00000fb8                PDS_Store
 .text.PDS_IsMemoryRestored
                0x00000fcc       0x54 Coordinator_Stk600_Atmega128rfa1_8Mhz_Gcc/Obj/pdsDataServer.o
                0x00000fcc                PDS_IsMemoryRestored
 .text.PDS_Init
                0x00001020      0x226 Coordinator_Stk600_Atmega128rfa1_8Mhz_Gcc/Obj/pdsInit.o
                0x00001020                PDS_Init
 .text.pdsTimerFired
                0x00001246        0xe Coordinator_Stk600_Atmega128rfa1_8Mhz_Gcc/Obj/pdsTimer.o
 .text.pdsTimerInit
                0x00001254       0x12 Coordinator_Stk600_Atmega128rfa1_8Mhz_Gcc/Obj/pdsTimer.o
                0x00001254                pdsTimerInit
 .text.pdsGetFileDescrRec
                0x00001266       0x66 Coordinator_Stk600_Atmega128rfa1_8Mhz_Gcc/Obj/pdsMemAccess.o
                0x00001266                pdsGetFileDescrRec
 .text.pdsGetFileOffset
                0x000012cc      0x112 Coordinator_Stk600_Atmega128rfa1_8Mhz_Gcc/Obj/pdsMemAccess.o
                0x000012cc                pdsGetFileOffset
 .text.pdsPrepareMemoryAccess
                0x000013de       0xc0 Coordinator_Stk600_Atmega128rfa1_8Mhz_Gcc/Obj/pdsMemAccess.o
                0x000013de                pdsPrepareMemoryAccess
 .text.pdsExpandMemoryMask
                0x0000149e      0x162 Coordinator_Stk600_Atmega128rfa1_8Mhz_Gcc/Obj/pdsMemAccess.o
                0x0000149e                pdsExpandMemoryMask
 .text.pdsPrepareAccessContext
                0x00001600       0x40 Coordinator_Stk600_Atmega128rfa1_8Mhz_Gcc/Obj/pdsMemAccess.o
                0x00001600                pdsPrepareAccessContext
 .text.pdsCalculateRAMDataCrc
                0x00001640       0x1c Coordinator_Stk600_Atmega128rfa1_8Mhz_Gcc/Obj/pdsCrcService.o
                0x00001640                pdsCalculateRAMDataCrc
 .text.pdsCheckFile
                0x0000165c       0xc8 Coordinator_Stk600_Atmega128rfa1_8Mhz_Gcc/Obj/pdsCrcService.o
                0x0000165c                pdsCheckFile
 .text.pdsCheckStorage
                0x00001724       0x8e Coordinator_Stk600_Atmega128rfa1_8Mhz_Gcc/Obj/pdsCrcService.o
                0x00001724                pdsCheckStorage
 .text.bspTemperatureSensorHandler
                0x000017b2       0x12 Coordinator_Stk600_Atmega128rfa1_8Mhz_Gcc/Obj/fakeBSP.o
                0x000017b2                bspTemperatureSensorHandler
 .text.bspLightSensorHandler
                0x000017c4       0x12 Coordinator_Stk600_Atmega128rfa1_8Mhz_Gcc/Obj/fakeBSP.o
                0x000017c4                bspLightSensorHandler
 .text.bspEmptyBatteryHandler
                0x000017d6       0x10 Coordinator_Stk600_Atmega128rfa1_8Mhz_Gcc/Obj/fakeBSP.o
                0x000017d6                bspEmptyBatteryHandler
 .text.GPIO_D0_read
                0x000017e6        0x6 Coordinator_Stk600_Atmega128rfa1_8Mhz_Gcc/Obj/buttons.o
 .text.GPIO_D0_make_pullup
                0x000017ec        0x4 Coordinator_Stk600_Atmega128rfa1_8Mhz_Gcc/Obj/buttons.o
 .text.GPIO_D1_read
                0x000017f0        0x8 Coordinator_Stk600_Atmega128rfa1_8Mhz_Gcc/Obj/buttons.o
 .text.GPIO_D1_make_pullup
                0x000017f8        0x4 Coordinator_Stk600_Atmega128rfa1_8Mhz_Gcc/Obj/buttons.o
 .text.GPIO_D5_read
                0x000017fc        0x8 Coordinator_Stk600_Atmega128rfa1_8Mhz_Gcc/Obj/buttons.o
 .text.GPIO_D5_make_pullup
                0x00001804        0x4 Coordinator_Stk600_Atmega128rfa1_8Mhz_Gcc/Obj/buttons.o
 .text.bspAddButton
                0x00001808       0x48 Coordinator_Stk600_Atmega128rfa1_8Mhz_Gcc/Obj/buttons.o
 .text.bspKeysInterruptHandler
                0x00001850       0x9a Coordinator_Stk600_Atmega128rfa1_8Mhz_Gcc/Obj/buttons.o
 .text.BSP_OpenButtons
                0x000018ea       0xec Coordinator_Stk600_Atmega128rfa1_8Mhz_Gcc/Obj/buttons.o
                0x000018ea                BSP_OpenButtons
 .text.bspButtonsHandler
                0x000019d6       0x8a Coordinator_Stk600_Atmega128rfa1_8Mhz_Gcc/Obj/buttons.o
                0x000019d6                bspButtonsHandler
 .text.BSP_OpenLeds
                0x00001a60       0x10 Coordinator_Stk600_Atmega128rfa1_8Mhz_Gcc/Obj/leds.o
                0x00001a60                BSP_OpenLeds
 .text.BSP_OnLed
                0x00001a70       0x1a Coordinator_Stk600_Atmega128rfa1_8Mhz_Gcc/Obj/leds.o
                0x00001a70                BSP_OnLed
 .text.BSP_ToggleLed
                0x00001a8a       0x28 Coordinator_Stk600_Atmega128rfa1_8Mhz_Gcc/Obj/leds.o
                0x00001a8a                BSP_ToggleLed
 .text.BSP_TaskHandler
                0x00001ab2       0x7a Coordinator_Stk600_Atmega128rfa1_8Mhz_Gcc/Obj/bspTaskManager.o
                0x00001ab2                BSP_TaskHandler
 .text.csSetToDefault
                0x00001b2c       0x6a Coordinator_Stk600_Atmega128rfa1_8Mhz_Gcc/Obj/csMem.o
                0x00001b2c                csSetToDefault
 .text.csGetItem
                0x00001b96       0x38 Coordinator_Stk600_Atmega128rfa1_8Mhz_Gcc/Obj/configServer.o
 .text.CS_Init  0x00001bce        0xa Coordinator_Stk600_Atmega128rfa1_8Mhz_Gcc/Obj/configServer.o
                0x00001bce                CS_Init
 .text.CS_ReadParameter
                0x00001bd8       0x36 Coordinator_Stk600_Atmega128rfa1_8Mhz_Gcc/Obj/configServer.o
                0x00001bd8                CS_ReadParameter
 .text.CS_WriteParameter
                0x00001c0e       0x34 Coordinator_Stk600_Atmega128rfa1_8Mhz_Gcc/Obj/configServer.o
                0x00001c0e                CS_WriteParameter
 .text.CS_GetMemory
                0x00001c42       0x18 Coordinator_Stk600_Atmega128rfa1_8Mhz_Gcc/Obj/configServer.o
                0x00001c42                CS_GetMemory
 .text.HAL_Delay
                0x00001c5a        0x6 ./../../../../../../Atmel_lib/BitCloud_MEGARF_1_14_0/BitCloud/lib/libHAL_AtmlStk600_Atmega128rfa1_8Mhz_Gcc.a(halDelay.o)
                0x00001c5a                HAL_Delay
 .text.halAppTimerHandler
                0x00001c60       0x8a ./../../../../../../Atmel_lib/BitCloud_MEGARF_1_14_0/BitCloud/lib/libHAL_AtmlStk600_Atmega128rfa1_8Mhz_Gcc.a(appTimer.o)
                0x00001c60                halAppTimerHandler
 .text.HAL_StartAppTimer
                0x00001cea       0x58 ./../../../../../../Atmel_lib/BitCloud_MEGARF_1_14_0/BitCloud/lib/libHAL_AtmlStk600_Atmega128rfa1_8Mhz_Gcc.a(appTimer.o)
                0x00001cea                HAL_StartAppTimer
 .text.HAL_StopAppTimer
                0x00001d42       0x4a ./../../../../../../Atmel_lib/BitCloud_MEGARF_1_14_0/BitCloud/lib/libHAL_AtmlStk600_Atmega128rfa1_8Mhz_Gcc.a(appTimer.o)
                0x00001d42                HAL_StopAppTimer
 .text.HAL_GetSystemTime
                0x00001d8c       0x4e ./../../../../../../Atmel_lib/BitCloud_MEGARF_1_14_0/BitCloud/lib/libHAL_AtmlStk600_Atmega128rfa1_8Mhz_Gcc.a(appTimer.o)
                0x00001d8c                HAL_GetSystemTime
 .text.HAL_RegisterIrq
                0x00001dda       0x5a ./../../../../../../Atmel_lib/BitCloud_MEGARF_1_14_0/BitCloud/lib/libHAL_AtmlStk600_Atmega128rfa1_8Mhz_Gcc.a(irq.o)
                0x00001dda                HAL_RegisterIrq
 .text.HAL_EnableIrq
                0x00001e34       0x3c ./../../../../../../Atmel_lib/BitCloud_MEGARF_1_14_0/BitCloud/lib/libHAL_AtmlStk600_Atmega128rfa1_8Mhz_Gcc.a(irq.o)
                0x00001e34                HAL_EnableIrq
 .text.HAL_ReadEeprom
                0x00001e70       0xc8 ./../../../../../../Atmel_lib/BitCloud_MEGARF_1_14_0/BitCloud/lib/libHAL_AtmlStk600_Atmega128rfa1_8Mhz_Gcc.a(eeprom.o)
                0x00001e70                HAL_ReadEeprom
 .text.HAL_WriteEeprom
                0x00001f38       0xea ./../../../../../../Atmel_lib/BitCloud_MEGARF_1_14_0/BitCloud/lib/libHAL_AtmlStk600_Atmega128rfa1_8Mhz_Gcc.a(eeprom.o)
                0x00001f38                HAL_WriteEeprom
 .text.HAL_IsEepromBusy
                0x00002022        0xe ./../../../../../../Atmel_lib/BitCloud_MEGARF_1_14_0/BitCloud/lib/libHAL_AtmlStk600_Atmega128rfa1_8Mhz_Gcc.a(eeprom.o)
                0x00002022                HAL_IsEepromBusy
 .text.halSigEepromReadyHandler
                0x00002030       0x60 ./../../../../../../Atmel_lib/BitCloud_MEGARF_1_14_0/BitCloud/lib/libHAL_AtmlStk600_Atmega128rfa1_8Mhz_Gcc.a(eeprom.o)
                0x00002030                halSigEepromReadyHandler
 .text.halAddTimer
                0x00002090      0x370 ./../../../../../../Atmel_lib/BitCloud_MEGARF_1_14_0/BitCloud/lib/libHAL_AtmlStk600_Atmega128rfa1_8Mhz_Gcc.a(timer.o)
                0x00002090                halAddTimer
 .text.halRemoveTimer
                0x00002400       0x3e ./../../../../../../Atmel_lib/BitCloud_MEGARF_1_14_0/BitCloud/lib/libHAL_AtmlStk600_Atmega128rfa1_8Mhz_Gcc.a(timer.o)
                0x00002400                halRemoveTimer
 .text.halFindPrevTimer
                0x0000243e       0x1e ./../../../../../../Atmel_lib/BitCloud_MEGARF_1_14_0/BitCloud/lib/libHAL_AtmlStk600_Atmega128rfa1_8Mhz_Gcc.a(timer.o)
                0x0000243e                halFindPrevTimer
 .text.halClearTimeControl
                0x0000245c       0x14 ./../../../../../../Atmel_lib/BitCloud_MEGARF_1_14_0/BitCloud/lib/libHAL_AtmlStk600_Atmega128rfa1_8Mhz_Gcc.a(halSleepTimerClock.o)
                0x0000245c                halClearTimeControl
 .text.halWakeupFromIrq
                0x00002470       0x28 ./../../../../../../Atmel_lib/BitCloud_MEGARF_1_14_0/BitCloud/lib/libHAL_AtmlStk600_Atmega128rfa1_8Mhz_Gcc.a(halSleepTimerClock.o)
                0x00002470                halWakeupFromIrq
 .text.halStartSleepTimerClock
                0x00002498       0x48 ./../../../../../../Atmel_lib/BitCloud_MEGARF_1_14_0/BitCloud/lib/libHAL_AtmlStk600_Atmega128rfa1_8Mhz_Gcc.a(halSleepTimerClock.o)
                0x00002498                halStartSleepTimerClock
 .text.halStopSleepTimerClock
                0x000024e0       0x42 ./../../../../../../Atmel_lib/BitCloud_MEGARF_1_14_0/BitCloud/lib/libHAL_AtmlStk600_Atmega128rfa1_8Mhz_Gcc.a(halSleepTimerClock.o)
                0x000024e0                halStopSleepTimerClock
 .text.halSetSleepTimerInterval
                0x00002522       0x6a ./../../../../../../Atmel_lib/BitCloud_MEGARF_1_14_0/BitCloud/lib/libHAL_AtmlStk600_Atmega128rfa1_8Mhz_Gcc.a(halSleepTimerClock.o)
                0x00002522                halSetSleepTimerInterval
 .text.halGetTimeOfSleepTimer
                0x0000258c       0xbc ./../../../../../../Atmel_lib/BitCloud_MEGARF_1_14_0/BitCloud/lib/libHAL_AtmlStk600_Atmega128rfa1_8Mhz_Gcc.a(halSleepTimerClock.o)
                0x0000258c                halGetTimeOfSleepTimer
 .text.halSleepTimerFrequency
                0x00002648        0xa ./../../../../../../Atmel_lib/BitCloud_MEGARF_1_14_0/BitCloud/lib/libHAL_AtmlStk600_Atmega128rfa1_8Mhz_Gcc.a(halSleepTimerClock.o)
                0x00002648                halSleepTimerFrequency
 .text.halSleepSystemTimeSynchronize
                0x00002652       0x62 ./../../../../../../Atmel_lib/BitCloud_MEGARF_1_14_0/BitCloud/lib/libHAL_AtmlStk600_Atmega128rfa1_8Mhz_Gcc.a(halSleepTimerClock.o)
                0x00002652                halSleepSystemTimeSynchronize
 .text.__vector_13
                0x000026b4       0x92 ./../../../../../../Atmel_lib/BitCloud_MEGARF_1_14_0/BitCloud/lib/libHAL_AtmlStk600_Atmega128rfa1_8Mhz_Gcc.a(halSleepTimerClock.o)
                0x000026b4                __vector_13
 .text.__vector_15
                0x00002746      0x10a ./../../../../../../Atmel_lib/BitCloud_MEGARF_1_14_0/BitCloud/lib/libHAL_AtmlStk600_Atmega128rfa1_8Mhz_Gcc.a(halSleepTimerClock.o)
                0x00002746                __vector_15
 .text.halInitAppClock
                0x00002850       0x26 ./../../../../../../Atmel_lib/BitCloud_MEGARF_1_14_0/BitCloud/lib/libHAL_AtmlStk600_Atmega128rfa1_8Mhz_Gcc.a(halAppClock.o)
                0x00002850                halInitAppClock
 .text.halAdjustSleepInterval
                0x00002876       0x50 ./../../../../../../Atmel_lib/BitCloud_MEGARF_1_14_0/BitCloud/lib/libHAL_AtmlStk600_Atmega128rfa1_8Mhz_Gcc.a(halAppClock.o)
                0x00002876                halAdjustSleepInterval
 .text.halAppSystemTimeSynchronize
                0x000028c6       0x62 ./../../../../../../Atmel_lib/BitCloud_MEGARF_1_14_0/BitCloud/lib/libHAL_AtmlStk600_Atmega128rfa1_8Mhz_Gcc.a(halAppClock.o)
                0x000028c6                halAppSystemTimeSynchronize
 .text.halGetTimeOfAppTimer
                0x00002928       0x16 ./../../../../../../Atmel_lib/BitCloud_MEGARF_1_14_0/BitCloud/lib/libHAL_AtmlStk600_Atmega128rfa1_8Mhz_Gcc.a(halAppClock.o)
                0x00002928                halGetTimeOfAppTimer
 .text.__vector_42
                0x0000293e       0x4c ./../../../../../../Atmel_lib/BitCloud_MEGARF_1_14_0/BitCloud/lib/libHAL_AtmlStk600_Atmega128rfa1_8Mhz_Gcc.a(halAppClock.o)
                0x0000293e                __vector_42
 .text.halSetIrqConfig
                0x0000298a       0xd0 ./../../../../../../Atmel_lib/BitCloud_MEGARF_1_14_0/BitCloud/lib/libHAL_AtmlStk600_Atmega128rfa1_8Mhz_Gcc.a(halIrq.o)
                0x0000298a                halSetIrqConfig
 .text.__vector_1
                0x00002a5a       0x5a ./../../../../../../Atmel_lib/BitCloud_MEGARF_1_14_0/BitCloud/lib/libHAL_AtmlStk600_Atmega128rfa1_8Mhz_Gcc.a(halIrq.o)
                0x00002a5a                __vector_1
 .text.__vector_2
                0x00002ab4       0x5a ./../../../../../../Atmel_lib/BitCloud_MEGARF_1_14_0/BitCloud/lib/libHAL_AtmlStk600_Atmega128rfa1_8Mhz_Gcc.a(halIrq.o)
                0x00002ab4                __vector_2
 .text.__vector_3
                0x00002b0e       0x5a ./../../../../../../Atmel_lib/BitCloud_MEGARF_1_14_0/BitCloud/lib/libHAL_AtmlStk600_Atmega128rfa1_8Mhz_Gcc.a(halIrq.o)
                0x00002b0e                __vector_3
 .text.__vector_4
                0x00002b68       0x5a ./../../../../../../Atmel_lib/BitCloud_MEGARF_1_14_0/BitCloud/lib/libHAL_AtmlStk600_Atmega128rfa1_8Mhz_Gcc.a(halIrq.o)
                0x00002b68                __vector_4
 .text.__vector_5
                0x00002bc2       0x5a ./../../../../../../Atmel_lib/BitCloud_MEGARF_1_14_0/BitCloud/lib/libHAL_AtmlStk600_Atmega128rfa1_8Mhz_Gcc.a(halIrq.o)
                0x00002bc2                __vector_5
 .text.__vector_6
                0x00002c1c       0x5a ./../../../../../../Atmel_lib/BitCloud_MEGARF_1_14_0/BitCloud/lib/libHAL_AtmlStk600_Atmega128rfa1_8Mhz_Gcc.a(halIrq.o)
                0x00002c1c                __vector_6
 .text.__vector_7
                0x00002c76       0x5a ./../../../../../../Atmel_lib/BitCloud_MEGARF_1_14_0/BitCloud/lib/libHAL_AtmlStk600_Atmega128rfa1_8Mhz_Gcc.a(halIrq.o)
                0x00002c76                __vector_7
 .text.__vector_8
                0x00002cd0       0x5a ./../../../../../../Atmel_lib/BitCloud_MEGARF_1_14_0/BitCloud/lib/libHAL_AtmlStk600_Atmega128rfa1_8Mhz_Gcc.a(halIrq.o)
                0x00002cd0                __vector_8
 .text.halEepromWrite
                0x00002d2a       0x1c ./../../../../../../Atmel_lib/BitCloud_MEGARF_1_14_0/BitCloud/lib/libHAL_AtmlStk600_Atmega128rfa1_8Mhz_Gcc.a(halEeprom.o)
                0x00002d2a                halEepromWrite
 .text.__vector_30
                0x00002d46       0x44 ./../../../../../../Atmel_lib/BitCloud_MEGARF_1_14_0/BitCloud/lib/libHAL_AtmlStk600_Atmega128rfa1_8Mhz_Gcc.a(halEeprom.o)
                0x00002d46                __vector_30
 .text.halPowerOn
                0x00002d8a       0x3e ./../../../../../../Atmel_lib/BitCloud_MEGARF_1_14_0/BitCloud/lib/libHAL_AtmlStk600_Atmega128rfa1_8Mhz_Gcc.a(halSleep.o)
                0x00002d8a                halPowerOn
 .text.halPowerOff
                0x00002dc8       0x9a ./../../../../../../Atmel_lib/BitCloud_MEGARF_1_14_0/BitCloud/lib/libHAL_AtmlStk600_Atmega128rfa1_8Mhz_Gcc.a(halSleep.o)
                0x00002dc8                halPowerOff
 .text.HAL_Sleep
                0x00002e62       0x40 ./../../../../../../Atmel_lib/BitCloud_MEGARF_1_14_0/BitCloud/lib/libHAL_AtmlStk600_Atmega128rfa1_8Mhz_Gcc.a(halSleep.o)
                0x00002e62                HAL_Sleep
 .text.halWakeupHandler
                0x00002ea2       0x6a ./../../../../../../Atmel_lib/BitCloud_MEGARF_1_14_0/BitCloud/lib/libHAL_AtmlStk600_Atmega128rfa1_8Mhz_Gcc.a(halSleep.o)
                0x00002ea2                halWakeupHandler
 .text.halCalibrateInternalRc
                0x00002f0c       0xda ./../../../../../../Atmel_lib/BitCloud_MEGARF_1_14_0/BitCloud/lib/libHAL_AtmlStk600_Atmega128rfa1_8Mhz_Gcc.a(calibration.o)
                0x00002f0c                halCalibrateInternalRc
 .text.HAL_CalibrateMainClock
                0x00002fe6        0xe ./../../../../../../Atmel_lib/BitCloud_MEGARF_1_14_0/BitCloud/lib/libHAL_AtmlStk600_Atmega128rfa1_8Mhz_Gcc.a(calibration.o)
                0x00002fe6                HAL_CalibrateMainClock
 .text.halStartingCalibrate
                0x00002ff4       0x1c ./../../../../../../Atmel_lib/BitCloud_MEGARF_1_14_0/BitCloud/lib/libHAL_AtmlStk600_Atmega128rfa1_8Mhz_Gcc.a(calibration.o)
                0x00002ff4                halStartingCalibrate
 .text.HAL_TaskHandler
                0x00003010      0x1b2 ./../../../../../../Atmel_lib/BitCloud_MEGARF_1_14_0/BitCloud/lib/libHAL_AtmlStk600_Atmega128rfa1_8Mhz_Gcc.a(halTaskManager.o)
                0x00003010                HAL_TaskHandler
 .text.halUsartHwController
                0x000031c2       0x9a ./../../../../../../Atmel_lib/BitCloud_MEGARF_1_14_0/BitCloud/lib/libHAL_AtmlStk600_Atmega128rfa1_8Mhz_Gcc.a(usart.o)
 .text.halSigUsartReceptionComplete
                0x0000325c       0x54 ./../../../../../../Atmel_lib/BitCloud_MEGARF_1_14_0/BitCloud/lib/libHAL_AtmlStk600_Atmega128rfa1_8Mhz_Gcc.a(usart.o)
 .text.halUsartTaskUsart0Dre
                0x000032b0        0x8 ./../../../../../../Atmel_lib/BitCloud_MEGARF_1_14_0/BitCloud/lib/libHAL_AtmlStk600_Atmega128rfa1_8Mhz_Gcc.a(usart.o)
 .text.halUsartTaskUsart0Rxc
                0x000032b8        0x8 ./../../../../../../Atmel_lib/BitCloud_MEGARF_1_14_0/BitCloud/lib/libHAL_AtmlStk600_Atmega128rfa1_8Mhz_Gcc.a(usart.o)
 .text.halUsartTaskUsart1Dre
                0x000032c0        0x8 ./../../../../../../Atmel_lib/BitCloud_MEGARF_1_14_0/BitCloud/lib/libHAL_AtmlStk600_Atmega128rfa1_8Mhz_Gcc.a(usart.o)
 .text.halUsartTaskUsart1Rxc
                0x000032c8        0x8 ./../../../../../../Atmel_lib/BitCloud_MEGARF_1_14_0/BitCloud/lib/libHAL_AtmlStk600_Atmega128rfa1_8Mhz_Gcc.a(usart.o)
 .text.halSigUsartHandler
                0x000032d0       0x6e ./../../../../../../Atmel_lib/BitCloud_MEGARF_1_14_0/BitCloud/lib/libHAL_AtmlStk600_Atmega128rfa1_8Mhz_Gcc.a(usart.o)
                0x000032d0                halSigUsartHandler
 .text.halPostUsartTask
                0x0000333e       0x3c ./../../../../../../Atmel_lib/BitCloud_MEGARF_1_14_0/BitCloud/lib/libHAL_AtmlStk600_Atmega128rfa1_8Mhz_Gcc.a(usart.o)
                0x0000333e                halPostUsartTask
 .text.halUsartRxBufferFiller
                0x0000337a       0xa4 ./../../../../../../Atmel_lib/BitCloud_MEGARF_1_14_0/BitCloud/lib/libHAL_AtmlStk600_Atmega128rfa1_8Mhz_Gcc.a(usart.o)
                0x0000337a                halUsartRxBufferFiller
 .text.halSigUsartTransmissionComplete
                0x0000341e       0x68 ./../../../../../../Atmel_lib/BitCloud_MEGARF_1_14_0/BitCloud/lib/libHAL_AtmlStk600_Atmega128rfa1_8Mhz_Gcc.a(usart.o)
                0x0000341e                halSigUsartTransmissionComplete
 .text.halUsartTaskUsart1Txc
                0x00003486        0x8 ./../../../../../../Atmel_lib/BitCloud_MEGARF_1_14_0/BitCloud/lib/libHAL_AtmlStk600_Atmega128rfa1_8Mhz_Gcc.a(usart.o)
 .text.halUsartTaskUsart0Txc
                0x0000348e        0x8 ./../../../../../../Atmel_lib/BitCloud_MEGARF_1_14_0/BitCloud/lib/libHAL_AtmlStk600_Atmega128rfa1_8Mhz_Gcc.a(usart.o)
 .text.halI2cBusReset
                0x00003496       0x36 ./../../../../../../Atmel_lib/BitCloud_MEGARF_1_14_0/BitCloud/lib/libHAL_AtmlStk600_Atmega128rfa1_8Mhz_Gcc.a(i2cPacket.o)
                0x00003496                halI2cBusReset
 .text.halSendStartDoneI2c
                0x000034cc       0x3e ./../../../../../../Atmel_lib/BitCloud_MEGARF_1_14_0/BitCloud/lib/libHAL_AtmlStk600_Atmega128rfa1_8Mhz_Gcc.a(i2cPacket.o)
                0x000034cc                halSendStartDoneI2c
 .text.halWriteData
                0x0000350a       0x64 ./../../../../../../Atmel_lib/BitCloud_MEGARF_1_14_0/BitCloud/lib/libHAL_AtmlStk600_Atmega128rfa1_8Mhz_Gcc.a(i2cPacket.o)
                0x0000350a                halWriteData
 .text.halWriteInternalAddress
                0x0000356e       0x5c ./../../../../../../Atmel_lib/BitCloud_MEGARF_1_14_0/BitCloud/lib/libHAL_AtmlStk600_Atmega128rfa1_8Mhz_Gcc.a(i2cPacket.o)
                0x0000356e                halWriteInternalAddress
 .text.halWriteDoneI2c
                0x000035ca       0x3a ./../../../../../../Atmel_lib/BitCloud_MEGARF_1_14_0/BitCloud/lib/libHAL_AtmlStk600_Atmega128rfa1_8Mhz_Gcc.a(i2cPacket.o)
                0x000035ca                halWriteDoneI2c
 .text.halMasterReadWriteAddressAckI2c
                0x00003604       0x3c ./../../../../../../Atmel_lib/BitCloud_MEGARF_1_14_0/BitCloud/lib/libHAL_AtmlStk600_Atmega128rfa1_8Mhz_Gcc.a(i2cPacket.o)
                0x00003604                halMasterReadWriteAddressAckI2c
 .text.halReadDoneI2c
                0x00003640       0x58 ./../../../../../../Atmel_lib/BitCloud_MEGARF_1_14_0/BitCloud/lib/libHAL_AtmlStk600_Atmega128rfa1_8Mhz_Gcc.a(i2cPacket.o)
                0x00003640                halReadDoneI2c
 .text.halReadLastByteDoneI2c
                0x00003698       0x58 ./../../../../../../Atmel_lib/BitCloud_MEGARF_1_14_0/BitCloud/lib/libHAL_AtmlStk600_Atmega128rfa1_8Mhz_Gcc.a(i2cPacket.o)
                0x00003698                halReadLastByteDoneI2c
 .text.halSig2WireSerialHandler
                0x000036f0       0x46 ./../../../../../../Atmel_lib/BitCloud_MEGARF_1_14_0/BitCloud/lib/libHAL_AtmlStk600_Atmega128rfa1_8Mhz_Gcc.a(i2cPacket.o)
                0x000036f0                halSig2WireSerialHandler
 .text.halSigAdcHandler
                0x00003736       0x16 ./../../../../../../Atmel_lib/BitCloud_MEGARF_1_14_0/BitCloud/lib/libHAL_AtmlStk600_Atmega128rfa1_8Mhz_Gcc.a(adc.o)
                0x00003736                halSigAdcHandler
 .text.halClearRealSpi
                0x0000374c        0x8 ./../../../../../../Atmel_lib/BitCloud_MEGARF_1_14_0/BitCloud/lib/libHAL_AtmlStk600_Atmega128rfa1_8Mhz_Gcc.a(spi.o)
 .text.halSpiTxByteComplete
                0x00003754       0x32 ./../../../../../../Atmel_lib/BitCloud_MEGARF_1_14_0/BitCloud/lib/libHAL_AtmlStk600_Atmega128rfa1_8Mhz_Gcc.a(spi.o)
                0x00003754                halSpiTxByteComplete
 .text.halSpiRxBufferFiller
                0x00003786       0x58 ./../../../../../../Atmel_lib/BitCloud_MEGARF_1_14_0/BitCloud/lib/libHAL_AtmlStk600_Atmega128rfa1_8Mhz_Gcc.a(spi.o)
                0x00003786                halSpiRxBufferFiller
 .text.halSpiRxByteComplete
                0x000037de       0x24 ./../../../../../../Atmel_lib/BitCloud_MEGARF_1_14_0/BitCloud/lib/libHAL_AtmlStk600_Atmega128rfa1_8Mhz_Gcc.a(spi.o)
                0x000037de                halSpiRxByteComplete
 .text.HAL_StartSystemSleep
                0x00003802       0x7a ./../../../../../../Atmel_lib/BitCloud_MEGARF_1_14_0/BitCloud/lib/libHAL_AtmlStk600_Atmega128rfa1_8Mhz_Gcc.a(sleep.o)
                0x00003802                HAL_StartSystemSleep
 .text.halSmRequestHandler
                0x0000387c      0x15c ./../../../../../../Atmel_lib/BitCloud_MEGARF_1_14_0/BitCloud/lib/libHAL_AtmlStk600_Atmega128rfa1_8Mhz_Gcc.a(halSecurityModule.o)
                0x0000387c                halSmRequestHandler
 .text.halInitFreq
                0x000039d8       0x6c ./../../../../../../Atmel_lib/BitCloud_MEGARF_1_14_0/BitCloud/lib/libHAL_AtmlStk600_Atmega128rfa1_8Mhz_Gcc.a(halClkCtrl.o)
                0x000039d8                halInitFreq
 .text.halGetClockSource
                0x00003a44        0x6 ./../../../../../../Atmel_lib/BitCloud_MEGARF_1_14_0/BitCloud/lib/libHAL_AtmlStk600_Atmega128rfa1_8Mhz_Gcc.a(halClkCtrl.o)
                0x00003a44                halGetClockSource
 .text.__vector_26
                0x00003a4a       0x5c ./../../../../../../Atmel_lib/BitCloud_MEGARF_1_14_0/BitCloud/lib/libHAL_AtmlStk600_Atmega128rfa1_8Mhz_Gcc.a(halUsart.o)
                0x00003a4a                __vector_26
 .text.__vector_27
                0x00003aa6       0x5c ./../../../../../../Atmel_lib/BitCloud_MEGARF_1_14_0/BitCloud/lib/libHAL_AtmlStk600_Atmega128rfa1_8Mhz_Gcc.a(halUsart.o)
                0x00003aa6                __vector_27
 .text.__vector_25
                0x00003b02       0x64 ./../../../../../../Atmel_lib/BitCloud_MEGARF_1_14_0/BitCloud/lib/libHAL_AtmlStk600_Atmega128rfa1_8Mhz_Gcc.a(halUsart.o)
                0x00003b02                __vector_25
 .text.__vector_37
                0x00003b66       0x5c ./../../../../../../Atmel_lib/BitCloud_MEGARF_1_14_0/BitCloud/lib/libHAL_AtmlStk600_Atmega128rfa1_8Mhz_Gcc.a(halUsart.o)
                0x00003b66                __vector_37
 .text.__vector_38
                0x00003bc2       0x5c ./../../../../../../Atmel_lib/BitCloud_MEGARF_1_14_0/BitCloud/lib/libHAL_AtmlStk600_Atmega128rfa1_8Mhz_Gcc.a(halUsart.o)
                0x00003bc2                __vector_38
 .text.__vector_36
                0x00003c1e       0x64 ./../../../../../../Atmel_lib/BitCloud_MEGARF_1_14_0/BitCloud/lib/libHAL_AtmlStk600_Atmega128rfa1_8Mhz_Gcc.a(halUsart.o)
                0x00003c1e                __vector_36
 .text.__vector_39
                0x00003c82       0xda ./../../../../../../Atmel_lib/BitCloud_MEGARF_1_14_0/BitCloud/lib/libHAL_AtmlStk600_Atmega128rfa1_8Mhz_Gcc.a(halTwi.o)
                0x00003c82                __vector_39
 .text.__vector_29
                0x00003d5c       0xcc ./../../../../../../Atmel_lib/BitCloud_MEGARF_1_14_0/BitCloud/lib/libHAL_AtmlStk600_Atmega128rfa1_8Mhz_Gcc.a(halAdc.o)
                0x00003d5c                __vector_29
 .text.__vector_24
                0x00003e28       0x8c ./../../../../../../Atmel_lib/BitCloud_MEGARF_1_14_0/BitCloud/lib/libHAL_AtmlStk600_Atmega128rfa1_8Mhz_Gcc.a(halSpi.o)
                0x00003e28                __vector_24
 .text.HAL_StartSleepTimer
                0x00003eb4       0x72 ./../../../../../../Atmel_lib/BitCloud_MEGARF_1_14_0/BitCloud/lib/libHAL_AtmlStk600_Atmega128rfa1_8Mhz_Gcc.a(sleepTimer.o)
                0x00003eb4                HAL_StartSleepTimer
 .text.halAsyncTimerHandler
                0x00003f26       0x52 ./../../../../../../Atmel_lib/BitCloud_MEGARF_1_14_0/BitCloud/lib/libHAL_AtmlStk600_Atmega128rfa1_8Mhz_Gcc.a(sleepTimer.o)
                0x00003f26                halAsyncTimerHandler
 .text.phyRxTxSwitcher
                0x00003f78       0x36 ./../../../../../../Atmel_lib/BitCloud_MEGARF_1_14_0/BitCloud/lib/libBc_Coordinator_Atmega128rfa1_Atmega128rfa1_Gcc.a(phyRxTxIndicator.o)
 .text.phyRxTxSwitcherOn
                0x00003fae        0x8 ./../../../../../../Atmel_lib/BitCloud_MEGARF_1_14_0/BitCloud/lib/libBc_Coordinator_Atmega128rfa1_Atmega128rfa1_Gcc.a(phyRxTxIndicator.o)
                0x00003fae                phyRxTxSwitcherOn
 .text.phyRxTxSwitcherOff
                0x00003fb6        0x8 ./../../../../../../Atmel_lib/BitCloud_MEGARF_1_14_0/BitCloud/lib/libBc_Coordinator_Atmega128rfa1_Atmega128rfa1_Gcc.a(phyRxTxIndicator.o)
                0x00003fb6                phyRxTxSwitcherOff
 .text.deleteHeadQueueElem
                0x00003fbe       0x22 ./../../../../../../Atmel_lib/BitCloud_MEGARF_1_14_0/BitCloud/lib/libBc_Coordinator_Atmega128rfa1_Atmega128rfa1_Gcc.a(queue.o)
                0x00003fbe                deleteHeadQueueElem
 .text.deleteQueueElem
                0x00003fe0       0x4a ./../../../../../../Atmel_lib/BitCloud_MEGARF_1_14_0/BitCloud/lib/libBc_Coordinator_Atmega128rfa1_Atmega128rfa1_Gcc.a(queue.o)
                0x00003fe0                deleteQueueElem
 .text.isQueueElem
                0x0000402a       0x22 ./../../../../../../Atmel_lib/BitCloud_MEGARF_1_14_0/BitCloud/lib/libBc_Coordinator_Atmega128rfa1_Atmega128rfa1_Gcc.a(queue.o)
                0x0000402a                isQueueElem
 .text.putQueueElem
                0x0000404c       0x40 ./../../../../../../Atmel_lib/BitCloud_MEGARF_1_14_0/BitCloud/lib/libBc_Coordinator_Atmega128rfa1_Atmega128rfa1_Gcc.a(queue.o)
                0x0000404c                putQueueElem
 .text.SYS_PostEvent
                0x0000408c       0x7a ./../../../../../../Atmel_lib/BitCloud_MEGARF_1_14_0/BitCloud/lib/libBc_Coordinator_Atmega128rfa1_Atmega128rfa1_Gcc.a(sysEvents.o)
                0x0000408c                SYS_PostEvent
 .text.SYS_IsEventDeliverable
                0x00004106       0x38 ./../../../../../../Atmel_lib/BitCloud_MEGARF_1_14_0/BitCloud/lib/libBc_Coordinator_Atmega128rfa1_Atmega128rfa1_Gcc.a(sysEvents.o)
                0x00004106                SYS_IsEventDeliverable
 .text.SYS_IsEventSubscriber
                0x0000413e       0x32 ./../../../../../../Atmel_lib/BitCloud_MEGARF_1_14_0/BitCloud/lib/libBc_Coordinator_Atmega128rfa1_Atmega128rfa1_Gcc.a(sysEvents.o)
                0x0000413e                SYS_IsEventSubscriber
 .text.SYS_SubscribeToEvent
                0x00004170       0x70 ./../../../../../../Atmel_lib/BitCloud_MEGARF_1_14_0/BitCloud/lib/libBc_Coordinator_Atmega128rfa1_Atmega128rfa1_Gcc.a(sysEvents.o)
                0x00004170                SYS_SubscribeToEvent
 .text.SYS_RunTask
                0x000041e0       0x76 ./../../../../../../Atmel_lib/BitCloud_MEGARF_1_14_0/BitCloud/lib/libBc_Coordinator_Atmega128rfa1_Atmega128rfa1_Gcc.a(taskManager.o)
                0x000041e0                SYS_RunTask
 .text.SYS_ForceRunTask
                0x00004256        0x6 ./../../../../../../Atmel_lib/BitCloud_MEGARF_1_14_0/BitCloud/lib/libBc_Coordinator_Atmega128rfa1_Atmega128rfa1_Gcc.a(taskManager.o)
                0x00004256                SYS_ForceRunTask
 .text.SYS_SysInit
                0x0000425c       0x22 ./../../../../../../Atmel_lib/BitCloud_MEGARF_1_14_0/BitCloud/lib/libBc_Coordinator_Atmega128rfa1_Atmega128rfa1_Gcc.a(taskManager.o)
                0x0000425c                SYS_SysInit
 .text.APS_StopConf
                0x0000427e       0x14 ./../../../../../../Atmel_lib/BitCloud_MEGARF_1_14_0/BitCloud/lib/libBc_Coordinator_Atmega128rfa1_Atmega128rfa1_Gcc.a(zdo.o)
 .text.zdoNodeManagerNwkLeaveConf
                0x00004292        0x6 ./../../../../../../Atmel_lib/BitCloud_MEGARF_1_14_0/BitCloud/lib/libBc_Coordinator_Atmega128rfa1_Atmega128rfa1_Gcc.a(zdo.o)
 .text.zdoNwkManagerReset
                0x00004298       0x10 ./../../../../../../Atmel_lib/BitCloud_MEGARF_1_14_0/BitCloud/lib/libBc_Coordinator_Atmega128rfa1_Atmega128rfa1_Gcc.a(zdo.o)
 .text.zdoStackResetConf
                0x000042a8       0x1c ./../../../../../../Atmel_lib/BitCloud_MEGARF_1_14_0/BitCloud/lib/libBc_Coordinator_Atmega128rfa1_Atmega128rfa1_Gcc.a(zdo.o)
 .text.zdoSecurityManagerHandler
                0x000042c4        0x2 ./../../../../../../Atmel_lib/BitCloud_MEGARF_1_14_0/BitCloud/lib/libBc_Coordinator_Atmega128rfa1_Atmega128rfa1_Gcc.a(zdo.o)
                0x000042c4                zdoSecurityManagerHandler
 .text.zdoPostTask
                0x000042c6       0x3c ./../../../../../../Atmel_lib/BitCloud_MEGARF_1_14_0/BitCloud/lib/libBc_Coordinator_Atmega128rfa1_Atmega128rfa1_Gcc.a(zdo.o)
 .text.zdoCheckStartNetworkRequestsQueue
                0x00004302       0x38 ./../../../../../../Atmel_lib/BitCloud_MEGARF_1_14_0/BitCloud/lib/libBc_Coordinator_Atmega128rfa1_Atmega128rfa1_Gcc.a(zdo.o)
 .text.startConfirm
                0x0000433a       0x2e ./../../../../../../Atmel_lib/BitCloud_MEGARF_1_14_0/BitCloud/lib/libBc_Coordinator_Atmega128rfa1_Atmega128rfa1_Gcc.a(zdo.o)
 .text.sleepConfirm
                0x00004368       0x24 ./../../../../../../Atmel_lib/BitCloud_MEGARF_1_14_0/BitCloud/lib/libBc_Coordinator_Atmega128rfa1_Atmega128rfa1_Gcc.a(zdo.o)
 .text.wakeUpConfirm
                0x0000438c       0x24 ./../../../../../../Atmel_lib/BitCloud_MEGARF_1_14_0/BitCloud/lib/libBc_Coordinator_Atmega128rfa1_Atmega128rfa1_Gcc.a(zdo.o)
 .text.zdoUnpostTask
                0x000043b0       0x28 ./../../../../../../Atmel_lib/BitCloud_MEGARF_1_14_0/BitCloud/lib/libBc_Coordinator_Atmega128rfa1_Atmega128rfa1_Gcc.a(zdo.o)
 .text.zdoSetZdpDataReqState
                0x000043d8       0x22 ./../../../../../../Atmel_lib/BitCloud_MEGARF_1_14_0/BitCloud/lib/libBc_Coordinator_Atmega128rfa1_Atmega128rfa1_Gcc.a(zdo.o)
 .text.confirmResponse
                0x000043fa        0x8 ./../../../../../../Atmel_lib/BitCloud_MEGARF_1_14_0/BitCloud/lib/libBc_Coordinator_Atmega128rfa1_Atmega128rfa1_Gcc.a(zdo.o)
 .text.zdoDefaultBindApsDataConf
                0x00004402        0x8 ./../../../../../../Atmel_lib/BitCloud_MEGARF_1_14_0/BitCloud/lib/libBc_Coordinator_Atmega128rfa1_Atmega128rfa1_Gcc.a(zdo.o)
 .text.confirmMgmtLqiResponse
                0x0000440a        0x8 ./../../../../../../Atmel_lib/BitCloud_MEGARF_1_14_0/BitCloud/lib/libBc_Coordinator_Atmega128rfa1_Atmega128rfa1_Gcc.a(zdo.o)
 .text.permitJoiningConf
                0x00004412       0x16 ./../../../../../../Atmel_lib/BitCloud_MEGARF_1_14_0/BitCloud/lib/libBc_Coordinator_Atmega128rfa1_Atmega128rfa1_Gcc.a(zdo.o)
 .text.confirmMgmtPermitJoiningResponse
                0x00004428        0x8 ./../../../../../../Atmel_lib/BitCloud_MEGARF_1_14_0/BitCloud/lib/libBc_Coordinator_Atmega128rfa1_Atmega128rfa1_Gcc.a(zdo.o)
 .text.zdoZdpApsConfCallback
                0x00004430       0x78 ./../../../../../../Atmel_lib/BitCloud_MEGARF_1_14_0/BitCloud/lib/libBc_Coordinator_Atmega128rfa1_Atmega128rfa1_Gcc.a(zdo.o)
 .text.zdoSetZdpIndState
                0x000044a8       0x10 ./../../../../../../Atmel_lib/BitCloud_MEGARF_1_14_0/BitCloud/lib/libBc_Coordinator_Atmega128rfa1_Atmega128rfa1_Gcc.a(zdo.o)
 .text.ttlUpdateTimerFired
                0x000044b8       0x72 ./../../../../../../Atmel_lib/BitCloud_MEGARF_1_14_0/BitCloud/lib/libBc_Coordinator_Atmega128rfa1_Atmega128rfa1_Gcc.a(zdo.o)
 .text.zdoZdpResetReq
                0x0000452a       0x90 ./../../../../../../Atmel_lib/BitCloud_MEGARF_1_14_0/BitCloud/lib/libBc_Coordinator_Atmega128rfa1_Atmega128rfa1_Gcc.a(zdo.o)
 .text.zdoReset
                0x000045ba        0xa ./../../../../../../Atmel_lib/BitCloud_MEGARF_1_14_0/BitCloud/lib/libBc_Coordinator_Atmega128rfa1_Atmega128rfa1_Gcc.a(zdo.o)
 .text.zdoPseudoRandomSeed
                0x000045c4       0x46 ./../../../../../../Atmel_lib/BitCloud_MEGARF_1_14_0/BitCloud/lib/libBc_Coordinator_Atmega128rfa1_Atmega128rfa1_Gcc.a(zdo.o)
 .text.RF_RandomConfUpdater
                0x0000460a       0x1c ./../../../../../../Atmel_lib/BitCloud_MEGARF_1_14_0/BitCloud/lib/libBc_Coordinator_Atmega128rfa1_Atmega128rfa1_Gcc.a(zdo.o)
 .text.zdoUpdateRandSeedTimerFired
                0x00004626       0x28 ./../../../../../../Atmel_lib/BitCloud_MEGARF_1_14_0/BitCloud/lib/libBc_Coordinator_Atmega128rfa1_Atmega128rfa1_Gcc.a(zdo.o)
 .text.zdoStackReset
                0x0000464e       0x2a ./../../../../../../Atmel_lib/BitCloud_MEGARF_1_14_0/BitCloud/lib/libBc_Coordinator_Atmega128rfa1_Atmega128rfa1_Gcc.a(zdo.o)
 .text.permitJoin
                0x00004678       0x24 ./../../../../../../Atmel_lib/BitCloud_MEGARF_1_14_0/BitCloud/lib/libBc_Coordinator_Atmega128rfa1_Atmega128rfa1_Gcc.a(zdo.o)
 .text.zdoStartNetworkConfirm
                0x0000469c       0x24 ./../../../../../../Atmel_lib/BitCloud_MEGARF_1_14_0/BitCloud/lib/libBc_Coordinator_Atmega128rfa1_Atmega128rfa1_Gcc.a(zdo.o)
 .text.deviceAnnceConf
                0x000046c0        0x8 ./../../../../../../Atmel_lib/BitCloud_MEGARF_1_14_0/BitCloud/lib/libBc_Coordinator_Atmega128rfa1_Atmega128rfa1_Gcc.a(zdo.o)
 .text.reenterNetwork
                0x000046c8       0x38 ./../../../../../../Atmel_lib/BitCloud_MEGARF_1_14_0/BitCloud/lib/libBc_Coordinator_Atmega128rfa1_Atmega128rfa1_Gcc.a(zdo.o)
 .text.zdoNetworkFormationReq
                0x00004700       0x44 ./../../../../../../Atmel_lib/BitCloud_MEGARF_1_14_0/BitCloud/lib/libBc_Coordinator_Atmega128rfa1_Atmega128rfa1_Gcc.a(zdo.o)
 .text.zdoLeaveConfirm
                0x00004744       0x74 ./../../../../../../Atmel_lib/BitCloud_MEGARF_1_14_0/BitCloud/lib/libBc_Coordinator_Atmega128rfa1_Atmega128rfa1_Gcc.a(zdo.o)
 .text.wakeupCallback
                0x000047b8       0x2e ./../../../../../../Atmel_lib/BitCloud_MEGARF_1_14_0/BitCloud/lib/libBc_Coordinator_Atmega128rfa1_Atmega128rfa1_Gcc.a(zdo.o)
 .text.zdoPowerManagerHandler
                0x000047e6       0xae ./../../../../../../Atmel_lib/BitCloud_MEGARF_1_14_0/BitCloud/lib/libBc_Coordinator_Atmega128rfa1_Atmega128rfa1_Gcc.a(zdo.o)
 .text.transceiverSwitchedOff
                0x00004894       0x5a ./../../../../../../Atmel_lib/BitCloud_MEGARF_1_14_0/BitCloud/lib/libBc_Coordinator_Atmega128rfa1_Atmega128rfa1_Gcc.a(zdo.o)
 .text.transceiverSwitchedOn
                0x000048ee       0x3a ./../../../../../../Atmel_lib/BitCloud_MEGARF_1_14_0/BitCloud/lib/libBc_Coordinator_Atmega128rfa1_Atmega128rfa1_Gcc.a(zdo.o)
 .text.zdoZdpManagerHandler
                0x00004928      0x1d6 ./../../../../../../Atmel_lib/BitCloud_MEGARF_1_14_0/BitCloud/lib/libBc_Coordinator_Atmega128rfa1_Atmega128rfa1_Gcc.a(zdo.o)
 .text.zdoNwkEventListener
                0x00004afe       0x6e ./../../../../../../Atmel_lib/BitCloud_MEGARF_1_14_0/BitCloud/lib/libBc_Coordinator_Atmega128rfa1_Atmega128rfa1_Gcc.a(zdo.o)
 .text.zdoOtherEventListener
                0x00004b6c       0x34 ./../../../../../../Atmel_lib/BitCloud_MEGARF_1_14_0/BitCloud/lib/libBc_Coordinator_Atmega128rfa1_Atmega128rfa1_Gcc.a(zdo.o)
 .text.confirmMgmtLeaveResponse
                0x00004ba0      0x10a ./../../../../../../Atmel_lib/BitCloud_MEGARF_1_14_0/BitCloud/lib/libBc_Coordinator_Atmega128rfa1_Atmega128rfa1_Gcc.a(zdo.o)
 .text.zdoSetOutOfNetworkFlag
                0x00004caa       0x36 ./../../../../../../Atmel_lib/BitCloud_MEGARF_1_14_0/BitCloud/lib/libBc_Coordinator_Atmega128rfa1_Atmega128rfa1_Gcc.a(zdo.o)
 .text.leaveNetworkInd
                0x00004ce0       0x24 ./../../../../../../Atmel_lib/BitCloud_MEGARF_1_14_0/BitCloud/lib/libBc_Coordinator_Atmega128rfa1_Atmega128rfa1_Gcc.a(zdo.o)
 .text.zdoLeaveNetworkNwkLeaveConf
                0x00004d04        0xe ./../../../../../../Atmel_lib/BitCloud_MEGARF_1_14_0/BitCloud/lib/libBc_Coordinator_Atmega128rfa1_Atmega128rfa1_Gcc.a(zdo.o)
 .text.zdoExecuteEDScan
                0x00004d12       0x36 ./../../../../../../Atmel_lib/BitCloud_MEGARF_1_14_0/BitCloud/lib/libBc_Coordinator_Atmega128rfa1_Atmega128rfa1_Gcc.a(zdo.o)
 .text.confirmMgmtNwkUpdateNotify
                0x00004d48       0x2e ./../../../../../../Atmel_lib/BitCloud_MEGARF_1_14_0/BitCloud/lib/libBc_Coordinator_Atmega128rfa1_Atmega128rfa1_Gcc.a(zdo.o)
 .text.channelChangeTimerFired
                0x00004d76       0x22 ./../../../../../../Atmel_lib/BitCloud_MEGARF_1_14_0/BitCloud/lib/libBc_Coordinator_Atmega128rfa1_Atmega128rfa1_Gcc.a(zdo.o)
 .text.MAC_SetConf
                0x00004d98       0x7e ./../../../../../../Atmel_lib/BitCloud_MEGARF_1_14_0/BitCloud/lib/libBc_Coordinator_Atmega128rfa1_Atmega128rfa1_Gcc.a(zdo.o)
 .text.zdoChildEventListener
                0x00004e16       0xa8 ./../../../../../../Atmel_lib/BitCloud_MEGARF_1_14_0/BitCloud/lib/libBc_Coordinator_Atmega128rfa1_Atmega128rfa1_Gcc.a(zdo.o)
 .text.zdoInitNotifications
                0x00004ebe       0x6e ./../../../../../../Atmel_lib/BitCloud_MEGARF_1_14_0/BitCloud/lib/libBc_Coordinator_Atmega128rfa1_Atmega128rfa1_Gcc.a(zdo.o)
                0x00004ebe                zdoInitNotifications
 .text.zdoInitHandler
                0x00004f2c      0x10e ./../../../../../../Atmel_lib/BitCloud_MEGARF_1_14_0/BitCloud/lib/libBc_Coordinator_Atmega128rfa1_Atmega128rfa1_Gcc.a(zdo.o)
 .text.NWK_JoinInd
                0x0000503a       0x4e ./../../../../../../Atmel_lib/BitCloud_MEGARF_1_14_0/BitCloud/lib/libBc_Coordinator_Atmega128rfa1_Atmega128rfa1_Gcc.a(zdo.o)
                0x0000503a                NWK_JoinInd
 .text.NWK_LeaveInd
                0x00005088       0x86 ./../../../../../../Atmel_lib/BitCloud_MEGARF_1_14_0/BitCloud/lib/libBc_Coordinator_Atmega128rfa1_Atmega128rfa1_Gcc.a(zdo.o)
                0x00005088                NWK_LeaveInd
 .text.ZDO_TaskHandler
                0x0000510e       0x7c ./../../../../../../Atmel_lib/BitCloud_MEGARF_1_14_0/BitCloud/lib/libBc_Coordinator_Atmega128rfa1_Atmega128rfa1_Gcc.a(zdo.o)
                0x0000510e                ZDO_TaskHandler
 .text.APS_ZdoDataInd
                0x0000518a      0x160 ./../../../../../../Atmel_lib/BitCloud_MEGARF_1_14_0/BitCloud/lib/libBc_Coordinator_Atmega128rfa1_Atmega128rfa1_Gcc.a(zdo.o)
                0x0000518a                APS_ZdoDataInd
 .text.ZDO_ZdpReq
                0x000052ea       0x64 ./../../../../../../Atmel_lib/BitCloud_MEGARF_1_14_0/BitCloud/lib/libBc_Coordinator_Atmega128rfa1_Atmega128rfa1_Gcc.a(zdo.o)
                0x000052ea                ZDO_ZdpReq
 .text.zdoSendDeviceAnnce
                0x0000534e       0xa0 ./../../../../../../Atmel_lib/BitCloud_MEGARF_1_14_0/BitCloud/lib/libBc_Coordinator_Atmega128rfa1_Atmega128rfa1_Gcc.a(zdo.o)
 .text.APS_StartConf
                0x000053ee       0x2a ./../../../../../../Atmel_lib/BitCloud_MEGARF_1_14_0/BitCloud/lib/libBc_Coordinator_Atmega128rfa1_Atmega128rfa1_Gcc.a(zdo.o)
 .text.NWK_PermitJoinConf
                0x00005418       0x48 ./../../../../../../Atmel_lib/BitCloud_MEGARF_1_14_0/BitCloud/lib/libBc_Coordinator_Atmega128rfa1_Atmega128rfa1_Gcc.a(zdo.o)
 .text.zdoSendDeviceAnnceConf
                0x00005460       0x34 ./../../../../../../Atmel_lib/BitCloud_MEGARF_1_14_0/BitCloud/lib/libBc_Coordinator_Atmega128rfa1_Atmega128rfa1_Gcc.a(zdo.o)
 .text.sendNwkUpdateNotify
                0x00005494       0x3e ./../../../../../../Atmel_lib/BitCloud_MEGARF_1_14_0/BitCloud/lib/libBc_Coordinator_Atmega128rfa1_Atmega128rfa1_Gcc.a(zdo.o)
 .text.zdoZdpFrameProcessorHandler
                0x000054d2     0x1500 ./../../../../../../Atmel_lib/BitCloud_MEGARF_1_14_0/BitCloud/lib/libBc_Coordinator_Atmega128rfa1_Atmega128rfa1_Gcc.a(zdo.o)
 .text.edScanConf
                0x000069d2       0x10 ./../../../../../../Atmel_lib/BitCloud_MEGARF_1_14_0/BitCloud/lib/libBc_Coordinator_Atmega128rfa1_Atmega128rfa1_Gcc.a(zdo.o)
 .text.zdoReloadZibFromConfigServer
                0x000069e2      0x144 ./../../../../../../Atmel_lib/BitCloud_MEGARF_1_14_0/BitCloud/lib/libBc_Coordinator_Atmega128rfa1_Atmega128rfa1_Gcc.a(zdo.o)
                0x000069e2                zdoReloadZibFromConfigServer
 .text.zdoStartNetworkTaskHandler
                0x00006b26      0x110 ./../../../../../../Atmel_lib/BitCloud_MEGARF_1_14_0/BitCloud/lib/libBc_Coordinator_Atmega128rfa1_Atmega128rfa1_Gcc.a(zdo.o)
 .text.setNetworkParametersToZib
                0x00006c36       0x48 ./../../../../../../Atmel_lib/BitCloud_MEGARF_1_14_0/BitCloud/lib/libBc_Coordinator_Atmega128rfa1_Atmega128rfa1_Gcc.a(zdo.o)
                0x00006c36                setNetworkParametersToZib
 .text.zdoStartNetworkStackResetConf
                0x00006c7e       0x3c ./../../../../../../Atmel_lib/BitCloud_MEGARF_1_14_0/BitCloud/lib/libBc_Coordinator_Atmega128rfa1_Atmega128rfa1_Gcc.a(zdo.o)
 .text.NWK_NetworkFormationConf
                0x00006cba       0x18 ./../../../../../../Atmel_lib/BitCloud_MEGARF_1_14_0/BitCloud/lib/libBc_Coordinator_Atmega128rfa1_Atmega128rfa1_Gcc.a(zdo.o)
 .text.apsGetApsCounter
                0x00006cd2        0xe ./../../../../../../Atmel_lib/BitCloud_MEGARF_1_14_0/BitCloud/lib/libBc_Coordinator_Atmega128rfa1_Atmega128rfa1_Gcc.a(aps.o)
 .text.apsPrepareFragmentedTransmission
                0x00006ce0       0x70 ./../../../../../../Atmel_lib/BitCloud_MEGARF_1_14_0/BitCloud/lib/libBc_Coordinator_Atmega128rfa1_Atmega128rfa1_Gcc.a(aps.o)
 .text.apsIsFragmentationDataReq
                0x00006d50       0x22 ./../../../../../../Atmel_lib/BitCloud_MEGARF_1_14_0/BitCloud/lib/libBc_Coordinator_Atmega128rfa1_Atmega128rfa1_Gcc.a(aps.o)
 .text.apsGetBuffer
                0x00006d72       0xd6 ./../../../../../../Atmel_lib/BitCloud_MEGARF_1_14_0/BitCloud/lib/libBc_Coordinator_Atmega128rfa1_Atmega128rfa1_Gcc.a(aps.o)
 .text.apsFreeBuffer
                0x00006e48       0x8e ./../../../../../../Atmel_lib/BitCloud_MEGARF_1_14_0/BitCloud/lib/libBc_Coordinator_Atmega128rfa1_Atmega128rfa1_Gcc.a(aps.o)
 .text.apsPostTask
                0x00006ed6       0x32 ./../../../../../../Atmel_lib/BitCloud_MEGARF_1_14_0/BitCloud/lib/libBc_Coordinator_Atmega128rfa1_Atmega128rfa1_Gcc.a(aps.o)
 .text.apsMakeApsDataConf
                0x00006f08       0x5a ./../../../../../../Atmel_lib/BitCloud_MEGARF_1_14_0/BitCloud/lib/libBc_Coordinator_Atmega128rfa1_Atmega128rfa1_Gcc.a(aps.o)
 .text.apsAckForFragmentedReceiveConfirmHandler
                0x00006f62       0x9e ./../../../../../../Atmel_lib/BitCloud_MEGARF_1_14_0/BitCloud/lib/libBc_Coordinator_Atmega128rfa1_Atmega128rfa1_Gcc.a(aps.o)
 .text.apsStopConf
                0x00007000       0x4a ./../../../../../../Atmel_lib/BitCloud_MEGARF_1_14_0/BitCloud/lib/libBc_Coordinator_Atmega128rfa1_Atmega128rfa1_Gcc.a(aps.o)
 .text.apsSendNwkDataReq
                0x0000704a       0x10 ./../../../../../../Atmel_lib/BitCloud_MEGARF_1_14_0/BitCloud/lib/libBc_Coordinator_Atmega128rfa1_Atmega128rfa1_Gcc.a(aps.o)
 .text.apsProcessShortAddrModeDataReq
                0x0000705a      0x296 ./../../../../../../Atmel_lib/BitCloud_MEGARF_1_14_0/BitCloud/lib/libBc_Coordinator_Atmega128rfa1_Atmega128rfa1_Gcc.a(aps.o)
 .text.apsSendNextBlock
                0x000072f0       0x14 ./../../../../../../Atmel_lib/BitCloud_MEGARF_1_14_0/BitCloud/lib/libBc_Coordinator_Atmega128rfa1_Atmega128rfa1_Gcc.a(aps.o)
 .text.apsSendAckForFragmentedReceive
                0x00007304       0xce ./../../../../../../Atmel_lib/BitCloud_MEGARF_1_14_0/BitCloud/lib/libBc_Coordinator_Atmega128rfa1_Atmega128rfa1_Gcc.a(aps.o)
 .text.apsDataManagerNwkDataConf
                0x000073d2       0x1c ./../../../../../../Atmel_lib/BitCloud_MEGARF_1_14_0/BitCloud/lib/libBc_Coordinator_Atmega128rfa1_Atmega128rfa1_Gcc.a(aps.o)
 .text.apsProcessEvent
                0x000073ee       0x26 ./../../../../../../Atmel_lib/BitCloud_MEGARF_1_14_0/BitCloud/lib/libBc_Coordinator_Atmega128rfa1_Atmega128rfa1_Gcc.a(aps.o)
 .text.apsProcessGroupAddrModeDataReq
                0x00007414      0x190 ./../../../../../../Atmel_lib/BitCloud_MEGARF_1_14_0/BitCloud/lib/libBc_Coordinator_Atmega128rfa1_Atmega128rfa1_Gcc.a(aps.o)
 .text.apsCalculateApsAckTimeout
                0x000075a4       0x56 ./../../../../../../Atmel_lib/BitCloud_MEGARF_1_14_0/BitCloud/lib/libBc_Coordinator_Atmega128rfa1_Atmega128rfa1_Gcc.a(aps.o)
 .text.apsGroupNwkDataConf
                0x000075fa       0x4a ./../../../../../../Atmel_lib/BitCloud_MEGARF_1_14_0/BitCloud/lib/libBc_Coordinator_Atmega128rfa1_Atmega128rfa1_Gcc.a(aps.o)
 .text.apsNextBind
                0x00007644       0xb0 ./../../../../../../Atmel_lib/BitCloud_MEGARF_1_14_0/BitCloud/lib/libBc_Coordinator_Atmega128rfa1_Atmega128rfa1_Gcc.a(aps.o)
 .text.apsSendToNextBoundDevice
                0x000076f4       0x9c ./../../../../../../Atmel_lib/BitCloud_MEGARF_1_14_0/BitCloud/lib/libBc_Coordinator_Atmega128rfa1_Atmega128rfa1_Gcc.a(aps.o)
 .text.apsProcessIndirectDataReq
                0x00007790       0x2c ./../../../../../../Atmel_lib/BitCloud_MEGARF_1_14_0/BitCloud/lib/libBc_Coordinator_Atmega128rfa1_Atmega128rfa1_Gcc.a(aps.o)
 .text.apsFindBindingEntry
                0x000077bc       0xc6 ./../../../../../../Atmel_lib/BitCloud_MEGARF_1_14_0/BitCloud/lib/libBc_Coordinator_Atmega128rfa1_Atmega128rfa1_Gcc.a(aps.o)
 .text.SYS_GetRandomNumber
                0x00007882       0x2a ./../../../../../../Atmel_lib/BitCloud_MEGARF_1_14_0/BitCloud/lib/libBc_Coordinator_Atmega128rfa1_Atmega128rfa1_Gcc.a(aps.o)
 .text.apsResetMemoryManager
                0x000078ac       0xfa ./../../../../../../Atmel_lib/BitCloud_MEGARF_1_14_0/BitCloud/lib/libBc_Coordinator_Atmega128rfa1_Atmega128rfa1_Gcc.a(aps.o)
 .text.apsAckOnTimerFired
                0x000079a6       0xf8 ./../../../../../../Atmel_lib/BitCloud_MEGARF_1_14_0/BitCloud/lib/libBc_Coordinator_Atmega128rfa1_Atmega128rfa1_Gcc.a(aps.o)
 .text.apsHandleTransmittedData.clone.10
                0x00007a9e       0x6e ./../../../../../../Atmel_lib/BitCloud_MEGARF_1_14_0/BitCloud/lib/libBc_Coordinator_Atmega128rfa1_Atmega128rfa1_Gcc.a(aps.o)
 .text.APS_BindReq
                0x00007b0c       0xa6 ./../../../../../../Atmel_lib/BitCloud_MEGARF_1_14_0/BitCloud/lib/libBc_Coordinator_Atmega128rfa1_Atmega128rfa1_Gcc.a(aps.o)
                0x00007b0c                APS_BindReq
 .text.APS_UnbindReq
                0x00007bb2       0x4a ./../../../../../../Atmel_lib/BitCloud_MEGARF_1_14_0/BitCloud/lib/libBc_Coordinator_Atmega128rfa1_Atmega128rfa1_Gcc.a(aps.o)
                0x00007bb2                APS_UnbindReq
 .text.APS_DataReq
                0x00007bfc       0x12 ./../../../../../../Atmel_lib/BitCloud_MEGARF_1_14_0/BitCloud/lib/libBc_Coordinator_Atmega128rfa1_Atmega128rfa1_Gcc.a(aps.o)
                0x00007bfc                APS_DataReq
 .text.NWK_DataInd
                0x00007c0e       0x12 ./../../../../../../Atmel_lib/BitCloud_MEGARF_1_14_0/BitCloud/lib/libBc_Coordinator_Atmega128rfa1_Atmega128rfa1_Gcc.a(aps.o)
                0x00007c0e                NWK_DataInd
 .text.APS_CalculateTimes
                0x00007c20      0x1b2 ./../../../../../../Atmel_lib/BitCloud_MEGARF_1_14_0/BitCloud/lib/libBc_Coordinator_Atmega128rfa1_Atmega128rfa1_Gcc.a(aps.o)
                0x00007c20                APS_CalculateTimes
 .text.apsResetDataManager
                0x00007dd2      0x110 ./../../../../../../Atmel_lib/BitCloud_MEGARF_1_14_0/BitCloud/lib/libBc_Coordinator_Atmega128rfa1_Atmega128rfa1_Gcc.a(aps.o)
 .text.apsNwkResetConf
                0x00007ee2      0x196 ./../../../../../../Atmel_lib/BitCloud_MEGARF_1_14_0/BitCloud/lib/libBc_Coordinator_Atmega128rfa1_Atmega128rfa1_Gcc.a(aps.o)
 .text.apsStateMachineTaskHandler
                0x00008078       0xee ./../../../../../../Atmel_lib/BitCloud_MEGARF_1_14_0/BitCloud/lib/libBc_Coordinator_Atmega128rfa1_Atmega128rfa1_Gcc.a(aps.o)
 .text.APS_IsProfileIdMatched
                0x00008166       0x22 ./../../../../../../Atmel_lib/BitCloud_MEGARF_1_14_0/BitCloud/lib/libBc_Coordinator_Atmega128rfa1_Atmega128rfa1_Gcc.a(aps.o)
                0x00008166                APS_IsProfileIdMatched
 .text.APS_NextEndpoint
                0x00008188       0x16 ./../../../../../../Atmel_lib/BitCloud_MEGARF_1_14_0/BitCloud/lib/libBc_Coordinator_Atmega128rfa1_Atmega128rfa1_Gcc.a(aps.o)
                0x00008188                APS_NextEndpoint
 .text.apsFindEndpoint
                0x0000819e       0x26 ./../../../../../../Atmel_lib/BitCloud_MEGARF_1_14_0/BitCloud/lib/libBc_Coordinator_Atmega128rfa1_Atmega128rfa1_Gcc.a(aps.o)
 .text.apsGroupIndication
                0x000081c4       0x8a ./../../../../../../Atmel_lib/BitCloud_MEGARF_1_14_0/BitCloud/lib/libBc_Coordinator_Atmega128rfa1_Atmega128rfa1_Gcc.a(aps.o)
 .text.apsUnicastDataInd
                0x0000824e      0x2a2 ./../../../../../../Atmel_lib/BitCloud_MEGARF_1_14_0/BitCloud/lib/libBc_Coordinator_Atmega128rfa1_Atmega128rfa1_Gcc.a(aps.o)
 .text.apsApduUnicastHandler.clone.8
                0x000084f0      0x5dc ./../../../../../../Atmel_lib/BitCloud_MEGARF_1_14_0/BitCloud/lib/libBc_Coordinator_Atmega128rfa1_Atmega128rfa1_Gcc.a(aps.o)
 .text.apsDataTaskHandler
                0x00008acc      0xb20 ./../../../../../../Atmel_lib/BitCloud_MEGARF_1_14_0/BitCloud/lib/libBc_Coordinator_Atmega128rfa1_Atmega128rfa1_Gcc.a(aps.o)
 .text.APS_Init
                0x000095ec       0x2e ./../../../../../../Atmel_lib/BitCloud_MEGARF_1_14_0/BitCloud/lib/libBc_Coordinator_Atmega128rfa1_Atmega128rfa1_Gcc.a(aps.o)
                0x000095ec                APS_Init
 .text.APS_ResetReq
                0x0000961a        0xc ./../../../../../../Atmel_lib/BitCloud_MEGARF_1_14_0/BitCloud/lib/libBc_Coordinator_Atmega128rfa1_Atmega128rfa1_Gcc.a(aps.o)
                0x0000961a                APS_ResetReq
 .text.APS_StartReq
                0x00009626        0xc ./../../../../../../Atmel_lib/BitCloud_MEGARF_1_14_0/BitCloud/lib/libBc_Coordinator_Atmega128rfa1_Atmega128rfa1_Gcc.a(aps.o)
                0x00009626                APS_StartReq
 .text.APS_StopReq
                0x00009632        0xc ./../../../../../../Atmel_lib/BitCloud_MEGARF_1_14_0/BitCloud/lib/libBc_Coordinator_Atmega128rfa1_Atmega128rfa1_Gcc.a(aps.o)
                0x00009632                APS_StopReq
 .text.APS_IsActiveTransaction
                0x0000963e       0x54 ./../../../../../../Atmel_lib/BitCloud_MEGARF_1_14_0/BitCloud/lib/libBc_Coordinator_Atmega128rfa1_Atmega128rfa1_Gcc.a(aps.o)
                0x0000963e                APS_IsActiveTransaction
 .text.APS_TaskHandler
                0x00009692       0x9c ./../../../../../../Atmel_lib/BitCloud_MEGARF_1_14_0/BitCloud/lib/libBc_Coordinator_Atmega128rfa1_Atmega128rfa1_Gcc.a(aps.o)
                0x00009692                APS_TaskHandler
 .text.SYS_Sleep
                0x0000972e        0x6 ./../../../../../../Atmel_lib/BitCloud_MEGARF_1_14_0/BitCloud/lib/libBc_Coordinator_Atmega128rfa1_Atmega128rfa1_Gcc.a(bcSysSleep.o)
                0x0000972e                SYS_Sleep
 .text.getSymbolsPerOctet
                0x00009734       0x3c ./../../../../../../Atmel_lib/BitCloud_MEGARF_1_14_0/BitCloud/lib/libBc_Coordinator_Atmega128rfa1_Atmega128rfa1_Gcc.a(macenvPib.o)
 .text.calculateMaxFrameDuration
                0x00009770       0x22 ./../../../../../../Atmel_lib/BitCloud_MEGARF_1_14_0/BitCloud/lib/libBc_Coordinator_Atmega128rfa1_Atmega128rfa1_Gcc.a(macenvPib.o)
 .text.storeTransmitPower
                0x00009792       0x44 ./../../../../../../Atmel_lib/BitCloud_MEGARF_1_14_0/BitCloud/lib/libBc_Coordinator_Atmega128rfa1_Atmega128rfa1_Gcc.a(macenvPib.o)
 .text.SYS_GetRandomNumber
                0x000097d6       0x2a ./../../../../../../Atmel_lib/BitCloud_MEGARF_1_14_0/BitCloud/lib/libBc_Coordinator_Atmega128rfa1_Atmega128rfa1_Gcc.a(macenvPib.o)
 .text.macenvGetPhySymbolDuration
                0x00009800       0x4a ./../../../../../../Atmel_lib/BitCloud_MEGARF_1_14_0/BitCloud/lib/libBc_Coordinator_Atmega128rfa1_Atmega128rfa1_Gcc.a(macenvPib.o)
                0x00009800                macenvGetPhySymbolDuration
 .text.updateMaxFrameTxTime
                0x0000984a       0x3a ./../../../../../../Atmel_lib/BitCloud_MEGARF_1_14_0/BitCloud/lib/libBc_Coordinator_Atmega128rfa1_Atmega128rfa1_Gcc.a(macenvPib.o)
 .text.macenvResetPib
                0x00009884       0xfa ./../../../../../../Atmel_lib/BitCloud_MEGARF_1_14_0/BitCloud/lib/libBc_Coordinator_Atmega128rfa1_Atmega128rfa1_Gcc.a(macenvPib.o)
                0x00009884                macenvResetPib
 .text.macenvConvertTransPersistTimeFromUnitsToMs
                0x0000997e       0x48 ./../../../../../../Atmel_lib/BitCloud_MEGARF_1_14_0/BitCloud/lib/libBc_Coordinator_Atmega128rfa1_Atmega128rfa1_Gcc.a(macenvPib.o)
                0x0000997e                macenvConvertTransPersistTimeFromUnitsToMs
 .text.macenvSetPibAttr
                0x000099c6      0x2a0 ./../../../../../../Atmel_lib/BitCloud_MEGARF_1_14_0/BitCloud/lib/libBc_Coordinator_Atmega128rfa1_Atmega128rfa1_Gcc.a(macenvPib.o)
                0x000099c6                macenvSetPibAttr
 .text.macenvCalculateMaxFrameTotalWaitTimeInMs
                0x00009c66      0x128 ./../../../../../../Atmel_lib/BitCloud_MEGARF_1_14_0/BitCloud/lib/libBc_Coordinator_Atmega128rfa1_Atmega128rfa1_Gcc.a(macenvPib.o)
                0x00009c66                macenvCalculateMaxFrameTotalWaitTimeInMs
 .text.macenvCalculateResponceWaitTimeInMs
                0x00009d8e       0x42 ./../../../../../../Atmel_lib/BitCloud_MEGARF_1_14_0/BitCloud/lib/libBc_Coordinator_Atmega128rfa1_Atmega128rfa1_Gcc.a(macenvPib.o)
                0x00009d8e                macenvCalculateResponceWaitTimeInMs
 .text.macenvGetPibAttr
                0x00009dd0      0x216 ./../../../../../../Atmel_lib/BitCloud_MEGARF_1_14_0/BitCloud/lib/libBc_Coordinator_Atmega128rfa1_Atmega128rfa1_Gcc.a(macenvPib.o)
                0x00009dd0                macenvGetPibAttr
 .text.MAC_GetExtAddr
                0x00009fe6        0x6 ./../../../../../../Atmel_lib/BitCloud_MEGARF_1_14_0/BitCloud/lib/libBc_Coordinator_Atmega128rfa1_Atmega128rfa1_Gcc.a(macenvPib.o)
                0x00009fe6                MAC_GetExtAddr
 .text.MAC_SetExtAddr
                0x00009fec       0x34 ./../../../../../../Atmel_lib/BitCloud_MEGARF_1_14_0/BitCloud/lib/libBc_Coordinator_Atmega128rfa1_Atmega128rfa1_Gcc.a(macenvPib.o)
                0x00009fec                MAC_SetExtAddr
 .text.MAC_IsOwnExtAddr
                0x0000a020       0x1c ./../../../../../../Atmel_lib/BitCloud_MEGARF_1_14_0/BitCloud/lib/libBc_Coordinator_Atmega128rfa1_Atmega128rfa1_Gcc.a(macenvPib.o)
                0x0000a020                MAC_IsOwnExtAddr
 .text.MAC_GetOctetsTransmissionTimeInMs
                0x0000a03c       0x5e ./../../../../../../Atmel_lib/BitCloud_MEGARF_1_14_0/BitCloud/lib/libBc_Coordinator_Atmega128rfa1_Atmega128rfa1_Gcc.a(macenvPib.o)
                0x0000a03c                MAC_GetOctetsTransmissionTimeInMs
 .text.postNewMacRequest
                0x0000a09a       0x46 ./../../../../../../Atmel_lib/BitCloud_MEGARF_1_14_0/BitCloud/lib/libBc_Coordinator_Atmega128rfa1_Atmega128rfa1_Gcc.a(machwdManager.o)
 .text.putReqInQueue
                0x0000a0e0       0x18 ./../../../../../../Atmel_lib/BitCloud_MEGARF_1_14_0/BitCloud/lib/libBc_Coordinator_Atmega128rfa1_Atmega128rfa1_Gcc.a(machwdManager.o)
 .text.MACHWD_DataReq
                0x0000a0f8        0xa ./../../../../../../Atmel_lib/BitCloud_MEGARF_1_14_0/BitCloud/lib/libBc_Coordinator_Atmega128rfa1_Atmega128rfa1_Gcc.a(machwdManager.o)
                0x0000a0f8                MACHWD_DataReq
 .text.MACHWD_SetTrxStateReq
                0x0000a102        0xc ./../../../../../../Atmel_lib/BitCloud_MEGARF_1_14_0/BitCloud/lib/libBc_Coordinator_Atmega128rfa1_Atmega128rfa1_Gcc.a(machwdManager.o)
                0x0000a102                MACHWD_SetTrxStateReq
 .text.MACHWD_SetReq
                0x0000a10e        0xc ./../../../../../../Atmel_lib/BitCloud_MEGARF_1_14_0/BitCloud/lib/libBc_Coordinator_Atmega128rfa1_Atmega128rfa1_Gcc.a(machwdManager.o)
                0x0000a10e                MACHWD_SetReq
 .text.MACHWD_EdReq
                0x0000a11a        0xc ./../../../../../../Atmel_lib/BitCloud_MEGARF_1_14_0/BitCloud/lib/libBc_Coordinator_Atmega128rfa1_Atmega128rfa1_Gcc.a(machwdManager.o)
                0x0000a11a                MACHWD_EdReq
 .text.RF_RandomReq
                0x0000a126       0x14 ./../../../../../../Atmel_lib/BitCloud_MEGARF_1_14_0/BitCloud/lib/libBc_Coordinator_Atmega128rfa1_Atmega128rfa1_Gcc.a(machwdManager.o)
                0x0000a126                RF_RandomReq
 .text.MACHWD_Reset
                0x0000a13a       0x46 ./../../../../../../Atmel_lib/BitCloud_MEGARF_1_14_0/BitCloud/lib/libBc_Coordinator_Atmega128rfa1_Atmega128rfa1_Gcc.a(machwdManager.o)
                0x0000a13a                MACHWD_Reset
 .text.MAC_PHY_HWD_TaskHandler
                0x0000a180      0x1b0 ./../../../../../../Atmel_lib/BitCloud_MEGARF_1_14_0/BitCloud/lib/libBc_Coordinator_Atmega128rfa1_Atmega128rfa1_Gcc.a(machwdManager.o)
                0x0000a180                MAC_PHY_HWD_TaskHandler
 .text.machwdRegAccessReqHandler
                0x0000a330       0x66 ./../../../../../../Atmel_lib/BitCloud_MEGARF_1_14_0/BitCloud/lib/libBc_Coordinator_Atmega128rfa1_Atmega128rfa1_Gcc.a(machwdRegAccessHandler.o)
                0x0000a330                machwdRegAccessReqHandler
 .text.machwdRegAccessTaskHandler
                0x0000a396       0x48 ./../../../../../../Atmel_lib/BitCloud_MEGARF_1_14_0/BitCloud/lib/libBc_Coordinator_Atmega128rfa1_Atmega128rfa1_Gcc.a(machwdRegAccessHandler.o)
                0x0000a396                machwdRegAccessTaskHandler
 .text.machwdReset
                0x0000a3de       0xc6 ./../../../../../../Atmel_lib/BitCloud_MEGARF_1_14_0/BitCloud/lib/libBc_Coordinator_Atmega128rfa1_Atmega128rfa1_Gcc.a(machwdResetHandler.o)
                0x0000a3de                machwdReset
 .text.machwdRndReqHandler
                0x0000a4a4       0x3a ./../../../../../../Atmel_lib/BitCloud_MEGARF_1_14_0/BitCloud/lib/libBc_Coordinator_Atmega128rfa1_Atmega128rfa1_Gcc.a(machwdRndHandler.o)
                0x0000a4a4                machwdRndReqHandler
 .text.machwdRndTaskHandler
                0x0000a4de       0x32 ./../../../../../../Atmel_lib/BitCloud_MEGARF_1_14_0/BitCloud/lib/libBc_Coordinator_Atmega128rfa1_Atmega128rfa1_Gcc.a(machwdRndHandler.o)
                0x0000a4de                machwdRndTaskHandler
 .text.machwdResetRndHandler
                0x0000a510        0x6 ./../../../../../../Atmel_lib/BitCloud_MEGARF_1_14_0/BitCloud/lib/libBc_Coordinator_Atmega128rfa1_Atmega128rfa1_Gcc.a(machwdRndHandler.o)
                0x0000a510                machwdResetRndHandler
 .text.machwdResetRxBuffer
                0x0000a516       0x62 ./../../../../../../Atmel_lib/BitCloud_MEGARF_1_14_0/BitCloud/lib/libBc_Coordinator_Atmega128rfa1_Atmega128rfa1_Gcc.a(machwdRxBuffer.o)
                0x0000a516                machwdResetRxBuffer
 .text.machwdNextBuffer
                0x0000a578       0x10 ./../../../../../../Atmel_lib/BitCloud_MEGARF_1_14_0/BitCloud/lib/libBc_Coordinator_Atmega128rfa1_Atmega128rfa1_Gcc.a(machwdRxBuffer.o)
                0x0000a578                machwdNextBuffer
 .text.machwdReleaseBuffer
                0x0000a588       0x62 ./../../../../../../Atmel_lib/BitCloud_MEGARF_1_14_0/BitCloud/lib/libBc_Coordinator_Atmega128rfa1_Atmega128rfa1_Gcc.a(machwdRxBuffer.o)
                0x0000a588                machwdReleaseBuffer
 .text.machwdNextBufferPresent
                0x0000a5ea       0x26 ./../../../../../../Atmel_lib/BitCloud_MEGARF_1_14_0/BitCloud/lib/libBc_Coordinator_Atmega128rfa1_Atmega128rfa1_Gcc.a(machwdRxBuffer.o)
                0x0000a5ea                machwdNextBufferPresent
 .text.machwdRxFrameTaskHandler
                0x0000a610       0x46 ./../../../../../../Atmel_lib/BitCloud_MEGARF_1_14_0/BitCloud/lib/libBc_Coordinator_Atmega128rfa1_Atmega128rfa1_Gcc.a(machwdRxFrameHandler.o)
                0x0000a610                machwdRxFrameTaskHandler
 .text.machwdRxFrameIndTaskHandler
                0x0000a656       0xa2 ./../../../../../../Atmel_lib/BitCloud_MEGARF_1_14_0/BitCloud/lib/libBc_Coordinator_Atmega128rfa1_Atmega128rfa1_Gcc.a(machwdRxFrameHandler.o)
                0x0000a656                machwdRxFrameIndTaskHandler
 .text.executePhySetReq
                0x0000a6f8       0x32 ./../../../../../../Atmel_lib/BitCloud_MEGARF_1_14_0/BitCloud/lib/libBc_Coordinator_Atmega128rfa1_Atmega128rfa1_Gcc.a(machwdSetHandler.o)
 .text.executeSetReq
                0x0000a72a       0x5c ./../../../../../../Atmel_lib/BitCloud_MEGARF_1_14_0/BitCloud/lib/libBc_Coordinator_Atmega128rfa1_Atmega128rfa1_Gcc.a(machwdSetHandler.o)
 .text.machwdSetReqHandler
                0x0000a786       0xba ./../../../../../../Atmel_lib/BitCloud_MEGARF_1_14_0/BitCloud/lib/libBc_Coordinator_Atmega128rfa1_Atmega128rfa1_Gcc.a(machwdSetHandler.o)
                0x0000a786                machwdSetReqHandler
 .text.machwdSetTaskHandler
                0x0000a840       0x3a ./../../../../../../Atmel_lib/BitCloud_MEGARF_1_14_0/BitCloud/lib/libBc_Coordinator_Atmega128rfa1_Atmega128rfa1_Gcc.a(machwdSetHandler.o)
                0x0000a840                machwdSetTaskHandler
 .text.machwdResetSetHandler
                0x0000a87a        0xe ./../../../../../../Atmel_lib/BitCloud_MEGARF_1_14_0/BitCloud/lib/libBc_Coordinator_Atmega128rfa1_Atmega128rfa1_Gcc.a(machwdSetHandler.o)
                0x0000a87a                machwdResetSetHandler
 .text.machwdSendTrxCmd
                0x0000a888       0x1c ./../../../../../../Atmel_lib/BitCloud_MEGARF_1_14_0/BitCloud/lib/libBc_Coordinator_Atmega128rfa1_Atmega128rfa1_Gcc.a(machwdTrxCtrl.o)
                0x0000a888                machwdSendTrxCmd
 .text.machwdGetPhyTrxCmd
                0x0000a8a4       0x14 ./../../../../../../Atmel_lib/BitCloud_MEGARF_1_14_0/BitCloud/lib/libBc_Coordinator_Atmega128rfa1_Atmega128rfa1_Gcc.a(machwdTrxCtrl.o)
                0x0000a8a4                machwdGetPhyTrxCmd
 .text.machwdConvertTrxCmdToTrxState
                0x0000a8b8       0x14 ./../../../../../../Atmel_lib/BitCloud_MEGARF_1_14_0/BitCloud/lib/libBc_Coordinator_Atmega128rfa1_Atmega128rfa1_Gcc.a(machwdTrxCtrl.o)
                0x0000a8b8                machwdConvertTrxCmdToTrxState
 .text.machwdConvertTrxStateToTrxCmd
                0x0000a8cc       0x16 ./../../../../../../Atmel_lib/BitCloud_MEGARF_1_14_0/BitCloud/lib/libBc_Coordinator_Atmega128rfa1_Atmega128rfa1_Gcc.a(machwdTrxCtrl.o)
                0x0000a8cc                machwdConvertTrxStateToTrxCmd
 .text.machwdTrxReqHandler
                0x0000a8e2       0x40 ./../../../../../../Atmel_lib/BitCloud_MEGARF_1_14_0/BitCloud/lib/libBc_Coordinator_Atmega128rfa1_Atmega128rfa1_Gcc.a(machwdTrxHandler.o)
                0x0000a8e2                machwdTrxReqHandler
 .text.machwdTrxTaskHandler
                0x0000a922       0x40 ./../../../../../../Atmel_lib/BitCloud_MEGARF_1_14_0/BitCloud/lib/libBc_Coordinator_Atmega128rfa1_Atmega128rfa1_Gcc.a(machwdTrxHandler.o)
                0x0000a922                machwdTrxTaskHandler
 .text.machwdResetTrxHandler
                0x0000a962        0x6 ./../../../../../../Atmel_lib/BitCloud_MEGARF_1_14_0/BitCloud/lib/libBc_Coordinator_Atmega128rfa1_Atmega128rfa1_Gcc.a(machwdTrxHandler.o)
                0x0000a962                machwdResetTrxHandler
 .text.executeDataReq
                0x0000a968       0x28 ./../../../../../../Atmel_lib/BitCloud_MEGARF_1_14_0/BitCloud/lib/libBc_Coordinator_Atmega128rfa1_Atmega128rfa1_Gcc.a(machwdTxFrameHandler.o)
 .text.machwdTxFrameReqHandler
                0x0000a990       0x44 ./../../../../../../Atmel_lib/BitCloud_MEGARF_1_14_0/BitCloud/lib/libBc_Coordinator_Atmega128rfa1_Atmega128rfa1_Gcc.a(machwdTxFrameHandler.o)
                0x0000a990                machwdTxFrameReqHandler
 .text.machwdTxFrameTaskHandler
                0x0000a9d4       0x3a ./../../../../../../Atmel_lib/BitCloud_MEGARF_1_14_0/BitCloud/lib/libBc_Coordinator_Atmega128rfa1_Atmega128rfa1_Gcc.a(machwdTxFrameHandler.o)
                0x0000a9d4                machwdTxFrameTaskHandler
 .text.machwdResetTxFrameHandler
                0x0000aa0e        0xa ./../../../../../../Atmel_lib/BitCloud_MEGARF_1_14_0/BitCloud/lib/libBc_Coordinator_Atmega128rfa1_Atmega128rfa1_Gcc.a(machwdTxFrameHandler.o)
                0x0000aa0e                machwdResetTxFrameHandler
 .text.postponeAction
                0x0000aa18       0x2c ./../../../../../../Atmel_lib/BitCloud_MEGARF_1_14_0/BitCloud/lib/libBc_Coordinator_Atmega128rfa1_Atmega128rfa1_Gcc.a(machwiManager.o)
 .text.putReqInQueue
                0x0000aa44       0x2c ./../../../../../../Atmel_lib/BitCloud_MEGARF_1_14_0/BitCloud/lib/libBc_Coordinator_Atmega128rfa1_Atmega128rfa1_Gcc.a(machwiManager.o)
 .text.machwiSendConfToUpperLayer
                0x0000aa70       0xf2 ./../../../../../../Atmel_lib/BitCloud_MEGARF_1_14_0/BitCloud/lib/libBc_Coordinator_Atmega128rfa1_Atmega128rfa1_Gcc.a(machwiManager.o)
                0x0000aa70                machwiSendConfToUpperLayer
 .text.MAC_HWI_TaskHandler
                0x0000ab62       0xd8 ./../../../../../../Atmel_lib/BitCloud_MEGARF_1_14_0/BitCloud/lib/libBc_Coordinator_Atmega128rfa1_Atmega128rfa1_Gcc.a(machwiManager.o)
                0x0000ab62                MAC_HWI_TaskHandler
 .text.MAC_AssociateResp
                0x0000ac3a        0xc ./../../../../../../Atmel_lib/BitCloud_MEGARF_1_14_0/BitCloud/lib/libBc_Coordinator_Atmega128rfa1_Atmega128rfa1_Gcc.a(machwiManager.o)
                0x0000ac3a                MAC_AssociateResp
 .text.MAC_ResetReq
                0x0000ac46       0x58 ./../../../../../../Atmel_lib/BitCloud_MEGARF_1_14_0/BitCloud/lib/libBc_Coordinator_Atmega128rfa1_Atmega128rfa1_Gcc.a(machwiManager.o)
                0x0000ac46                MAC_ResetReq
 .text.MAC_RxEnableReq
                0x0000ac9e        0xc ./../../../../../../Atmel_lib/BitCloud_MEGARF_1_14_0/BitCloud/lib/libBc_Coordinator_Atmega128rfa1_Atmega128rfa1_Gcc.a(machwiManager.o)
                0x0000ac9e                MAC_RxEnableReq
 .text.MAC_ScanReq
                0x0000acaa        0xc ./../../../../../../Atmel_lib/BitCloud_MEGARF_1_14_0/BitCloud/lib/libBc_Coordinator_Atmega128rfa1_Atmega128rfa1_Gcc.a(machwiManager.o)
                0x0000acaa                MAC_ScanReq
 .text.MAC_SetReq
                0x0000acb6        0xc ./../../../../../../Atmel_lib/BitCloud_MEGARF_1_14_0/BitCloud/lib/libBc_Coordinator_Atmega128rfa1_Atmega128rfa1_Gcc.a(machwiManager.o)
                0x0000acb6                MAC_SetReq
 .text.MAC_StartReq
                0x0000acc2        0xc ./../../../../../../Atmel_lib/BitCloud_MEGARF_1_14_0/BitCloud/lib/libBc_Coordinator_Atmega128rfa1_Atmega128rfa1_Gcc.a(machwiManager.o)
                0x0000acc2                MAC_StartReq
 .text.MAC_DataReq
                0x0000acce        0xc ./../../../../../../Atmel_lib/BitCloud_MEGARF_1_14_0/BitCloud/lib/libBc_Coordinator_Atmega128rfa1_Atmega128rfa1_Gcc.a(machwiManager.o)
                0x0000acce                MAC_DataReq
 .text.machwiSendAssociateInd
                0x0000acda        0xe ./../../../../../../Atmel_lib/BitCloud_MEGARF_1_14_0/BitCloud/lib/libBc_Coordinator_Atmega128rfa1_Atmega128rfa1_Gcc.a(machwiManager.o)
                0x0000acda                machwiSendAssociateInd
 .text.machwiSendDataInd
                0x0000ace8        0xe ./../../../../../../Atmel_lib/BitCloud_MEGARF_1_14_0/BitCloud/lib/libBc_Coordinator_Atmega128rfa1_Atmega128rfa1_Gcc.a(machwiManager.o)
                0x0000ace8                machwiSendDataInd
 .text.machwiSendBeaconNotifyInd
                0x0000acf6        0xe ./../../../../../../Atmel_lib/BitCloud_MEGARF_1_14_0/BitCloud/lib/libBc_Coordinator_Atmega128rfa1_Atmega128rfa1_Gcc.a(machwiManager.o)
                0x0000acf6                machwiSendBeaconNotifyInd
 .text.machwiSendSyncLossNotifyInd
                0x0000ad04        0xe ./../../../../../../Atmel_lib/BitCloud_MEGARF_1_14_0/BitCloud/lib/libBc_Coordinator_Atmega128rfa1_Atmega128rfa1_Gcc.a(machwiManager.o)
                0x0000ad04                machwiSendSyncLossNotifyInd
 .text.machwiSendOrphanInd
                0x0000ad12        0xe ./../../../../../../Atmel_lib/BitCloud_MEGARF_1_14_0/BitCloud/lib/libBc_Coordinator_Atmega128rfa1_Atmega128rfa1_Gcc.a(machwiManager.o)
                0x0000ad12                machwiSendOrphanInd
 .text.machwiSendPollInd
                0x0000ad20        0xe ./../../../../../../Atmel_lib/BitCloud_MEGARF_1_14_0/BitCloud/lib/libBc_Coordinator_Atmega128rfa1_Atmega128rfa1_Gcc.a(machwiManager.o)
                0x0000ad20                machwiSendPollInd
 .text.machwiTxTransactionReq
                0x0000ad2e        0x8 ./../../../../../../Atmel_lib/BitCloud_MEGARF_1_14_0/BitCloud/lib/libBc_Coordinator_Atmega128rfa1_Atmega128rfa1_Gcc.a(machwiManager.o)
                0x0000ad2e                machwiTxTransactionReq
 .text.machwiTxBeaconReq
                0x0000ad36        0x8 ./../../../../../../Atmel_lib/BitCloud_MEGARF_1_14_0/BitCloud/lib/libBc_Coordinator_Atmega128rfa1_Atmega128rfa1_Gcc.a(machwiManager.o)
                0x0000ad36                machwiTxBeaconReq
 .text.MAC_IsActiveTransaction
                0x0000ad3e       0x18 ./../../../../../../Atmel_lib/BitCloud_MEGARF_1_14_0/BitCloud/lib/libBc_Coordinator_Atmega128rfa1_Atmega128rfa1_Gcc.a(machwiManager.o)
                0x0000ad3e                MAC_IsActiveTransaction
 .text.machwdDataConfirm
                0x0000ad56       0x22 ./../../../../../../Atmel_lib/BitCloud_MEGARF_1_14_0/BitCloud/lib/libBc_Coordinator_Atmega128rfa1_Atmega128rfa1_Gcc.a(machwiOrphanHandler.o)
 .text.machwiOrphanRespHandler
                0x0000ad78      0x18e ./../../../../../../Atmel_lib/BitCloud_MEGARF_1_14_0/BitCloud/lib/libBc_Coordinator_Atmega128rfa1_Atmega128rfa1_Gcc.a(machwiOrphanHandler.o)
                0x0000ad78                machwiOrphanRespHandler
 .text.machwiOrphanNotificationInd
                0x0000af06       0x44 ./../../../../../../Atmel_lib/BitCloud_MEGARF_1_14_0/BitCloud/lib/libBc_Coordinator_Atmega128rfa1_Atmega128rfa1_Gcc.a(machwiOrphanHandler.o)
                0x0000af06                machwiOrphanNotificationInd
 .text.MACHWD_DataInd
                0x0000af4a       0x7a ./../../../../../../Atmel_lib/BitCloud_MEGARF_1_14_0/BitCloud/lib/libBc_Coordinator_Atmega128rfa1_Atmega128rfa1_Gcc.a(machwiPanServer.o)
                0x0000af4a                MACHWD_DataInd
 .text.machwiEnableBeaconTransmission
                0x0000afc4        0x8 ./../../../../../../Atmel_lib/BitCloud_MEGARF_1_14_0/BitCloud/lib/libBc_Coordinator_Atmega128rfa1_Atmega128rfa1_Gcc.a(machwiPanServer.o)
                0x0000afc4                machwiEnableBeaconTransmission
 .text.machwiResetPanServer
                0x0000afcc        0x6 ./../../../../../../Atmel_lib/BitCloud_MEGARF_1_14_0/BitCloud/lib/libBc_Coordinator_Atmega128rfa1_Atmega128rfa1_Gcc.a(machwiPanServer.o)
                0x0000afcc                machwiResetPanServer
 .text.switchingCompleted
                0x0000afd2       0x12 ./../../../../../../Atmel_lib/BitCloud_MEGARF_1_14_0/BitCloud/lib/libBc_Coordinator_Atmega128rfa1_Atmega128rfa1_Gcc.a(machwiPollHandler.o)
 .text.completeHandling
                0x0000afe4       0x18 ./../../../../../../Atmel_lib/BitCloud_MEGARF_1_14_0/BitCloud/lib/libBc_Coordinator_Atmega128rfa1_Atmega128rfa1_Gcc.a(machwiPollHandler.o)
 .text.machwdDataConfirm
                0x0000affc       0x6e ./../../../../../../Atmel_lib/BitCloud_MEGARF_1_14_0/BitCloud/lib/libBc_Coordinator_Atmega128rfa1_Atmega128rfa1_Gcc.a(machwiPollHandler.o)
 .text.halPollTimerFired
                0x0000b06a        0x6 ./../../../../../../Atmel_lib/BitCloud_MEGARF_1_14_0/BitCloud/lib/libBc_Coordinator_Atmega128rfa1_Atmega128rfa1_Gcc.a(machwiPollHandler.o)
 .text.machwiResetPollHandler
                0x0000b070        0x6 ./../../../../../../Atmel_lib/BitCloud_MEGARF_1_14_0/BitCloud/lib/libBc_Coordinator_Atmega128rfa1_Atmega128rfa1_Gcc.a(machwiPollHandler.o)
                0x0000b070                machwiResetPollHandler
 .text.machwiPollInd
                0x0000b076       0x5a ./../../../../../../Atmel_lib/BitCloud_MEGARF_1_14_0/BitCloud/lib/libBc_Coordinator_Atmega128rfa1_Atmega128rfa1_Gcc.a(machwiPollHandler.o)
                0x0000b076                machwiPollInd
 .text.machwiDataIndication
                0x0000b0d0      0x1cc ./../../../../../../Atmel_lib/BitCloud_MEGARF_1_14_0/BitCloud/lib/libBc_Coordinator_Atmega128rfa1_Atmega128rfa1_Gcc.a(machwiPollHandler.o)
                0x0000b0d0                machwiDataIndication
 .text.machwiPollReqHandler
                0x0000b29c      0x15c ./../../../../../../Atmel_lib/BitCloud_MEGARF_1_14_0/BitCloud/lib/libBc_Coordinator_Atmega128rfa1_Atmega128rfa1_Gcc.a(machwiPollHandler.o)
                0x0000b29c                machwiPollReqHandler
 .text.machwiPurgeReqHandler
                0x0000b3f8       0x2e ./../../../../../../Atmel_lib/BitCloud_MEGARF_1_14_0/BitCloud/lib/libBc_Coordinator_Atmega128rfa1_Atmega128rfa1_Gcc.a(machwiPurgeHandler.o)
                0x0000b3f8                machwiPurgeReqHandler
 .text.finishResetOperationsAndGenerateConfirm
                0x0000b426        0xe ./../../../../../../Atmel_lib/BitCloud_MEGARF_1_14_0/BitCloud/lib/libBc_Coordinator_Atmega128rfa1_Atmega128rfa1_Gcc.a(machwiResetHandler.o)
 .text.machwdSetTrxStateConfirm
                0x0000b434        0x6 ./../../../../../../Atmel_lib/BitCloud_MEGARF_1_14_0/BitCloud/lib/libBc_Coordinator_Atmega128rfa1_Atmega128rfa1_Gcc.a(machwiResetHandler.o)
 .text.machwdSetConfirm
                0x0000b43a       0x1c ./../../../../../../Atmel_lib/BitCloud_MEGARF_1_14_0/BitCloud/lib/libBc_Coordinator_Atmega128rfa1_Atmega128rfa1_Gcc.a(machwiResetHandler.o)
 .text.machwiResetReqHandler
                0x0000b456       0x72 ./../../../../../../Atmel_lib/BitCloud_MEGARF_1_14_0/BitCloud/lib/libBc_Coordinator_Atmega128rfa1_Atmega128rfa1_Gcc.a(machwiResetHandler.o)
                0x0000b456                machwiResetReqHandler
 .text.machwdSetTrxStateConfirm
                0x0000b4c8       0x12 ./../../../../../../Atmel_lib/BitCloud_MEGARF_1_14_0/BitCloud/lib/libBc_Coordinator_Atmega128rfa1_Atmega128rfa1_Gcc.a(machwiRxEnableHandler.o)
 .text.machwiRxEnableReqHandler
                0x0000b4da       0x3a ./../../../../../../Atmel_lib/BitCloud_MEGARF_1_14_0/BitCloud/lib/libBc_Coordinator_Atmega128rfa1_Atmega128rfa1_Gcc.a(machwiRxEnableHandler.o)
                0x0000b4da                machwiRxEnableReqHandler
 .text.setNextChannel
                0x0000b514       0x7a ./../../../../../../Atmel_lib/BitCloud_MEGARF_1_14_0/BitCloud/lib/libBc_Coordinator_Atmega128rfa1_Atmega128rfa1_Gcc.a(machwiScanHandler.o)
 .text.switchToActiveChannel
                0x0000b58e       0x2c ./../../../../../../Atmel_lib/BitCloud_MEGARF_1_14_0/BitCloud/lib/libBc_Coordinator_Atmega128rfa1_Atmega128rfa1_Gcc.a(machwiScanHandler.o)
 .text.halScanTimerFired
                0x0000b5ba       0x2a ./../../../../../../Atmel_lib/BitCloud_MEGARF_1_14_0/BitCloud/lib/libBc_Coordinator_Atmega128rfa1_Atmega128rfa1_Gcc.a(machwiScanHandler.o)
 .text.machwdDataConfirm
                0x0000b5e4       0x76 ./../../../../../../Atmel_lib/BitCloud_MEGARF_1_14_0/BitCloud/lib/libBc_Coordinator_Atmega128rfa1_Atmega128rfa1_Gcc.a(machwiScanHandler.o)
 .text.machwdEdConfirm
                0x0000b65a       0xf0 ./../../../../../../Atmel_lib/BitCloud_MEGARF_1_14_0/BitCloud/lib/libBc_Coordinator_Atmega128rfa1_Atmega128rfa1_Gcc.a(machwiScanHandler.o)
 .text.trxStateHandling
                0x0000b74a       0x1a ./../../../../../../Atmel_lib/BitCloud_MEGARF_1_14_0/BitCloud/lib/libBc_Coordinator_Atmega128rfa1_Atmega128rfa1_Gcc.a(machwiScanHandler.o)
 .text.finishScan
                0x0000b764        0xe ./../../../../../../Atmel_lib/BitCloud_MEGARF_1_14_0/BitCloud/lib/libBc_Coordinator_Atmega128rfa1_Atmega128rfa1_Gcc.a(machwiScanHandler.o)
 .text.generateScanConfirm
                0x0000b772       0x12 ./../../../../../../Atmel_lib/BitCloud_MEGARF_1_14_0/BitCloud/lib/libBc_Coordinator_Atmega128rfa1_Atmega128rfa1_Gcc.a(machwiScanHandler.o)
 .text.machwdSetConfirm
                0x0000b784      0x2ea ./../../../../../../Atmel_lib/BitCloud_MEGARF_1_14_0/BitCloud/lib/libBc_Coordinator_Atmega128rfa1_Atmega128rfa1_Gcc.a(machwiScanHandler.o)
 .text.machwdSetTrxStateConfirm
                0x0000ba6e       0xf2 ./../../../../../../Atmel_lib/BitCloud_MEGARF_1_14_0/BitCloud/lib/libBc_Coordinator_Atmega128rfa1_Atmega128rfa1_Gcc.a(machwiScanHandler.o)
 .text.machwiScanReqHandler
                0x0000bb60      0x1a0 ./../../../../../../Atmel_lib/BitCloud_MEGARF_1_14_0/BitCloud/lib/libBc_Coordinator_Atmega128rfa1_Atmega128rfa1_Gcc.a(machwiScanHandler.o)
                0x0000bb60                machwiScanReqHandler
 .text.machwiBeaconInd
                0x0000bd00      0x2da ./../../../../../../Atmel_lib/BitCloud_MEGARF_1_14_0/BitCloud/lib/libBc_Coordinator_Atmega128rfa1_Atmega128rfa1_Gcc.a(machwiScanHandler.o)
                0x0000bd00                machwiBeaconInd
 .text.machwiCoordRealignmentCommandInd
                0x0000bfda       0xe6 ./../../../../../../Atmel_lib/BitCloud_MEGARF_1_14_0/BitCloud/lib/libBc_Coordinator_Atmega128rfa1_Atmega128rfa1_Gcc.a(machwiScanHandler.o)
                0x0000bfda                machwiCoordRealignmentCommandInd
 .text.machwiResetScanHandler
                0x0000c0c0        0x6 ./../../../../../../Atmel_lib/BitCloud_MEGARF_1_14_0/BitCloud/lib/libBc_Coordinator_Atmega128rfa1_Atmega128rfa1_Gcc.a(machwiScanHandler.o)
                0x0000c0c0                machwiResetScanHandler
 .text.machwdSetConfirm
                0x0000c0c6        0xe ./../../../../../../Atmel_lib/BitCloud_MEGARF_1_14_0/BitCloud/lib/libBc_Coordinator_Atmega128rfa1_Atmega128rfa1_Gcc.a(machwiSetGetHandler.o)
 .text.machwiGetReqHandler
                0x0000c0d4       0x4c ./../../../../../../Atmel_lib/BitCloud_MEGARF_1_14_0/BitCloud/lib/libBc_Coordinator_Atmega128rfa1_Atmega128rfa1_Gcc.a(machwiSetGetHandler.o)
                0x0000c0d4                machwiGetReqHandler
 .text.machwiSetReqHandler
                0x0000c120       0xae ./../../../../../../Atmel_lib/BitCloud_MEGARF_1_14_0/BitCloud/lib/libBc_Coordinator_Atmega128rfa1_Atmega128rfa1_Gcc.a(machwiSetGetHandler.o)
                0x0000c120                machwiSetReqHandler
 .text.setHandling
                0x0000c1ce       0x64 ./../../../../../../Atmel_lib/BitCloud_MEGARF_1_14_0/BitCloud/lib/libBc_Coordinator_Atmega128rfa1_Atmega128rfa1_Gcc.a(machwiStartHandler.o)
 .text.setStartReqParam
                0x0000c232       0xa8 ./../../../../../../Atmel_lib/BitCloud_MEGARF_1_14_0/BitCloud/lib/libBc_Coordinator_Atmega128rfa1_Atmega128rfa1_Gcc.a(machwiStartHandler.o)
 .text.generateConfirm
                0x0000c2da       0x3a ./../../../../../../Atmel_lib/BitCloud_MEGARF_1_14_0/BitCloud/lib/libBc_Coordinator_Atmega128rfa1_Atmega128rfa1_Gcc.a(machwiStartHandler.o)
 .text.machwdSetConfirm
                0x0000c314      0x19e ./../../../../../../Atmel_lib/BitCloud_MEGARF_1_14_0/BitCloud/lib/libBc_Coordinator_Atmega128rfa1_Atmega128rfa1_Gcc.a(machwiStartHandler.o)
 .text.machwdDataConfirm