Archive member included to satisfy reference by file (symbol)

c:/program files (x86)/atmel/studio/7.0/toolchain/avr8/avr8-gnu-toolchain/bin/../lib/gcc/avr/4.9.2/avr51\libgcc.a(_divmodhi4.o)
                              ./GCC/tfa.o (__divmodhi4)
c:/program files (x86)/atmel/studio/7.0/toolchain/avr8/avr8-gnu-toolchain/bin/../lib/gcc/avr/4.9.2/avr51\libgcc.a(_udivmodsi4.o)
                              ./GCC/main.o (__udivmodsi4)
c:/program files (x86)/atmel/studio/7.0/toolchain/avr8/avr8-gnu-toolchain/bin/../lib/gcc/avr/4.9.2/avr51\libgcc.a(_exit.o)
                              c:/program files (x86)/atmel/studio/7.0/toolchain/avr8/avr8-gnu-toolchain/bin/../lib/gcc/avr/4.9.2/../../../../avr/lib/avr51/crtatmega128rfa1.o (exit)
c:/program files (x86)/atmel/studio/7.0/toolchain/avr8/avr8-gnu-toolchain/bin/../lib/gcc/avr/4.9.2/avr51\libgcc.a(_tablejump2.o)
                              ./GCC/sabre_ms58.o (__tablejump2__)
c:/program files (x86)/atmel/studio/7.0/toolchain/avr8/avr8-gnu-toolchain/bin/../lib/gcc/avr/4.9.2/avr51\libgcc.a(_copy_data.o)
                              ./GCC/main.o (__do_copy_data)
c:/program files (x86)/atmel/studio/7.0/toolchain/avr8/avr8-gnu-toolchain/bin/../lib/gcc/avr/4.9.2/avr51\libgcc.a(_clear_bss.o)
                              ./GCC/main.o (__do_clear_bss)
c:/program files (x86)/atmel/studio/7.0/toolchain/avr8/avr8-gnu-toolchain/bin/../lib/gcc/avr/4.9.2/avr51\libgcc.a(_umulhisi3.o)
                              ./GCC/tal_rx.o (__umulhisi3)
c:/program files (x86)/atmel/studio/7.0/toolchain/avr8/avr8-gnu-toolchain/bin/../lib/gcc/avr/4.9.2/avr51\libgcc.a(_muldi3.o)
                              ./GCC/sabre_ms58.o (__muldi3)
c:/program files (x86)/atmel/studio/7.0/toolchain/avr8/avr8-gnu-toolchain/bin/../lib/gcc/avr/4.9.2/avr51\libgcc.a(_muldi3_6.o)
                              c:/program files (x86)/atmel/studio/7.0/toolchain/avr8/avr8-gnu-toolchain/bin/../lib/gcc/avr/4.9.2/avr51\libgcc.a(_muldi3.o) (__muldi3_6)
c:/program files (x86)/atmel/studio/7.0/toolchain/avr8/avr8-gnu-toolchain/bin/../lib/gcc/avr/4.9.2/avr51\libgcc.a(_mulsidi3.o)
                              ./GCC/sabre_ms58.o (__mulsidi3)
c:/program files (x86)/atmel/studio/7.0/toolchain/avr8/avr8-gnu-toolchain/bin/../lib/gcc/avr/4.9.2/avr51\libgcc.a(_umulsidi3.o)
                              c:/program files (x86)/atmel/studio/7.0/toolchain/avr8/avr8-gnu-toolchain/bin/../lib/gcc/avr/4.9.2/avr51\libgcc.a(_mulsidi3.o) (__umulsidi3_helper)
c:/program files (x86)/atmel/studio/7.0/toolchain/avr8/avr8-gnu-toolchain/bin/../lib/gcc/avr/4.9.2/avr51\libgcc.a(_ashldi3.o)
                              ./GCC/sabre_ms58.o (__ashldi3)
c:/program files (x86)/atmel/studio/7.0/toolchain/avr8/avr8-gnu-toolchain/bin/../lib/gcc/avr/4.9.2/avr51\libgcc.a(_ashrdi3.o)
                              ./GCC/sabre_ms58.o (__ashrdi3)
c:/program files (x86)/atmel/studio/7.0/toolchain/avr8/avr8-gnu-toolchain/bin/../lib/gcc/avr/4.9.2/avr51\libgcc.a(_adddi3.o)
                              ./GCC/sabre_ms58.o (__adddi3)
c:/program files (x86)/atmel/studio/7.0/toolchain/avr8/avr8-gnu-toolchain/bin/../lib/gcc/avr/4.9.2/avr51\libgcc.a(_adddi3_s8.o)
                              ./GCC/tal_init.o (__adddi3_s8)
c:/program files (x86)/atmel/studio/7.0/toolchain/avr8/avr8-gnu-toolchain/bin/../lib/gcc/avr/4.9.2/avr51\libgcc.a(_subdi3.o)
                              ./GCC/sabre_ms58.o (__subdi3)
c:/program files (x86)/atmel/studio/7.0/toolchain/avr8/avr8-gnu-toolchain/bin/../lib/gcc/avr/4.9.2/avr51\libgcc.a(_cmpdi2.o)
                              ./GCC/main.o (__cmpdi2)
c:/program files (x86)/atmel/studio/7.0/toolchain/avr8/avr8-gnu-toolchain/bin/../lib/gcc/avr/4.9.2/avr51\libgcc.a(_cmpdi2_s8.o)
                              ./GCC/tal_init.o (__cmpdi2_s8)
c:/program files (x86)/atmel/studio/7.0/toolchain/avr8/avr8-gnu-toolchain/bin/../lib/gcc/avr/4.9.2/avr51\libgcc.a(_udivmodhi4.o)
                              c:/program files (x86)/atmel/studio/7.0/toolchain/avr8/avr8-gnu-toolchain/bin/../lib/gcc/avr/4.9.2/avr51\libgcc.a(_divmodhi4.o) (__udivmodhi4)
c:/program files (x86)/atmel/studio/7.0/toolchain/avr8/avr8-gnu-toolchain/bin/../lib/gcc/avr/4.9.2/../../../../avr/lib/avr51\libm.a(addsf3.o)
                              ./GCC/tfa.o (__subsf3)
c:/program files (x86)/atmel/studio/7.0/toolchain/avr8/avr8-gnu-toolchain/bin/../lib/gcc/avr/4.9.2/../../../../avr/lib/avr51\libm.a(addsf3x.o)
                              c:/program files (x86)/atmel/studio/7.0/toolchain/avr8/avr8-gnu-toolchain/bin/../lib/gcc/avr/4.9.2/../../../../avr/lib/avr51\libm.a(addsf3.o) (__addsf3x)
c:/program files (x86)/atmel/studio/7.0/toolchain/avr8/avr8-gnu-toolchain/bin/../lib/gcc/avr/4.9.2/../../../../avr/lib/avr51\libm.a(divsf3.o)
                              ./GCC/sabre_tasks.o (__divsf3)
c:/program files (x86)/atmel/studio/7.0/toolchain/avr8/avr8-gnu-toolchain/bin/../lib/gcc/avr/4.9.2/../../../../avr/lib/avr51\libm.a(divsf3x.o)
[...]
Memory Configuration

Name             Origin             Length             Attributes
text             0x00000000         0x00020000         xr
data             0x00800100         0x0000ff00         rw !x
eeprom           0x00810000         0x00010000         rw !x
fuse             0x00820000         0x00000400         rw !x
lock             0x00830000         0x00000400         rw !x
signature        0x00840000         0x00000400         rw !x
user_signatures  0x00850000         0x00000400         rw !x
*default*        0x00000000         0xffffffff

Linker script and memory map

Address of section .data set to 0x800200
LOAD c:/program files (x86)/atmel/studio/7.0/toolchain/avr8/avr8-gnu-toolchain/bin/../lib/gcc/avr/4.9.2/../../../../avr/lib/avr51/crtatmega128rfa1.o
Address of section .data set to 0x800200
LOAD ./GCC/main.o
LOAD ./GCC/sabre_tasks.o
LOAD ./GCC/sabre_ms58.o
LOAD ./GCC/pal_uart.o
LOAD ./GCC/pal_usb_ftdi.o
LOAD ./GCC/pal_sio_hub.o
LOAD ./GCC/pal_irq.o
LOAD ./GCC/pal_twi.o
LOAD ./GCC/pal.o
LOAD ./GCC/pal_mcu_generic.o
LOAD ./GCC/pal_timer.o
LOAD ./GCC/pal_board.o
LOAD ./GCC/pal_utils.o
LOAD ./GCC/bmm.o
LOAD ./GCC/qmm.o
LOAD ./GCC/tal.o
LOAD ./GCC/tal_rx.o
LOAD ./GCC/tal_tx.o
LOAD ./GCC/tal_ed.o
LOAD ./GCC/tal_slotted_csma.o
LOAD ./GCC/tal_pib.o
LOAD ./GCC/tal_init.o
LOAD ./GCC/tal_irq_handler.o
LOAD ./GCC/tal_pwr_mgmt.o
LOAD ./GCC/tal_rx_enable.o
LOAD ./GCC/mac_associate.o
LOAD ./GCC/mac_data_extract_mhr.o
LOAD ./GCC/mac_beacon.o
LOAD ./GCC/mac_callback_wrapper.o
LOAD ./GCC/mac_data_ind.o
LOAD ./GCC/mac_data_req.o
LOAD ./GCC/mac_disassociate.o
LOAD ./GCC/mac_dispatcher.o
LOAD ./GCC/mac.o
LOAD ./GCC/mac_mcps_data.o
LOAD ./GCC/mac_misc.o
LOAD ./GCC/mac_orphan.o
LOAD ./GCC/mac_pib.o
LOAD ./GCC/mac_poll.o
LOAD ./GCC/mac_process_beacon_frame.o
LOAD ./GCC/mac_process_tal_tx_frame_status.o
LOAD ./GCC/mac_rx_enable.o
LOAD ./GCC/mac_scan.o
LOAD ./GCC/mac_start.o
LOAD ./GCC/mac_sync.o
LOAD ./GCC/mac_tx_coord_realignment_command.o
LOAD ./GCC/mac_api.o
LOAD ./GCC/usr_mcps_purge_conf.o
LOAD ./GCC/usr_mlme_beacon_notify_ind.o
LOAD ./GCC/usr_mlme_disassociate_conf.o
LOAD ./GCC/usr_mlme_disassociate_ind.o
LOAD ./GCC/usr_mlme_get_conf.o
LOAD ./GCC/usr_mlme_orphan_ind.o
LOAD ./GCC/usr_mlme_poll_conf.o
LOAD ./GCC/usr_mlme_rx_enable_conf.o
LOAD ./GCC/usr_mlme_sync_loss_ind.o
LOAD ./GCC/sio_handler.o
LOAD ./GCC/tfa.o
START GROUP
LOAD c:/program files (x86)/atmel/studio/7.0/toolchain/avr8/avr8-gnu-toolchain/bin/../lib/gcc/avr/4.9.2/avr51\libgcc.a
LOAD c:/program files (x86)/atmel/studio/7.0/toolchain/avr8/avr8-gnu-toolchain/bin/../lib/gcc/avr/4.9.2/../../../../avr/lib/avr51\libm.a
LOAD c:/program files (x86)/atmel/studio/7.0/toolchain/avr8/avr8-gnu-toolchain/bin/../lib/gcc/avr/4.9.2/../../../../avr/lib/avr51\libc.a
LOAD c:/program files (x86)/atmel/studio/7.0/toolchain/avr8/avr8-gnu-toolchain/bin/../lib/gcc/avr/4.9.2/../../../../avr/lib/avr51\libatmega128rfa1.a
END GROUP

.hash
 *(.hash)

.dynsym
 *(.dynsym)

.dynstr
 *(.dynstr)

.gnu.version
 *(.gnu.version)

.gnu.version_d
 *(.gnu.version_d)

.gnu.version_r
 *(.gnu.version_r)

.rel.init
 *(.rel.init)

.rela.init
 *(.rela.init)

.rel.text
 *(.rel.text)
 *(.rel.text.*)
 *(.rel.gnu.linkonce.t*)

.rela.text
 *(.rela.text)
 *(.rela.text.*)
 *(.rela.gnu.linkonce.t*)

.rel.fini
 *(.rel.fini)

.rela.fini
 *(.rela.fini)

.rel.rodata
 *(.rel.rodata)
 *(.rel.rodata.*)
 *(.rel.gnu.linkonce.r*)

.rela.rodata
 *(.rela.rodata)
 *(.rela.rodata.*)
 *(.rela.gnu.linkonce.r*)

.rel.data
 *(.rel.data)
 *(.rel.data.*)
 *(.rel.gnu.linkonce.d*)

.rela.data
 *(.rela.data)
 *(.rela.data.*)
 *(.rela.gnu.linkonce.d*)

.rel.ctors
 *(.rel.ctors)

.rela.ctors
 *(.rela.ctors)

.rel.dtors
 *(.rel.dtors)

.rela.dtors
 *(.rela.dtors)

.rel.got
 *(.rel.got)

.rela.got
 *(.rela.got)

.rel.bss
 *(.rel.bss)

.rela.bss
 *(.rela.bss)

.rel.plt
 *(.rel.plt)

.rela.plt
 *(.rela.plt)

.text           0x00000000     0xc1d6
 *(.vectors)
 .vectors       0x00000000      0x120 c:/program files (x86)/atmel/studio/7.0/toolchain/avr8/avr8-gnu-toolchain/bin/../lib/gcc/avr/4.9.2/../../../../avr/lib/avr51/crtatmega128rfa1.o
                0x00000000                __vector_default
                0x00000000                __vectors
 *(.vectors)
 *(.progmem.gcc*)
 .progmem.gcc_sw_table
                0x00000120        0xe ./GCC/sabre_ms58.o
 .progmem.gcc_sw_table
                0x0000012e       0x2e ./GCC/tal.o
 .progmem.gcc_sw_table
                0x0000015c      0x3c4 ./GCC/mac_pib.o
 .progmem.gcc_sw_table
                0x00000520       0x1a ./GCC/mac_process_tal_tx_frame_status.o
                0x0000053a                . = ALIGN (0x2)
                0x0000053a                __trampolines_start = .
 *(.trampolines)
 .trampolines   0x0000053a        0x0 linker stubs
 *(.trampolines*)
                0x0000053a                __trampolines_end = .
 *(.progmem*)
 .progmem.data  0x0000053a       0x10 ./GCC/tal_pib.o
                0x0000053a                tx_pwr_table
 .progmem.data  0x0000054a       0x48 ./GCC/mac_dispatcher.o
 .progmem.data  0x00000592       0x29 ./GCC/mac_pib.o
                0x000005bc                . = ALIGN (0x2)
 *fill*         0x000005bb        0x1 
 *(.jumptables)
 *(.jumptables*)
 *(.lowtext)
 *(.lowtext*)
                0x000005bc                __ctors_start = .
 *(.ctors)
                0x000005bc                __ctors_end = .
                0x000005bc                __dtors_start = .
 *(.dtors)
                0x000005bc                __dtors_end = .
 SORT(*)(.ctors)
 SORT(*)(.dtors)
 *(.init0)
 .init0         0x000005bc        0x0 c:/program files (x86)/atmel/studio/7.0/toolchain/avr8/avr8-gnu-toolchain/bin/../lib/gcc/avr/4.9.2/../../../../avr/lib/avr51/crtatmega128rfa1.o
                0x000005bc                __init
 *(.init0)
 *(.init1)
 *(.init1)
 *(.init2)
 .init2         0x000005bc        0xc c:/program files (x86)/atmel/studio/7.0/toolchain/avr8/avr8-gnu-toolchain/bin/../lib/gcc/avr/4.9.2/../../../../avr/lib/avr51/crtatmega128rfa1.o
 *(.init2)
 *(.init3)
 *(.init3)
 *(.init4)
 .init4         0x000005c8       0x1a c:/program files (x86)/atmel/studio/7.0/toolchain/avr8/avr8-gnu-toolchain/bin/../lib/gcc/avr/4.9.2/avr51\libgcc.a(_copy_data.o)
                0x000005c8                __do_copy_data
 .init4         0x000005e2       0x10 c:/program files (x86)/atmel/studio/7.0/toolchain/avr8/avr8-gnu-toolchain/bin/../lib/gcc/avr/4.9.2/avr51\libgcc.a(_clear_bss.o)
                0x000005e2                __do_clear_bss
 *(.init4)
 *(.init5)
 *(.init5)
 *(.init6)
 *(.init6)
 *(.init7)
 *(.init7)
 *(.init8)
 *(.init8)
 *(.init9)
 .init9         0x000005f2        0x8 c:/program files (x86)/atmel/studio/7.0/toolchain/avr8/avr8-gnu-toolchain/bin/../lib/gcc/avr/4.9.2/../../../../avr/lib/avr51/crtatmega128rfa1.o
 *(.init9)
 *(.text)
 .text          0x000005fa        0x4 c:/program files (x86)/atmel/studio/7.0/toolchain/avr8/avr8-gnu-toolchain/bin/../lib/gcc/avr/4.9.2/../../../../avr/lib/avr51/crtatmega128rfa1.o
                0x000005fa                __vector_38
                0x000005fa                __vector_22
                0x000005fa                __vector_28
                0x000005fa                __vector_67
                0x000005fa                __vector_1
                0x000005fa                __vector_32
                0x000005fa                __vector_34
                0x000005fa                __vector_24
                0x000005fa                __vector_12
                0x000005fa                __vector_55
                0x000005fa                __vector_69
                0x000005fa                __vector_46
                0x000005fa                __bad_interrupt
                0x000005fa                __vector_31
                0x000005fa                __vector_35
                0x000005fa                __vector_39
                0x000005fa                __vector_3
                0x000005fa                __vector_23
                0x000005fa                __vector_68
                0x000005fa                __vector_30
                0x000005fa                __vector_45
                0x000005fa                __vector_11
                0x000005fa                __vector_54
                0x000005fa                __vector_13
                0x000005fa                __vector_17
                0x000005fa                __vector_19
                0x000005fa                __vector_56
                0x000005fa                __vector_7
                0x000005fa                __vector_49
                0x000005fa                __vector_41
                0x000005fa                __vector_43
                0x000005fa                __vector_5
                0x000005fa                __vector_33
                0x000005fa                __vector_47
                0x000005fa                __vector_52
                0x000005fa                __vector_37
                0x000005fa                __vector_4
                0x000005fa                __vector_44
                0x000005fa                __vector_51
                0x000005fa                __vector_9
                0x000005fa                __vector_2
                0x000005fa                __vector_21
                0x000005fa                __vector_15
                0x000005fa                __vector_36
                0x000005fa                __vector_29
                0x000005fa                __vector_40
                0x000005fa                __vector_8
                0x000005fa                __vector_26
                0x000005fa                __vector_48
                0x000005fa                __vector_14
                0x000005fa                __vector_53
                0x000005fa                __vector_10
                0x000005fa                __vector_50
                0x000005fa                __vector_16
                0x000005fa                __vector_18
                0x000005fa                __vector_20
                0x000005fa                __vector_42
 .text          0x000005fe      0xd98 ./GCC/main.o
                0x00000630                usr_mlme_reset_conf
                0x00000712                usr_mlme_scan_conf
                0x000009ac                usr_mlme_associate_conf
                0x000009fe                usr_mlme_comm_status_ind
                0x00000a00                usr_mcps_data_conf
                0x00000a32                usr_mlme_set_conf
                0x00000b36                usr_mlme_start_conf
                0x00000bb6                usr_mlme_associate_ind
                0x00000ed4                usr_mcps_data_ind
 .text          0x00001396     0x1cc6 ./GCC/sabre_tasks.o
                0x00001396                sabre_airmems_poll_cb
                0x0000150a                sabre_keys_FAKE_init
                0x0000152c                sabre_keys_FAKE_poll
                0x00001658                sabre_imu_FAKE_init
                0x00001674                sabre_accel_start
                0x000016a2                sabre_airmems_init
                0x0000173e                sabre_airmems_poll
                0x000017f0                sabre_battery_init
                0x00001840                sabre_battery_monitor
                0x000019ca                sabre_comp_init
                0x00001a7e                sabre_comp_start
                0x00001aaa                sabre_data_pack
                0x0000207e                sabre_data_send
                0x0000221a                sabre_gyro_start
                0x00002248                sabre_i2c_read
                0x0000230a                sabre_accel_poll
                0x00002434                sabre_comp_poll
                0x00002552                sabre_gyro_poll
                0x000026aa                sabre_i2c_write
                0x00002724                sabre_accel_init
                0x000027f0                sabre_gyro_init
                0x000028c2                sabre_imu_error
                0x0000296c                sabre_imu_start
                0x000029b8                sabre_imu_timer_cb
                0x00002a18                sabre_keys_init
                0x00002a66                sabre_keys_poll
                0x00002b34                sabre_keys_sort
                0x00002be4                sabre_task
                0x00002e12                sabre_mpu9150_selftest
                0x00002f3a                sabre_imu_init
                0x0000302c                sabre_switches_init
 .text          0x0000305c      0x528 ./GCC/sabre_ms58.o
                0x0000305c                sabre_ms58_reset
                0x00003070                sabre_ms58_read_prom
                0x00003110                sabre_ms58_start_conversion
                0x00003190                sabre_ms58_read_adc
                0x000031e6                sabre_ms58_calculate
 .text          0x00003584      0x228 ./GCC/pal_uart.o
                0x00003584                sio_uart_0_init
                0x000035ee                sio_uart_0_tx
                0x00003678                sio_uart_0_rx
                0x000036fc                __vector_25
                0x00003754                __vector_27
 .text          0x000037ac        0x0 ./GCC/pal_usb_ftdi.o
 .text          0x000037ac       0x3c ./GCC/pal_sio_hub.o
                0x000037ac                pal_sio_init
                0x000037c4                pal_sio_tx
                0x000037d6                pal_sio_rx
 .text          0x000037e8      0x1f8 ./GCC/pal_irq.o
                0x000037e8                pal_trx_irq_init_tx_end
                0x000037f2                pal_trx_irq_init_rx_end
                0x000037fc                pal_trx_irq_init_cca_ed
                0x00003806                pal_trx_irq_init_tstamp
                0x00003810                __vector_63
                0x00003866                __vector_60
                0x000038bc                __vector_61
                0x00003912                __vector_64
                0x00003926                __vector_59
                0x0000397c                __vector_57
                0x00003990                __vector_58
                0x000039a4                __vector_62
                0x000039b8                __vector_71
                0x000039cc                __vector_70
 .text          0x000039e0       0xfe ./GCC/pal_twi.o
                0x000039e0                pal_twi_init
                0x000039ec                pal_twi_start
                0x00003a30                pal_twi_start_wait
                0x00003a7e                pal_twi_rep_start
                0x00003a82                pal_twi_stop
                0x00003a92                pal_twi_write
                0x00003ab6                pal_twi_read_ack
                0x00003aca                pal_twi_read_nak
 .text          0x00003ade      0x118 ./GCC/pal.o
                0x00003ade                pal_init
                0x00003b0a                pal_task
                0x00003b0e                pal_ps_get
                0x00003b7e                pal_ps_set
                0x00003be0                pal_alert
 .text          0x00003bf6       0x46 ./GCC/pal_mcu_generic.o
                0x00003bf6                mcu_init
 .text          0x00003c3c      0x8be ./GCC/pal_timer.o
                0x00003d72                timer_init
                0x00003dd4                pal_timer_source_select
                0x00003dd6                pal_get_current_time
                0x00003e22                pal_trx_read_timestamp
                0x00003e66                pal_timer_delay
                0x00003ebe                pal_is_timer_running
                0x00003ee6                internal_timer_handler
                0x00003f7a                timer_service
                0x00004000                pal_timer_start
                0x000042de                pal_timer_stop
                0x0000447e                __vector_65
                0x000044d0                __vector_66
 .text          0x000044fa       0xba ./GCC/pal_board.o
                0x000044fa                pal_calibrate_rc_osc
                0x000044fe                pal_led_init
                0x0000450c                pal_led
                0x0000456e                pal_button_init
                0x00004574                pal_button_read
                0x0000457e                gpio_init
                0x00004580                pal_sleep_mode
                0x0000459e                __vector_6
 .text          0x000045b4        0x0 ./GCC/pal_utils.o
 .text          0x000045b4       0x5a ./GCC/bmm.o
                0x000045b4                bmm_buffer_init
                0x000045f2                bmm_buffer_alloc
                0x000045fe                bmm_buffer_free
 .text          0x0000460e      0x17a ./GCC/qmm.o
                0x000046fe                qmm_queue_init
                0x0000470c                qmm_queue_append
                0x00004742                qmm_queue_remove
                0x0000474c                qmm_queue_read
                0x00004756                qmm_queue_flush
 .text          0x00004788      0x38c ./GCC/tal.o
                0x000047b0                set_trx_state
                0x00004a98                tal_task
 .text          0x00004b14      0x17e ./GCC/tal_rx.o
                0x00004b14                handle_received_frame_irq
                0x00004c00                process_incoming_frame
 .text          0x00004c92      0x208 ./GCC/tal_tx.o
                0x00004c92                tx_done_handling
                0x00004d0c                send_frame
                0x00004e14                tal_tx_frame
                0x00004e4a                handle_tx_end_irq
 .text          0x00004e9a      0x16a ./GCC/tal_ed.o
                0x00004ee8                tal_ed_start
                0x00004fa2                ed_scan_done
 .text          0x00005004        0x0 ./GCC/tal_slotted_csma.o
 .text          0x00005004      0x394 ./GCC/tal_pib.o
                0x0000507c                init_tal_pib
                0x000050d8                write_all_tal_pib_to_trx
                0x00005192                tal_pib_set
 .text          0x00005398      0x2d0 ./GCC/tal_init.o
                0x00005398                tal_generate_rand_seed
                0x000054ea                tal_init
                0x0000560a                tal_reset
 .text          0x00005668       0x28 ./GCC/tal_irq_handler.o
                0x00005668                trx_rx_end_handler_cb
                0x00005678                trx_tx_end_handler_cb
                0x00005688                trx_irq_timestamp_handler_cb
 .text          0x00005690       0x5a ./GCC/tal_pwr_mgmt.o
                0x00005690                tal_trx_sleep
                0x000056cc                tal_trx_wakeup
 .text          0x000056ea       0x3c ./GCC/tal_rx_enable.o
                0x000056ea                tal_rx_enable
 .text          0x00005726      0x5b4 ./GCC/mac_associate.o
                0x00005726                mac_t_assocresponsetime_cb
                0x00005798                mac_gen_mlme_associate_conf
                0x000057b2                mlme_associate_request
                0x000059b8                mac_process_associate_request
                0x00005a0e                mlme_associate_response
                0x00005b1e                mac_process_associate_response
                0x00005c22                mac_t_response_wait_cb
 .text          0x00005cda      0x168 ./GCC/mac_data_extract_mhr.o
                0x00005cda                mac_extract_mhr_addr_info
 .text          0x00005e42      0x26e ./GCC/mac_beacon.o
                0x00005ece                mac_build_and_tx_beacon
                0x000060a8                mac_process_beacon_request
 .text          0x000060b0      0x3f8 ./GCC/mac_callback_wrapper.o
                0x000060b0                mcps_data_ind
                0x0000617c                mcps_data_conf
                0x000061a0                mcps_purge_conf
                0x000061bc                mlme_associate_conf
                0x000061da                mlme_associate_ind
                0x00006208                mlme_beacon_notify_ind
                0x00006240                mlme_comm_status_ind
                0x000062e0                mlme_disassociate_conf
                0x00006354                mlme_disassociate_ind
                0x00006382                mlme_get_conf
                0x000063a4                mlme_orphan_ind
                0x000063cc                mlme_poll_conf
                0x000063e6                mlme_reset_conf
                0x00006400                mlme_rx_enable_conf
                0x0000641a                mlme_scan_conf
                0x0000645e                mlme_set_conf
                0x0000647a                mlme_start_conf
                0x00006494                mlme_sync_loss_ind
 .text          0x000064a8      0x708 ./GCC/mac_data_ind.o
                0x00006692                mac_process_tal_data_ind
                0x00006b98                tal_rx_frame_cb
 .text          0x00006bb0      0x56e ./GCC/mac_data_req.o
                0x00006c86                mac_build_and_tx_data_req
                0x00006eae                mac_handle_tx_null_data_frame
                0x00007038                mac_process_data_request
 .text          0x0000711e      0x4e2 ./GCC/mac_disassociate.o
                0x000071ac                mlme_disassociate_request
                0x000073cc                mac_process_disassociate_notification
                0x00007450                mac_prep_disassoc_conf
 .text          0x00007600       0x2a ./GCC/mac_dispatcher.o
                0x00007600                dispatch_event
 .text          0x0000762a       0x8c ./GCC/mac.o
                0x0000762a                mac_task
                0x00007680                mac_ready_to_sleep
 .text          0x000076b6      0x870 ./GCC/mac_mcps_data.o
                0x000076f6                mac_gen_mcps_data_conf
                0x0000771e                mac_process_data_frame
                0x00007a04                mac_start_persistence_timer
                0x00007a42                mcps_data_request
                0x00007eaa                mcps_purge_request
 .text          0x00007f26      0x31c ./GCC/mac_misc.o
                0x0000803c                mac_sleep_trans
                0x00008058                mac_init
                0x00008098                mac_mlme_comm_status
                0x00008156                mac_trx_init_sleep
                0x00008162                mac_trx_wakeup
                0x00008180                mac_idle_trans
                0x000081cc                mlme_reset_request
 .text          0x00008242       0x98 ./GCC/mac_orphan.o
                0x00008242                mac_process_orphan_notification
                0x000082a0                mlme_orphan_response
 .text          0x000082da      0x4c2 ./GCC/mac_pib.o
                0x000082da                mlme_get_request
                0x000084cc                mlme_set
                0x000086d8                mlme_set_request
                0x00008712                set_tal_pib_internal
                0x0000875a                mac_get_pib_attribute_size
 .text          0x0000879c      0x14a ./GCC/mac_poll.o
                0x000087c0                mlme_poll_request
                0x00008876                mac_t_poll_wait_time_cb
                0x000088a0                mac_process_data_response
 .text          0x000088e6      0x364 ./GCC/mac_process_beacon_frame.o
                0x000088e6                mac_process_beacon_frame
 .text          0x00008c4a      0x312 ./GCC/mac_process_tal_tx_frame_status.o
                0x00008c5e                tal_tx_frame_done_cb
 .text          0x00008f5c      0x16a ./GCC/mac_rx_enable.o
                0x00008fba                mlme_rx_enable_request
 .text          0x000090c6      0x76e ./GCC/mac_scan.o
                0x000090fc                send_scan_cmd
                0x00009472                mac_scan_send_complete
                0x00009556                mlme_scan_request
                0x0000971a                tal_ed_end_cb
                0x0000978a                mac_process_orphan_realign
 .text          0x00009834      0x1b8 ./GCC/mac_start.o
                0x00009834                mlme_start_request
                0x00009994                mac_coord_realignment_command_tx_success
 .text          0x000099ec       0xf6 ./GCC/mac_sync.o
                0x000099ec                mac_sync_loss
                0x00009a7c                mac_process_coord_realign
 .text          0x00009ae2      0x1dc ./GCC/mac_tx_coord_realignment_command.o
                0x00009ae2                mac_tx_coord_realignment_command
 .text          0x00009cbe      0x5d2 ./GCC/mac_api.o
                0x00009cbe                wpan_init
                0x00009cca                wpan_task
                0x00009cf6                wpan_mcps_data_req
                0x00009dac                wpan_mcps_purge_req
                0x00009ddc                wpan_mlme_associate_req
                0x00009e64                wpan_mlme_associate_resp
                0x00009ef0                wpan_mlme_disassociate_req
                0x00009f70                wpan_mlme_orphan_resp
                0x00009ffc                wpan_mlme_reset_req
                0x0000a02c                wpan_mlme_get_req
                0x0000a05c                wpan_mlme_set_req
                0x0000a0ba                wpan_mlme_rx_enable_req
                0x0000a13e                wpan_mlme_scan_req
                0x0000a1ae                wpan_mlme_start_req
                0x0000a224                wpan_mlme_poll_req
 .text          0x0000a290        0x2 ./GCC/usr_mcps_purge_conf.o
                0x0000a290                usr_mcps_purge_conf
 .text          0x0000a292        0x2 ./GCC/usr_mlme_beacon_notify_ind.o
                0x0000a292                usr_mlme_beacon_notify_ind
 .text          0x0000a294        0x2 ./GCC/usr_mlme_disassociate_conf.o
                0x0000a294                usr_mlme_disassociate_conf
 .text          0x0000a296        0x2 ./GCC/usr_mlme_disassociate_ind.o
                0x0000a296                usr_mlme_disassociate_ind
 .text          0x0000a298        0x2 ./GCC/usr_mlme_get_conf.o
                0x0000a298                usr_mlme_get_conf
 .text          0x0000a29a        0x2 ./GCC/usr_mlme_orphan_ind.o
                0x0000a29a                usr_mlme_orphan_ind
 .text          0x0000a29c        0x2 ./GCC/usr_mlme_poll_conf.o
                0x0000a29c                usr_mlme_poll_conf
 .text          0x0000a29e        0x2 ./GCC/usr_mlme_rx_enable_conf.o
                0x0000a29e                usr_mlme_rx_enable_conf
 .text          0x0000a2a0        0x2 ./GCC/usr_mlme_sync_loss_ind.o
                0x0000a2a0                usr_mlme_sync_loss_ind
 .text          0x0000a2a2       0xe4 ./GCC/sio_handler.o
                0x0000a2a2                _sio_putchar
                0x0000a2f8                _sio_getchar
                0x0000a320                _sio_getchar_nowait
                0x0000a34e                sio_binarywrite
 .text          0x0000a386      0x4c4 ./GCC/tfa.o
                0x0000a3d4                tfa_pib_get
                0x0000a3e8                tfa_pib_set
                0x0000a3f6                tfa_init
                0x0000a408                tfa_reset
                0x0000a41a                tfa_cca_perform
                0x0000a478                tfa_ed_sample
                0x0000a500                tfa_get_batmon_voltage
                0x0000a640                tfa_get_temperature
                0x0000a758                tfa_continuous_tx_start
                0x0000a844                tfa_continuous_tx_stop
 .text          0x0000a84a        0x0 c:/program files (x86)/atmel/studio/7.0/toolchain/avr8/avr8-gnu-toolchain/bin/../lib/gcc/avr/4.9.2/avr51\libgcc.a(_divmodhi4.o)
 .text          0x0000a84a        0x0 c:/program files (x86)/atmel/studio/7.0/toolchain/avr8/avr8-gnu-toolchain/bin/../lib/gcc/avr/4.9.2/avr51\libgcc.a(_udivmodsi4.o)
 .text          0x0000a84a        0x0 c:/program files (x86)/atmel/studio/7.0/toolchain/avr8/avr8-gnu-toolchain/bin/../lib/gcc/avr/4.9.2/avr51\libgcc.a(_exit.o)
 .text          0x0000a84a        0x0 c:/program files (x86)/atmel/studio/7.0/toolchain/avr8/avr8-gnu-toolchain/bin/../lib/gcc/avr/4.9.2/avr51\libgcc.a(_tablejump2.o)
 .text          0x0000a84a        0x0 c:/program files (x86)/atmel/studio/7.0/toolchain/avr8/avr8-gnu-toolchain/bin/../lib/gcc/avr/4.9.2/avr51\libgcc.a(_copy_data.o)
 .text          0x0000a84a        0x0 c:/program files (x86)/atmel/studio/7.0/toolchain/avr8/avr8-gnu-toolchain/bin/../lib/gcc/avr/4.9.2/avr51\libgcc.a(_clear_bss.o)
 .text          0x0000a84a        0x0 c:/program files (x86)/atmel/studio/7.0/toolchain/avr8/avr8-gnu-toolchain/bin/../lib/gcc/avr/4.9.2/avr51\libgcc.a(_umulhisi3.o)
 .text          0x0000a84a        0x0 c:/program files (x86)/atmel/studio/7.0/toolchain/avr8/avr8-gnu-toolchain/bin/../lib/gcc/avr/4.9.2/avr51\libgcc.a(_muldi3.o)
 .text          0x0000a84a        0x0 c:/program files (x86)/atmel/studio/7.0/toolchain/avr8/avr8-gnu-toolchain/bin/../lib/gcc/avr/4.9.2/avr51\libgcc.a(_muldi3_6.o)
 .text          0x0000a84a        0x0 c:/program files (x86)/atmel/studio/7.0/toolchain/avr8/avr8-gnu-toolchain/bin/../lib/gcc/avr/4.9.2/avr51\libgcc.a(_mulsidi3.o)
 .text          0x0000a84a        0x0 c:/program files (x86)/atmel/studio/7.0/toolchain/avr8/avr8-gnu-toolchain/bin/../lib/gcc/avr/4.9.2/avr51\libgcc.a(_umulsidi3.o)
 .text          0x0000a84a        0x0 c:/program files (x86)/atmel/studio/7.0/toolchain/avr8/avr8-gnu-toolchain/bin/../lib/gcc/avr/4.9.2/avr51\libgcc.a(_ashldi3.o)
 .text          0x0000a84a        0x0 c:/program files (x86)/atmel/studio/7.0/toolchain/avr8/avr8-gnu-toolchain/bin/../lib/gcc/avr/4.9.2/avr51\libgcc.a(_ashrdi3.o)
 .text          0x0000a84a        0x0 c:/program files (x86)/atmel/studio/7.0/toolchain/avr8/avr8-gnu-toolchain/bin/../lib/gcc/avr/4.9.2/avr51\libgcc.a(_adddi3.o)
 .text          0x0000a84a        0x0 c:/program files (x86)/atmel/studio/7.0/toolchain/avr8/avr8-gnu-toolchain/bin/../lib/gcc/avr/4.9.2/avr51\libgcc.a(_adddi3_s8.o)
 .text          0x0000a84a        0x0 c:/program files (x86)/atmel/studio/7.0/toolchain/avr8/avr8-gnu-toolchain/bin/../lib/gcc/avr/4.9.2/avr51\libgcc.a(_subdi3.o)
 .text          0x0000a84a        0x0 c:/program files (x86)/atmel/studio/7.0/toolchain/avr8/avr8-gnu-toolchain/bin/../lib/gcc/avr/4.9.2/avr51\libgcc.a(_cmpdi2.o)
 .text          0x0000a84a        0x0 c:/program files (x86)/atmel/studio/7.0/toolchain/avr8/avr8-gnu-toolchain/bin/../lib/gcc/avr/4.9.2/avr51\libgcc.a(_cmpdi2_s8.o)
 .text          0x0000a84a        0x0 c:/program files (x86)/atmel/studio/7.0/toolchain/avr8/avr8-gnu-toolchain/bin/../lib/gcc/avr/4.9.2/avr51\libgcc.a(_udivmodhi4.o)
 .text          0x0000a84a        0x0 c:/program files (x86)/atmel/studio/7.0/toolchain/avr8/avr8-gnu-toolchain/bin/../lib/gcc/avr/4.9.2/../../../../avr/lib/avr51\libm.a(addsf3.o)
 .text          0x0000a84a        0x0 c:/program files (x86)/atmel/studio/7.0/toolchain/avr8/avr8-gnu-toolchain/bin/../lib/gcc/avr/4.9.2/../../../../avr/lib/avr51\libm.a(addsf3x.o)
 .text          0x0000a84a        0x0 c:/program files (x86)/atmel/studio/7.0/toolchain/avr8/avr8-gnu-toolchain/bin/../lib/gcc/avr/4.9.2/../../../../avr/lib/avr51\libm.a(divsf3.o)
 .text          0x0000a84a        0x0 c:/program files (x86)/atmel/studio/7.0/toolchain/avr8/avr8-gnu-toolchain/bin/../lib/gcc/avr/4.9.2/../../../../avr/lib/avr51\libm.a(divsf3x.o)
 .text          0x0000a84a        0x0 c:/program files (x86)/atmel/studio/7.0/toolchain/avr8/avr8-gnu-toolchain/bin/../lib/gcc/avr/4.9.2/../../../../avr/lib/avr51\libm.a(fixunssfsi.o)
 .text          0x0000a84a        0x0 c:/program files (x86)/atmel/studio/7.0/toolchain/avr8/avr8-gnu-toolchain/bin/../lib/gcc/avr/4.9.2/../../../../avr/lib/avr51\libm.a(floatsisf.o)
 .text          0x0000a84a        0x0 c:/program files (x86)/atmel/studio/7.0/toolchain/avr8/avr8-gnu-toolchain/bin/../lib/gcc/avr/4.9.2/../../../../avr/lib/avr51\libm.a(fp_inf.o)
 .text          0x0000a84a        0x0 c:/program files (x86)/atmel/studio/7.0/toolchain/avr8/avr8-gnu-toolchain/bin/../lib/gcc/avr/4.9.2/../../../../avr/lib/avr51\libm.a(fp_nan.o)
 .text          0x0000a84a        0x0 c:/program files (x86)/atmel/studio/7.0/toolchain/avr8/avr8-gnu-toolchain/bin/../lib/gcc/avr/4.9.2/../../../../avr/lib/avr51\libm.a(fp_pscA.o)
 .text          0x0000a84a        0x0 c:/program files (x86)/atmel/studio/7.0/toolchain/avr8/avr8-gnu-toolchain/bin/../lib/gcc/avr/4.9.2/../../../../avr/lib/avr51\libm.a(fp_pscB.o)
 .text          0x0000a84a        0x0 c:/program files (x86)/atmel/studio/7.0/toolchain/avr8/avr8-gnu-toolchain/bin/../lib/gcc/avr/4.9.2/../../../../avr/lib/avr51\libm.a(fp_round.o)
 .text          0x0000a84a        0x0 c:/program files (x86)/atmel/studio/7.0/toolchain/avr8/avr8-gnu-toolchain/bin/../lib/gcc/avr/4.9.2/../../../../avr/lib/avr51\libm.a(fp_split3.o)
 .text          0x0000a84a        0x0 c:/program files (x86)/atmel/studio/7.0/toolchain/avr8/avr8-gnu-toolchain/bin/../lib/gcc/avr/4.9.2/../../../../avr/lib/avr51\libm.a(fp_zero.o)
 .text          0x0000a84a        0x0 c:/program files (x86)/atmel/studio/7.0/toolchain/avr8/avr8-gnu-toolchain/bin/../lib/gcc/avr/4.9.2/../../../../avr/lib/avr51\libm.a(mulsf3.o)
 .text          0x0000a84a        0x0 c:/program files (x86)/atmel/studio/7.0/toolchain/avr8/avr8-gnu-toolchain/bin/../lib/gcc/avr/4.9.2/../../../../avr/lib/avr51\libm.a(mulsf3x.o)
 .text          0x0000a84a        0x0 c:/program files (x86)/atmel/studio/7.0/toolchain/avr8/avr8-gnu-toolchain/bin/../lib/gcc/avr/4.9.2/../../../../avr/lib/avr51\libc.a(malloc.o)
 .text          0x0000a84a        0x0 c:/program files (x86)/atmel/studio/7.0/toolchain/avr8/avr8-gnu-toolchain/bin/../lib/gcc/avr/4.9.2/../../../../avr/lib/avr51\libc.a(rand.o)
 .text          0x0000a84a        0x0 c:/program files (x86)/atmel/studio/7.0/toolchain/avr8/avr8-gnu-toolchain/bin/../lib/gcc/avr/4.9.2/../../../../avr/lib/avr51\libc.a(memcpy.o)
 .text          0x0000a84a        0x0 c:/program files (x86)/atmel/studio/7.0/toolchain/avr8/avr8-gnu-toolchain/bin/../lib/gcc/avr/4.9.2/../../../../avr/lib/avr51\libc.a(fdevopen.o)
 .text          0x0000a84a        0x0 c:/program files (x86)/atmel/studio/7.0/toolchain/avr8/avr8-gnu-toolchain/bin/../lib/gcc/avr/4.9.2/../../../../avr/lib/avr51\libc.a(iob.o)
 .text          0x0000a84a        0x0 c:/program files (x86)/atmel/studio/7.0/toolchain/avr8/avr8-gnu-toolchain/bin/../lib/gcc/avr/4.9.2/../../../../avr/lib/avr51\libc.a(printf.o)
 .text          0x0000a84a        0x0 c:/program files (x86)/atmel/studio/7.0/toolchain/avr8/avr8-gnu-toolchain/bin/../lib/gcc/avr/4.9.2/../../../../avr/lib/avr51\libc.a(putchar.o)
 .text          0x0000a84a        0x0 c:/program files (x86)/atmel/studio/7.0/toolchain/avr8/avr8-gnu-toolchain/bin/../lib/gcc/avr/4.9.2/../../../../avr/lib/avr51\libc.a(puts.o)
 .text          0x0000a84a        0x0 c:/program files (x86)/atmel/studio/7.0/toolchain/avr8/avr8-gnu-toolchain/bin/../lib/gcc/avr/4.9.2/../../../../avr/lib/avr51\libc.a(vfprintf_std.o)
 .text          0x0000a84a        0x0 c:/program files (x86)/atmel/studio/7.0/toolchain/avr8/avr8-gnu-toolchain/bin/../lib/gcc/avr/4.9.2/../../../../avr/lib/avr51\libc.a(calloc.o)
 .text          0x0000a84a        0x0 c:/program files (x86)/atmel/studio/7.0/toolchain/avr8/avr8-gnu-toolchain/bin/../lib/gcc/avr/4.9.2/../../../../avr/lib/avr51\libc.a(strnlen_P.o)
 .text          0x0000a84a        0x0 c:/program files (x86)/atmel/studio/7.0/toolchain/avr8/avr8-gnu-toolchain/bin/../lib/gcc/avr/4.9.2/../../../../avr/lib/avr51\libc.a(memset.o)
 .text          0x0000a84a        0x0 c:/program files (x86)/atmel/studio/7.0/toolchain/avr8/avr8-gnu-toolchain/bin/../lib/gcc/avr/4.9.2/../../../../avr/lib/avr51\libc.a(strnlen.o)
 .text          0x0000a84a        0x0 c:/program files (x86)/atmel/studio/7.0/toolchain/avr8/avr8-gnu-toolchain/bin/../lib/gcc/avr/4.9.2/../../../../avr/lib/avr51\libc.a(fputc.o)
 .text          0x0000a84a        0x0 c:/program files (x86)/atmel/studio/7.0/toolchain/avr8/avr8-gnu-toolchain/bin/../lib/gcc/avr/4.9.2/../../../../avr/lib/avr51\libc.a(ultoa_invert.o)
 .text          0x0000a84a        0x0 c:/program files (x86)/atmel/studio/7.0/toolchain/avr8/avr8-gnu-toolchain/bin/../lib/gcc/avr/4.9.2/../../../../avr/lib/avr51\libatmega128rfa1.a(eerd_byte.o)
 .text          0x0000a84a        0x0 c:/program files (x86)/atmel/studio/7.0/toolchain/avr8/avr8-gnu-toolchain/bin/../lib/gcc/avr/4.9.2/../../../../avr/lib/avr51\libatmega128rfa1.a(eewr_byte.o)
 .text          0x0000a84a        0x0 c:/program files (x86)/atmel/studio/7.0/toolchain/avr8/avr8-gnu-toolchain/bin/../lib/gcc/avr/4.9.2/avr51\libgcc.a(_divmodsi4.o)
 .text          0x0000a84a        0x0 c:/program files (x86)/atmel/studio/7.0/toolchain/avr8/avr8-gnu-toolchain/bin/../lib/gcc/avr/4.9.2/avr51\libgcc.a(_negsi2.o)
 .text          0x0000a84a        0x0 c:/program files (x86)/atmel/studio/7.0/toolchain/avr8/avr8-gnu-toolchain/bin/../lib/gcc/avr/4.9.2/avr51\libgcc.a(_muluhisi3.o)
 .text          0x0000a84a        0x0 c:/program files (x86)/atmel/studio/7.0/toolchain/avr8/avr8-gnu-toolchain/bin/../lib/gcc/avr/4.9.2/avr51\libgcc.a(_mulshisi3.o)
                0x0000a84a                . = ALIGN (0x2)
 *(.text.*)
 .text.startup  0x0000a84a      0x84a ./GCC/main.o
                0x0000a84a                main
 .text.libgcc.mul
                0x0000b094        0x0 c:/program files (x86)/atmel/studio/7.0/toolchain/avr8/avr8-gnu-toolchain/bin/../lib/gcc/avr/4.9.2/avr51\libgcc.a(_divmodhi4.o)
 .text.libgcc.div
                0x0000b094       0x28 c:/program files (x86)/atmel/studio/7.0/toolchain/avr8/avr8-gnu-toolchain/bin/../lib/gcc/avr/4.9.2/avr51\libgcc.a(_divmodhi4.o)
                0x0000b094                _div
                0x0000b094                __divmodhi4
 .text.libgcc   0x0000b0bc        0x0 c:/program files (x86)/atmel/studio/7.0/toolchain/avr8/avr8-gnu-toolchain/bin/../lib/gcc/avr/4.9.2/avr51\libgcc.a(_divmodhi4.o)
 .text.libgcc.prologue
                0x0000b0bc        0x0 c:/program files (x86)/atmel/studio/7.0/toolchain/avr8/avr8-gnu-toolchain/bin/../lib/gcc/avr/4.9.2/avr51\libgcc.a(_divmodhi4.o)
 .text.libgcc.builtins
                0x0000b0bc        0x0 c:/program files (x86)/atmel/studio/7.0/toolchain/avr8/avr8-gnu-toolchain/bin/../lib/gcc/avr/4.9.2/avr51\libgcc.a(_divmodhi4.o)
 .text.libgcc.fmul
                0x0000b0bc        0x0 c:/program files (x86)/atmel/studio/7.0/toolchain/avr8/avr8-gnu-toolchain/bin/../lib/gcc/avr/4.9.2/avr51\libgcc.a(_divmodhi4.o)
 .text.libgcc.fixed
                0x0000b0bc        0x0 c:/program files (x86)/atmel/studio/7.0/toolchain/avr8/avr8-gnu-toolchain/bin/../lib/gcc/avr/4.9.2/avr51\libgcc.a(_divmodhi4.o)
 .text.libgcc.mul
                0x0000b0bc        0x0 c:/program files (x86)/atmel/studio/7.0/toolchain/avr8/avr8-gnu-toolchain/bin/../lib/gcc/avr/4.9.2/avr51\libgcc.a(_udivmodsi4.o)
 .text.libgcc.div
                0x0000b0bc       0x44 c:/program files (x86)/atmel/studio/7.0/toolchain/avr8/avr8-gnu-toolchain/bin/../lib/gcc/avr/4.9.2/avr51\libgcc.a(_udivmodsi4.o)
                0x0000b0bc                __udivmodsi4
 .text.libgcc   0x0000b100        0x0 c:/program files (x86)/atmel/studio/7.0/toolchain/avr8/avr8-gnu-toolchain/bin/../lib/gcc/avr/4.9.2/avr51\libgcc.a(_udivmodsi4.o)
 .text.libgcc.prologue
                0x0000b100        0x0 c:/program files (x86)/atmel/studio/7.0/toolchain/avr8/avr8-gnu-toolchain/bin/../lib/gcc/avr/4.9.2/avr51\libgcc.a(_udivmodsi4.o)
 .text.libgcc.builtins
                0x0000b100        0x0 c:/program files (x86)/atmel/studio/7.0/toolchain/avr8/avr8-gnu-toolchain/bin/../lib/gcc/avr/4.9.2/avr51\libgcc.a(_udivmodsi4.o)
 .text.libgcc.fmul
                0x0000b100        0x0 c:/program files (x86)/atmel/studio/7.0/toolchain/avr8/avr8-gnu-toolchain/bin/../lib/gcc/avr/4.9.2/avr51\libgcc.a(_udivmodsi4.o)
 .text.libgcc.fixed
                0x0000b100        0x0 c:/program files (x86)/atmel/studio/7.0/toolchain/avr8/avr8-gnu-toolchain/bin/../lib/gcc/avr/4.9.2/avr51\libgcc.a(_udivmodsi4.o)
 .text.libgcc.mul
                0x0000b100        0x0 c:/program files (x86)/atmel/studio/7.0/toolchain/avr8/avr8-gnu-toolchain/bin/../lib/gcc/avr/4.9.2/avr51\libgcc.a(_exit.o)
 .text.libgcc.div
                0x0000b100        0x0 c:/program files (x86)/atmel/studio/7.0/toolchain/avr8/avr8-gnu-toolchain/bin/../lib/gcc/avr/4.9.2/avr51\libgcc.a(_exit.o)
 .text.libgcc   0x0000b100        0x0 c:/program files (x86)/atmel/studio/7.0/toolchain/avr8/avr8-gnu-toolchain/bin/../lib/gcc/avr/4.9.2/avr51\libgcc.a(_exit.o)
 .text.libgcc.prologue
                0x0000b100        0x0 c:/program files (x86)/atmel/studio/7.0/toolchain/avr8/avr8-gnu-toolchain/bin/../lib/gcc/avr/4.9.2/avr51\libgcc.a(_exit.o)
 .text.libgcc.builtins
                0x0000b100        0x0 c:/program files (x86)/atmel/studio/7.0/toolchain/avr8/avr8-gnu-toolchain/bin/../lib/gcc/avr/4.9.2/avr51\libgcc.a(_exit.o)
 .text.libgcc.fmul
                0x0000b100        0x0 c:/program files (x86)/atmel/studio/7.0/toolchain/avr8/avr8-gnu-toolchain/bin/../lib/gcc/avr/4.9.2/avr51\libgcc.a(_exit.o)
 .text.libgcc.fixed
                0x0000b100        0x0 c:/program files (x86)/atmel/studio/7.0/toolchain/avr8/avr8-gnu-toolchain/bin/../lib/gcc/avr/4.9.2/avr51\libgcc.a(_exit.o)
 .text.libgcc.mul
                0x0000b100        0x0 c:/program files (x86)/atmel/studio/7.0/toolchain/avr8/avr8-gnu-toolchain/bin/../lib/gcc/avr/4.9.2/avr51\libgcc.a(_tablejump2.o)
 .text.libgcc.div
                0x0000b100        0x0 c:/program files (x86)/atmel/studio/7.0/toolchain/avr8/avr8-gnu-toolchain/bin/../lib/gcc/avr/4.9.2/avr51\libgcc.a(_tablejump2.o)
 .text.libgcc   0x0000b100       0x12 c:/program files (x86)/atmel/studio/7.0/toolchain/avr8/avr8-gnu-toolchain/bin/../lib/gcc/avr/4.9.2/avr51\libgcc.a(_tablejump2.o)
                0x0000b100                __tablejump2__
 .text.libgcc.prologue
                0x0000b112        0x0 c:/program files (x86)/atmel/studio/7.0/toolchain/avr8/avr8-gnu-toolchain/bin/../lib/gcc/avr/4.9.2/avr51\libgcc.a(_tablejump2.o)
 .text.libgcc.builtins
                0x0000b112        0x0 c:/program files (x86)/atmel/studio/7.0/toolchain/avr8/avr8-gnu-toolchain/bin/../lib/gcc/avr/4.9.2/avr51\libgcc.a(_tablejump2.o)
 .text.libgcc.fmul
                0x0000b112        0x0 c:/program files (x86)/atmel/studio/7.0/toolchain/avr8/avr8-gnu-toolchain/bin/../lib/gcc/avr/4.9.2/avr51\libgcc.a(_tablejump2.o)
 .text.libgcc.fixed
                0x0000b112        0x0 c:/program files (x86)/atmel/studio/7.0/toolchain/avr8/avr8-gnu-toolchain/bin/../lib/gcc/avr/4.9.2/avr51\libgcc.a(_tablejump2.o)
 .text.libgcc.mul
                0x0000b112        0x0 c:/program files (x86)/atmel/studio/7.0/toolchain/avr8/avr8-gnu-toolchain/bin/../lib/gcc/avr/4.9.2/avr51\libgcc.a(_copy_data.o)
 .text.libgcc.div
                0x0000b112        0x0 c:/program files (x86)/atmel/studio/7.0/toolchain/avr8/avr8-gnu-toolchain/bin/../lib/gcc/avr/4.9.2/avr51\libgcc.a(_copy_data.o)
 .text.libgcc   0x0000b112        0x0 c:/program files (x86)/atmel/studio/7.0/toolchain/avr8/avr8-gnu-toolchain/bin/../lib/gcc/avr/4.9.2/avr51\libgcc.a(_copy_data.o)
 .text.libgcc.prologue
                0x0000b112        0x0 c:/program files (x86)/atmel/studio/7.0/toolchain/avr8/avr8-gnu-toolchain/bin/../lib/gcc/avr/4.9.2/avr51\libgcc.a(_copy_data.o)
 .text.libgcc.builtins
                0x0000b112        0x0 c:/program files (x86)/atmel/studio/7.0/toolchain/avr8/avr8-gnu-toolchain/bin/../lib/gcc/avr/4.9.2/avr51\libgcc.a(_copy_data.o)
 .text.libgcc.fmul
                0x0000b112        0x0 c:/program files (x86)/atmel/studio/7.0/toolchain/avr8/avr8-gnu-toolchain/bin/../lib/gcc/avr/4.9.2/avr51\libgcc.a(_copy_data.o)
 .text.libgcc.fixed
                0x0000b112        0x0 c:/program files (x86)/atmel/studio/7.0/toolchain/avr8/avr8-gnu-toolchain/bin/../lib/gcc/avr/4.9.2/avr51\libgcc.a(_copy_data.o)
 .text.libgcc.mul
                0x0000b112        0x0 c:/program files (x86)/atmel/studio/7.0/toolchain/avr8/avr8-gnu-toolchain/bin/../lib/gcc/avr/4.9.2/avr51\libgcc.a(_clear_bss.o)
 .text.libgcc.div
                0x0000b112        0x0 c:/program files (x86)/atmel/studio/7.0/toolchain/avr8/avr8-gnu-toolchain/bin/../lib/gcc/avr/4.9.2/avr51\libgcc.a(_clear_bss.o)
 .text.libgcc   0x0000b112        0x0 c:/program files (x86)/atmel/studio/7.0/toolchain/avr8/avr8-gnu-toolchain/bin/../lib/gcc/avr/4.9.2/avr51\libgcc.a(_clear_bss.o)
 .text.libgcc.prologue
                0x0000b112        0x0 c:/program files (x86)/atmel/studio/7.0/toolchain/avr8/avr8-gnu-toolchain/bin/../lib/gcc/avr/4.9.2/avr51\libgcc.a(_clear_bss.o)
 .text.libgcc.builtins
                0x0000b112        0x0 c:/program files (x86)/atmel/studio/7.0/toolchain/avr8/avr8-gnu-toolchain/bin/../lib/gcc/avr/4.9.2/avr51\libgcc.a(_clear_bss.o)
 .text.libgcc.fmul
                0x0000b112        0x0 c:/program files (x86)/atmel/studio/7.0/toolchain/avr8/avr8-gnu-toolchain/bin/../lib/gcc/avr/4.9.2/avr51\libgcc.a(_clear_bss.o)
 .text.libgcc.fixed
                0x0000b112        0x0 c:/program files (x86)/atmel/studio/7.0/toolchain/avr8/avr8-gnu-toolchain/bin/../lib/gcc/avr/4.9.2/avr51\libgcc.a(_clear_bss.o)
 .text.libgcc.mul
                0x0000b112       0x1e c:/program files (x86)/atmel/studio/7.0/toolchain/avr8/avr8-gnu-toolchain/bin/../lib/gcc/avr/4.9.2/avr51\libgcc.a(_umulhisi3.o)
                0x0000b112                __umulhisi3
 .text.libgcc.div
                0x0000b130        0x0 c:/program files (x86)/atmel/studio/7.0/toolchain/avr8/avr8-gnu-toolchain/bin/../lib/gcc/avr/4.9.2/avr51\libgcc.a(_umulhisi3.o)
 .text.libgcc   0x0000b130        0x0 c:/program files (x86)/atmel/studio/7.0/toolchain/avr8/avr8-gnu-toolchain/bin/../lib/gcc/avr/4.9.2/avr51\libgcc.a(_umulhisi3.o)
 .text.libgcc.prologue
                0x0000b130        0x0 c:/program files (x86)/atmel/studio/7.0/toolchain/avr8/avr8-gnu-toolchain/bin/../lib/gcc/avr/4.9.2/avr51\libgcc.a(_umulhisi3.o)
 .text.libgcc.builtins
                0x0000b130        0x0 c:/program files (x86)/atmel/studio/7.0/toolchain/avr8/avr8-gnu-toolchain/bin/../lib/gcc/avr/4.9.2/avr51\libgcc.a(_umulhisi3.o)
 .text.libgcc.fmul
                0x0000b130        0x0 c:/program files (x86)/atmel/studio/7.0/toolchain/avr8/avr8-gnu-toolchain/bin/../lib/gcc/avr/4.9.2/avr51\libgcc.a(_umulhisi3.o)
 .text.libgcc.fixed
                0x0000b130        0x0 c:/program files (x86)/atmel/studio/7.0/toolchain/avr8/avr8-gnu-toolchain/bin/../lib/gcc/avr/4.9.2/avr51\libgcc.a(_umulhisi3.o)
 .text.libgcc.mul
                0x0000b130       0xa0 c:/program files (x86)/atmel/studio/7.0/toolchain/avr8/avr8-gnu-toolchain/bin/../lib/gcc/avr/4.9.2/avr51\libgcc.a(_muldi3.o)
                0x0000b130                __muldi3
 .text.libgcc.div
                0x0000b1d0        0x0 c:/program files (x86)/atmel/studio/7.0/toolchain/avr8/avr8-gnu-toolchain/bin/../lib/gcc/avr/4.9.2/avr51\libgcc.a(_muldi3.o)
 .text.libgcc   0x0000b1d0        0x0 c:/program files (x86)/atmel/studio/7.0/toolchain/avr8/avr8-gnu-toolchain/bin/../lib/gcc/avr/4.9.2/avr51\libgcc.a(_muldi3.o)
 .text.libgcc.prologue
                0x0000b1d0        0x0 c:/program files (x86)/atmel/studio/7.0/toolchain/avr8/avr8-gnu-toolchain/bin/../lib/gcc/avr/4.9.2/avr51\libgcc.a(_muldi3.o)
 .text.libgcc.builtins
                0x0000b1d0        0x0 c:/program files (x86)/atmel/studio/7.0/toolchain/avr8/avr8-gnu-toolchain/bin/../lib/gcc/avr/4.9.2/avr51\libgcc.a(_muldi3.o)
 .text.libgcc.fmul
                0x0000b1d0        0x0 c:/program files (x86)/atmel/studio/7.0/toolchain/avr8/avr8-gnu-toolchain/bin/../lib/gcc/avr/4.9.2/avr51\libgcc.a(_muldi3.o)
 .text.libgcc.fixed
                0x0000b1d0        0x0 c:/program files (x86)/atmel/studio/7.0/toolchain/avr8/avr8-gnu-toolchain/bin/../lib/gcc/avr/4.9.2/avr51\libgcc.a(_muldi3.o)
 .text.libgcc.mul
                0x0000b1d0       0x12 c:/program files (x86)/atmel/studio/7.0/toolchain/avr8/avr8-gnu-toolchain/bin/../lib/gcc/avr/4.9.2/avr51\libgcc.a(_muldi3_6.o)
                0x0000b1d0                __muldi3_6
 .text.libgcc.div
                0x0000b1e2        0x0 c:/program files (x86)/atmel/studio/7.0/toolchain/avr8/avr8-gnu-toolchain/bin/../lib/gcc/avr/4.9.2/avr51\libgcc.a(_muldi3_6.o)
 .text.libgcc   0x0000b1e2        0x0 c:/program files (x86)/atmel/studio/7.0/toolchain/avr8/avr8-gnu-toolchain/bin/../lib/gcc/avr/4.9.2/avr51\libgcc.a(_muldi3_6.o)
 .text.libgcc.prologue
                0x0000b1e2        0x0 c:/program files (x86)/atmel/studio/7.0/toolchain/avr8/avr8-gnu-toolchain/bin/../lib/gcc/avr/4.9.2/avr51\libgcc.a(_muldi3_6.o)
 .text.libgcc.builtins
                0x0000b1e2        0x0 c:/program files (x86)/atmel/studio/7.0/toolchain/avr8/avr8-gnu-toolchain/bin/../lib/gcc/avr/4.9.2/avr51\libgcc.a(_muldi3_6.o)
 .text.libgcc.fmul
                0x0000b1e2        0x0 c:/program files (x86)/atmel/studio/7.0/toolchain/avr8/avr8-gnu-toolchain/bin/../lib/gcc/avr/4.9.2/avr51\libgcc.a(_muldi3_6.o)
 .text.libgcc.fixed
                0x0000b1e2        0x0 c:/program files (x86)/atmel/studio/7.0/toolchain/avr8/avr8-gnu-toolchain/bin/../lib/gcc/avr/4.9.2/avr51\libgcc.a(_muldi3_6.o)
 .text.libgcc.mul
                0x0000b1e2       0x1e c:/program files (x86)/atmel/studio/7.0/toolchain/avr8/avr8-gnu-toolchain/bin/../lib/gcc/avr/4.9.2/avr51\libgcc.a(_mulsidi3.o)
                0x0000b1e2                __mulsidi3
 .text.libgcc.div
                0x0000b200        0x0 c:/program files (x86)/atmel/studio/7.0/toolchain/avr8/avr8-gnu-toolchain/bin/../lib/gcc/avr/4.9.2/avr51\libgcc.a(_mulsidi3.o)
 .text.libgcc   0x0000b200        0x0 c:/program files (x86)/atmel/studio/7.0/toolchain/avr8/avr8-gnu-toolchain/bin/../lib/gcc/avr/4.9.2/avr51\libgcc.a(_mulsidi3.o)
 .text.libgcc.prologue
                0x0000b200        0x0 c:/program files (x86)/atmel/studio/7.0/toolchain/avr8/avr8-gnu-toolchain/bin/../lib/gcc/avr/4.9.2/avr51\libgcc.a(_mulsidi3.o)
 .text.libgcc.builtins
                0x0000b200        0x0 c:/program files (x86)/atmel/studio/7.0/toolchain/avr8/avr8-gnu-toolchain/bin/../lib/gcc/avr/4.9.2/avr51\libgcc.a(_mulsidi3.o)
 .text.libgcc.fmul
                0x0000b200        0x0 c:/program files (x86)/atmel/studio/7.0/toolchain/avr8/avr8-gnu-toolchain/bin/../lib/gcc/avr/4.9.2/avr51\libgcc.a(_mulsidi3.o)
 .text.libgcc.fixed
                0x0000b200        0x0 c:/program files (x86)/atmel/studio/7.0/toolchain/avr8/avr8-gnu-toolchain/bin/../lib/gcc/avr/4.9.2/avr51\libgcc.a(_mulsidi3.o)
 .text.libgcc.mul
                0x0000b200       0x56 c:/program files (x86)/atmel/studio/7.0/toolchain/avr8/avr8-gnu-toolchain/bin/../lib/gcc/avr/4.9.2/avr51\libgcc.a(_umulsidi3.o)
                0x0000b200                __umulsidi3
                0x0000b202                __umulsidi3_helper
 .text.libgcc.div
                0x0000b256        0x0 c:/program files (x86)/atmel/studio/7.0/toolchain/avr8/avr8-gnu-toolchain/bin/../lib/gcc/avr/4.9.2/avr51\libgcc.a(_umulsidi3.o)
 .text.libgcc   0x0000b256        0x0 c:/program files (x86)/atmel/studio/7.0/toolchain/avr8/avr8-gnu-toolchain/bin/../lib/gcc/avr/4.9.2/avr51\libgcc.a(_umulsidi3.o)
 .text.libgcc.prologue
                0x0000b256        0x0 c:/program files (x86)/atmel/studio/7.0/toolchain/avr8/avr8-gnu-toolchain/bin/../lib/gcc/avr/4.9.2/avr51\libgcc.a(_umulsidi3.o)
 .text.libgcc.builtins
                0x0000b256        0x0 c:/program files (x86)/atmel/studio/7.0/toolchain/avr8/avr8-gnu-toolchain/bin/../lib/gcc/avr/4.9.2/avr51\libgcc.a(_umulsidi3.o)
 .text.libgcc.fmul
                0x0000b256        0x0 c:/program files (x86)/atmel/studio/7.0/toolchain/avr8/avr8-gnu-toolchain/bin/../lib/gcc/avr/4.9.2/avr51\libgcc.a(_umulsidi3.o)
 .text.libgcc.fixed
                0x0000b256        0x0 c:/program files (x86)/atmel/studio/7.0/toolchain/avr8/avr8-gnu-toolchain/bin/../lib/gcc/avr/4.9.2/avr51\libgcc.a(_umulsidi3.o)
 .text.libgcc.mul
                0x0000b256        0x0 c:/program files (x86)/atmel/studio/7.0/toolchain/avr8/avr8-gnu-toolchain/bin/../lib/gcc/avr/4.9.2/avr51\libgcc.a(_ashldi3.o)
 .text.libgcc.div
                0x0000b256        0x0 c:/program files (x86)/atmel/studio/7.0/toolchain/avr8/avr8-gnu-toolchain/bin/../lib/gcc/avr/4.9.2/avr51\libgcc.a(_ashldi3.o)
 .text.libgcc   0x0000b256        0x0 c:/program files (x86)/atmel/studio/7.0/toolchain/avr8/avr8-gnu-toolchain/bin/../lib/gcc/avr/4.9.2/avr51\libgcc.a(_ashldi3.o)
 .text.libgcc.prologue
                0x0000b256        0x0 c:/program files (x86)/atmel/studio/7.0/toolchain/avr8/avr8-gnu-toolchain/bin/../lib/gcc/avr/4.9.2/avr51\libgcc.a(_ashldi3.o)
 .text.libgcc.builtins
                0x0000b256       0x32 c:/program files (x86)/atmel/studio/7.0/toolchain/avr8/avr8-gnu-toolchain/bin/../lib/gcc/avr/4.9.2/avr51\libgcc.a(_ashldi3.o)
                0x0000b256                __ashldi3
 .text.libgcc.fmul
                0x0000b288        0x0 c:/program files (x86)/atmel/studio/7.0/toolchain/avr8/avr8-gnu-toolchain/bin/../lib/gcc/avr/4.9.2/avr51\libgcc.a(_ashldi3.o)
 .text.libgcc.fixed
                0x0000b288        0x0 c:/program files (x86)/atmel/studio/7.0/toolchain/avr8/avr8-gnu-toolchain/bin/../lib/gcc/avr/4.9.2/avr51\libgcc.a(_ashldi3.o)
 .text.libgcc.mul
                0x0000b288        0x0 c:/program files (x86)/atmel/studio/7.0/toolchain/avr8/avr8-gnu-toolchain/bin/../lib/gcc/avr/4.9.2/avr51\libgcc.a(_ashrdi3.o)
 .text.libgcc.div
                0x0000b288        0x0 c:/program files (x86)/atmel/studio/7.0/toolchain/avr8/avr8-gnu-toolchain/bin/../lib/gcc/avr/4.9.2/avr51\libgcc.a(_ashrdi3.o)
 .text.libgcc   0x0000b288        0x0 c:/program files (x86)/atmel/studio/7.0/toolchain/avr8/avr8-gnu-toolchain/bin/../lib/gcc/avr/4.9.2/avr51\libgcc.a(_ashrdi3.o)
 .text.libgcc.prologue
                0x0000b288        0x0 c:/program files (x86)/atmel/studio/7.0/toolchain/avr8/avr8-gnu-toolchain/bin/../lib/gcc/avr/4.9.2/avr51\libgcc.a(_ashrdi3.o)
 .text.libgcc.builtins
                0x0000b288       0x3c c:/program files (x86)/atmel/studio/7.0/toolchain/avr8/avr8-gnu-toolchain/bin/../lib/gcc/avr/4.9.2/avr51\libgcc.a(_ashrdi3.o)
                0x0000b288                __ashrdi3
                0x0000b28c                __lshrdi3
 .text.libgcc.fmul
                0x0000b2c4        0x0 c:/program files (x86)/atmel/studio/7.0/toolchain/avr8/avr8-gnu-toolchain/bin/../lib/gcc/avr/4.9.2/avr51\libgcc.a(_ashrdi3.o)
 .text.libgcc.fixed
                0x0000b2c4        0x0 c:/program files (x86)/atmel/studio/7.0/toolchain/avr8/avr8-gnu-toolchain/bin/../lib/gcc/avr/4.9.2/avr51\libgcc.a(_ashrdi3.o)
 .text.libgcc.mul
                0x0000b2c4        0x0 c:/program files (x86)/atmel/studio/7.0/toolchain/avr8/avr8-gnu-toolchain/bin/../lib/gcc/avr/4.9.2/avr51\libgcc.a(_adddi3.o)
 .text.libgcc.div
                0x0000b2c4        0x0 c:/program files (x86)/atmel/studio/7.0/toolchain/avr8/avr8-gnu-toolchain/bin/../lib/gcc/avr/4.9.2/avr51\libgcc.a(_adddi3.o)
 .text.libgcc   0x0000b2c4       0x12 c:/program files (x86)/atmel/studio/7.0/toolchain/avr8/avr8-gnu-toolchain/bin/../lib/gcc/avr/4.9.2/avr51\libgcc.a(_adddi3.o)
                0x0000b2c4                __adddi3
 .text.libgcc.prologue
                0x0000b2d6        0x0 c:/program files (x86)/atmel/studio/7.0/toolchain/avr8/avr8-gnu-toolchain/bin/../lib/gcc/avr/4.9.2/avr51\libgcc.a(_adddi3.o)
 .text.libgcc.builtins
                0x0000b2d6        0x0 c:/program files (x86)/atmel/studio/7.0/toolchain/avr8/avr8-gnu-toolchain/bin/../lib/gcc/avr/4.9.2/avr51\libgcc.a(_adddi3.o)
 .text.libgcc.fmul
                0x0000b2d6        0x0 c:/program files (x86)/atmel/studio/7.0/toolchain/avr8/avr8-gnu-toolchain/bin/../lib/gcc/avr/4.9.2/avr51\libgcc.a(_adddi3.o)
 .text.libgcc.fixed
                0x0000b2d6        0x0 c:/program files (x86)/atmel/studio/7.0/toolchain/avr8/avr8-gnu-toolchain/bin/../lib/gcc/avr/4.9.2/avr51\libgcc.a(_adddi3.o)
 .text.libgcc.mul
                0x0000b2d6        0x0 c:/program files (x86)/atmel/studio/7.0/toolchain/avr8/avr8-gnu-toolchain/bin/../lib/gcc/avr/4.9.2/avr51\libgcc.a(_adddi3_s8.o)
 .text.libgcc.div
                0x0000b2d6        0x0 c:/program files (x86)/atmel/studio/7.0/toolchain/avr8/avr8-gnu-toolchain/bin/../lib/gcc/avr/4.9.2/avr51\libgcc.a(_adddi3_s8.o)
 .text.libgcc   0x0000b2d6       0x18 c:/program files (x86)/atmel/studio/7.0/toolchain/avr8/avr8-gnu-toolchain/bin/../lib/gcc/avr/4.9.2/avr51\libgcc.a(_adddi3_s8.o)
                0x0000b2d6                __adddi3_s8
 .text.libgcc.prologue
                0x0000b2ee        0x0 c:/program files (x86)/atmel/studio/7.0/toolchain/avr8/avr8-gnu-toolchain/bin/../lib/gcc/avr/4.9.2/avr51\libgcc.a(_adddi3_s8.o)
 .text.libgcc.builtins
                0x0000b2ee        0x0 c:/program files (x86)/atmel/studio/7.0/toolchain/avr8/avr8-gnu-toolchain/bin/../lib/gcc/avr/4.9.2/avr51\libgcc.a(_adddi3_s8.o)
 .text.libgcc.fmul
                0x0000b2ee        0x0 c:/program files (x86)/atmel/studio/7.0/toolchain/avr8/avr8-gnu-toolchain/bin/../lib/gcc/avr/4.9.2/avr51\libgcc.a(_adddi3_s8.o)
 .text.libgcc.fixed
                0x0000b2ee        0x0 c:/program files (x86)/atmel/studio/7.0/toolchain/avr8/avr8-gnu-toolchain/bin/../lib/gcc/avr/4.9.2/avr51\libgcc.a(_adddi3_s8.o)
 .text.libgcc.mul
                0x0000b2ee        0x0 c:/program files (x86)/atmel/studio/7.0/toolchain/avr8/avr8-gnu-toolchain/bin/../lib/gcc/avr/4.9.2/avr51\libgcc.a(_subdi3.o)
 .text.libgcc.div
                0x0000b2ee        0x0 c:/program files (x86)/atmel/studio/7.0/toolchain/avr8/avr8-gnu-toolchain/bin/../lib/gcc/avr/4.9.2/avr51\libgcc.a(_subdi3.o)
 .text.libgcc   0x0000b2ee       0x12 c:/program files (x86)/atmel/studio/7.0/toolchain/avr8/avr8-gnu-toolchain/bin/../lib/gcc/avr/4.9.2/avr51\libgcc.a(_subdi3.o)
                0x0000b2ee                __subdi3
 .text.libgcc.prologue
                0x0000b300        0x0 c:/program files (x86)/atmel/studio/7.0/toolchain/avr8/avr8-gnu-toolchain/bin/../lib/gcc/avr/4.9.2/avr51\libgcc.a(_subdi3.o)
 .text.libgcc.builtins
                0x0000b300        0x0 c:/program files (x86)/atmel/studio/7.0/toolchain/avr8/avr8-gnu-toolchain/bin/../lib/gcc/avr/4.9.2/avr51\libgcc.a(_subdi3.o)
 .text.libgcc.fmul
                0x0000b300        0x0 c:/program files (x86)/atmel/studio/7.0/toolchain/avr8/avr8-gnu-toolchain/bin/../lib/gcc/avr/4.9.2/avr51\libgcc.a(_subdi3.o)
 .text.libgcc.fixed
                0x0000b300        0x0 c:/program files (x86)/atmel/studio/7.0/toolchain/avr8/avr8-gnu-toolchain/bin/../lib/gcc/avr/4.9.2/avr51\libgcc.a(_subdi3.o)
 .text.libgcc.mul
                0x0000b300        0x0 c:/program files (x86)/atmel/studio/7.0/toolchain/avr8/avr8-gnu-toolchain/bin/../lib/gcc/avr/4.9.2/avr51\libgcc.a(_cmpdi2.o)
 .text.libgcc.div
                0x0000b300        0x0 c:/program files (x86)/atmel/studio/7.0/toolchain/avr8/avr8-gnu-toolchain/bin/../lib/gcc/avr/4.9.2/avr51\libgcc.a(_cmpdi2.o)
 .text.libgcc   0x0000b300       0x12 c:/program files (x86)/atmel/studio/7.0/toolchain/avr8/avr8-gnu-toolchain/bin/../lib/gcc/avr/4.9.2/avr51\libgcc.a(_cmpdi2.o)
                0x0000b300                __cmpdi2
 .text.libgcc.prologue
                0x0000b312        0x0 c:/program files (x86)/atmel/studio/7.0/toolchain/avr8/avr8-gnu-toolchain/bin/../lib/gcc/avr/4.9.2/avr51\libgcc.a(_cmpdi2.o)
 .text.libgcc.builtins
                0x0000b312        0x0 c:/program files (x86)/atmel/studio/7.0/toolchain/avr8/avr8-gnu-toolchain/bin/../lib/gcc/avr/4.9.2/avr51\libgcc.a(_cmpdi2.o)
 .text.libgcc.fmul
                0x0000b312        0x0 c:/program files (x86)/atmel/studio/7.0/toolchain/avr8/avr8-gnu-toolchain/bin/../lib/gcc/avr/4.9.2/avr51\libgcc.a(_cmpdi2.o)
 .text.libgcc.fixed
                0x0000b312        0x0 c:/program files (x86)/atmel/studio/7.0/toolchain/avr8/avr8-gnu-toolchain/bin/../lib/gcc/avr/4.9.2/avr51\libgcc.a(_cmpdi2.o)
 .text.libgcc.mul
                0x0000b312        0x0 c:/program files (x86)/atmel/studio/7.0/toolchain/avr8/avr8-gnu-toolchain/bin/../lib/gcc/avr/4.9.2/avr51\libgcc.a(_cmpdi2_s8.o)
 .text.libgcc.div
                0x0000b312        0x0 c:/program files (x86)/atmel/studio/7.0/toolchain/avr8/avr8-gnu-toolchain/bin/../lib/gcc/avr/4.9.2/avr51\libgcc.a(_cmpdi2_s8.o)
 .text.libgcc   0x0000b312       0x18 c:/program files (x86)/atmel/studio/7.0/toolchain/avr8/avr8-gnu-toolchain/bin/../lib/gcc/avr/4.9.2/avr51\libgcc.a(_cmpdi2_s8.o)
                0x0000b312                __cmpdi2_s8
 .text.libgcc.prologue
                0x0000b32a        0x0 c:/program files (x86)/atmel/studio/7.0/toolchain/avr8/avr8-gnu-toolchain/bin/../lib/gcc/avr/4.9.2/avr51\libgcc.a(_cmpdi2_s8.o)
 .text.libgcc.builtins
                0x0000b32a        0x0 c:/program files (x86)/atmel/studio/7.0/toolchain/avr8/avr8-gnu-toolchain/bin/../lib/gcc/avr/4.9.2/avr51\libgcc.a(_cmpdi2_s8.o)
 .text.libgcc.fmul
                0x0000b32a        0x0 c:/program files (x86)/atmel/studio/7.0/toolchain/avr8/avr8-gnu-toolchain/bin/../lib/gcc/avr/4.9.2/avr51\libgcc.a(_cmpdi2_s8.o)
 .text.libgcc.fixed
                0x0000b32a        0x0 c:/program files (x86)/atmel/studio/7.0/toolchain/avr8/avr8-gnu-toolchain/bin/../lib/gcc/avr/4.9.2/avr51\libgcc.a(_cmpdi2_s8.o)
 .text.libgcc.mul
                0x0000b32a        0x0 c:/program files (x86)/atmel/studio/7.0/toolchain/avr8/avr8-gnu-toolchain/bin/../lib/gcc/avr/4.9.2/avr51\libgcc.a(_udivmodhi4.o)
 .text.libgcc.div
                0x0000b32a       0x28 c:/program files (x86)/atmel/studio/7.0/toolchain/avr8/avr8-gnu-toolchain/bin/../lib/gcc/avr/4.9.2/avr51\libgcc.a(_udivmodhi4.o)
                0x0000b32a                __udivmodhi4
 .text.libgcc   0x0000b352        0x0 c:/program files (x86)/atmel/studio/7.0/toolchain/avr8/avr8-gnu-toolchain/bin/../lib/gcc/avr/4.9.2/avr51\libgcc.a(_udivmodhi4.o)
 .text.libgcc.prologue
                0x0000b352        0x0 c:/program files (x86)/atmel/studio/7.0/toolchain/avr8/avr8-gnu-toolchain/bin/../lib/gcc/avr/4.9.2/avr51\libgcc.a(_udivmodhi4.o)
 .text.libgcc.builtins
                0x0000b352        0x0 c:/program files (x86)/atmel/studio/7.0/toolchain/avr8/avr8-gnu-toolchain/bin/../lib/gcc/avr/4.9.2/avr51\libgcc.a(_udivmodhi4.o)
 .text.libgcc.fmul
                0x0000b352        0x0 c:/program files (x86)/atmel/studio/7.0/toolchain/avr8/avr8-gnu-toolchain/bin/../lib/gcc/avr/4.9.2/avr51\libgcc.a(_udivmodhi4.o)
 .text.libgcc.fixed
                0x0000b352        0x0 c:/program files (x86)/atmel/studio/7.0/toolchain/avr8/avr8-gnu-toolchain/bin/../lib/gcc/avr/4.9.2/avr51\libgcc.a(_udivmodhi4.o)
 .text.avr-libc.fplib
                0x0000b352        0xe c:/program files (x86)/atmel/studio/7.0/toolchain/avr8/avr8-gnu-toolchain/bin/../lib/gcc/avr/4.9.2/../../../../avr/lib/avr51\libm.a(addsf3.o)
                0x0000b352                __subsf3
                0x0000b354                __addsf3
 .text.avr-libc.fplib
                0x0000b360       0xcc c:/program files (x86)/atmel/studio/7.0/toolchain/avr8/avr8-gnu-toolchain/bin/../lib/gcc/avr/4.9.2/../../../../avr/lib/avr51\libm.a(addsf3x.o)
                0x0000b382                __addsf3x
 .text.avr-libc.fplib
                0x0000b42c        0x8 c:/program files (x86)/atmel/studio/7.0/toolchain/avr8/avr8-gnu-toolchain/bin/../lib/gcc/avr/4.9.2/../../../../avr/lib/avr51\libm.a(divsf3.o)
                0x0000b42c                __divsf3
 .text.avr-libc.fplib
                0x0000b434       0xdc c:/program files (x86)/atmel/studio/7.0/toolchain/avr8/avr8-gnu-toolchain/bin/../lib/gcc/avr/4.9.2/../../../../avr/lib/avr51\libm.a(divsf3x.o)
                0x0000b454                __divsf3x
                0x0000b45a                __divsf3_pse
 .text.avr-libc.fplib
                0x0000b510       0x5e c:/program files (x86)/atmel/studio/7.0/toolchain/avr8/avr8-gnu-toolchain/bin/../lib/gcc/avr/4.9.2/../../../../avr/lib/avr51\libm.a(fixunssfsi.o)
                0x0000b510                __fixunssfsi
 .text.avr-libc.fplib
                0x0000b56e       0x7a c:/program files (x86)/atmel/studio/7.0/toolchain/avr8/avr8-gnu-toolchain/bin/../lib/gcc/avr/4.9.2/../../../../avr/lib/avr51\libm.a(floatsisf.o)
                0x0000b56e                __floatunsisf
                0x0000b572                __floatsisf
 .text.avr-libc.fplib
                0x0000b5e8        0xc c:/program files (x86)/atmel/studio/7.0/toolchain/avr8/avr8-gnu-toolchain/bin/../lib/gcc/avr/4.9.2/../../../../avr/lib/avr51\libm.a(fp_inf.o)
                0x0000b5e8                __fp_inf
 .text.avr-libc.fplib
                0x0000b5f4        0x6 c:/program files (x86)/atmel/studio/7.0/toolchain/avr8/avr8-gnu-toolchain/bin/../lib/gcc/avr/4.9.2/../../../../avr/lib/avr51\libm.a(fp_nan.o)
                0x0000b5f4                __fp_nan
 .text.avr-libc.fplib
                0x0000b5fa        0xe c:/program files (x86)/atmel/studio/7.0/toolchain/avr8/avr8-gnu-toolchain/bin/../lib/gcc/avr/4.9.2/../../../../avr/lib/avr51\libm.a(fp_pscA.o)
                0x0000b5fa                __fp_pscA
 .text.avr-libc.fplib
                0x0000b608        0xe c:/program files (x86)/atmel/studio/7.0/toolchain/avr8/avr8-gnu-toolchain/bin/../lib/gcc/avr/4.9.2/../../../../avr/lib/avr51\libm.a(fp_pscB.o)
                0x0000b608                __fp_pscB
 .text.avr-libc.fplib
                0x0000b616       0x22 c:/program files (x86)/atmel/studio/7.0/toolchain/avr8/avr8-gnu-toolchain/bin/../lib/gcc/avr/4.9.2/../../../../avr/lib/avr51\libm.a(fp_round.o)
                0x0000b616                __fp_round
 .text.avr-libc.fplib
                0x0000b638       0x44 c:/program files (x86)/atmel/studio/7.0/toolchain/avr8/avr8-gnu-toolchain/bin/../lib/gcc/avr/4.9.2/../../../../avr/lib/avr51\libm.a(fp_split3.o)
                0x0000b638                __fp_split3
                0x0000b648                __fp_splitA
 .text.avr-libc.fplib
                0x0000b67c        0xe c:/program files (x86)/atmel/studio/7.0/toolchain/avr8/avr8-gnu-toolchain/bin/../lib/gcc/avr/4.9.2/../../../../avr/lib/avr51\libm.a(fp_zero.o)
                0x0000b67c                __fp_zero
                0x0000b67e                __fp_szero
 .text.avr-libc.fplib
                0x0000b68a        0x8 c:/program files (x86)/atmel/studio/7.0/toolchain/avr8/avr8-gnu-toolchain/bin/../lib/gcc/avr/4.9.2/../../../../avr/lib/avr51\libm.a(mulsf3.o)
                0x0000b68a                __mulsf3
 .text.avr-libc.fplib
                0x0000b692       0xd2 c:/program files (x86)/atmel/studio/7.0/toolchain/avr8/avr8-gnu-toolchain/bin/../lib/gcc/avr/4.9.2/../../../../avr/lib/avr51\libm.a(mulsf3x.o)
                0x0000b6b0                __mulsf3x
                0x0000b6b6                __mulsf3_pse
 .text.avr-libc
                0x0000b764      0x25a c:/program files (x86)/atmel/studio/7.0/toolchain/avr8/avr8-gnu-toolchain/bin/../lib/gcc/avr/4.9.2/../../../../avr/lib/avr51\libc.a(malloc.o)
                0x0000b764                malloc
                0x0000b88e                free
 .text.avr-libc
                0x0000b9be       0xb4 c:/program files (x86)/atmel/studio/7.0/toolchain/avr8/avr8-gnu-toolchain/bin/../lib/gcc/avr/4.9.2/../../../../avr/lib/avr51\libc.a(rand.o)
                0x0000ba50                rand_r
                0x0000ba54                rand
                0x0000ba5c                srand
 .text.avr-libc
                0x0000ba72       0x12 c:/program files (x86)/atmel/studio/7.0/toolchain/avr8/avr8-gnu-toolchain/bin/../lib/gcc/avr/4.9.2/../../../../avr/lib/avr51\libc.a(memcpy.o)
                0x0000ba72                memcpy
 .text.avr-libc
                0x0000ba84       0x96 c:/program files (x86)/atmel/studio/7.0/toolchain/avr8/avr8-gnu-toolchain/bin/../lib/gcc/avr/4.9.2/../../../../avr/lib/avr51\libc.a(fdevopen.o)
                0x0000ba84                fdevopen
 .text.avr-libc
                0x0000bb1a       0x28 c:/program files (x86)/atmel/studio/7.0/toolchain/avr8/avr8-gnu-toolchain/bin/../lib/gcc/avr/4.9.2/../../../../avr/lib/avr51\libc.a(printf.o)
                0x0000bb1a                printf
 .text.avr-libc
                0x0000bb42        0xc c:/program files (x86)/atmel/studio/7.0/toolchain/avr8/avr8-gnu-toolchain/bin/../lib/gcc/avr/4.9.2/../../../../avr/lib/avr51\libc.a(putchar.o)
                0x0000bb42                putchar
 .text.avr-libc
                0x0000bb4e       0x60 c:/program files (x86)/atmel/studio/7.0/toolchain/avr8/avr8-gnu-toolchain/bin/../lib/gcc/avr/4.9.2/../../../../avr/lib/avr51\libc.a(puts.o)
                0x0000bb4e                puts
 .text.avr-libc
                0x0000bbae      0x3f6 c:/program files (x86)/atmel/studio/7.0/toolchain/avr8/avr8-gnu-toolchain/bin/../lib/gcc/avr/4.9.2/../../../../avr/lib/avr51\libc.a(vfprintf_std.o)
                0x0000bbae                vfprintf
 .text.avr-libc
                0x0000bfa4       0x38 c:/program files (x86)/atmel/studio/7.0/toolchain/avr8/avr8-gnu-toolchain/bin/../lib/gcc/avr/4.9.2/../../../../avr/lib/avr51\libc.a(calloc.o)
                0x0000bfa4                calloc
 .text.avr-libc
                0x0000bfdc       0x16 c:/program files (x86)/atmel/studio/7.0/toolchain/avr8/avr8-gnu-toolchain/bin/../lib/gcc/avr/4.9.2/../../../../avr/lib/avr51\libc.a(strnlen_P.o)
                0x0000bfdc                strnlen_P
 .text.avr-libc
                0x0000bff2        0xe c:/program files (x86)/atmel/studio/7.0/toolchain/avr8/avr8-gnu-toolchain/bin/../lib/gcc/avr/4.9.2/../../../../avr/lib/avr51\libc.a(memset.o)
                0x0000bff2                memset
 .text.avr-libc
                0x0000c000       0x16 c:/program files (x86)/atmel/studio/7.0/toolchain/avr8/avr8-gnu-toolchain/bin/../lib/gcc/avr/4.9.2/../../../../avr/lib/avr51\libc.a(strnlen.o)
                0x0000c000                strnlen
 .text.avr-libc
                0x0000c016       0x70 c:/program files (x86)/atmel/studio/7.0/toolchain/avr8/avr8-gnu-toolchain/bin/../lib/gcc/avr/4.9.2/../../../../avr/lib/avr51\libc.a(fputc.o)
                0x0000c016                fputc
 .text.avr-libc
                0x0000c086       0xbc c:/program files (x86)/atmel/studio/7.0/toolchain/avr8/avr8-gnu-toolchain/bin/../lib/gcc/avr/4.9.2/../../../../avr/lib/avr51\libc.a(ultoa_invert.o)
                0x0000c086                __ultoa_invert
 .text.avr-libc
                0x0000c142       0x10 c:/program files (x86)/atmel/studio/7.0/toolchain/avr8/avr8-gnu-toolchain/bin/../lib/gcc/avr/4.9.2/../../../../avr/lib/avr51\libatmega128rfa1.a(eerd_byte.o)
                0x0000c142                eeprom_read_byte
 .text.avr-libc
                0x0000c152       0x1c c:/program files (x86)/atmel/studio/7.0/toolchain/avr8/avr8-gnu-toolchain/bin/../lib/gcc/avr/4.9.2/../../../../avr/lib/avr51\libatmega128rfa1.a(eewr_byte.o)
                0x0000c152                eeprom_write_byte
                0x0000c154                eeprom_write_r18
 .text.libgcc.mul
                0x0000c16e        0x0 c:/program files (x86)/atmel/studio/7.0/toolchain/avr8/avr8-gnu-toolchain/bin/../lib/gcc/avr/4.9.2/avr51\libgcc.a(_divmodsi4.o)
 .text.libgcc.div
                0x0000c16e       0x2e c:/program files (x86)/atmel/studio/7.0/toolchain/avr8/avr8-gnu-toolchain/bin/../lib/gcc/avr/4.9.2/avr51\libgcc.a(_divmodsi4.o)
                0x0000c16e                __divmodsi4
 .text.libgcc   0x0000c19c        0x0 c:/program files (x86)/atmel/studio/7.0/toolchain/avr8/avr8-gnu-toolchain/bin/../lib/gcc/avr/4.9.2/avr51\libgcc.a(_divmodsi4.o)
 .text.libgcc.prologue
                0x0000c19c        0x0 c:/program files (x86)/atmel/studio/7.0/toolchain/avr8/avr8-gnu-toolchain/bin/../lib/gcc/avr/4.9.2/avr51\libgcc.a(_divmodsi4.o)
 .text.libgcc.builtins
                0x0000c19c        0x0 c:/program files (x86)/atmel/studio/7.0/toolchain/avr8/avr8-gnu-toolchain/bin/../lib/gcc/avr/4.9.2/avr51\libgcc.a(_divmodsi4.o)
 .text.libgcc.fmul
                0x0000c19c        0x0 c:/program files (x86)/atmel/studio/7.0/toolchain/avr8/avr8-gnu-toolchain/bin/../lib/gcc/avr/4.9.2/avr51\libgcc.a(_divmodsi4.o)
 .text.libgcc.fixed
                0x0000c19c        0x0 c:/program files (x86)/atmel/studio/7.0/toolchain/avr8/avr8-gnu-toolchain/bin/../lib/gcc/avr/4.9.2/avr51\libgcc.a(_divmodsi4.o)
 .text.libgcc.mul
                0x0000c19c        0x0 c:/program files (x86)/atmel/studio/7.0/toolchain/avr8/avr8-gnu-toolchain/bin/../lib/gcc/avr/4.9.2/avr51\libgcc.a(_negsi2.o)
 .text.libgcc.div
                0x0000c19c       0x10 c:/program files (x86)/atmel/studio/7.0/toolchain/avr8/avr8-gnu-toolchain/bin/../lib/gcc/avr/4.9.2/avr51\libgcc.a(_negsi2.o)
                0x0000c19c                __negsi2
 .text.libgcc   0x0000c1ac        0x0 c:/program files (x86)/atmel/studio/7.0/toolchain/avr8/avr8-gnu-toolchain/bin/../lib/gcc/avr/4.9.2/avr51\libgcc.a(_negsi2.o)
 .text.libgcc.prologue
                0x0000c1ac        0x0 c:/program files (x86)/atmel/studio/7.0/toolchain/avr8/avr8-gnu-toolchain/bin/../lib/gcc/avr/4.9.2/avr51\libgcc.a(_negsi2.o)
 .text.libgcc.builtins
                0x0000c1ac        0x0 c:/program files (x86)/atmel/studio/7.0/toolchain/avr8/avr8-gnu-toolchain/bin/../lib/gcc/avr/4.9.2/avr51\libgcc.a(_negsi2.o)
 .text.libgcc.fmul
                0x0000c1ac        0x0 c:/program files (x86)/atmel/studio/7.0/toolchain/avr8/avr8-gnu-toolchain/bin/../lib/gcc/avr/4.9.2/avr51\libgcc.a(_negsi2.o)
 .text.libgcc.fixed
                0x0000c1ac        0x0 c:/program files (x86)/atmel/studio/7.0/toolchain/avr8/avr8-gnu-toolchain/bin/../lib/gcc/avr/4.9.2/avr51\libgcc.a(_negsi2.o)
 .text.libgcc.mul
                0x0000c1ac       0x16 c:/program files (x86)/atmel/studio/7.0/toolchain/avr8/avr8-gnu-toolchain/bin/../lib/gcc/avr/4.9.2/avr51\libgcc.a(_muluhisi3.o)
                0x0000c1ac                __muluhisi3
 .text.libgcc.div
                0x0000c1c2        0x0 c:/program files (x86)/atmel/studio/7.0/toolchain/avr8/avr8-gnu-toolchain/bin/../lib/gcc/avr/4.9.2/avr51\libgcc.a(_muluhisi3.o)
 .text.libgcc   0x0000c1c2        0x0 c:/program files (x86)/atmel/studio/7.0/toolchain/avr8/avr8-gnu-toolchain/bin/../lib/gcc/avr/4.9.2/avr51\libgcc.a(_muluhisi3.o)
 .text.libgcc.prologue
                0x0000c1c2        0x0 c:/program files (x86)/atmel/studio/7.0/toolchain/avr8/avr8-gnu-toolchain/bin/../lib/gcc/avr/4.9.2/avr51\libgcc.a(_muluhisi3.o)
 .text.libgcc.builtins
                0x0000c1c2        0x0 c:/program files (x86)/atmel/studio/7.0/toolchain/avr8/avr8-gnu-toolchain/bin/../lib/gcc/avr/4.9.2/avr51\libgcc.a(_muluhisi3.o)
 .text.libgcc.fmul
                0x0000c1c2        0x0 c:/program files (x86)/atmel/studio/7.0/toolchain/avr8/avr8-gnu-toolchain/bin/../lib/gcc/avr/4.9.2/avr51\libgcc.a(_muluhisi3.o)
 .text.libgcc.fixed
                0x0000c1c2        0x0 c:/program files (x86)/atmel/studio/7.0/toolchain/avr8/avr8-gnu-toolchain/bin/../lib/gcc/avr/4.9.2/avr51\libgcc.a(_muluhisi3.o)
 .text.libgcc.mul
                0x0000c1c2       0x10 c:/program files (x86)/atmel/studio/7.0/toolchain/avr8/avr8-gnu-toolchain/bin/../lib/gcc/avr/4.9.2/avr51\libgcc.a(_mulshisi3.o)
                0x0000c1c2                __mulshisi3
                0x0000c1c8                __mulohisi3
 .text.libgcc.div
                0x0000c1d2        0x0 c:/program files (x86)/atmel/studio/7.0/toolchain/avr8/avr8-gnu-toolchain/bin/../lib/gcc/avr/4.9.2/avr51\libgcc.a(_mulshisi3.o)
 .text.libgcc   0x0000c1d2        0x0 c:/program files (x86)/atmel/studio/7.0/toolchain/avr8/avr8-gnu-toolchain/bin/../lib/gcc/avr/4.9.2/avr51\libgcc.a(_mulshisi3.o)
 .text.libgcc.prologue
                0x0000c1d2        0x0 c:/program files (x86)/atmel/studio/7.0/toolchain/avr8/avr8-gnu-toolchain/bin/../lib/gcc/avr/4.9.2/avr51\libgcc.a(_mulshisi3.o)
 .text.libgcc.builtins
                0x0000c1d2        0x0 c:/program files (x86)/atmel/studio/7.0/toolchain/avr8/avr8-gnu-toolchain/bin/../lib/gcc/avr/4.9.2/avr51\libgcc.a(_mulshisi3.o)
 .text.libgcc.fmul
                0x0000c1d2        0x0 c:/program files (x86)/atmel/studio/7.0/toolchain/avr8/avr8-gnu-toolchain/bin/../lib/gcc/avr/4.9.2/avr51\libgcc.a(_mulshisi3.o)
 .text.libgcc.fixed
                0x0000c1d2        0x0 c:/program files (x86)/atmel/studio/7.0/toolchain/avr8/avr8-gnu-toolchain/bin/../lib/gcc/avr/4.9.2/avr51\libgcc.a(_mulshisi3.o)
                0x0000c1d2                . = ALIGN (0x2)
 *(.fini9)
 .fini9         0x0000c1d2        0x0 c:/program files (x86)/atmel/studio/7.0/toolchain/avr8/avr8-gnu-toolchain/bin/../lib/gcc/avr/4.9.2/avr51\libgcc.a(_exit.o)
                0x0000c1d2                _exit
                0x0000c1d2                exit
 *(.fini9)
 *(.fini8)
 *(.fini8)
 *(.fini7)
 *(.fini7)
 *(.fini6)
 *(.fini6)
 *(.fini5)
 *(.fini5)
 *(.fini4)
 *(.fini4)
 *(.fini3)
 *(.fini3)
 *(.fini2)
 *(.fini2)
 *(.fini1)
 *(.fini1)
 *(.fini0)
 .fini0         0x0000c1d2        0x4 c:/program files (x86)/atmel/studio/7.0/toolchain/avr8/avr8-gnu-toolchain/bin/../lib/gcc/avr/4.9.2/avr51\libgcc.a(_exit.o)
 *(.fini0)
                0x0000c1d6                _etext = .

.data           0x00800200      0xbb2 load address 0x0000c1d6
                0x00800200                PROVIDE (__data_start, .)
 *(.data)
 .data          0x00800200        0x0 c:/program files (x86)/atmel/studio/7.0/toolchain/avr8/avr8-gnu-toolchain/bin/../lib/gcc/avr/4.9.2/../../../../avr/lib/avr51/crtatmega128rfa1.o
 .data          0x00800200        0x0 ./GCC/main.o
 .data          0x00800200       0x27 ./GCC/sabre_tasks.o
                0x00800200                am_cnt_up
                0x00800201                comp_cnt_up
                0x00800202                gyro_cnt_up
                0x00800203                accel_cnt_up
                0x00800204                comp_cnt_thresh
                0x00800205                gyro_cnt_thresh
                0x00800206                accel_cnt_thresh
                0x00800207                rh_keys_lookup
                0x00800217                lh_keys_lookup
 .data          0x00800227        0x0 ./GCC/sabre_ms58.o
 .data          0x00800227        0x0 ./GCC/pal_uart.o
 .data          0x00800227        0x0 ./GCC/pal_usb_ftdi.o
 .data          0x00800227        0x0 ./GCC/pal_sio_hub.o
 .data          0x00800227        0x0 ./GCC/pal_irq.o
 .data          0x00800227        0x0 ./GCC/pal_twi.o
 .data          0x00800227        0x0 ./GCC/pal.o
 .data          0x00800227        0x0 ./GCC/pal_mcu_generic.o
 .data          0x00800227        0x0 ./GCC/pal_timer.o
 .data          0x00800227        0x0 ./GCC/pal_board.o
 .data          0x00800227        0x0 ./GCC/pal_utils.o
 .data          0x00800227        0x0 ./GCC/bmm.o
 .data          0x00800227        0x0 ./GCC/qmm.o
 .data          0x00800227        0x0 ./GCC/tal.o
 .data          0x00800227        0x0 ./GCC/tal_rx.o
 .data          0x00800227        0x0 ./GCC/tal_tx.o
 .data          0x00800227        0x0 ./GCC/tal_ed.o
 .data          0x00800227        0x0 ./GCC/tal_slotted_csma.o
 .data          0x00800227        0x0 ./GCC/tal_pib.o
 .data          0x00800227        0x0 ./GCC/tal_init.o
 .data          0x00800227        0x0 ./GCC/tal_irq_handler.o
 .data          0x00800227        0x0 ./GCC/tal_pwr_mgmt.o
 .data          0x00800227        0x0 ./GCC/tal_rx_enable.o
 .data          0x00800227        0x0 ./GCC/mac_associate.o
 .data          0x00800227        0x0 ./GCC/mac_data_extract_mhr.o
 .data          0x00800227        0x0 ./GCC/mac_beacon.o
 .data          0x00800227        0x0 ./GCC/mac_callback_wrapper.o
 .data          0x00800227        0x0 ./GCC/mac_data_ind.o
 .data          0x00800227        0x0 ./GCC/mac_data_req.o
 .data          0x00800227        0x0 ./GCC/mac_disassociate.o
 .data          0x00800227        0x0 ./GCC/mac_dispatcher.o
 .data          0x00800227        0x0 ./GCC/mac.o
 .data          0x00800227        0x0 ./GCC/mac_mcps_data.o
 .data          0x00800227        0x0 ./GCC/mac_misc.o
 .data          0x00800227        0x0 ./GCC/mac_orphan.o
 .data          0x00800227        0x0 ./GCC/mac_pib.o
 .data          0x00800227        0x0 ./GCC/mac_poll.o
 .data          0x00800227        0x0 ./GCC/mac_process_beacon_frame.o
 .data          0x00800227        0x0 ./GCC/mac_process_tal_tx_frame_status.o
 .data          0x00800227        0x0 ./GCC/mac_rx_enable.o
 .data          0x00800227        0x0 ./GCC/mac_scan.o
 .data          0x00800227        0x0 ./GCC/mac_start.o
 .data          0x00800227        0x0 ./GCC/mac_sync.o
 .data          0x00800227        0x0 ./GCC/mac_tx_coord_realignment_command.o
 .data          0x00800227        0x0 ./GCC/mac_api.o
 .data          0x00800227        0x0 ./GCC/usr_mcps_purge_conf.o
 .data          0x00800227        0x0 ./GCC/usr_mlme_beacon_notify_ind.o
 .data          0x00800227        0x0 ./GCC/usr_mlme_disassociate_conf.o
 .data          0x00800227        0x0 ./GCC/usr_mlme_disassociate_ind.o
 .data          0x00800227        0x0 ./GCC/usr_mlme_get_conf.o
 .data          0x00800227        0x0 ./GCC/usr_mlme_orphan_ind.o
 .data          0x00800227        0x0 ./GCC/usr_mlme_poll_conf.o
 .data          0x00800227        0x0 ./GCC/usr_mlme_rx_enable_conf.o
 .data          0x00800227        0x0 ./GCC/usr_mlme_sync_loss_ind.o
 .data          0x00800227        0x0 ./GCC/sio_handler.o
 .data          0x00800227        0x0 ./GCC/tfa.o
 .data          0x00800227        0x0 c:/program files (x86)/atmel/studio/7.0/toolchain/avr8/avr8-gnu-toolchain/bin/../lib/gcc/avr/4.9.2/avr51\libgcc.a(_divmodhi4.o)
 .data          0x00800227        0x0 c:/program files (x86)/atmel/studio/7.0/toolchain/avr8/avr8-gnu-toolchain/bin/../lib/gcc/avr/4.9.2/avr51\libgcc.a(_udivmodsi4.o)
 .data          0x00800227        0x0 c:/program files (x86)/atmel/studio/7.0/toolchain/avr8/avr8-gnu-toolchain/bin/../lib/gcc/avr/4.9.2/avr51\libgcc.a(_exit.o)
 .data          0x00800227        0x0 c:/program files (x86)/atmel/studio/7.0/toolchain/avr8/avr8-gnu-toolchain/bin/../lib/gcc/avr/4.9.2/avr51\libgcc.a(_tablejump2.o)
 .data          0x00800227        0x0 c:/program files (x86)/atmel/studio/7.0/toolchain/avr8/avr8-gnu-toolchain/bin/../lib/gcc/avr/4.9.2/avr51\libgcc.a(_copy_data.o)
 .data          0x00800227        0x0 c:/program files (x86)/atmel/studio/7.0/toolchain/avr8/avr8-gnu-toolchain/bin/../lib/gcc/avr/4.9.2/avr51\libgcc.a(_clear_bss.o)
 .data          0x00800227        0x0 c:/program files (x86)/atmel/studio/7.0/toolchain/avr8/avr8-gnu-toolchain/bin/../lib/gcc/avr/4.9.2/avr51\libgcc.a(_umulhisi3.o)
 .data          0x00800227        0x0 c:/program files (x86)/atmel/studio/7.0/toolchain/avr8/avr8-gnu-toolchain/bin/../lib/gcc/avr/4.9.2/avr51\libgcc.a(_muldi3.o)
 .data          0x00800227        0x0 c:/program files (x86)/atmel/studio/7.0/toolchain/avr8/avr8-gnu-toolchain/bin/../lib/gcc/avr/4.9.2/avr51\libgcc.a(_muldi3_6.o)
 .data          0x00800227        0x0 c:/program files (x86)/atmel/studio/7.0/toolchain/avr8/avr8-gnu-toolchain/bin/../lib/gcc/avr/4.9.2/avr51\libgcc.a(_mulsidi3.o)
 .data          0x00800227        0x0 c:/program files (x86)/atmel/studio/7.0/toolchain/avr8/avr8-gnu-toolchain/bin/../lib/gcc/avr/4.9.2/avr51\libgcc.a(_umulsidi3.o)
 .data          0x00800227        0x0 c:/program files (x86)/atmel/studio/7.0/toolchain/avr8/avr8-gnu-toolchain/bin/../lib/gcc/avr/4.9.2/avr51\libgcc.a(_ashldi3.o)
 .data          0x00800227        0x0 c:/program files (x86)/atmel/studio/7.0/toolchain/avr8/avr8-gnu-toolchain/bin/../lib/gcc/avr/4.9.2/avr51\libgcc.a(_ashrdi3.o)
 .data          0x00800227        0x0 c:/program files (x86)/atmel/studio/7.0/toolchain/avr8/avr8-gnu-toolchain/bin/../lib/gcc/avr/4.9.2/avr51\libgcc.a(_adddi3.o)
 .data          0x00800227        0x0 c:/program files (x86)/atmel/studio/7.0/toolchain/avr8/avr8-gnu-toolchain/bin/../lib/gcc/avr/4.9.2/avr51\libgcc.a(_adddi3_s8.o)
 .data          0x00800227        0x0 c:/program files (x86)/atmel/studio/7.0/toolchain/avr8/avr8-gnu-toolchain/bin/../lib/gcc/avr/4.9.2/avr51\libgcc.a(_subdi3.o)
 .data          0x00800227        0x0 c:/program files (x86)/atmel/studio/7.0/toolchain/avr8/avr8-gnu-toolchain/bin/../lib/gcc/avr/4.9.2/avr51\libgcc.a(_cmpdi2.o)
 .data          0x00800227        0x0 c:/program files (x86)/atmel/studio/7.0/toolchain/avr8/avr8-gnu-toolchain/bin/../lib/gcc/avr/4.9.2/avr51\libgcc.a(_cmpdi2_s8.o)
 .data          0x00800227        0x0 c:/program files (x86)/atmel/studio/7.0/toolchain/avr8/avr8-gnu-toolchain/bin/../lib/gcc/avr/4.9.2/avr51\libgcc.a(_udivmodhi4.o)
 .data          0x00800227        0x0 c:/program files (x86)/atmel/studio/7.0/toolchain/avr8/avr8-gnu-toolchain/bin/../lib/gcc/avr/4.9.2/../../../../avr/lib/avr51\libm.a(addsf3.o)
 .data          0x00800227        0x0 c:/program files (x86)/atmel/studio/7.0/toolchain/avr8/avr8-gnu-toolchain/bin/../lib/gcc/avr/4.9.2/../../../../avr/lib/avr51\libm.a(addsf3x.o)
 .data          0x00800227        0x0 c:/program files (x86)/atmel/studio/7.0/toolchain/avr8/avr8-gnu-toolchain/bin/../lib/gcc/avr/4.9.2/../../../../avr/lib/avr51\libm.a(divsf3.o)
 .data          0x00800227        0x0 c:/program files (x86)/atmel/studio/7.0/toolchain/avr8/avr8-gnu-toolchain/bin/../lib/gcc/avr/4.9.2/../../../../avr/lib/avr51\libm.a(divsf3x.o)
 .data          0x00800227        0x0 c:/program files (x86)/atmel/studio/7.0/toolchain/avr8/avr8-gnu-toolchain/bin/../lib/gcc/avr/4.9.2/../../../../avr/lib/avr51\libm.a(fixunssfsi.o)
 .data          0x00800227        0x0 c:/program files (x86)/atmel/studio/7.0/toolchain/avr8/avr8-gnu-toolchain/bin/../lib/gcc/avr/4.9.2/../../../../avr/lib/avr51\libm.a(floatsisf.o)
 .data          0x00800227        0x0 c:/program files (x86)/atmel/studio/7.0/toolchain/avr8/avr8-gnu-toolchain/bin/../lib/gcc/avr/4.9.2/../../../../avr/lib/avr51\libm.a(fp_inf.o)
 .data          0x00800227        0x0 c:/program files (x86)/atmel/studio/7.0/toolchain/avr8/avr8-gnu-toolchain/bin/../lib/gcc/avr/4.9.2/../../../../avr/lib/avr51\libm.a(fp_nan.o)
 .data          0x00800227        0x0 c:/program files (x86)/atmel/studio/7.0/toolchain/avr8/avr8-gnu-toolchain/bin/../lib/gcc/avr/4.9.2/../../../../avr/lib/avr51\libm.a(fp_pscA.o)
 .data          0x00800227        0x0 c:/program files (x86)/atmel/studio/7.0/toolchain/avr8/avr8-gnu-toolchain/bin/../lib/gcc/avr/4.9.2/../../../../avr/lib/avr51\libm.a(fp_pscB.o)
 .data          0x00800227        0x0 c:/program files (x86)/atmel/studio/7.0/toolchain/avr8/avr8-gnu-toolchain/bin/../lib/gcc/avr/4.9.2/../../../../avr/lib/avr51\libm.a(fp_round.o)
 .data          0x00800227        0x0 c:/program files (x86)/atmel/studio/7.0/toolchain/avr8/avr8-gnu-toolchain/bin/../lib/gcc/avr/4.9.2/../../../../avr/lib/avr51\libm.a(fp_split3.o)
 .data          0x00800227        0x0 c:/program files (x86)/atmel/studio/7.0/toolchain/avr8/avr8-gnu-toolchain/bin/../lib/gcc/avr/4.9.2/../../../../avr/lib/avr51\libm.a(fp_zero.o)
 .data          0x00800227        0x0 c:/program files (x86)/atmel/studio/7.0/toolchain/avr8/avr8-gnu-toolchain/bin/../lib/gcc/avr/4.9.2/../../../../avr/lib/avr51\libm.a(mulsf3.o)
 .data          0x00800227        0x0 c:/program files (x86)/atmel/studio/7.0/toolchain/avr8/avr8-gnu-toolchain/bin/../lib/gcc/avr/4.9.2/../../../../avr/lib/avr51\libm.a(mulsf3x.o)
 .data          0x00800227        0x6 c:/program files (x86)/atmel/studio/7.0/toolchain/avr8/avr8-gnu-toolchain/bin/../lib/gcc/avr/4.9.2/../../../../avr/lib/avr51\libc.a(malloc.o)
                0x00800227                __malloc_heap_end
                0x00800229                __malloc_heap_start
                0x0080022b                __malloc_margin
 .data          0x0080022d        0x4 c:/program files (x86)/atmel/studio/7.0/toolchain/avr8/avr8-gnu-toolchain/bin/../lib/gcc/avr/4.9.2/../../../../avr/lib/avr51\libc.a(rand.o)
 .data          0x00800231        0x0 c:/program files (x86)/atmel/studio/7.0/toolchain/avr8/avr8-gnu-toolchain/bin/../lib/gcc/avr/4.9.2/../../../../avr/lib/avr51\libc.a(memcpy.o)
 .data          0x00800231        0x0 c:/program files (x86)/atmel/studio/7.0/toolchain/avr8/avr8-gnu-toolchain/bin/../lib/gcc/avr/4.9.2/../../../../avr/lib/avr51\libc.a(fdevopen.o)
 .data          0x00800231        0x0 c:/program files (x86)/atmel/studio/7.0/toolchain/avr8/avr8-gnu-toolchain/bin/../lib/gcc/avr/4.9.2/../../../../avr/lib/avr51\libc.a(iob.o)
 .data          0x00800231        0x0 c:/program files (x86)/atmel/studio/7.0/toolchain/avr8/avr8-gnu-toolchain/bin/../lib/gcc/avr/4.9.2/../../../../avr/lib/avr51\libc.a(printf.o)
 .data          0x00800231        0x0 c:/program files (x86)/atmel/studio/7.0/toolchain/avr8/avr8-gnu-toolchain/bin/../lib/gcc/avr/4.9.2/../../../../avr/lib/avr51\libc.a(putchar.o)
 .data          0x00800231        0x0 c:/program files (x86)/atmel/studio/7.0/toolchain/avr8/avr8-gnu-toolchain/bin/../lib/gcc/avr/4.9.2/../../../../avr/lib/avr51\libc.a(puts.o)
 .data          0x00800231        0x0 c:/program files (x86)/atmel/studio/7.0/toolchain/avr8/avr8-gnu-toolchain/bin/../lib/gcc/avr/4.9.2/../../../../avr/lib/avr51\libc.a(vfprintf_std.o)
 .data          0x00800231        0x0 c:/program files (x86)/atmel/studio/7.0/toolchain/avr8/avr8-gnu-toolchain/bin/../lib/gcc/avr/4.9.2/../../../../avr/lib/avr51\libc.a(calloc.o)
 .data          0x00800231        0x0 c:/program files (x86)/atmel/studio/7.0/toolchain/avr8/avr8-gnu-toolchain/bin/../lib/gcc/avr/4.9.2/../../../../avr/lib/avr51\libc.a(strnlen_P.o)
 .data          0x00800231        0x0 c:/program files (x86)/atmel/studio/7.0/toolchain/avr8/avr8-gnu-toolchain/bin/../lib/gcc/avr/4.9.2/../../../../avr/lib/avr51\libc.a(memset.o)
 .data          0x00800231        0x0 c:/program files (x86)/atmel/studio/7.0/toolchain/avr8/avr8-gnu-toolchain/bin/../lib/gcc/avr/4.9.2/../../../../avr/lib/avr51\libc.a(strnlen.o)
 .data          0x00800231        0x0 c:/program files (x86)/atmel/studio/7.0/toolchain/avr8/avr8-gnu-toolchain/bin/../lib/gcc/avr/4.9.2/../../../../avr/lib/avr51\libc.a(fputc.o)
 .data          0x00800231        0x0 c:/program files (x86)/atmel/studio/7.0/toolchain/avr8/avr8-gnu-toolchain/bin/../lib/gcc/avr/4.9.2/../../../../avr/lib/avr51\libc.a(ultoa_invert.o)
 .data          0x00800231        0x0 c:/program files (x86)/atmel/studio/7.0/toolchain/avr8/avr8-gnu-toolchain/bin/../lib/gcc/avr/4.9.2/../../../../avr/lib/avr51\libatmega128rfa1.a(eerd_byte.o)
 .data          0x00800231        0x0 c:/program files (x86)/atmel/studio/7.0/toolchain/avr8/avr8-gnu-toolchain/bin/../lib/gcc/avr/4.9.2/../../../../avr/lib/avr51\libatmega128rfa1.a(eewr_byte.o)
 .data          0x00800231        0x0 c:/program files (x86)/atmel/studio/7.0/toolchain/avr8/avr8-gnu-toolchain/bin/../lib/gcc/avr/4.9.2/avr51\libgcc.a(_divmodsi4.o)
 .data          0x00800231        0x0 c:/program files (x86)/atmel/studio/7.0/toolchain/avr8/avr8-gnu-toolchain/bin/../lib/gcc/avr/4.9.2/avr51\libgcc.a(_negsi2.o)
 .data          0x00800231        0x0 c:/program files (x86)/atmel/studio/7.0/toolchain/avr8/avr8-gnu-toolchain/bin/../lib/gcc/avr/4.9.2/avr51\libgcc.a(_muluhisi3.o)
 .data          0x00800231        0x0 c:/program files (x86)/atmel/studio/7.0/toolchain/avr8/avr8-gnu-toolchain/bin/../lib/gcc/avr/4.9.2/avr51\libgcc.a(_mulshisi3.o)
 *(.data*)
 *(.rodata)
 .rodata        0x00800231        0x8 ./GCC/tal_tx.o
 *(.rodata*)
 .rodata.str1.1
                0x00800239      0x736 ./GCC/main.o
                                0x759 (size before relaxing)
 .rodata.str1.1
                0x0080096f      0x388 ./GCC/sabre_tasks.o
                                0x39c (size before relaxing)
 .rodata.str1.1
                0x00800cf7       0xba ./GCC/sabre_ms58.o
 *(.gnu.linkonce.d*)
                0x00800db2                . = ALIGN (0x2)
 *fill*         0x00800db1        0x1 
                0x00800db2                _edata = .
                0x00800db2                PROVIDE (__data_end, .)

.bss            0x00800db2      0xbdb
                0x00800db2                PROVIDE (__bss_start, .)
 *(.bss)
 .bss           0x00800db2        0x0 c:/program files (x86)/atmel/studio/7.0/toolchain/avr8/avr8-gnu-toolchain/bin/../lib/gcc/avr/4.9.2/../../../../avr/lib/avr51/crtatmega128rfa1.o
 .bss           0x00800db2        0x0 ./GCC/main.o
 .bss           0x00800db2       0x28 ./GCC/sabre_tasks.o
                0x00800db2                am_cnt
                0x00800db4                comp_cnt
                0x00800db5                gyro_cnt
                0x00800db6                accel_cnt
                0x00800db7                sabre_node
 .bss           0x00800dda       0x2f ./GCC/sabre_ms58.o
 .bss           0x00800e09        0x0 ./GCC/pal_uart.o
 .bss           0x00800e09        0x0 ./GCC/pal_usb_ftdi.o
 .bss           0x00800e09        0x0 ./GCC/pal_sio_hub.o
 .bss           0x00800e09        0x8 ./GCC/pal_irq.o
 .bss           0x00800e11        0x0 ./GCC/pal_twi.o
 .bss           0x00800e11        0x0 ./GCC/pal.o
 .bss           0x00800e11        0x0 ./GCC/pal_mcu_generic.o
 .bss           0x00800e11        0x8 ./GCC/pal_timer.o
 .bss           0x00800e19        0x0 ./GCC/pal_board.o
 .bss           0x00800e19        0x0 ./GCC/pal_utils.o
 .bss           0x00800e19      0x457 ./GCC/bmm.o
 .bss           0x00801270        0x0 ./GCC/qmm.o
 .bss           0x00801270        0x2 ./GCC/tal.o
                0x00801270                tal_rx_buffer
 .bss           0x00801272        0x0 ./GCC/tal_rx.o
 .bss           0x00801272        0x1 ./GCC/tal_tx.o
 .bss           0x00801273        0x5 ./GCC/tal_ed.o
 .bss           0x00801278        0x0 ./GCC/tal_slotted_csma.o
 .bss           0x00801278        0x0 ./GCC/tal_pib.o
 .bss           0x00801278        0x0 ./GCC/tal_init.o
 .bss           0x00801278        0x0 ./GCC/tal_irq_handler.o
 .bss           0x00801278        0x0 ./GCC/tal_pwr_mgmt.o
 .bss           0x00801278        0x0 ./GCC/tal_rx_enable.o
 .bss           0x00801278        0x0 ./GCC/mac_associate.o
 .bss           0x00801278        0x0 ./GCC/mac_data_extract_mhr.o
 .bss           0x00801278        0x3 ./GCC/mac_beacon.o
 .bss           0x0080127b        0x0 ./GCC/mac_callback_wrapper.o
 .bss           0x0080127b        0x0 ./GCC/mac_data_ind.o
 .bss           0x0080127b        0x0 ./GCC/mac_data_req.o
 .bss           0x0080127b        0x0 ./GCC/mac_disassociate.o
 .bss           0x0080127b        0x0 ./GCC/mac_dispatcher.o
 .bss           0x0080127b        0x0 ./GCC/mac.o
 .bss           0x0080127b        0x0 ./GCC/mac_mcps_data.o