Archive member included because of file (symbol)

./../../../../../../Atmel_lib/BitCloud_MEGARF_1_14_0/BitCloud/lib/libHAL_AtmlStk600_Atmega128rfa1_8Mhz_Gcc.a(halDelay.o)
                              All_Sec_Stk600_Atmega128rfa1_8Mhz_Gcc/Obj/buttons.o (HAL_Delay)
./../../../../../../Atmel_lib/BitCloud_MEGARF_1_14_0/BitCloud/lib/libHAL_AtmlStk600_Atmega128rfa1_8Mhz_Gcc.a(halW1.o)
                              ./../../../../../../Atmel_lib/BitCloud_MEGARF_1_14_0/BitCloud/lib/libHAL_AtmlStk600_Atmega128rfa1_8Mhz_Gcc.a(halDelay.o) (__delay_us)
./../../../../../../Atmel_lib/BitCloud_MEGARF_1_14_0/BitCloud/lib/libHAL_AtmlStk600_Atmega128rfa1_8Mhz_Gcc.a(appTimer.o)
                              All_Sec_Stk600_Atmega128rfa1_8Mhz_Gcc/Obj/blink.o (HAL_StartAppTimer)
./../../../../../../Atmel_lib/BitCloud_MEGARF_1_14_0/BitCloud/lib/libHAL_AtmlStk600_Atmega128rfa1_8Mhz_Gcc.a(irq.o)
                              All_Sec_Stk600_Atmega128rfa1_8Mhz_Gcc/Obj/buttons.o (HAL_RegisterIrq)
./../../../../../../Atmel_lib/BitCloud_MEGARF_1_14_0/BitCloud/lib/libHAL_AtmlStk600_Atmega128rfa1_8Mhz_Gcc.a(eeprom.o)
                              All_Sec_Stk600_Atmega128rfa1_8Mhz_Gcc/Obj/pdsWriteData.o (HAL_ReadEeprom)
./../../../../../../Atmel_lib/BitCloud_MEGARF_1_14_0/BitCloud/lib/libHAL_AtmlStk600_Atmega128rfa1_8Mhz_Gcc.a(timer.o)
                              ./../../../../../../Atmel_lib/BitCloud_MEGARF_1_14_0/BitCloud/lib/libHAL_AtmlStk600_Atmega128rfa1_8Mhz_Gcc.a(appTimer.o) (halAddTimer)
./../../../../../../Atmel_lib/BitCloud_MEGARF_1_14_0/BitCloud/lib/libHAL_AtmlStk600_Atmega128rfa1_8Mhz_Gcc.a(halSleepTimerClock.o)
                              ./../../../../../../Atmel_lib/BitCloud_MEGARF_1_14_0/BitCloud/lib/libHAL_AtmlStk600_Atmega128rfa1_8Mhz_Gcc.a(appTimer.o) (halGetTimeOfSleepTimer)
./../../../../../../Atmel_lib/BitCloud_MEGARF_1_14_0/BitCloud/lib/libHAL_AtmlStk600_Atmega128rfa1_8Mhz_Gcc.a(halAppClock.o)
                              ./../../../../../../Atmel_lib/BitCloud_MEGARF_1_14_0/BitCloud/lib/libHAL_AtmlStk600_Atmega128rfa1_8Mhz_Gcc.a(appTimer.o) (halGetTimeOfAppTimer)
./../../../../../../Atmel_lib/BitCloud_MEGARF_1_14_0/BitCloud/lib/libHAL_AtmlStk600_Atmega128rfa1_8Mhz_Gcc.a(halIrq.o)
                              ./../../../../../../Atmel_lib/BitCloud_MEGARF_1_14_0/BitCloud/lib/libHAL_AtmlStk600_Atmega128rfa1_8Mhz_Gcc.a(irq.o) (halSetIrqConfig)
./../../../../../../Atmel_lib/BitCloud_MEGARF_1_14_0/BitCloud/lib/libHAL_AtmlStk600_Atmega128rfa1_8Mhz_Gcc.a(halEeprom.o)
                              ./../../../../../../Atmel_lib/BitCloud_MEGARF_1_14_0/BitCloud/lib/libHAL_AtmlStk600_Atmega128rfa1_8Mhz_Gcc.a(eeprom.o) (halEepromWrite)
./../../../../../../Atmel_lib/BitCloud_MEGARF_1_14_0/BitCloud/lib/libHAL_AtmlStk600_Atmega128rfa1_8Mhz_Gcc.a(halSleep.o)
                              ./../../../../../../Atmel_lib/BitCloud_MEGARF_1_14_0/BitCloud/lib/libHAL_AtmlStk600_Atmega128rfa1_8Mhz_Gcc.a(halSleepTimerClock.o) (halPowerOn)
./../../../../../../Atmel_lib/BitCloud_MEGARF_1_14_0/BitCloud/lib/libHAL_AtmlStk600_Atmega128rfa1_8Mhz_Gcc.a(calibration.o)
                              ./../../../../../../Atmel_lib/BitCloud_MEGARF_1_14_0/BitCloud/lib/libHAL_AtmlStk600_Atmega128rfa1_8Mhz_Gcc.a(halSleep.o) (halStartingCalibrate)
./../../../../../../Atmel_lib/BitCloud_MEGARF_1_14_0/BitCloud/lib/libHAL_AtmlStk600_Atmega128rfa1_8Mhz_Gcc.a(halCalibration.o)
                              ./../../../../../../Atmel_lib/BitCloud_MEGARF_1_14_0/BitCloud/lib/libHAL_AtmlStk600_Atmega128rfa1_8Mhz_Gcc.a(calibration.o) (halMeasurement)
./../../../../../../Atmel_lib/BitCloud_MEGARF_1_14_0/BitCloud/lib/libHAL_AtmlStk600_Atmega128rfa1_8Mhz_Gcc.a(halTaskManager.o)
                              ./../../../../../../Atmel_lib/BitCloud_MEGARF_1_14_0/BitCloud/lib/libHAL_AtmlStk600_Atmega128rfa1_8Mhz_Gcc.a(halAppClock.o) (halTaskFlags4)
./../../../../../../Atmel_lib/BitCloud_MEGARF_1_14_0/BitCloud/lib/libHAL_AtmlStk600_Atmega128rfa1_8Mhz_Gcc.a(usart.o)
                              ./../../../../../../Atmel_lib/BitCloud_MEGARF_1_14_0/BitCloud/lib/libHAL_AtmlStk600_Atmega128rfa1_8Mhz_Gcc.a(halTaskManager.o) (halSigUsartHandler)
./../../../../../../Atmel_lib/BitCloud_MEGARF_1_14_0/BitCloud/lib/libHAL_AtmlStk600_Atmega128rfa1_8Mhz_Gcc.a(i2cPacket.o)
                              ./../../../../../../Atmel_lib/BitCloud_MEGARF_1_14_0/BitCloud/lib/libHAL_AtmlStk600_Atmega128rfa1_8Mhz_Gcc.a(halTaskManager.o) (halSig2WireSerialHandler)
./../../../../../../Atmel_lib/BitCloud_MEGARF_1_14_0/BitCloud/lib/libHAL_AtmlStk600_Atmega128rfa1_8Mhz_Gcc.a(adc.o)
                              ./../../../../../../Atmel_lib/BitCloud_MEGARF_1_14_0/BitCloud/lib/libHAL_AtmlStk600_Atmega128rfa1_8Mhz_Gcc.a(halTaskManager.o) (halSigAdcHandler)
./../../../../../../Atmel_lib/BitCloud_MEGARF_1_14_0/BitCloud/lib/libHAL_AtmlStk600_Atmega128rfa1_8Mhz_Gcc.a(spi.o)
[...]
Memory Configuration

Name             Origin             Length             Attributes
text             0x00000000         0x00020000         xr
data             0x00800190         0x00003e0c         rw !x
eeprom           0x00810000         0x00001000         rw !x
*default*        0x00000000         0xffffffff

Linker script and memory map

Address of section .data set to 0x800200
LOAD c:/program files (x86)/atmel/avr tools/avr toolchain/bin/../lib/gcc/avr/4.5.1/../../../../avr/lib/avr51/crtm128rfa1.o

.text           0x00000000    0x1a55a
                0x00000000                PROVIDE (__text_start, .)
 *(.vectors)
 .vectors       0x00000000      0x120 c:/program files (x86)/atmel/avr tools/avr toolchain/bin/../lib/gcc/avr/4.5.1/../../../../avr/lib/avr51/crtm128rfa1.o
                0x00000000                __vector_default
                0x00000000                __vectors
 *(.vectors)
                0x00000120                PROVIDE (__pds_ff_start, .)
 *(.pds_ff)
 .pds_ff        0x00000120       0xa8 All_Sec_Stk600_Atmega128rfa1_8Mhz_Gcc/Obj/csPersistentMem.o
                0x00000120                csGeneralFileDescriptors
                0x00000192                csExtendedFileDescriptors
                0x000001aa                csNeighborTableFileDescriptor
                0x000001b0                csGroupTableFileDescriptor
                0x000001b6                csBindingTableFileDescriptor
                0x000001bc                csNwkSecurityFileDescriptors
                0x000001c8                PROVIDE (__pds_ff_end, .)
                0x000001c8                PROVIDE (__pds_fd_start, .)
 *(.pds_fd)
 .pds_fd        0x000001c8       0x24 All_Sec_Stk600_Atmega128rfa1_8Mhz_Gcc/Obj/csPersistentMem.o
                0x000001c8                csGeneralParamsDirDescr
                0x000001ce                csExtendedParamsDirDescr
                0x000001d4                csNwkSecurityTablesDirDescr
                0x000001da                BCSystemDirDescr
                0x000001e0                BCExtGenParamsDirDescr
                0x000001e6                BCRejoinParamsDirDescr
                0x000001ec                PROVIDE (__pds_fd_end, .)
 *(.progmem.gcc*)
 .progmem.gcc_sw_table
                0x000001ec       0x56 ./../../../../../../Atmel_lib/BitCloud_MEGARF_1_14_0/BitCloud/lib/libBc_All_Sec_Atmega128rfa1_Atmega128rfa1_Gcc.a(nwk.o)
 .progmem.gcc_sw_table
                0x00000242       0x58 ./../../../../../../Atmel_lib/BitCloud_MEGARF_1_14_0/BitCloud/lib/libBc_All_Sec_Atmega128rfa1_Atmega128rfa1_Gcc.a(zdo.o)
 .progmem.gcc_sw_table
                0x0000029a      0x110 ./../../../../../../Atmel_lib/BitCloud_MEGARF_1_14_0/BitCloud/lib/libBc_All_Sec_Atmega128rfa1_Atmega128rfa1_Gcc.a(macenvPib.o)
 .progmem.gcc_sw_table
                0x000003aa       0x28 ./../../../../../../Atmel_lib/BitCloud_MEGARF_1_14_0/BitCloud/lib/libBc_All_Sec_Atmega128rfa1_Atmega128rfa1_Gcc.a(machwdManager.o)
 .progmem.gcc_sw_table
                0x000003d2       0x3c ./../../../../../../Atmel_lib/BitCloud_MEGARF_1_14_0/BitCloud/lib/libBc_All_Sec_Atmega128rfa1_Atmega128rfa1_Gcc.a(machwiManager.o)
 .progmem.gcc_sw_table
                0x0000040e       0x16 ./../../../../../../Atmel_lib/BitCloud_MEGARF_1_14_0/BitCloud/lib/libBc_All_Sec_Atmega128rfa1_Atmega128rfa1_Gcc.a(machwiPanServer.o)
 .progmem.gcc_sw_table
                0x00000424       0x20 ./../../../../../../Atmel_lib/BitCloud_MEGARF_1_14_0/BitCloud/lib/libBc_All_Sec_Atmega128rfa1_Atmega128rfa1_Gcc.a(machwiScanHandler.o)
 .progmem.gcc_sw_table
                0x00000444       0x18 ./../../../../../../Atmel_lib/BitCloud_MEGARF_1_14_0/BitCloud/lib/libBc_All_Sec_Atmega128rfa1_Atmega128rfa1_Gcc.a(sspCcmHandler.o)
 .progmem.gcc_sw_table
                0x0000045c       0x26 ./../../../../../../Atmel_lib/BitCloud_MEGARF_1_14_0/BitCloud/lib/libBc_All_Sec_Atmega128rfa1_Atmega128rfa1_Gcc.a(machwdFrameRoutine.o)
 *(.progmem*)
 .progmem.data  0x00000482       0xc4 All_Sec_Stk600_Atmega128rfa1_8Mhz_Gcc/Obj/csPersistentMem.o
                0x00000482                CsGeneralMemoryIdsTable
                0x000004a8                CsExtendedMemoryIdsTable
                0x000004b0                CsNwkSecurityMemoryIdsTable
                0x000004b4                BCSystemMemoryIdsTable
                0x000004ec                BCExtGenParamsMemoryIdsTable
                0x0000051a                BCRejoinParamsMemoryIdsTable
 .progmem.data  0x00000546      0x2af All_Sec_Stk600_Atmega128rfa1_8Mhz_Gcc/Obj/csMem.o
                0x00000546                defaultNIB
                0x000005d4                defaultZIB
                0x00000603                defaultAIB
                0x0000060f                defaultSIB
                0x0000064d                csReadOnlyItems
                0x00000671                csMemoryItems
 .progmem.data  0x000007f5        0xc ./../../../../../../Atmel_lib/BitCloud_MEGARF_1_14_0/BitCloud/lib/libHAL_AtmlStk600_Atmega128rfa1_8Mhz_Gcc.a(usart.o)
 .progmem.data  0x00000801      0x132 ./../../../../../../Atmel_lib/BitCloud_MEGARF_1_14_0/BitCloud/lib/libBc_All_Sec_Atmega128rfa1_Atmega128rfa1_Gcc.a(nwk.o)
 .progmem.data  0x00000933        0x4 ./../../../../../../Atmel_lib/BitCloud_MEGARF_1_14_0/BitCloud/lib/libBc_All_Sec_Atmega128rfa1_Atmega128rfa1_Gcc.a(sspManager.o)
                0x00000933                sspHandlers
 .progmem.data  0x00000937        0x4 ./../../../../../../Atmel_lib/BitCloud_MEGARF_1_14_0/BitCloud/lib/libBc_All_Sec_Atmega128rfa1_Atmega128rfa1_Gcc.a(sspSfpHandler.o)
                0x00000937                secLevelLenM
 .progmem.data  0x0000093b        0x4 ./../../../../../../Atmel_lib/BitCloud_MEGARF_1_14_0/BitCloud/lib/libBc_All_Sec_Atmega128rfa1_Atmega128rfa1_Gcc.a(tcTaskManager.o)
 .progmem.data  0x0000093f       0x2e ./../../../../../../Atmel_lib/BitCloud_MEGARF_1_14_0/BitCloud/lib/libBc_All_Sec_Atmega128rfa1_Atmega128rfa1_Gcc.a(aps.o)
                0x0000096e                . = ALIGN (0x2)
 *fill*         0x0000096d        0x1 00
 *(.trampolines*)
 .trampolines   0x0000096e        0x0 linker stubs
 *(.jumptables*)
 *(.lowtext*)
 *(.init0)
 .init0         0x0000096e        0x0 c:/program files (x86)/atmel/avr tools/avr toolchain/bin/../lib/gcc/avr/4.5.1/../../../../avr/lib/avr51/crtm128rfa1.o
                0x0000096e                __init
 .init0         0x0000096e       0x30 ./../../../../../../Atmel_lib/BitCloud_MEGARF_1_14_0/BitCloud/lib/WdtInitatmega128rfa1_Gcc.o
                0x0000096e                halWdtInit
 *(.init0)
 *(.init1)
 *(.init1)
 *(.init2)
 .init2         0x0000099e        0xc c:/program files (x86)/atmel/avr tools/avr toolchain/bin/../lib/gcc/avr/4.5.1/../../../../avr/lib/avr51/crtm128rfa1.o
 *(.init2)
 *(.init3)
 *(.init3)
 *(.init4)
 .init4         0x000009aa       0x1a c:/program files (x86)/atmel/avr tools/avr toolchain/bin/../lib/gcc/avr/4.5.1/avr51\libgcc.a(_copy_data.o)
                0x000009aa                __do_copy_data
 .init4         0x000009c4       0x10 c:/program files (x86)/atmel/avr tools/avr toolchain/bin/../lib/gcc/avr/4.5.1/avr51\libgcc.a(_clear_bss.o)
                0x000009c4                __do_clear_bss
 *(.init4)
 *(.init5)
 *(.init5)
 *(.init6)
 *(.init6)
 *(.init7)
 *(.init7)
 *(.init8)
 *(.init8)
 *(.text.main)
 .text.main     0x000009d4        0xa All_Sec_Stk600_Atmega128rfa1_8Mhz_Gcc/Obj/blink.o
                0x000009d4                main
 *(.text.main)
 *(.text)
 .text          0x000009de        0x4 c:/program files (x86)/atmel/avr tools/avr toolchain/bin/../lib/gcc/avr/4.5.1/../../../../avr/lib/avr51/crtm128rfa1.o
                0x000009de                __vector_22
                0x000009de                __vector_28
                0x000009de                __vector_67
                0x000009de                __vector_32
                0x000009de                __vector_71
                0x000009de                __vector_34
                0x000009de                __vector_62
                0x000009de                __vector_12
                0x000009de                __vector_55
                0x000009de                __vector_69
                0x000009de                __vector_46
                0x000009de                __bad_interrupt
                0x000009de                __vector_31
                0x000009de                __vector_35
                0x000009de                __vector_23
                0x000009de                __vector_68
                0x000009de                __vector_45
                0x000009de                __vector_61
                0x000009de                __vector_11
                0x000009de                __vector_54
                0x000009de                __vector_17
                0x000009de                __vector_19
                0x000009de                __vector_56
                0x000009de                __vector_49
                0x000009de                __vector_41
                0x000009de                __vector_64
                0x000009de                __vector_33
                0x000009de                __vector_47
                0x000009de                __vector_52
                0x000009de                __vector_44
                0x000009de                __vector_51
                0x000009de                __vector_9
                0x000009de                __vector_21
                0x000009de                __vector_66
                0x000009de                __vector_58
                0x000009de                __vector_70
                0x000009de                __vector_40
                0x000009de                __vector_48
                0x000009de                __vector_14
                0x000009de                __vector_57
                0x000009de                __vector_53
                0x000009de                __vector_10
                0x000009de                __vector_50
                0x000009de                __vector_16
                0x000009de                __vector_59
                0x000009de                __vector_18
                0x000009de                __vector_20
                0x000009de                __vector_65
 .text          0x000009e2       0xce ./../../../../../../Atmel_lib/BitCloud_MEGARF_1_14_0/BitCloud/lib/libHAL_AtmlStk600_Atmega128rfa1_8Mhz_Gcc.a(halW1.o)
                0x000009e2                halResetW1
                0x00000a16                halReadW1Bit
                0x00000a46                halReadW1
                0x00000a62                halWriteW1bit
                0x00000a8e                halWriteW1
                0x00000aa0                __delay_us
 .text          0x00000ab0       0x3a ./../../../../../../Atmel_lib/BitCloud_MEGARF_1_14_0/BitCloud/lib/libHAL_AtmlStk600_Atmega128rfa1_8Mhz_Gcc.a(halCalibration.o)
                0x00000ab0                halMeasurement
 .text          0x00000aea       0xe2 c:/program files (x86)/atmel/avr tools/avr toolchain/bin/../lib/gcc/avr/4.5.1/avr51\libgcc.a(_ashldi3.o)
                0x00000aea                __ashldi3
 *(.text.*)
 .text.blinkTimerFired
                0x00000bcc       0x14 All_Sec_Stk600_Atmega128rfa1_8Mhz_Gcc/Obj/blink.o
 .text.buttonsReleased
                0x00000be0       0xb0 All_Sec_Stk600_Atmega128rfa1_8Mhz_Gcc/Obj/blink.o
 .text.changeTimerFired
                0x00000c90       0x1c All_Sec_Stk600_Atmega128rfa1_8Mhz_Gcc/Obj/blink.o
 .text.APL_TaskHandler
                0x00000cac       0x84 All_Sec_Stk600_Atmega128rfa1_8Mhz_Gcc/Obj/blink.o
                0x00000cac                APL_TaskHandler
 .text.ZDO_MgmtNwkUpdateNotf
                0x00000d30        0x2 All_Sec_Stk600_Atmega128rfa1_8Mhz_Gcc/Obj/blink.o
                0x00000d30                ZDO_MgmtNwkUpdateNotf
 .text.ZDO_WakeUpInd
                0x00000d32        0x2 All_Sec_Stk600_Atmega128rfa1_8Mhz_Gcc/Obj/blink.o
                0x00000d32                ZDO_WakeUpInd
 .text.ZDO_BindIndication
                0x00000d34        0x2 All_Sec_Stk600_Atmega128rfa1_8Mhz_Gcc/Obj/blink.o
                0x00000d34                ZDO_BindIndication
 .text.ZDO_UnbindIndication
                0x00000d36        0x2 All_Sec_Stk600_Atmega128rfa1_8Mhz_Gcc/Obj/blink.o
                0x00000d36                ZDO_UnbindIndication
 .text.pdsDummyCallback
                0x00000d38        0x2 All_Sec_Stk600_Atmega128rfa1_8Mhz_Gcc/Obj/pdsWriteData.o
                0x00000d38                pdsDummyCallback
 .text.pdsAddDataForCommitment
                0x00000d3a       0x70 All_Sec_Stk600_Atmega128rfa1_8Mhz_Gcc/Obj/pdsWriteData.o
                0x00000d3a                pdsAddDataForCommitment
 .text.pdsWaitMemoryFree
                0x00000daa       0x10 All_Sec_Stk600_Atmega128rfa1_8Mhz_Gcc/Obj/pdsWriteData.o
                0x00000daa                pdsWaitMemoryFree
 .text.pdsRead  0x00000dba       0x3e All_Sec_Stk600_Atmega128rfa1_8Mhz_Gcc/Obj/pdsWriteData.o
                0x00000dba                pdsRead
 .text.pdsWrite
                0x00000df8       0x3e All_Sec_Stk600_Atmega128rfa1_8Mhz_Gcc/Obj/pdsWriteData.o
                0x00000df8                pdsWrite
 .text.pdsStartCommitment
                0x00000e36      0x1e6 All_Sec_Stk600_Atmega128rfa1_8Mhz_Gcc/Obj/pdsWriteData.o
                0x00000e36                pdsStartCommitment
 .text.pdsMemMaskIsAnyBitSet
                0x0000101c       0x1c All_Sec_Stk600_Atmega128rfa1_8Mhz_Gcc/Obj/pdsDataServer.o
 .text.pdsInitMemMask
                0x00001038       0x3c All_Sec_Stk600_Atmega128rfa1_8Mhz_Gcc/Obj/pdsDataServer.o
 .text.pdsGetMemoryAllowed
                0x00001074       0x38 All_Sec_Stk600_Atmega128rfa1_8Mhz_Gcc/Obj/pdsDataServer.o
 .text.PDS_Store
                0x000010ac       0x14 All_Sec_Stk600_Atmega128rfa1_8Mhz_Gcc/Obj/pdsDataServer.o
                0x000010ac                PDS_Store
 .text.PDS_IsMemoryRestored
                0x000010c0       0x54 All_Sec_Stk600_Atmega128rfa1_8Mhz_Gcc/Obj/pdsDataServer.o
                0x000010c0                PDS_IsMemoryRestored
 .text.PDS_Init
                0x00001114      0x226 All_Sec_Stk600_Atmega128rfa1_8Mhz_Gcc/Obj/pdsInit.o
                0x00001114                PDS_Init
 .text.pdsTimerFired
                0x0000133a        0xe All_Sec_Stk600_Atmega128rfa1_8Mhz_Gcc/Obj/pdsTimer.o
 .text.pdsTimerInit
                0x00001348       0x12 All_Sec_Stk600_Atmega128rfa1_8Mhz_Gcc/Obj/pdsTimer.o
                0x00001348                pdsTimerInit
 .text.pdsGetFileDescrRec
                0x0000135a       0x66 All_Sec_Stk600_Atmega128rfa1_8Mhz_Gcc/Obj/pdsMemAccess.o
                0x0000135a                pdsGetFileDescrRec
 .text.pdsGetFileOffset
                0x000013c0      0x112 All_Sec_Stk600_Atmega128rfa1_8Mhz_Gcc/Obj/pdsMemAccess.o
                0x000013c0                pdsGetFileOffset
 .text.pdsPrepareMemoryAccess
                0x000014d2       0xc0 All_Sec_Stk600_Atmega128rfa1_8Mhz_Gcc/Obj/pdsMemAccess.o
                0x000014d2                pdsPrepareMemoryAccess
 .text.pdsExpandMemoryMask
                0x00001592      0x162 All_Sec_Stk600_Atmega128rfa1_8Mhz_Gcc/Obj/pdsMemAccess.o
                0x00001592                pdsExpandMemoryMask
 .text.pdsPrepareAccessContext
                0x000016f4       0x40 All_Sec_Stk600_Atmega128rfa1_8Mhz_Gcc/Obj/pdsMemAccess.o
                0x000016f4                pdsPrepareAccessContext
 .text.pdsCalculateRAMDataCrc
                0x00001734       0x1c All_Sec_Stk600_Atmega128rfa1_8Mhz_Gcc/Obj/pdsCrcService.o
                0x00001734                pdsCalculateRAMDataCrc
 .text.pdsCheckFile
                0x00001750       0xc8 All_Sec_Stk600_Atmega128rfa1_8Mhz_Gcc/Obj/pdsCrcService.o
                0x00001750                pdsCheckFile
 .text.pdsCheckStorage
                0x00001818       0x8e All_Sec_Stk600_Atmega128rfa1_8Mhz_Gcc/Obj/pdsCrcService.o
                0x00001818                pdsCheckStorage
 .text.bspTemperatureSensorHandler
                0x000018a6       0x12 All_Sec_Stk600_Atmega128rfa1_8Mhz_Gcc/Obj/fakeBSP.o
                0x000018a6                bspTemperatureSensorHandler
 .text.bspLightSensorHandler
                0x000018b8       0x12 All_Sec_Stk600_Atmega128rfa1_8Mhz_Gcc/Obj/fakeBSP.o
                0x000018b8                bspLightSensorHandler
 .text.bspEmptyBatteryHandler
                0x000018ca       0x10 All_Sec_Stk600_Atmega128rfa1_8Mhz_Gcc/Obj/fakeBSP.o
                0x000018ca                bspEmptyBatteryHandler
 .text.GPIO_D0_read
                0x000018da        0x6 All_Sec_Stk600_Atmega128rfa1_8Mhz_Gcc/Obj/buttons.o
 .text.GPIO_D0_make_pullup
                0x000018e0        0x4 All_Sec_Stk600_Atmega128rfa1_8Mhz_Gcc/Obj/buttons.o
 .text.GPIO_D1_read
                0x000018e4        0x8 All_Sec_Stk600_Atmega128rfa1_8Mhz_Gcc/Obj/buttons.o
 .text.GPIO_D1_make_pullup
                0x000018ec        0x4 All_Sec_Stk600_Atmega128rfa1_8Mhz_Gcc/Obj/buttons.o
 .text.GPIO_D5_read
                0x000018f0        0x8 All_Sec_Stk600_Atmega128rfa1_8Mhz_Gcc/Obj/buttons.o
 .text.GPIO_D5_make_pullup
                0x000018f8        0x4 All_Sec_Stk600_Atmega128rfa1_8Mhz_Gcc/Obj/buttons.o
 .text.bspAddButton
                0x000018fc       0x48 All_Sec_Stk600_Atmega128rfa1_8Mhz_Gcc/Obj/buttons.o
 .text.bspKeysInterruptHandler
                0x00001944       0x9a All_Sec_Stk600_Atmega128rfa1_8Mhz_Gcc/Obj/buttons.o
 .text.BSP_OpenButtons
                0x000019de       0xec All_Sec_Stk600_Atmega128rfa1_8Mhz_Gcc/Obj/buttons.o
                0x000019de                BSP_OpenButtons
 .text.bspButtonsHandler
                0x00001aca       0x8a All_Sec_Stk600_Atmega128rfa1_8Mhz_Gcc/Obj/buttons.o
                0x00001aca                bspButtonsHandler
 .text.BSP_OpenLeds
                0x00001b54       0x10 All_Sec_Stk600_Atmega128rfa1_8Mhz_Gcc/Obj/leds.o
                0x00001b54                BSP_OpenLeds
 .text.BSP_OnLed
                0x00001b64       0x1a All_Sec_Stk600_Atmega128rfa1_8Mhz_Gcc/Obj/leds.o
                0x00001b64                BSP_OnLed
 .text.BSP_ToggleLed
                0x00001b7e       0x28 All_Sec_Stk600_Atmega128rfa1_8Mhz_Gcc/Obj/leds.o
                0x00001b7e                BSP_ToggleLed
 .text.BSP_TaskHandler
                0x00001ba6       0x7a All_Sec_Stk600_Atmega128rfa1_8Mhz_Gcc/Obj/bspTaskManager.o
                0x00001ba6                BSP_TaskHandler
 .text.csSetToDefault
                0x00001c20       0x6a All_Sec_Stk600_Atmega128rfa1_8Mhz_Gcc/Obj/csMem.o
                0x00001c20                csSetToDefault
 .text.csGetItem
                0x00001c8a       0x38 All_Sec_Stk600_Atmega128rfa1_8Mhz_Gcc/Obj/configServer.o
 .text.CS_Init  0x00001cc2        0xa All_Sec_Stk600_Atmega128rfa1_8Mhz_Gcc/Obj/configServer.o
                0x00001cc2                CS_Init
 .text.CS_ReadParameter
                0x00001ccc       0x36 All_Sec_Stk600_Atmega128rfa1_8Mhz_Gcc/Obj/configServer.o
                0x00001ccc                CS_ReadParameter
 .text.CS_WriteParameter
                0x00001d02       0x34 All_Sec_Stk600_Atmega128rfa1_8Mhz_Gcc/Obj/configServer.o
                0x00001d02                CS_WriteParameter
 .text.CS_GetMemory
                0x00001d36       0x18 All_Sec_Stk600_Atmega128rfa1_8Mhz_Gcc/Obj/configServer.o
                0x00001d36                CS_GetMemory
 .text.HAL_Delay
                0x00001d4e        0x6 ./../../../../../../Atmel_lib/BitCloud_MEGARF_1_14_0/BitCloud/lib/libHAL_AtmlStk600_Atmega128rfa1_8Mhz_Gcc.a(halDelay.o)
                0x00001d4e                HAL_Delay
 .text.halAppTimerHandler
                0x00001d54       0x8a ./../../../../../../Atmel_lib/BitCloud_MEGARF_1_14_0/BitCloud/lib/libHAL_AtmlStk600_Atmega128rfa1_8Mhz_Gcc.a(appTimer.o)
                0x00001d54                halAppTimerHandler
 .text.HAL_StartAppTimer
                0x00001dde       0x58 ./../../../../../../Atmel_lib/BitCloud_MEGARF_1_14_0/BitCloud/lib/libHAL_AtmlStk600_Atmega128rfa1_8Mhz_Gcc.a(appTimer.o)
                0x00001dde                HAL_StartAppTimer
 .text.HAL_StopAppTimer
                0x00001e36       0x4a ./../../../../../../Atmel_lib/BitCloud_MEGARF_1_14_0/BitCloud/lib/libHAL_AtmlStk600_Atmega128rfa1_8Mhz_Gcc.a(appTimer.o)
                0x00001e36                HAL_StopAppTimer
 .text.HAL_GetSystemTime
                0x00001e80       0x4e ./../../../../../../Atmel_lib/BitCloud_MEGARF_1_14_0/BitCloud/lib/libHAL_AtmlStk600_Atmega128rfa1_8Mhz_Gcc.a(appTimer.o)
                0x00001e80                HAL_GetSystemTime
 .text.HAL_RegisterIrq
                0x00001ece       0x5a ./../../../../../../Atmel_lib/BitCloud_MEGARF_1_14_0/BitCloud/lib/libHAL_AtmlStk600_Atmega128rfa1_8Mhz_Gcc.a(irq.o)
                0x00001ece                HAL_RegisterIrq
 .text.HAL_EnableIrq
                0x00001f28       0x3c ./../../../../../../Atmel_lib/BitCloud_MEGARF_1_14_0/BitCloud/lib/libHAL_AtmlStk600_Atmega128rfa1_8Mhz_Gcc.a(irq.o)
                0x00001f28                HAL_EnableIrq
 .text.HAL_ReadEeprom
                0x00001f64       0xc8 ./../../../../../../Atmel_lib/BitCloud_MEGARF_1_14_0/BitCloud/lib/libHAL_AtmlStk600_Atmega128rfa1_8Mhz_Gcc.a(eeprom.o)
                0x00001f64                HAL_ReadEeprom
 .text.HAL_WriteEeprom
                0x0000202c       0xea ./../../../../../../Atmel_lib/BitCloud_MEGARF_1_14_0/BitCloud/lib/libHAL_AtmlStk600_Atmega128rfa1_8Mhz_Gcc.a(eeprom.o)
                0x0000202c                HAL_WriteEeprom
 .text.HAL_IsEepromBusy
                0x00002116        0xe ./../../../../../../Atmel_lib/BitCloud_MEGARF_1_14_0/BitCloud/lib/libHAL_AtmlStk600_Atmega128rfa1_8Mhz_Gcc.a(eeprom.o)
                0x00002116                HAL_IsEepromBusy
 .text.halSigEepromReadyHandler
                0x00002124       0x60 ./../../../../../../Atmel_lib/BitCloud_MEGARF_1_14_0/BitCloud/lib/libHAL_AtmlStk600_Atmega128rfa1_8Mhz_Gcc.a(eeprom.o)
                0x00002124                halSigEepromReadyHandler
 .text.halAddTimer
                0x00002184      0x370 ./../../../../../../Atmel_lib/BitCloud_MEGARF_1_14_0/BitCloud/lib/libHAL_AtmlStk600_Atmega128rfa1_8Mhz_Gcc.a(timer.o)
                0x00002184                halAddTimer
 .text.halRemoveTimer
                0x000024f4       0x3e ./../../../../../../Atmel_lib/BitCloud_MEGARF_1_14_0/BitCloud/lib/libHAL_AtmlStk600_Atmega128rfa1_8Mhz_Gcc.a(timer.o)
                0x000024f4                halRemoveTimer
 .text.halFindPrevTimer
                0x00002532       0x1e ./../../../../../../Atmel_lib/BitCloud_MEGARF_1_14_0/BitCloud/lib/libHAL_AtmlStk600_Atmega128rfa1_8Mhz_Gcc.a(timer.o)
                0x00002532                halFindPrevTimer
 .text.halClearTimeControl
                0x00002550       0x14 ./../../../../../../Atmel_lib/BitCloud_MEGARF_1_14_0/BitCloud/lib/libHAL_AtmlStk600_Atmega128rfa1_8Mhz_Gcc.a(halSleepTimerClock.o)
                0x00002550                halClearTimeControl
 .text.halWakeupFromIrq
                0x00002564       0x28 ./../../../../../../Atmel_lib/BitCloud_MEGARF_1_14_0/BitCloud/lib/libHAL_AtmlStk600_Atmega128rfa1_8Mhz_Gcc.a(halSleepTimerClock.o)
                0x00002564                halWakeupFromIrq
 .text.halStartSleepTimerClock
                0x0000258c       0x48 ./../../../../../../Atmel_lib/BitCloud_MEGARF_1_14_0/BitCloud/lib/libHAL_AtmlStk600_Atmega128rfa1_8Mhz_Gcc.a(halSleepTimerClock.o)
                0x0000258c                halStartSleepTimerClock
 .text.halStopSleepTimerClock
                0x000025d4       0x42 ./../../../../../../Atmel_lib/BitCloud_MEGARF_1_14_0/BitCloud/lib/libHAL_AtmlStk600_Atmega128rfa1_8Mhz_Gcc.a(halSleepTimerClock.o)
                0x000025d4                halStopSleepTimerClock
 .text.halSetSleepTimerInterval
                0x00002616       0x6a ./../../../../../../Atmel_lib/BitCloud_MEGARF_1_14_0/BitCloud/lib/libHAL_AtmlStk600_Atmega128rfa1_8Mhz_Gcc.a(halSleepTimerClock.o)
                0x00002616                halSetSleepTimerInterval
 .text.halGetTimeOfSleepTimer
                0x00002680       0xbc ./../../../../../../Atmel_lib/BitCloud_MEGARF_1_14_0/BitCloud/lib/libHAL_AtmlStk600_Atmega128rfa1_8Mhz_Gcc.a(halSleepTimerClock.o)
                0x00002680                halGetTimeOfSleepTimer
 .text.halSleepTimerFrequency
                0x0000273c        0xa ./../../../../../../Atmel_lib/BitCloud_MEGARF_1_14_0/BitCloud/lib/libHAL_AtmlStk600_Atmega128rfa1_8Mhz_Gcc.a(halSleepTimerClock.o)
                0x0000273c                halSleepTimerFrequency
 .text.halSleepSystemTimeSynchronize
                0x00002746       0x62 ./../../../../../../Atmel_lib/BitCloud_MEGARF_1_14_0/BitCloud/lib/libHAL_AtmlStk600_Atmega128rfa1_8Mhz_Gcc.a(halSleepTimerClock.o)
                0x00002746                halSleepSystemTimeSynchronize
 .text.__vector_13
                0x000027a8       0x92 ./../../../../../../Atmel_lib/BitCloud_MEGARF_1_14_0/BitCloud/lib/libHAL_AtmlStk600_Atmega128rfa1_8Mhz_Gcc.a(halSleepTimerClock.o)
                0x000027a8                __vector_13
 .text.__vector_15
                0x0000283a      0x10a ./../../../../../../Atmel_lib/BitCloud_MEGARF_1_14_0/BitCloud/lib/libHAL_AtmlStk600_Atmega128rfa1_8Mhz_Gcc.a(halSleepTimerClock.o)
                0x0000283a                __vector_15
 .text.halInitAppClock
                0x00002944       0x26 ./../../../../../../Atmel_lib/BitCloud_MEGARF_1_14_0/BitCloud/lib/libHAL_AtmlStk600_Atmega128rfa1_8Mhz_Gcc.a(halAppClock.o)
                0x00002944                halInitAppClock
 .text.halAdjustSleepInterval
                0x0000296a       0x50 ./../../../../../../Atmel_lib/BitCloud_MEGARF_1_14_0/BitCloud/lib/libHAL_AtmlStk600_Atmega128rfa1_8Mhz_Gcc.a(halAppClock.o)
                0x0000296a                halAdjustSleepInterval
 .text.halAppSystemTimeSynchronize
                0x000029ba       0x62 ./../../../../../../Atmel_lib/BitCloud_MEGARF_1_14_0/BitCloud/lib/libHAL_AtmlStk600_Atmega128rfa1_8Mhz_Gcc.a(halAppClock.o)
                0x000029ba                halAppSystemTimeSynchronize
 .text.halGetTimeOfAppTimer
                0x00002a1c       0x16 ./../../../../../../Atmel_lib/BitCloud_MEGARF_1_14_0/BitCloud/lib/libHAL_AtmlStk600_Atmega128rfa1_8Mhz_Gcc.a(halAppClock.o)
                0x00002a1c                halGetTimeOfAppTimer
 .text.__vector_42
                0x00002a32       0x4c ./../../../../../../Atmel_lib/BitCloud_MEGARF_1_14_0/BitCloud/lib/libHAL_AtmlStk600_Atmega128rfa1_8Mhz_Gcc.a(halAppClock.o)
                0x00002a32                __vector_42
 .text.halSetIrqConfig
                0x00002a7e       0xd0 ./../../../../../../Atmel_lib/BitCloud_MEGARF_1_14_0/BitCloud/lib/libHAL_AtmlStk600_Atmega128rfa1_8Mhz_Gcc.a(halIrq.o)
                0x00002a7e                halSetIrqConfig
 .text.__vector_1
                0x00002b4e       0x5a ./../../../../../../Atmel_lib/BitCloud_MEGARF_1_14_0/BitCloud/lib/libHAL_AtmlStk600_Atmega128rfa1_8Mhz_Gcc.a(halIrq.o)
                0x00002b4e                __vector_1
 .text.__vector_2
                0x00002ba8       0x5a ./../../../../../../Atmel_lib/BitCloud_MEGARF_1_14_0/BitCloud/lib/libHAL_AtmlStk600_Atmega128rfa1_8Mhz_Gcc.a(halIrq.o)
                0x00002ba8                __vector_2
 .text.__vector_3
                0x00002c02       0x5a ./../../../../../../Atmel_lib/BitCloud_MEGARF_1_14_0/BitCloud/lib/libHAL_AtmlStk600_Atmega128rfa1_8Mhz_Gcc.a(halIrq.o)
                0x00002c02                __vector_3
 .text.__vector_4
                0x00002c5c       0x5a ./../../../../../../Atmel_lib/BitCloud_MEGARF_1_14_0/BitCloud/lib/libHAL_AtmlStk600_Atmega128rfa1_8Mhz_Gcc.a(halIrq.o)
                0x00002c5c                __vector_4
 .text.__vector_5
                0x00002cb6       0x5a ./../../../../../../Atmel_lib/BitCloud_MEGARF_1_14_0/BitCloud/lib/libHAL_AtmlStk600_Atmega128rfa1_8Mhz_Gcc.a(halIrq.o)
                0x00002cb6                __vector_5
 .text.__vector_6
                0x00002d10       0x5a ./../../../../../../Atmel_lib/BitCloud_MEGARF_1_14_0/BitCloud/lib/libHAL_AtmlStk600_Atmega128rfa1_8Mhz_Gcc.a(halIrq.o)
                0x00002d10                __vector_6
 .text.__vector_7
                0x00002d6a       0x5a ./../../../../../../Atmel_lib/BitCloud_MEGARF_1_14_0/BitCloud/lib/libHAL_AtmlStk600_Atmega128rfa1_8Mhz_Gcc.a(halIrq.o)
                0x00002d6a                __vector_7
 .text.__vector_8
                0x00002dc4       0x5a ./../../../../../../Atmel_lib/BitCloud_MEGARF_1_14_0/BitCloud/lib/libHAL_AtmlStk600_Atmega128rfa1_8Mhz_Gcc.a(halIrq.o)
                0x00002dc4                __vector_8
 .text.halEepromWrite
                0x00002e1e       0x1c ./../../../../../../Atmel_lib/BitCloud_MEGARF_1_14_0/BitCloud/lib/libHAL_AtmlStk600_Atmega128rfa1_8Mhz_Gcc.a(halEeprom.o)
                0x00002e1e                halEepromWrite
 .text.__vector_30
                0x00002e3a       0x44 ./../../../../../../Atmel_lib/BitCloud_MEGARF_1_14_0/BitCloud/lib/libHAL_AtmlStk600_Atmega128rfa1_8Mhz_Gcc.a(halEeprom.o)
                0x00002e3a                __vector_30
 .text.halPowerOn
                0x00002e7e       0x3e ./../../../../../../Atmel_lib/BitCloud_MEGARF_1_14_0/BitCloud/lib/libHAL_AtmlStk600_Atmega128rfa1_8Mhz_Gcc.a(halSleep.o)
                0x00002e7e                halPowerOn
 .text.halPowerOff
                0x00002ebc       0x9a ./../../../../../../Atmel_lib/BitCloud_MEGARF_1_14_0/BitCloud/lib/libHAL_AtmlStk600_Atmega128rfa1_8Mhz_Gcc.a(halSleep.o)
                0x00002ebc                halPowerOff
 .text.HAL_Sleep
                0x00002f56       0x40 ./../../../../../../Atmel_lib/BitCloud_MEGARF_1_14_0/BitCloud/lib/libHAL_AtmlStk600_Atmega128rfa1_8Mhz_Gcc.a(halSleep.o)
                0x00002f56                HAL_Sleep
 .text.halWakeupHandler
                0x00002f96       0x6a ./../../../../../../Atmel_lib/BitCloud_MEGARF_1_14_0/BitCloud/lib/libHAL_AtmlStk600_Atmega128rfa1_8Mhz_Gcc.a(halSleep.o)
                0x00002f96                halWakeupHandler
 .text.halCalibrateInternalRc
                0x00003000       0xda ./../../../../../../Atmel_lib/BitCloud_MEGARF_1_14_0/BitCloud/lib/libHAL_AtmlStk600_Atmega128rfa1_8Mhz_Gcc.a(calibration.o)
                0x00003000                halCalibrateInternalRc
 .text.HAL_CalibrateMainClock
                0x000030da        0xe ./../../../../../../Atmel_lib/BitCloud_MEGARF_1_14_0/BitCloud/lib/libHAL_AtmlStk600_Atmega128rfa1_8Mhz_Gcc.a(calibration.o)
                0x000030da                HAL_CalibrateMainClock
 .text.halStartingCalibrate
                0x000030e8       0x1c ./../../../../../../Atmel_lib/BitCloud_MEGARF_1_14_0/BitCloud/lib/libHAL_AtmlStk600_Atmega128rfa1_8Mhz_Gcc.a(calibration.o)
                0x000030e8                halStartingCalibrate
 .text.HAL_TaskHandler
                0x00003104      0x1b2 ./../../../../../../Atmel_lib/BitCloud_MEGARF_1_14_0/BitCloud/lib/libHAL_AtmlStk600_Atmega128rfa1_8Mhz_Gcc.a(halTaskManager.o)
                0x00003104                HAL_TaskHandler
 .text.halUsartHwController
                0x000032b6       0x9a ./../../../../../../Atmel_lib/BitCloud_MEGARF_1_14_0/BitCloud/lib/libHAL_AtmlStk600_Atmega128rfa1_8Mhz_Gcc.a(usart.o)
 .text.halSigUsartReceptionComplete
                0x00003350       0x54 ./../../../../../../Atmel_lib/BitCloud_MEGARF_1_14_0/BitCloud/lib/libHAL_AtmlStk600_Atmega128rfa1_8Mhz_Gcc.a(usart.o)
 .text.halUsartTaskUsart0Dre
                0x000033a4        0x8 ./../../../../../../Atmel_lib/BitCloud_MEGARF_1_14_0/BitCloud/lib/libHAL_AtmlStk600_Atmega128rfa1_8Mhz_Gcc.a(usart.o)
 .text.halUsartTaskUsart0Rxc
                0x000033ac        0x8 ./../../../../../../Atmel_lib/BitCloud_MEGARF_1_14_0/BitCloud/lib/libHAL_AtmlStk600_Atmega128rfa1_8Mhz_Gcc.a(usart.o)
 .text.halUsartTaskUsart1Dre
                0x000033b4        0x8 ./../../../../../../Atmel_lib/BitCloud_MEGARF_1_14_0/BitCloud/lib/libHAL_AtmlStk600_Atmega128rfa1_8Mhz_Gcc.a(usart.o)
 .text.halUsartTaskUsart1Rxc
                0x000033bc        0x8 ./../../../../../../Atmel_lib/BitCloud_MEGARF_1_14_0/BitCloud/lib/libHAL_AtmlStk600_Atmega128rfa1_8Mhz_Gcc.a(usart.o)
 .text.halSigUsartHandler
                0x000033c4       0x6e ./../../../../../../Atmel_lib/BitCloud_MEGARF_1_14_0/BitCloud/lib/libHAL_AtmlStk600_Atmega128rfa1_8Mhz_Gcc.a(usart.o)
                0x000033c4                halSigUsartHandler
 .text.halPostUsartTask
                0x00003432       0x3c ./../../../../../../Atmel_lib/BitCloud_MEGARF_1_14_0/BitCloud/lib/libHAL_AtmlStk600_Atmega128rfa1_8Mhz_Gcc.a(usart.o)
                0x00003432                halPostUsartTask
 .text.halUsartRxBufferFiller
                0x0000346e       0xa4 ./../../../../../../Atmel_lib/BitCloud_MEGARF_1_14_0/BitCloud/lib/libHAL_AtmlStk600_Atmega128rfa1_8Mhz_Gcc.a(usart.o)
                0x0000346e                halUsartRxBufferFiller
 .text.halSigUsartTransmissionComplete
                0x00003512       0x68 ./../../../../../../Atmel_lib/BitCloud_MEGARF_1_14_0/BitCloud/lib/libHAL_AtmlStk600_Atmega128rfa1_8Mhz_Gcc.a(usart.o)
                0x00003512                halSigUsartTransmissionComplete
 .text.halUsartTaskUsart1Txc
                0x0000357a        0x8 ./../../../../../../Atmel_lib/BitCloud_MEGARF_1_14_0/BitCloud/lib/libHAL_AtmlStk600_Atmega128rfa1_8Mhz_Gcc.a(usart.o)
 .text.halUsartTaskUsart0Txc
                0x00003582        0x8 ./../../../../../../Atmel_lib/BitCloud_MEGARF_1_14_0/BitCloud/lib/libHAL_AtmlStk600_Atmega128rfa1_8Mhz_Gcc.a(usart.o)
 .text.halI2cBusReset
                0x0000358a       0x36 ./../../../../../../Atmel_lib/BitCloud_MEGARF_1_14_0/BitCloud/lib/libHAL_AtmlStk600_Atmega128rfa1_8Mhz_Gcc.a(i2cPacket.o)
                0x0000358a                halI2cBusReset
 .text.halSendStartDoneI2c
                0x000035c0       0x3e ./../../../../../../Atmel_lib/BitCloud_MEGARF_1_14_0/BitCloud/lib/libHAL_AtmlStk600_Atmega128rfa1_8Mhz_Gcc.a(i2cPacket.o)
                0x000035c0                halSendStartDoneI2c
 .text.halWriteData
                0x000035fe       0x64 ./../../../../../../Atmel_lib/BitCloud_MEGARF_1_14_0/BitCloud/lib/libHAL_AtmlStk600_Atmega128rfa1_8Mhz_Gcc.a(i2cPacket.o)
                0x000035fe                halWriteData
 .text.halWriteInternalAddress
                0x00003662       0x5c ./../../../../../../Atmel_lib/BitCloud_MEGARF_1_14_0/BitCloud/lib/libHAL_AtmlStk600_Atmega128rfa1_8Mhz_Gcc.a(i2cPacket.o)
                0x00003662                halWriteInternalAddress
 .text.halWriteDoneI2c
                0x000036be       0x3a ./../../../../../../Atmel_lib/BitCloud_MEGARF_1_14_0/BitCloud/lib/libHAL_AtmlStk600_Atmega128rfa1_8Mhz_Gcc.a(i2cPacket.o)
                0x000036be                halWriteDoneI2c
 .text.halMasterReadWriteAddressAckI2c
                0x000036f8       0x3c ./../../../../../../Atmel_lib/BitCloud_MEGARF_1_14_0/BitCloud/lib/libHAL_AtmlStk600_Atmega128rfa1_8Mhz_Gcc.a(i2cPacket.o)
                0x000036f8                halMasterReadWriteAddressAckI2c
 .text.halReadDoneI2c
                0x00003734       0x58 ./../../../../../../Atmel_lib/BitCloud_MEGARF_1_14_0/BitCloud/lib/libHAL_AtmlStk600_Atmega128rfa1_8Mhz_Gcc.a(i2cPacket.o)
                0x00003734                halReadDoneI2c
 .text.halReadLastByteDoneI2c
                0x0000378c       0x58 ./../../../../../../Atmel_lib/BitCloud_MEGARF_1_14_0/BitCloud/lib/libHAL_AtmlStk600_Atmega128rfa1_8Mhz_Gcc.a(i2cPacket.o)
                0x0000378c                halReadLastByteDoneI2c
 .text.halSig2WireSerialHandler
                0x000037e4       0x46 ./../../../../../../Atmel_lib/BitCloud_MEGARF_1_14_0/BitCloud/lib/libHAL_AtmlStk600_Atmega128rfa1_8Mhz_Gcc.a(i2cPacket.o)
                0x000037e4                halSig2WireSerialHandler
 .text.halSigAdcHandler
                0x0000382a       0x16 ./../../../../../../Atmel_lib/BitCloud_MEGARF_1_14_0/BitCloud/lib/libHAL_AtmlStk600_Atmega128rfa1_8Mhz_Gcc.a(adc.o)
                0x0000382a                halSigAdcHandler
 .text.halClearRealSpi
                0x00003840        0x8 ./../../../../../../Atmel_lib/BitCloud_MEGARF_1_14_0/BitCloud/lib/libHAL_AtmlStk600_Atmega128rfa1_8Mhz_Gcc.a(spi.o)
 .text.halSpiTxByteComplete
                0x00003848       0x32 ./../../../../../../Atmel_lib/BitCloud_MEGARF_1_14_0/BitCloud/lib/libHAL_AtmlStk600_Atmega128rfa1_8Mhz_Gcc.a(spi.o)
                0x00003848                halSpiTxByteComplete
 .text.halSpiRxBufferFiller
                0x0000387a       0x58 ./../../../../../../Atmel_lib/BitCloud_MEGARF_1_14_0/BitCloud/lib/libHAL_AtmlStk600_Atmega128rfa1_8Mhz_Gcc.a(spi.o)
                0x0000387a                halSpiRxBufferFiller
 .text.halSpiRxByteComplete
                0x000038d2       0x24 ./../../../../../../Atmel_lib/BitCloud_MEGARF_1_14_0/BitCloud/lib/libHAL_AtmlStk600_Atmega128rfa1_8Mhz_Gcc.a(spi.o)
                0x000038d2                halSpiRxByteComplete
 .text.HAL_StartSystemSleep
                0x000038f6       0x7a ./../../../../../../Atmel_lib/BitCloud_MEGARF_1_14_0/BitCloud/lib/libHAL_AtmlStk600_Atmega128rfa1_8Mhz_Gcc.a(sleep.o)
                0x000038f6                HAL_StartSystemSleep
 .text.HAL_SmEncryptReq
                0x00003970       0x2e ./../../../../../../Atmel_lib/BitCloud_MEGARF_1_14_0/BitCloud/lib/libHAL_AtmlStk600_Atmega128rfa1_8Mhz_Gcc.a(halSecurityModule.o)
                0x00003970                HAL_SmEncryptReq
 .text.halSmRequestHandler
                0x0000399e      0x15c ./../../../../../../Atmel_lib/BitCloud_MEGARF_1_14_0/BitCloud/lib/libHAL_AtmlStk600_Atmega128rfa1_8Mhz_Gcc.a(halSecurityModule.o)
                0x0000399e                halSmRequestHandler
 .text.halInitFreq
                0x00003afa       0x6c ./../../../../../../Atmel_lib/BitCloud_MEGARF_1_14_0/BitCloud/lib/libHAL_AtmlStk600_Atmega128rfa1_8Mhz_Gcc.a(halClkCtrl.o)
                0x00003afa                halInitFreq
 .text.halGetClockSource
                0x00003b66        0x6 ./../../../../../../Atmel_lib/BitCloud_MEGARF_1_14_0/BitCloud/lib/libHAL_AtmlStk600_Atmega128rfa1_8Mhz_Gcc.a(halClkCtrl.o)
                0x00003b66                halGetClockSource
 .text.__vector_26
                0x00003b6c       0x5c ./../../../../../../Atmel_lib/BitCloud_MEGARF_1_14_0/BitCloud/lib/libHAL_AtmlStk600_Atmega128rfa1_8Mhz_Gcc.a(halUsart.o)
                0x00003b6c                __vector_26
 .text.__vector_27
                0x00003bc8       0x5c ./../../../../../../Atmel_lib/BitCloud_MEGARF_1_14_0/BitCloud/lib/libHAL_AtmlStk600_Atmega128rfa1_8Mhz_Gcc.a(halUsart.o)
                0x00003bc8                __vector_27
 .text.__vector_25
                0x00003c24       0x64 ./../../../../../../Atmel_lib/BitCloud_MEGARF_1_14_0/BitCloud/lib/libHAL_AtmlStk600_Atmega128rfa1_8Mhz_Gcc.a(halUsart.o)
                0x00003c24                __vector_25
 .text.__vector_37
                0x00003c88       0x5c ./../../../../../../Atmel_lib/BitCloud_MEGARF_1_14_0/BitCloud/lib/libHAL_AtmlStk600_Atmega128rfa1_8Mhz_Gcc.a(halUsart.o)
                0x00003c88                __vector_37
 .text.__vector_38
                0x00003ce4       0x5c ./../../../../../../Atmel_lib/BitCloud_MEGARF_1_14_0/BitCloud/lib/libHAL_AtmlStk600_Atmega128rfa1_8Mhz_Gcc.a(halUsart.o)
                0x00003ce4                __vector_38
 .text.__vector_36
                0x00003d40       0x64 ./../../../../../../Atmel_lib/BitCloud_MEGARF_1_14_0/BitCloud/lib/libHAL_AtmlStk600_Atmega128rfa1_8Mhz_Gcc.a(halUsart.o)
                0x00003d40                __vector_36
 .text.__vector_39
                0x00003da4       0xda ./../../../../../../Atmel_lib/BitCloud_MEGARF_1_14_0/BitCloud/lib/libHAL_AtmlStk600_Atmega128rfa1_8Mhz_Gcc.a(halTwi.o)
                0x00003da4                __vector_39
 .text.__vector_29
                0x00003e7e       0xcc ./../../../../../../Atmel_lib/BitCloud_MEGARF_1_14_0/BitCloud/lib/libHAL_AtmlStk600_Atmega128rfa1_8Mhz_Gcc.a(halAdc.o)
                0x00003e7e                __vector_29
 .text.__vector_24
                0x00003f4a       0x8c ./../../../../../../Atmel_lib/BitCloud_MEGARF_1_14_0/BitCloud/lib/libHAL_AtmlStk600_Atmega128rfa1_8Mhz_Gcc.a(halSpi.o)
                0x00003f4a                __vector_24
 .text.HAL_StartSleepTimer
                0x00003fd6       0x72 ./../../../../../../Atmel_lib/BitCloud_MEGARF_1_14_0/BitCloud/lib/libHAL_AtmlStk600_Atmega128rfa1_8Mhz_Gcc.a(sleepTimer.o)
                0x00003fd6                HAL_StartSleepTimer
 .text.halAsyncTimerHandler
                0x00004048       0x52 ./../../../../../../Atmel_lib/BitCloud_MEGARF_1_14_0/BitCloud/lib/libHAL_AtmlStk600_Atmega128rfa1_8Mhz_Gcc.a(sleepTimer.o)
                0x00004048                halAsyncTimerHandler
 .text.nwkBroadcastForMe
                0x0000409a       0x60 ./../../../../../../Atmel_lib/BitCloud_MEGARF_1_14_0/BitCloud/lib/libBc_All_Sec_Atmega128rfa1_Atmega128rfa1_Gcc.a(nwk.o)
 .text.nwkAddressConflictIsIdle
                0x000040fa        0xe ./../../../../../../Atmel_lib/BitCloud_MEGARF_1_14_0/BitCloud/lib/libBc_All_Sec_Atmega128rfa1_Atmega128rfa1_Gcc.a(nwk.o)
 .text.nwkFindAddressMapEntryByShortAddr
                0x00004108       0x30 ./../../../../../../Atmel_lib/BitCloud_MEGARF_1_14_0/BitCloud/lib/libBc_All_Sec_Atmega128rfa1_Atmega128rfa1_Gcc.a(nwk.o)
 .text.nwkDataReqIsIdle
                0x00004138        0xe ./../../../../../../Atmel_lib/BitCloud_MEGARF_1_14_0/BitCloud/lib/libBc_All_Sec_Atmega128rfa1_Atmega128rfa1_Gcc.a(nwk.o)
 .text.nwkDiscoveryIsIdle
                0x00004146        0xe ./../../../../../../Atmel_lib/BitCloud_MEGARF_1_14_0/BitCloud/lib/libBc_All_Sec_Atmega128rfa1_Atmega128rfa1_Gcc.a(nwk.o)
 .text.nwkEDScanIsIdle
                0x00004154        0xe ./../../../../../../Atmel_lib/BitCloud_MEGARF_1_14_0/BitCloud/lib/libBc_All_Sec_Atmega128rfa1_Atmega128rfa1_Gcc.a(nwk.o)
 .text.nwkFormationIsIdle
                0x00004162        0xe ./../../../../../../Atmel_lib/BitCloud_MEGARF_1_14_0/BitCloud/lib/libBc_All_Sec_Atmega128rfa1_Atmega128rfa1_Gcc.a(nwk.o)
 .text.nwkParseHeader
                0x00004170       0xce ./../../../../../../Atmel_lib/BitCloud_MEGARF_1_14_0/BitCloud/lib/libBc_All_Sec_Atmega128rfa1_Atmega128rfa1_Gcc.a(nwk.o)
 .text.nwkSetDepth
                0x0000423e        0xc ./../../../../../../Atmel_lib/BitCloud_MEGARF_1_14_0/BitCloud/lib/libBc_All_Sec_Atmega128rfa1_Atmega128rfa1_Gcc.a(nwk.o)
 .text.nwkJoinIndIsIdle
                0x0000424a       0x30 ./../../../../../../Atmel_lib/BitCloud_MEGARF_1_14_0/BitCloud/lib/libBc_All_Sec_Atmega128rfa1_Atmega128rfa1_Gcc.a(nwk.o)
 .text.nwkJoinReqIsIdle
                0x0000427a        0xe ./../../../../../../Atmel_lib/BitCloud_MEGARF_1_14_0/BitCloud/lib/libBc_All_Sec_Atmega128rfa1_Atmega128rfa1_Gcc.a(nwk.o)
 .text.nwkLeaveReqIsIdle
                0x00004288        0xe ./../../../../../../Atmel_lib/BitCloud_MEGARF_1_14_0/BitCloud/lib/libBc_All_Sec_Atmega128rfa1_Atmega128rfa1_Gcc.a(nwk.o)
 .text.nwkLinkStatusIsIdle
                0x00004296        0xe ./../../../../../../Atmel_lib/BitCloud_MEGARF_1_14_0/BitCloud/lib/libBc_All_Sec_Atmega128rfa1_Atmega128rfa1_Gcc.a(nwk.o)
 .text.nwkLoopbackIsIdle
                0x000042a4        0xe ./../../../../../../Atmel_lib/BitCloud_MEGARF_1_14_0/BitCloud/lib/libBc_All_Sec_Atmega128rfa1_Atmega128rfa1_Gcc.a(nwk.o)
 .text.nwkGetOutgoingCost
                0x000042b2       0x44 ./../../../../../../Atmel_lib/BitCloud_MEGARF_1_14_0/BitCloud/lib/libBc_All_Sec_Atmega128rfa1_Atmega128rfa1_Gcc.a(nwk.o)
 .text.nwkClearNeighborTable
                0x000042f6       0x72 ./../../../../../../Atmel_lib/BitCloud_MEGARF_1_14_0/BitCloud/lib/libBc_All_Sec_Atmega128rfa1_Atmega128rfa1_Gcc.a(nwk.o)
 .text.nwkGetEdCapacity
                0x00004368       0x1c ./../../../../../../Atmel_lib/BitCloud_MEGARF_1_14_0/BitCloud/lib/libBc_All_Sec_Atmega128rfa1_Atmega128rfa1_Gcc.a(nwk.o)
 .text.nwkGetRouterCapacity
                0x00004384       0x1c ./../../../../../../Atmel_lib/BitCloud_MEGARF_1_14_0/BitCloud/lib/libBc_All_Sec_Atmega128rfa1_Atmega128rfa1_Gcc.a(nwk.o)
 .text.nwkIsJoiningForbidden
                0x000043a0       0x3e ./../../../../../../Atmel_lib/BitCloud_MEGARF_1_14_0/BitCloud/lib/libBc_All_Sec_Atmega128rfa1_Atmega128rfa1_Gcc.a(nwk.o)
 .text.nwkUpdateCapacityBits
                0x000043de       0x56 ./../../../../../../Atmel_lib/BitCloud_MEGARF_1_14_0/BitCloud/lib/libBc_All_Sec_Atmega128rfa1_Atmega128rfa1_Gcc.a(nwk.o)
 .text.nwkUpdateCapacityBitsInBeacon
                0x00004434       0x3c ./../../../../../../Atmel_lib/BitCloud_MEGARF_1_14_0/BitCloud/lib/libBc_All_Sec_Atmega128rfa1_Atmega128rfa1_Gcc.a(nwk.o)
 .text.nwkUpdateBeaconPayload
                0x00004470       0x94 ./../../../../../../Atmel_lib/BitCloud_MEGARF_1_14_0/BitCloud/lib/libBc_All_Sec_Atmega128rfa1_Atmega128rfa1_Gcc.a(nwk.o)
 .text.nwkFreeNeighbor
                0x00004504       0x26 ./../../../../../../Atmel_lib/BitCloud_MEGARF_1_14_0/BitCloud/lib/libBc_All_Sec_Atmega128rfa1_Atmega128rfa1_Gcc.a(nwk.o)
 .text.nwkCostFromLqi
                0x0000452a       0x3a ./../../../../../../Atmel_lib/BitCloud_MEGARF_1_14_0/BitCloud/lib/libBc_All_Sec_Atmega128rfa1_Atmega128rfa1_Gcc.a(nwk.o)
 .text.nwkInitLqiAndCostOfNeighbor
                0x00004564       0x70 ./../../../../../../Atmel_lib/BitCloud_MEGARF_1_14_0/BitCloud/lib/libBc_All_Sec_Atmega128rfa1_Atmega128rfa1_Gcc.a(nwk.o)
 .text.nwkUpdateLqiAndCostOfNeighbor
                0x000045d4       0x88 ./../../../../../../Atmel_lib/BitCloud_MEGARF_1_14_0/BitCloud/lib/libBc_All_Sec_Atmega128rfa1_Atmega128rfa1_Gcc.a(nwk.o)
 .text.nwkFindPassiveAck
                0x0000465c       0x2a ./../../../../../../Atmel_lib/BitCloud_MEGARF_1_14_0/BitCloud/lib/libBc_All_Sec_Atmega128rfa1_Atmega128rfa1_Gcc.a(nwk.o)
 .text.nwkNewPassiveAck
                0x00004686       0xfa ./../../../../../../Atmel_lib/BitCloud_MEGARF_1_14_0/BitCloud/lib/libBc_All_Sec_Atmega128rfa1_Atmega128rfa1_Gcc.a(nwk.o)
 .text.nwkFreePassiveAck
                0x00004780       0x2e ./../../../../../../Atmel_lib/BitCloud_MEGARF_1_14_0/BitCloud/lib/libBc_All_Sec_Atmega128rfa1_Atmega128rfa1_Gcc.a(nwk.o)
 .text.nwkPermitJoiningIsIdle
                0x000047ae       0x1c ./../../../../../../Atmel_lib/BitCloud_MEGARF_1_14_0/BitCloud/lib/libBc_All_Sec_Atmega128rfa1_Atmega128rfa1_Gcc.a(nwk.o)
 .text.nwkResetIsIdle
                0x000047ca        0xe ./../../../../../../Atmel_lib/BitCloud_MEGARF_1_14_0/BitCloud/lib/libBc_All_Sec_Atmega128rfa1_Atmega128rfa1_Gcc.a(nwk.o)
 .text.nwkRouteDiscoveryIsIdle
                0x000047d8       0x14 ./../../../../../../Atmel_lib/BitCloud_MEGARF_1_14_0/BitCloud/lib/libBc_All_Sec_Atmega128rfa1_Atmega128rfa1_Gcc.a(nwk.o)
 .text.nwkFindRouteDiscoveryEntry
                0x000047ec       0x36 ./../../../../../../Atmel_lib/BitCloud_MEGARF_1_14_0/BitCloud/lib/libBc_All_Sec_Atmega128rfa1_Atmega128rfa1_Gcc.a(nwk.o)
 .text.nwkFreeRouteDiscoveryEntry
                0x00004822       0x3a ./../../../../../../Atmel_lib/BitCloud_MEGARF_1_14_0/BitCloud/lib/libBc_All_Sec_Atmega128rfa1_Atmega128rfa1_Gcc.a(nwk.o)
 .text.nwkConfirmRouteRequestTx
                0x0000485c       0x60 ./../../../../../../Atmel_lib/BitCloud_MEGARF_1_14_0/BitCloud/lib/libBc_All_Sec_Atmega128rfa1_Atmega128rfa1_Gcc.a(nwk.o)
 .text.nwkRouteDiscoveryTableIsIdle
                0x000048bc        0xc ./../../../../../../Atmel_lib/BitCloud_MEGARF_1_14_0/BitCloud/lib/libBc_All_Sec_Atmega128rfa1_Atmega128rfa1_Gcc.a(nwk.o)
 .text.nwkFindRoutingEntry
                0x000048c8       0x40 ./../../../../../../Atmel_lib/BitCloud_MEGARF_1_14_0/BitCloud/lib/libBc_All_Sec_Atmega128rfa1_Atmega128rfa1_Gcc.a(nwk.o)
 .text.nwkFreeRoutingEntry
                0x00004908       0x12 ./../../../../../../Atmel_lib/BitCloud_MEGARF_1_14_0/BitCloud/lib/libBc_All_Sec_Atmega128rfa1_Atmega128rfa1_Gcc.a(nwk.o)
 .text.nwkDeleteRoute
                0x0000491a       0x48 ./../../../../../../Atmel_lib/BitCloud_MEGARF_1_14_0/BitCloud/lib/libBc_All_Sec_Atmega128rfa1_Atmega128rfa1_Gcc.a(nwk.o)
 .text.nwkUpdateNextHop
                0x00004962       0xc8 ./../../../../../../Atmel_lib/BitCloud_MEGARF_1_14_0/BitCloud/lib/libBc_All_Sec_Atmega128rfa1_Atmega128rfa1_Gcc.a(nwk.o)
 .text.nwkExtractSecOutCounter
                0x00004a2a       0x3e ./../../../../../../Atmel_lib/BitCloud_MEGARF_1_14_0/BitCloud/lib/libBc_All_Sec_Atmega128rfa1_Atmega128rfa1_Gcc.a(nwk.o)
 .text.nwkResetOutFrameCounter
                0x00004a68       0x3c ./../../../../../../Atmel_lib/BitCloud_MEGARF_1_14_0/BitCloud/lib/libBc_All_Sec_Atmega128rfa1_Atmega128rfa1_Gcc.a(nwk.o)
 .text.nwkFindKey
                0x00004aa4       0x2a ./../../../../../../Atmel_lib/BitCloud_MEGARF_1_14_0/BitCloud/lib/libBc_All_Sec_Atmega128rfa1_Atmega128rfa1_Gcc.a(nwk.o)
 .text.nwkStartRouterIsIdle
                0x00004ace        0xe ./../../../../../../Atmel_lib/BitCloud_MEGARF_1_14_0/BitCloud/lib/libBc_All_Sec_Atmega128rfa1_Atmega128rfa1_Gcc.a(nwk.o)
 .text.nwkSendRouteErrorConf
                0x00004adc        0x6 ./../../../../../../Atmel_lib/BitCloud_MEGARF_1_14_0/BitCloud/lib/libBc_All_Sec_Atmega128rfa1_Atmega128rfa1_Gcc.a(nwk.o)
 .text.nwkSyncIsIdle
                0x00004ae2        0xe ./../../../../../../Atmel_lib/BitCloud_MEGARF_1_14_0/BitCloud/lib/libBc_All_Sec_Atmega128rfa1_Atmega128rfa1_Gcc.a(nwk.o)
 .text.nwkPostTask
                0x00004af0       0x58 ./../../../../../../Atmel_lib/BitCloud_MEGARF_1_14_0/BitCloud/lib/libBc_All_Sec_Atmega128rfa1_Atmega128rfa1_Gcc.a(nwk.o)
 .text.nwkEDScanMacEDScanConf
                0x00004b48       0x3e ./../../../../../../Atmel_lib/BitCloud_MEGARF_1_14_0/BitCloud/lib/libBc_All_Sec_Atmega128rfa1_Atmega128rfa1_Gcc.a(nwk.o)
 .text.nwkFormationMacRxEnableConf
                0x00004b86       0x1c ./../../../../../../Atmel_lib/BitCloud_MEGARF_1_14_0/BitCloud/lib/libBc_All_Sec_Atmega128rfa1_Atmega128rfa1_Gcc.a(nwk.o)
 .text.nwkDiscoveryMacActiveScanConf
                0x00004ba2       0x28 ./../../../../../../Atmel_lib/BitCloud_MEGARF_1_14_0/BitCloud/lib/libBc_All_Sec_Atmega128rfa1_Atmega128rfa1_Gcc.a(nwk.o)
 .text.nwkPermitJoiningMacSetConf
                0x00004bca       0x34 ./../../../../../../Atmel_lib/BitCloud_MEGARF_1_14_0/BitCloud/lib/libBc_All_Sec_Atmega128rfa1_Atmega128rfa1_Gcc.a(nwk.o)
 .text.nwkStartRouterMacStartConf
                0x00004bfe       0x1c ./../../../../../../Atmel_lib/BitCloud_MEGARF_1_14_0/BitCloud/lib/libBc_All_Sec_Atmega128rfa1_Atmega128rfa1_Gcc.a(nwk.o)
 .text.nwkStatusConf
                0x00004c1a        0xe ./../../../../../../Atmel_lib/BitCloud_MEGARF_1_14_0/BitCloud/lib/libBc_All_Sec_Atmega128rfa1_Atmega128rfa1_Gcc.a(nwk.o)
 .text.nwkResetMacRxEnableConf
                0x00004c28       0x1c ./../../../../../../Atmel_lib/BitCloud_MEGARF_1_14_0/BitCloud/lib/libBc_All_Sec_Atmega128rfa1_Atmega128rfa1_Gcc.a(nwk.o)
 .text.nwkSendRouteDiscoveryReply
                0x00004c44       0x1e ./../../../../../../Atmel_lib/BitCloud_MEGARF_1_14_0/BitCloud/lib/libBc_All_Sec_Atmega128rfa1_Atmega128rfa1_Gcc.a(nwk.o)
 .text.nwkTxDelayIsIdle
                0x00004c62       0x14 ./../../../../../../Atmel_lib/BitCloud_MEGARF_1_14_0/BitCloud/lib/libBc_All_Sec_Atmega128rfa1_Atmega128rfa1_Gcc.a(nwk.o)
 .text.nwkReloadNibFromConfigServer
                0x00004c76       0x6c ./../../../../../../Atmel_lib/BitCloud_MEGARF_1_14_0/BitCloud/lib/libBc_All_Sec_Atmega128rfa1_Atmega128rfa1_Gcc.a(nwk.o)
 .text.nwkSetLifeTimeOfNeighbor
                0x00004ce2      0x112 ./../../../../../../Atmel_lib/BitCloud_MEGARF_1_14_0/BitCloud/lib/libBc_All_Sec_Atmega128rfa1_Atmega128rfa1_Gcc.a(nwk.o)
 .text.nwkUpdateOutgoingCostAndLifeTime
                0x00004df4       0x4a ./../../../../../../Atmel_lib/BitCloud_MEGARF_1_14_0/BitCloud/lib/libBc_All_Sec_Atmega128rfa1_Atmega128rfa1_Gcc.a(nwk.o)
 .text.nwkAllocPacket
                0x00004e3e       0xd2 ./../../../../../../Atmel_lib/BitCloud_MEGARF_1_14_0/BitCloud/lib/libBc_All_Sec_Atmega128rfa1_Atmega128rfa1_Gcc.a(nwk.o)
 .text.nwkAllocInputPacket
                0x00004f10       0x2c ./../../../../../../Atmel_lib/BitCloud_MEGARF_1_14_0/BitCloud/lib/libBc_All_Sec_Atmega128rfa1_Atmega128rfa1_Gcc.a(nwk.o)
 .text.nwkAllocDataReqTaskHandler
                0x00004f3c       0x5e ./../../../../../../Atmel_lib/BitCloud_MEGARF_1_14_0/BitCloud/lib/libBc_All_Sec_Atmega128rfa1_Atmega128rfa1_Gcc.a(nwk.o)
 .text.nwkLoopbackTaskHandler
                0x00004f9a      0x11e ./../../../../../../Atmel_lib/BitCloud_MEGARF_1_14_0/BitCloud/lib/libBc_All_Sec_Atmega128rfa1_Atmega128rfa1_Gcc.a(nwk.o)
 .text.nwkEDScanTaskHandler
                0x000050b8       0xac ./../../../../../../Atmel_lib/BitCloud_MEGARF_1_14_0/BitCloud/lib/libBc_All_Sec_Atmega128rfa1_Atmega128rfa1_Gcc.a(nwk.o)
 .text.nwkDiscoveryTaskHandler
                0x00005164       0xba ./../../../../../../Atmel_lib/BitCloud_MEGARF_1_14_0/BitCloud/lib/libBc_All_Sec_Atmega128rfa1_Atmega128rfa1_Gcc.a(nwk.o)
 .text.nwkTxReq
                0x0000521e       0x12 ./../../../../../../Atmel_lib/BitCloud_MEGARF_1_14_0/BitCloud/lib/libBc_All_Sec_Atmega128rfa1_Atmega128rfa1_Gcc.a(nwk.o)
 .text.nwkDataConf
                0x00005230       0x4c ./../../../../../../Atmel_lib/BitCloud_MEGARF_1_14_0/BitCloud/lib/libBc_All_Sec_Atmega128rfa1_Atmega128rfa1_Gcc.a(nwk.o)
 .text.nwkConfirmDataTx
                0x0000527c       0x3a ./../../../../../../Atmel_lib/BitCloud_MEGARF_1_14_0/BitCloud/lib/libBc_All_Sec_Atmega128rfa1_Atmega128rfa1_Gcc.a(nwk.o)
 .text.findFreeJoinIndObjFor
                0x000052b6       0xd6 ./../../../../../../Atmel_lib/BitCloud_MEGARF_1_14_0/BitCloud/lib/libBc_All_Sec_Atmega128rfa1_Atmega128rfa1_Gcc.a(nwk.o)
 .text.nwkFindAddressMapEntryByExtAddr
                0x0000538c       0x52 ./../../../../../../Atmel_lib/BitCloud_MEGARF_1_14_0/BitCloud/lib/libBc_All_Sec_Atmega128rfa1_Atmega128rfa1_Gcc.a(nwk.o)
 .text.nwkAddToAddressMap
                0x000053de       0xc2 ./../../../../../../Atmel_lib/BitCloud_MEGARF_1_14_0/BitCloud/lib/libBc_All_Sec_Atmega128rfa1_Atmega128rfa1_Gcc.a(nwk.o)
 .text.nwkStopLinkStatusTimer
                0x000054a0        0xe ./../../../../../../Atmel_lib/BitCloud_MEGARF_1_14_0/BitCloud/lib/libBc_All_Sec_Atmega128rfa1_Atmega128rfa1_Gcc.a(nwk.o)
 .text.nwkRouteDiscoveryTableTimerFired
                0x000054ae       0x56 ./../../../../../../Atmel_lib/BitCloud_MEGARF_1_14_0/BitCloud/lib/libBc_All_Sec_Atmega128rfa1_Atmega128rfa1_Gcc.a(nwk.o)
 .text.nwkStopAgeTimerOfNeighborTable
                0x00005504        0xa ./../../../../../../Atmel_lib/BitCloud_MEGARF_1_14_0/BitCloud/lib/libBc_All_Sec_Atmega128rfa1_Atmega128rfa1_Gcc.a(nwk.o)
 .text.SYS_GetRandomNumber
                0x0000550e       0x2a ./../../../../../../Atmel_lib/BitCloud_MEGARF_1_14_0/BitCloud/lib/libBc_All_Sec_Atmega128rfa1_Atmega128rfa1_Gcc.a(nwk.o)
 .text.nwkFindDeviceToJoin
                0x00005538      0x1cc ./../../../../../../Atmel_lib/BitCloud_MEGARF_1_14_0/BitCloud/lib/libBc_All_Sec_Atmega128rfa1_Atmega128rfa1_Gcc.a(nwk.o)
 .text.nwkStartLinkStatusTimer
                0x00005704       0x10 ./../../../../../../Atmel_lib/BitCloud_MEGARF_1_14_0/BitCloud/lib/libBc_All_Sec_Atmega128rfa1_Atmega128rfa1_Gcc.a(nwk.o)
 .text.nwkConfirmLinkStatusTx
                0x00005714       0x1e ./../../../../../../Atmel_lib/BitCloud_MEGARF_1_14_0/BitCloud/lib/libBc_All_Sec_Atmega128rfa1_Atmega128rfa1_Gcc.a(nwk.o)
 .text.nwkStartAgeTimerOfNeighborTable
                0x00005732       0x32 ./../../../../../../Atmel_lib/BitCloud_MEGARF_1_14_0/BitCloud/lib/libBc_All_Sec_Atmega128rfa1_Atmega128rfa1_Gcc.a(nwk.o)
 .text.freeJoinIndObj
                0x00005764        0xe ./../../../../../../Atmel_lib/BitCloud_MEGARF_1_14_0/BitCloud/lib/libBc_All_Sec_Atmega128rfa1_Atmega128rfa1_Gcc.a(nwk.o)
 .text.nwkJoinIndTaskHandler
                0x00005772      0x108 ./../../../../../../Atmel_lib/BitCloud_MEGARF_1_14_0/BitCloud/lib/libBc_All_Sec_Atmega128rfa1_Atmega128rfa1_Gcc.a(nwk.o)
 .text.nwkPrepareCommonFrame
                0x0000587a       0x50 ./../../../../../../Atmel_lib/BitCloud_MEGARF_1_14_0/BitCloud/lib/libBc_All_Sec_Atmega128rfa1_Atmega128rfa1_Gcc.a(nwk.o)
 .text.nwkAllocRouteDiscoveryEntry
                0x000058ca       0xac ./../../../../../../Atmel_lib/BitCloud_MEGARF_1_14_0/BitCloud/lib/libBc_All_Sec_Atmega128rfa1_Atmega128rfa1_Gcc.a(nwk.o)
 .text.nwkRouteDiscoveryTaskHandler
                0x00005976       0xd4 ./../../../../../../Atmel_lib/BitCloud_MEGARF_1_14_0/BitCloud/lib/libBc_All_Sec_Atmega128rfa1_Atmega128rfa1_Gcc.a(nwk.o)
 .text.nwkResetTaskManager
                0x00005a4a       0x10 ./../../../../../../Atmel_lib/BitCloud_MEGARF_1_14_0/BitCloud/lib/libBc_All_Sec_Atmega128rfa1_Atmega128rfa1_Gcc.a(nwk.o)
 .text.nwkLinkStatusInd
                0x00005a5a      0x23a ./../../../../../../Atmel_lib/BitCloud_MEGARF_1_14_0/BitCloud/lib/libBc_All_Sec_Atmega128rfa1_Atmega128rfa1_Gcc.a(nwk.o)
 .text.nwkPrepareLeaveChildTx
                0x00005c94       0xb2 ./../../../../../../Atmel_lib/BitCloud_MEGARF_1_14_0/BitCloud/lib/libBc_All_Sec_Atmega128rfa1_Atmega128rfa1_Gcc.a(nwk.o)
 .text.nwkPrepareLeaveItselfTx
                0x00005d46       0x90 ./../../../../../../Atmel_lib/BitCloud_MEGARF_1_14_0/BitCloud/lib/libBc_All_Sec_Atmega128rfa1_Atmega128rfa1_Gcc.a(nwk.o)
 .text.nwkPrepareJoinRespTx
                0x00005dd6       0xf0 ./../../../../../../Atmel_lib/BitCloud_MEGARF_1_14_0/BitCloud/lib/libBc_All_Sec_Atmega128rfa1_Atmega128rfa1_Gcc.a(nwk.o)
 .text.nwkPrepareJoinReqTx
                0x00005ec6       0x94 ./../../../../../../Atmel_lib/BitCloud_MEGARF_1_14_0/BitCloud/lib/libBc_All_Sec_Atmega128rfa1_Atmega128rfa1_Gcc.a(nwk.o)
 .text.nwkPrepareLinkStatusTx
                0x00005f5a      0x1e2 ./../../../../../../Atmel_lib/BitCloud_MEGARF_1_14_0/BitCloud/lib/libBc_All_Sec_Atmega128rfa1_Atmega128rfa1_Gcc.a(nwk.o)
 .text.nwkFormationMacActiveScanConf
                0x0000613c      0x25a ./../../../../../../Atmel_lib/BitCloud_MEGARF_1_14_0/BitCloud/lib/libBc_All_Sec_Atmega128rfa1_Atmega128rfa1_Gcc.a(nwk.o)
 .text.nwkPermitJoiningTaskHandler
                0x00006396       0xe4 ./../../../../../../Atmel_lib/BitCloud_MEGARF_1_14_0/BitCloud/lib/libBc_All_Sec_Atmega128rfa1_Atmega128rfa1_Gcc.a(nwk.o)
 .text.nwkPermitJoinTimerFired
                0x0000647a       0x26 ./../../../../../../Atmel_lib/BitCloud_MEGARF_1_14_0/BitCloud/lib/libBc_All_Sec_Atmega128rfa1_Atmega128rfa1_Gcc.a(nwk.o)
 .text.nwkGetSuitableParent
                0x000064a0       0x80 ./../../../../../../Atmel_lib/BitCloud_MEGARF_1_14_0/BitCloud/lib/libBc_All_Sec_Atmega128rfa1_Atmega128rfa1_Gcc.a(nwk.o)
 .text.nwkConfirmJoinReqTx
                0x00006520       0x62 ./../../../../../../Atmel_lib/BitCloud_MEGARF_1_14_0/BitCloud/lib/libBc_All_Sec_Atmega128rfa1_Atmega128rfa1_Gcc.a(nwk.o)
 .text.macLatencyFired
                0x00006582        0x6 ./../../../../../../Atmel_lib/BitCloud_MEGARF_1_14_0/BitCloud/lib/libBc_All_Sec_Atmega128rfa1_Atmega128rfa1_Gcc.a(nwk.o)
 .text.nwkRejoinResponseFrameInd
                0x00006588      0x14e ./../../../../../../Atmel_lib/BitCloud_MEGARF_1_14_0/BitCloud/lib/libBc_All_Sec_Atmega128rfa1_Atmega128rfa1_Gcc.a(nwk.o)
 .text.nwkAssociate
                0x000066d6       0x9e ./../../../../../../Atmel_lib/BitCloud_MEGARF_1_14_0/BitCloud/lib/libBc_All_Sec_Atmega128rfa1_Atmega128rfa1_Gcc.a(nwk.o)
 .text.MAC_AssociateConf
                0x00006774       0xf6 ./../../../../../../Atmel_lib/BitCloud_MEGARF_1_14_0/BitCloud/lib/libBc_All_Sec_Atmega128rfa1_Atmega128rfa1_Gcc.a(nwk.o)
 .text.nwkFormationMacStartConf
                0x0000686a       0x48 ./../../../../../../Atmel_lib/BitCloud_MEGARF_1_14_0/BitCloud/lib/libBc_All_Sec_Atmega128rfa1_Atmega128rfa1_Gcc.a(nwk.o)
 .text.nwkResetMacStartConf
                0x000068b2       0x50 ./../../../../../../Atmel_lib/BitCloud_MEGARF_1_14_0/BitCloud/lib/libBc_All_Sec_Atmega128rfa1_Atmega128rfa1_Gcc.a(nwk.o)
 .text.NWK_JoinConf
                0x00006902       0x48 ./../../../../../../Atmel_lib/BitCloud_MEGARF_1_14_0/BitCloud/lib/libBc_All_Sec_Atmega128rfa1_Atmega128rfa1_Gcc.a(nwk.o)
 .text.nwkJoinReqMacSetConf
                0x0000694a      0x1d2 ./../../../../../../Atmel_lib/BitCloud_MEGARF_1_14_0/BitCloud/lib/libBc_All_Sec_Atmega128rfa1_Atmega128rfa1_Gcc.a(nwk.o)
 .text.nwkFormationTaskHandler
                0x00006b1c      0x160 ./../../../../../../Atmel_lib/BitCloud_MEGARF_1_14_0/BitCloud/lib/libBc_All_Sec_Atmega128rfa1_Atmega128rfa1_Gcc.a(nwk.o)
 .text.nwkFormationMacEDScanConf
                0x00006c7c       0xfc ./../../../../../../Atmel_lib/BitCloud_MEGARF_1_14_0/BitCloud/lib/libBc_All_Sec_Atmega128rfa1_Atmega128rfa1_Gcc.a(nwk.o)
 .text.nwkResetRouteDiscoveryTable
                0x00006d78       0xb2 ./../../../../../../Atmel_lib/BitCloud_MEGARF_1_14_0/BitCloud/lib/libBc_All_Sec_Atmega128rfa1_Atmega128rfa1_Gcc.a(nwk.o)
 .text.nwkResetNeighborTable
                0x00006e2a       0x88 ./../../../../../../Atmel_lib/BitCloud_MEGARF_1_14_0/BitCloud/lib/libBc_All_Sec_Atmega128rfa1_Atmega128rfa1_Gcc.a(nwk.o)
 .text.nwkFormationMacSetConf
                0x00006eb2      0x150 ./../../../../../../Atmel_lib/BitCloud_MEGARF_1_14_0/BitCloud/lib/libBc_All_Sec_Atmega128rfa1_Atmega128rfa1_Gcc.a(nwk.o)
 .text.nwkStartRouterTaskHandler
                0x00007002       0xd2 ./../../../../../../Atmel_lib/BitCloud_MEGARF_1_14_0/BitCloud/lib/libBc_All_Sec_Atmega128rfa1_Atmega128rfa1_Gcc.a(nwk.o)
 .text.nwkConfirmLeaveItselfTx
                0x000070d4       0x42 ./../../../../../../Atmel_lib/BitCloud_MEGARF_1_14_0/BitCloud/lib/libBc_All_Sec_Atmega128rfa1_Atmega128rfa1_Gcc.a(nwk.o)
 .text.nwkResetTaskHandler
                0x00007116       0x6a ./../../../../../../Atmel_lib/BitCloud_MEGARF_1_14_0/BitCloud/lib/libBc_All_Sec_Atmega128rfa1_Atmega128rfa1_Gcc.a(nwk.o)
 .text.nwkSyncTaskHandler
                0x00007180       0xa8 ./../../../../../../Atmel_lib/BitCloud_MEGARF_1_14_0/BitCloud/lib/libBc_All_Sec_Atmega128rfa1_Atmega128rfa1_Gcc.a(nwk.o)
 .text.nwkSyncMacPollConf
                0x00007228       0x5e ./../../../../../../Atmel_lib/BitCloud_MEGARF_1_14_0/BitCloud/lib/libBc_All_Sec_Atmega128rfa1_Atmega128rfa1_Gcc.a(nwk.o)
 .text.responseWaitTimerFired
                0x00007286       0x50 ./../../../../../../Atmel_lib/BitCloud_MEGARF_1_14_0/BitCloud/lib/libBc_All_Sec_Atmega128rfa1_Atmega128rfa1_Gcc.a(nwk.o)
 .text.nwkCheckBTT
                0x000072d6       0x22 ./../../../../../../Atmel_lib/BitCloud_MEGARF_1_14_0/BitCloud/lib/libBc_All_Sec_Atmega128rfa1_Atmega128rfa1_Gcc.a(nwk.o)
 .text.nwkCommandInd
                0x000072f8       0x80 ./../../../../../../Atmel_lib/BitCloud_MEGARF_1_14_0/BitCloud/lib/libBc_All_Sec_Atmega128rfa1_Atmega128rfa1_Gcc.a(nwk.o)
 .text.nwkIsPassiveAckDone.clone.3
                0x00007378       0x70 ./../../../../../../Atmel_lib/BitCloud_MEGARF_1_14_0/BitCloud/lib/libBc_All_Sec_Atmega128rfa1_Atmega128rfa1_Gcc.a(nwk.o)
 .text.nwkTxDelayReq
                0x000073e8      0x1bc ./../../../../../../Atmel_lib/BitCloud_MEGARF_1_14_0/BitCloud/lib/libBc_All_Sec_Atmega128rfa1_Atmega128rfa1_Gcc.a(nwk.o)
 .text.nwkAllocOutputPacket.clone.18
                0x000075a4       0x4e ./../../../../../../Atmel_lib/BitCloud_MEGARF_1_14_0/BitCloud/lib/libBc_All_Sec_Atmega128rfa1_Atmega128rfa1_Gcc.a(nwk.o)
 .text.nwkTryToProcessCommandReq
                0x000075f2       0x2c ./../../../../../../Atmel_lib/BitCloud_MEGARF_1_14_0/BitCloud/lib/libBc_All_Sec_Atmega128rfa1_Atmega128rfa1_Gcc.a(nwk.o)
 .text.nwkCommandReq
                0x0000761e       0x14 ./../../../../../../Atmel_lib/BitCloud_MEGARF_1_14_0/BitCloud/lib/libBc_All_Sec_Atmega128rfa1_Atmega128rfa1_Gcc.a(nwk.o)
 .text.nwkConfirmNetworkStatusTx
                0x00007632       0x68 ./../../../../../../Atmel_lib/BitCloud_MEGARF_1_14_0/BitCloud/lib/libBc_All_Sec_Atmega128rfa1_Atmega128rfa1_Gcc.a(nwk.o)
 .text.nwkStatusReq
                0x0000769a       0x44 ./../../../../../../Atmel_lib/BitCloud_MEGARF_1_14_0/BitCloud/lib/libBc_All_Sec_Atmega128rfa1_Atmega128rfa1_Gcc.a(nwk.o)
 .text.nwkAddressConflictMacSetConf
                0x000076de       0x9a ./../../../../../../Atmel_lib/BitCloud_MEGARF_1_14_0/BitCloud/lib/libBc_All_Sec_Atmega128rfa1_Atmega128rfa1_Gcc.a(nwk.o)
 .text.nwkSendRouteErrorStatus.clone.16
                0x00007778       0x3c ./../../../../../../Atmel_lib/BitCloud_MEGARF_1_14_0/BitCloud/lib/libBc_All_Sec_Atmega128rfa1_Atmega128rfa1_Gcc.a(nwk.o)
 .text.nwkLinkStatusTimerFired
                0x000077b4       0x1c ./../../../../../../Atmel_lib/BitCloud_MEGARF_1_14_0/BitCloud/lib/libBc_All_Sec_Atmega128rfa1_Atmega128rfa1_Gcc.a(nwk.o)
 .text.nwkRejoinCmdPrepareAndSend
                0x000077d0       0x30 ./../../../../../../Atmel_lib/BitCloud_MEGARF_1_14_0/BitCloud/lib/libBc_All_Sec_Atmega128rfa1_Atmega128rfa1_Gcc.a(nwk.o)
 .text.nwkJoinReqMacRxEnableConf
                0x00007800       0x72 ./../../../../../../Atmel_lib/BitCloud_MEGARF_1_14_0/BitCloud/lib/libBc_All_Sec_Atmega128rfa1_Atmega128rfa1_Gcc.a(nwk.o)
 .text.nwkJoinReqMacGetConf
                0x00007872       0x3e ./../../../../../../Atmel_lib/BitCloud_MEGARF_1_14_0/BitCloud/lib/libBc_All_Sec_Atmega128rfa1_Atmega128rfa1_Gcc.a(nwk.o)
 .text.nwkRemoveAllChildren.clone.17
                0x000078b0       0xd6 ./../../../../../../Atmel_lib/BitCloud_MEGARF_1_14_0/BitCloud/lib/libBc_All_Sec_Atmega128rfa1_Atmega128rfa1_Gcc.a(nwk.o)
 .text.nwkFreePacket
                0x00007986       0x60 ./../../../../../../Atmel_lib/BitCloud_MEGARF_1_14_0/BitCloud/lib/libBc_All_Sec_Atmega128rfa1_Atmega128rfa1_Gcc.a(nwk.o)
 .text.nwkFreeInputPacket
                0x000079e6        0xa ./../../../../../../Atmel_lib/BitCloud_MEGARF_1_14_0/BitCloud/lib/libBc_All_Sec_Atmega128rfa1_Atmega128rfa1_Gcc.a(nwk.o)
 .text.nwkDecryptInputPacket
                0x000079f0       0xe0 ./../../../../../../Atmel_lib/BitCloud_MEGARF_1_14_0/BitCloud/lib/libBc_All_Sec_Atmega128rfa1_Atmega128rfa1_Gcc.a(nwk.o)
 .text.nwkTxConf
                0x00007ad0      0x1c8 ./../../../../../../Atmel_lib/BitCloud_MEGARF_1_14_0/BitCloud/lib/libBc_All_Sec_Atmega128rfa1_Atmega128rfa1_Gcc.a(nwk.o)
 .text.nwkDecryptOutputPacketConf
                0x00007c98       0x2a ./../../../../../../Atmel_lib/BitCloud_MEGARF_1_14_0/BitCloud/lib/libBc_All_Sec_Atmega128rfa1_Atmega128rfa1_Gcc.a(nwk.o)
 .text.NWK_GetShortAddr
                0x00007cc2        0xa ./../../../../../../Atmel_lib/BitCloud_MEGARF_1_14_0/BitCloud/lib/libBc_All_Sec_Atmega128rfa1_Atmega128rfa1_Gcc.a(nwk.o)
                0x00007cc2                NWK_GetShortAddr
 .text.NWK_IsStaticAddressingMode
                0x00007ccc        0x6 ./../../../../../../Atmel_lib/BitCloud_MEGARF_1_14_0/BitCloud/lib/libBc_All_Sec_Atmega128rfa1_Atmega128rfa1_Gcc.a(nwk.o)
                0x00007ccc                NWK_IsStaticAddressingMode
 .text.NWK_RemoveFromAddressMap
                0x00007cd2       0x12 ./../../../../../../Atmel_lib/BitCloud_MEGARF_1_14_0/BitCloud/lib/libBc_All_Sec_Atmega128rfa1_Atmega128rfa1_Gcc.a(nwk.o)
                0x00007cd2                NWK_RemoveFromAddressMap
 .text.NWK_NetworkDiscoveryReq
                0x00007ce4       0x20 ./../../../../../../Atmel_lib/BitCloud_MEGARF_1_14_0/BitCloud/lib/libBc_All_Sec_Atmega128rfa1_Atmega128rfa1_Gcc.a(nwk.o)
                0x00007ce4                NWK_NetworkDiscoveryReq
 .text.MAC_BeaconNotifyInd
                0x00007d04      0x478 ./../../../../../../Atmel_lib/BitCloud_MEGARF_1_14_0/BitCloud/lib/libBc_All_Sec_Atmega128rfa1_Atmega128rfa1_Gcc.a(nwk.o)
                0x00007d04                MAC_BeaconNotifyInd
 .text.NWK_EDScanReq
                0x0000817c       0x20 ./../../../../../../Atmel_lib/BitCloud_MEGARF_1_14_0/BitCloud/lib/libBc_All_Sec_Atmega128rfa1_Atmega128rfa1_Gcc.a(nwk.o)
                0x0000817c                NWK_EDScanReq
 .text.NWK_NetworkFormationReq
                0x0000819c       0x20 ./../../../../../../Atmel_lib/BitCloud_MEGARF_1_14_0/BitCloud/lib/libBc_All_Sec_Atmega128rfa1_Atmega128rfa1_Gcc.a(nwk.o)
                0x0000819c                NWK_NetworkFormationReq
 .text.NWK_IsGroupMember
                0x000081bc       0x3c ./../../../../../../Atmel_lib/BitCloud_MEGARF_1_14_0/BitCloud/lib/libBc_All_Sec_Atmega128rfa1_Atmega128rfa1_Gcc.a(nwk.o)
                0x000081bc                NWK_IsGroupMember
 .text.nwkRetransmitInputPacket
                0x000081f8      0x126 ./../../../../../../Atmel_lib/BitCloud_MEGARF_1_14_0/BitCloud/lib/libBc_All_Sec_Atmega128rfa1_Atmega128rfa1_Gcc.a(nwk.o)
 .text.NWK_DataResp
                0x0000831e       0x16 ./../../../../../../Atmel_lib/BitCloud_MEGARF_1_14_0/BitCloud/lib/libBc_All_Sec_Atmega128rfa1_Atmega128rfa1_Gcc.a(nwk.o)
                0x0000831e                NWK_DataResp
 .text.nwkRxIndication
                0x00008334      0x168 ./../../../../../../Atmel_lib/BitCloud_MEGARF_1_14_0/BitCloud/lib/libBc_All_Sec_Atmega128rfa1_Atmega128rfa1_Gcc.a(nwk.o)
 .text.NWK_ResetGroups
                0x0000849c       0x5e ./../../../../../../Atmel_lib/BitCloud_MEGARF_1_14_0/BitCloud/lib/libBc_All_Sec_Atmega128rfa1_Atmega128rfa1_Gcc.a(nwk.o)
                0x0000849c                NWK_ResetGroups
 .text.NWK_GetParentShortAddr
                0x000084fa        0xa ./../../../../../../Atmel_lib/BitCloud_MEGARF_1_14_0/BitCloud/lib/libBc_All_Sec_Atmega128rfa1_Atmega128rfa1_Gcc.a(nwk.o)
                0x000084fa                NWK_GetParentShortAddr
 .text.NWK_GetPanId
                0x00008504        0xa ./../../../../../../Atmel_lib/BitCloud_MEGARF_1_14_0/BitCloud/lib/libBc_All_Sec_Atmega128rfa1_Atmega128rfa1_Gcc.a(nwk.o)
                0x00008504                NWK_GetPanId
 .text.NWK_GetExtPanId
                0x0000850e       0x22 ./../../../../../../Atmel_lib/BitCloud_MEGARF_1_14_0/BitCloud/lib/libBc_All_Sec_Atmega128rfa1_Atmega128rfa1_Gcc.a(nwk.o)
                0x0000850e                NWK_GetExtPanId
 .text.NWK_SetExtPanId
                0x00008530       0x34 ./../../../../../../Atmel_lib/BitCloud_MEGARF_1_14_0/BitCloud/lib/libBc_All_Sec_Atmega128rfa1_Atmega128rfa1_Gcc.a(nwk.o)
                0x00008530                NWK_SetExtPanId
 .text.NWK_GetDeviceType
                0x00008564        0x6 ./../../../../../../Atmel_lib/BitCloud_MEGARF_1_14_0/BitCloud/lib/libBc_All_Sec_Atmega128rfa1_Atmega128rfa1_Gcc.a(nwk.o)
                0x00008564                NWK_GetDeviceType
 .text.NWK_GetLogicalChannel
                0x0000856a        0x6 ./../../../../../../Atmel_lib/BitCloud_MEGARF_1_14_0/BitCloud/lib/libBc_All_Sec_Atmega128rfa1_Atmega128rfa1_Gcc.a(nwk.o)
                0x0000856a                NWK_GetLogicalChannel
 .text.NWK_SetLogicalChannel
                0x00008570        0x6 ./../../../../../../Atmel_lib/BitCloud_MEGARF_1_14_0/BitCloud/lib/libBc_All_Sec_Atmega128rfa1_Atmega128rfa1_Gcc.a(nwk.o)
                0x00008570                NWK_SetLogicalChannel
 .text.NWK_GetBroadcastDeliveryTime
                0x00008576       0x12 ./../../../../../../Atmel_lib/BitCloud_MEGARF_1_14_0/BitCloud/lib/libBc_All_Sec_Atmega128rfa1_Atmega128rfa1_Gcc.a(nwk.o)
                0x00008576                NWK_GetBroadcastDeliveryTime
 .text.NWK_GetManagerAddr
                0x00008588        0xa ./../../../../../../Atmel_lib/BitCloud_MEGARF_1_14_0/BitCloud/lib/libBc_All_Sec_Atmega128rfa1_Atmega128rfa1_Gcc.a(nwk.o)
                0x00008588                NWK_GetManagerAddr
 .text.NWK_SetManagerAddr
                0x00008592        0xa ./../../../../../../Atmel_lib/BitCloud_MEGARF_1_14_0/BitCloud/lib/libBc_All_Sec_Atmega128rfa1_Atmega128rfa1_Gcc.a(nwk.o)
                0x00008592                NWK_SetManagerAddr
 .text.NWK_SetUpdateId
                0x0000859c        0xa ./../../../../../../Atmel_lib/BitCloud_MEGARF_1_14_0/BitCloud/lib/libBc_All_Sec_Atmega128rfa1_Atmega128rfa1_Gcc.a(nwk.o)
                0x0000859c                NWK_SetUpdateId
 .text.NWK_GetTransmitCouner
                0x000085a6       0x14 ./../../../../../../Atmel_lib/BitCloud_MEGARF_1_14_0/BitCloud/lib/libBc_All_Sec_Atmega128rfa1_Atmega128rfa1_Gcc.a(nwk.o)
                0x000085a6                NWK_GetTransmitCouner
 .text.NWK_GetTransmitFailureCounter
                0x000085ba       0x14 ./../../../../../../Atmel_lib/BitCloud_MEGARF_1_14_0/BitCloud/lib/libBc_All_Sec_Atmega128rfa1_Atmega128rfa1_Gcc.a(nwk.o)
                0x000085ba                NWK_GetTransmitFailureCounter
 .text.NWK_ResetTransmitCounters
                0x000085ce       0x12 ./../../../../../../Atmel_lib/BitCloud_MEGARF_1_14_0/BitCloud/lib/libBc_All_Sec_Atmega128rfa1_Atmega128rfa1_Gcc.a(nwk.o)
                0x000085ce                NWK_ResetTransmitCounters
 .text.NWK_JoinReq
                0x000085e0       0x20 ./../../../../../../Atmel_lib/BitCloud_MEGARF_1_14_0/BitCloud/lib/libBc_All_Sec_Atmega128rfa1_Atmega128rfa1_Gcc.a(nwk.o)
                0x000085e0                NWK_JoinReq
 .text.NWK_RemoveNeighbor
                0x00008600       0x90 ./../../../../../../Atmel_lib/BitCloud_MEGARF_1_14_0/BitCloud/lib/libBc_All_Sec_Atmega128rfa1_Atmega128rfa1_Gcc.a(nwk.o)
                0x00008600                NWK_RemoveNeighbor
 .text.neighborTimerFired
                0x00008690       0x90 ./../../../../../../Atmel_lib/BitCloud_MEGARF_1_14_0/BitCloud/lib/libBc_All_Sec_Atmega128rfa1_Atmega128rfa1_Gcc.a(nwk.o)
 .text.NWK_LeaveReq
                0x00008720       0x20 ./../../../../../../Atmel_lib/BitCloud_MEGARF_1_14_0/BitCloud/lib/libBc_All_Sec_Atmega128rfa1_Atmega128rfa1_Gcc.a(nwk.o)
                0x00008720                NWK_LeaveReq
 .text.NWK_LoopbackTxReq
                0x00008740       0x20 ./../../../../../../Atmel_lib/BitCloud_MEGARF_1_14_0/BitCloud/lib/libBc_All_Sec_Atmega128rfa1_Atmega128rfa1_Gcc.a(nwk.o)
                0x00008740                NWK_LoopbackTxReq
 .text.nwkDataConfTaskHandler
                0x00008760       0x5a ./../../../../../../Atmel_lib/BitCloud_MEGARF_1_14_0/BitCloud/lib/libBc_All_Sec_Atmega128rfa1_Atmega128rfa1_Gcc.a(nwk.o)
 .text.NWK_FindNeighborByShortAddr
                0x000087ba       0x30 ./../../../../../../Atmel_lib/BitCloud_MEGARF_1_14_0/BitCloud/lib/libBc_All_Sec_Atmega128rfa1_Atmega128rfa1_Gcc.a(nwk.o)
                0x000087ba                NWK_FindNeighborByShortAddr
 .text.nwkAllocNonConflAddr
                0x000087ea       0xc0 ./../../../../../../Atmel_lib/BitCloud_MEGARF_1_14_0/BitCloud/lib/libBc_All_Sec_Atmega128rfa1_Atmega128rfa1_Gcc.a(nwk.o)
 .text.NWK_NetworkDiscoveryConf
                0x000088aa       0xa2 ./../../../../../../Atmel_lib/BitCloud_MEGARF_1_14_0/BitCloud/lib/libBc_All_Sec_Atmega128rfa1_Atmega128rfa1_Gcc.a(nwk.o)
 .text.nwkJoinReqTaskHandler
                0x0000894c      0x19a ./../../../../../../Atmel_lib/BitCloud_MEGARF_1_14_0/BitCloud/lib/libBc_All_Sec_Atmega128rfa1_Atmega128rfa1_Gcc.a(nwk.o)
 .text.nwkAllocateShortAddr.clone.11
                0x00008ae6       0x5a ./../../../../../../Atmel_lib/BitCloud_MEGARF_1_14_0/BitCloud/lib/libBc_All_Sec_Atmega128rfa1_Atmega128rfa1_Gcc.a(nwk.o)
 .text.nwkResolveAddressConflict
                0x00008b40      0x298 ./../../../../../../Atmel_lib/BitCloud_MEGARF_1_14_0/BitCloud/lib/libBc_All_Sec_Atmega128rfa1_Atmega128rfa1_Gcc.a(nwk.o)
 .text.nwkAddressConflictTaskHandler
                0x00008dd8       0xa0 ./../../../../../../Atmel_lib/BitCloud_MEGARF_1_14_0/BitCloud/lib/libBc_All_Sec_Atmega128rfa1_Atmega128rfa1_Gcc.a(nwk.o)
 .text.nwkStatusFrameInd
                0x00008e78       0x46 ./../../../../../../Atmel_lib/BitCloud_MEGARF_1_14_0/BitCloud/lib/libBc_All_Sec_Atmega128rfa1_Atmega128rfa1_Gcc.a(nwk.o)
 .text.nwkAddChild
                0x00008ebe      0x31e ./../../../../../../Atmel_lib/BitCloud_MEGARF_1_14_0/BitCloud/lib/libBc_All_Sec_Atmega128rfa1_Atmega128rfa1_Gcc.a(nwk.o)
 .text.nwkRejoinRequestFrameInd
                0x000091dc      0x15c ./../../../../../../Atmel_lib/BitCloud_MEGARF_1_14_0/BitCloud/lib/libBc_All_Sec_Atmega128rfa1_Atmega128rfa1_Gcc.a(nwk.o)
 .text.MAC_AssociateInd
                0x00009338       0xd0 ./../../../../../../Atmel_lib/BitCloud_MEGARF_1_14_0/BitCloud/lib/libBc_All_Sec_Atmega128rfa1_Atmega128rfa1_Gcc.a(nwk.o)
                0x00009338                MAC_AssociateInd
 .text.nwkGetNextHop
                0x00009408      0x23a ./../../../../../../Atmel_lib/BitCloud_MEGARF_1_14_0/BitCloud/lib/libBc_All_Sec_Atmega128rfa1_Atmega128rfa1_Gcc.a(nwk.o)
 .text.nwkResetMacSetConf
                0x00009642      0x1ca ./../../../../../../Atmel_lib/BitCloud_MEGARF_1_14_0/BitCloud/lib/libBc_All_Sec_Atmega128rfa1_Atmega128rfa1_Gcc.a(nwk.o)
 .text.nwkProcessRouteRequest
                0x0000980c      0x232 ./../../../../../../Atmel_lib/BitCloud_MEGARF_1_14_0/BitCloud/lib/libBc_All_Sec_Atmega128rfa1_Atmega128rfa1_Gcc.a(nwk.o)
 .text.NWK_GetExtByShortAddress
                0x00009a3e       0x5c ./../../../../../../Atmel_lib/BitCloud_MEGARF_1_14_0/BitCloud/lib/libBc_All_Sec_Atmega128rfa1_Atmega128rfa1_Gcc.a(nwk.o)
                0x00009a3e                NWK_GetExtByShortAddress
 .text.nwkPrepareRouteRequestTx
                0x00009a9a      0x164 ./../../../../../../Atmel_lib/BitCloud_MEGARF_1_14_0/BitCloud/lib/libBc_All_Sec_Atmega128rfa1_Atmega128rfa1_Gcc.a(nwk.o)
 .text.nwkPrepareNetworkStatusTx
                0x00009bfe      0x102 ./../../../../../../Atmel_lib/BitCloud_MEGARF_1_14_0/BitCloud/lib/libBc_All_Sec_Atmega128rfa1_Atmega128rfa1_Gcc.a(nwk.o)
 .text.nwkPrepareRouteReplyTx
                0x00009d00      0x2f8 ./../../../../../../Atmel_lib/BitCloud_MEGARF_1_14_0/BitCloud/lib/libBc_All_Sec_Atmega128rfa1_Atmega128rfa1_Gcc.a(nwk.o)
 .text.NWK_FindNeighborByExtAddr
                0x00009ff8       0x68 ./../../../../../../Atmel_lib/BitCloud_MEGARF_1_14_0/BitCloud/lib/libBc_All_Sec_Atmega128rfa1_Atmega128rfa1_Gcc.a(nwk.o)
                0x00009ff8                NWK_FindNeighborByExtAddr
 .text.nwkLeaveTaskHandler
                0x0000a060      0x16a ./../../../../../../Atmel_lib/BitCloud_MEGARF_1_14_0/BitCloud/lib/libBc_All_Sec_Atmega128rfa1_Atmega128rfa1_Gcc.a(nwk.o)
 .text.nwkConfirmLeaveChildTx
                0x0000a1ca       0x84 ./../../../../../../Atmel_lib/BitCloud_MEGARF_1_14_0/BitCloud/lib/libBc_All_Sec_Atmega128rfa1_Atmega128rfa1_Gcc.a(nwk.o)
 .text.nwkConfirmJoinRespTx
                0x0000a24e       0x4e ./../../../../../../Atmel_lib/BitCloud_MEGARF_1_14_0/BitCloud/lib/libBc_All_Sec_Atmega128rfa1_Atmega128rfa1_Gcc.a(nwk.o)
 .text.nwkConfirmAddrConflictJoinRespTx
                0x0000a29c       0x3c ./../../../../../../Atmel_lib/BitCloud_MEGARF_1_14_0/BitCloud/lib/libBc_All_Sec_Atmega128rfa1_Atmega128rfa1_Gcc.a(nwk.o)
 .text.nwkLeaveFrameInd
                0x0000a2d8       0xe8 ./../../../../../../Atmel_lib/BitCloud_MEGARF_1_14_0/BitCloud/lib/libBc_All_Sec_Atmega128rfa1_Atmega128rfa1_Gcc.a(nwk.o)
 .text.nwkJoinIndMacCommStatusInd
                0x0000a3c0       0x54 ./../../../../../../Atmel_lib/BitCloud_MEGARF_1_14_0/BitCloud/lib/libBc_All_Sec_Atmega128rfa1_Atmega128rfa1_Gcc.a(nwk.o)
 .text.NWK_GetShortByExtAddress
                0x0000a414       0x60 ./../../../../../../Atmel_lib/BitCloud_MEGARF_1_14_0/BitCloud/lib/libBc_All_Sec_Atmega128rfa1_Atmega128rfa1_Gcc.a(nwk.o)
                0x0000a414                NWK_GetShortByExtAddress
 .text.NWK_LinkShortAndExtAddress
                0x0000a474       0xd8 ./../../../../../../Atmel_lib/BitCloud_MEGARF_1_14_0/BitCloud/lib/libBc_All_Sec_Atmega128rfa1_Atmega128rfa1_Gcc.a(nwk.o)
                0x0000a474                NWK_LinkShortAndExtAddress
 .text.nwkUpdateInternalTables
                0x0000a54c      0x138 ./../../../../../../Atmel_lib/BitCloud_MEGARF_1_14_0/BitCloud/lib/libBc_All_Sec_Atmega128rfa1_Atmega128rfa1_Gcc.a(nwk.o)
 .text.nwkRouteReplyFrameInd
                0x0000a684      0x18c ./../../../../../../Atmel_lib/BitCloud_MEGARF_1_14_0/BitCloud/lib/libBc_All_Sec_Atmega128rfa1_Atmega128rfa1_Gcc.a(nwk.o)
 .text.nwkRouteRequestFrameInd
                0x0000a810       0xb6 ./../../../../../../Atmel_lib/BitCloud_MEGARF_1_14_0/BitCloud/lib/libBc_All_Sec_Atmega128rfa1_Atmega128rfa1_Gcc.a(nwk.o)
 .text.nwkDecryptFrameConf
                0x0000a8c6      0x11c ./../../../../../../Atmel_lib/BitCloud_MEGARF_1_14_0/BitCloud/lib/libBc_All_Sec_Atmega128rfa1_Atmega128rfa1_Gcc.a(nwk.o)
 .text.NWK_GetNeighborTable
                0x0000a9e2        0x6 ./../../../../../../Atmel_lib/BitCloud_MEGARF_1_14_0/BitCloud/lib/libBc_All_Sec_Atmega128rfa1_Atmega128rfa1_Gcc.a(nwk.o)
                0x0000a9e2                NWK_GetNeighborTable
 .text.NWK_GetNeighborsLqi
                0x0000a9e8       0x3e ./../../../../../../Atmel_lib/BitCloud_MEGARF_1_14_0/BitCloud/lib/libBc_All_Sec_Atmega128rfa1_Atmega128rfa1_Gcc.a(nwk.o)
                0x0000a9e8                NWK_GetNeighborsLqi
 .text.NWK_IsKnownChild
                0x0000aa26       0x24 ./../../../../../../Atmel_lib/BitCloud_MEGARF_1_14_0/BitCloud/lib/libBc_All_Sec_Atmega128rfa1_Atmega128rfa1_Gcc.a(nwk.o)
                0x0000aa26                NWK_IsKnownChild
 .text.NWK_AuthenticateNeighbor
                0x0000aa4a       0x36 ./../../../../../../Atmel_lib/BitCloud_MEGARF_1_14_0/BitCloud/lib/libBc_All_Sec_Atmega128rfa1_Atmega128rfa1_Gcc.a(nwk.o)
                0x0000aa4a                NWK_AuthenticateNeighbor
 .text.MAC_OrphanInd
                0x0000aa80        0x2 ./../../../../../../Atmel_lib/BitCloud_MEGARF_1_14_0/BitCloud/lib/libBc_All_Sec_Atmega128rfa1_Atmega128rfa1_Gcc.a(nwk.o)
                0x0000aa80                MAC_OrphanInd
 .text.NWK_AllocDataReq
                0x0000aa82       0x26 ./../../../../../../Atmel_lib/BitCloud_MEGARF_1_14_0/BitCloud/lib/libBc_All_Sec_Atmega128rfa1_Atmega128rfa1_Gcc.a(nwk.o)
                0x0000aa82                NWK_AllocDataReq
 .text.NWK_FreeDataReq
                0x0000aaa8        0xa ./../../../../../../Atmel_lib/BitCloud_MEGARF_1_14_0/BitCloud/lib/libBc_All_Sec_Atmega128rfa1_Atmega128rfa1_Gcc.a(nwk.o)
                0x0000aaa8                NWK_FreeDataReq
 .text.NWK_DataTransformIndToReq
                0x0000aab2       0x6a ./../../../../../../Atmel_lib/BitCloud_MEGARF_1_14_0/BitCloud/lib/libBc_All_Sec_Atmega128rfa1_Atmega128rfa1_Gcc.a(nwk.o)
                0x0000aab2                NWK_DataTransformIndToReq
 .text.NWK_PermitJoiningReq
                0x0000ab1c       0x2c ./../../../../../../Atmel_lib/BitCloud_MEGARF_1_14_0/BitCloud/lib/libBc_All_Sec_Atmega128rfa1_Atmega128rfa1_Gcc.a(nwk.o)
                0x0000ab1c                NWK_PermitJoiningReq
 .text.NWK_ResetReq
                0x0000ab48       0x20 ./../../../../../../Atmel_lib/BitCloud_MEGARF_1_14_0/BitCloud/lib/libBc_All_Sec_Atmega128rfa1_Atmega128rfa1_Gcc.a(nwk.o)
                0x0000ab48                NWK_ResetReq
 .text.NWK_Init
                0x0000ab68       0x20 ./../../../../../../Atmel_lib/BitCloud_MEGARF_1_14_0/BitCloud/lib/libBc_All_Sec_Atmega128rfa1_Atmega128rfa1_Gcc.a(nwk.o)
                0x0000ab68                NWK_Init
 .text.NWK_RouteDiscoveryReq
                0x0000ab88       0x34 ./../../../../../../Atmel_lib/BitCloud_MEGARF_1_14_0/BitCloud/lib/libBc_All_Sec_Atmega128rfa1_Atmega128rfa1_Gcc.a(nwk.o)
                0x0000ab88                NWK_RouteDiscoveryReq
 .text.NWK_GetSecureAllFrames
                0x0000abbc        0x6 ./../../../../../../Atmel_lib/BitCloud_MEGARF_1_14_0/BitCloud/lib/libBc_All_Sec_Atmega128rfa1_Atmega128rfa1_Gcc.a(nwk.o)
                0x0000abbc                NWK_GetSecureAllFrames
 .text.NWK_SetKey
                0x0000abc2       0xd6 ./../../../../../../Atmel_lib/BitCloud_MEGARF_1_14_0/BitCloud/lib/libBc_All_Sec_Atmega128rfa1_Atmega128rfa1_Gcc.a(nwk.o)
                0x0000abc2                NWK_SetKey
 .text.NWK_ActivateKey
                0x0000ac98       0x22 ./../../../../../../Atmel_lib/BitCloud_MEGARF_1_14_0/BitCloud/lib/libBc_All_Sec_Atmega128rfa1_Atmega128rfa1_Gcc.a(nwk.o)
                0x0000ac98                NWK_ActivateKey
 .text.NWK_IsAnyKeyActivated
                0x0000acba       0x12 ./../../../../../../Atmel_lib/BitCloud_MEGARF_1_14_0/BitCloud/lib/libBc_All_Sec_Atmega128rfa1_Atmega128rfa1_Gcc.a(nwk.o)
                0x0000acba                NWK_IsAnyKeyActivated
 .text.nwkJoinReqMacPollConf
                0x0000accc       0x8c ./../../../../../../Atmel_lib/BitCloud_MEGARF_1_14_0/BitCloud/lib/libBc_All_Sec_Atmega128rfa1_Atmega128rfa1_Gcc.a(nwk.o)
 .text.nwkIsEncryptionRequired.clone.15
                0x0000ad58       0x4a ./../../../../../../Atmel_lib/BitCloud_MEGARF_1_14_0/BitCloud/lib/libBc_All_Sec_Atmega128rfa1_Atmega128rfa1_Gcc.a(nwk.o)
 .text.NWK_GetActiveKeySeqNumber
                0x0000ada2       0x28 ./../../../../../../Atmel_lib/BitCloud_MEGARF_1_14_0/BitCloud/lib/libBc_All_Sec_Atmega128rfa1_Atmega128rfa1_Gcc.a(nwk.o)
                0x0000ada2                NWK_GetActiveKeySeqNumber
 .text.NWK_GetActiveKey
                0x0000adca       0x20 ./../../../../../../Atmel_lib/BitCloud_MEGARF_1_14_0/BitCloud/lib/libBc_All_Sec_Atmega128rfa1_Atmega128rfa1_Gcc.a(nwk.o)
                0x0000adca                NWK_GetActiveKey
 .text.nwkProcessDelayStatus
                0x0000adea      0x15c ./../../../../../../Atmel_lib/BitCloud_MEGARF_1_14_0/BitCloud/lib/libBc_All_Sec_Atmega128rfa1_Atmega128rfa1_Gcc.a(nwk.o)
 .text.MAC_DataConf
                0x0000af46       0x30 ./../../../../../../Atmel_lib/BitCloud_MEGARF_1_14_0/BitCloud/lib/libBc_All_Sec_Atmega128rfa1_Atmega128rfa1_Gcc.a(nwk.o)
 .text.nwkTxDelayConf
                0x0000af76        0xe ./../../../../../../Atmel_lib/BitCloud_MEGARF_1_14_0/BitCloud/lib/libBc_All_Sec_Atmega128rfa1_Atmega128rfa1_Gcc.a(nwk.o)
 .text.nwkLeaveReqMacResetConf
                0x0000af84       0xf6 ./../../../../../../Atmel_lib/BitCloud_MEGARF_1_14_0/BitCloud/lib/libBc_All_Sec_Atmega128rfa1_Atmega128rfa1_Gcc.a(nwk.o)
 .text.nwkTxDelayTimerFired
                0x0000b07a       0x90 ./../../../../../../Atmel_lib/BitCloud_MEGARF_1_14_0/BitCloud/lib/libBc_All_Sec_Atmega128rfa1_Atmega128rfa1_Gcc.a(nwk.o)
 .text.NWK_GetUpdatedSecOutCounter
                0x0000b10a       0x58 ./../../../../../../Atmel_lib/BitCloud_MEGARF_1_14_0/BitCloud/lib/libBc_All_Sec_Atmega128rfa1_Atmega128rfa1_Gcc.a(nwk.o)
                0x0000b10a                NWK_GetUpdatedSecOutCounter
 .text.nwkTransmitOutputPacket
                0x0000b162       0xd6 ./../../../../../../Atmel_lib/BitCloud_MEGARF_1_14_0/BitCloud/lib/libBc_All_Sec_Atmega128rfa1_Atmega128rfa1_Gcc.a(nwk.o)
 .text.nwkSendDiscoveryCommand
                0x0000b238       0x74 ./../../../../../../Atmel_lib/BitCloud_MEGARF_1_14_0/BitCloud/lib/libBc_All_Sec_Atmega128rfa1_Atmega128rfa1_Gcc.a(nwk.o)
 .text.nwkRouteDiscoveryTableTaskHandler
                0x0000b2ac       0x9a ./../../../../../../Atmel_lib/BitCloud_MEGARF_1_14_0/BitCloud/lib/libBc_All_Sec_Atmega128rfa1_Atmega128rfa1_Gcc.a(nwk.o)
 .text.nwkEncryptOutputPacketConf
                0x0000b346       0x44 ./../../../../../../Atmel_lib/BitCloud_MEGARF_1_14_0/BitCloud/lib/libBc_All_Sec_Atmega128rfa1_Atmega128rfa1_Gcc.a(nwk.o)
 .text.nwkTxTaskHandler
                0x0000b38a      0x1a8 ./../../../../../../Atmel_lib/BitCloud_MEGARF_1_14_0/BitCloud/lib/libBc_All_Sec_Atmega128rfa1_Atmega128rfa1_Gcc.a(nwk.o)
 .text.nwkMeshRouteDiscoveryConf
                0x0000b532       0x6c ./../../../../../../Atmel_lib/BitCloud_MEGARF_1_14_0/BitCloud/lib/libBc_All_Sec_Atmega128rfa1_Atmega128rfa1_Gcc.a(nwk.o)
 .text.NWK_ResetAllSecurityCounters
                0x0000b59e       0x1a ./../../../../../../Atmel_lib/BitCloud_MEGARF_1_14_0/BitCloud/lib/libBc_All_Sec_Atmega128rfa1_Atmega128rfa1_Gcc.a(nwk.o)
                0x0000b59e                NWK_ResetAllSecurityCounters
 .text.NWK_ResetSecurityIB
                0x0000b5b8       0x5e ./../../../../../../Atmel_lib/BitCloud_MEGARF_1_14_0/BitCloud/lib/libBc_All_Sec_Atmega128rfa1_Atmega128rfa1_Gcc.a(nwk.o)
                0x0000b5b8                NWK_ResetSecurityIB
 .text.nwkResetMacResetConf
                0x0000b616      0x56a ./../../../../../../Atmel_lib/BitCloud_MEGARF_1_14_0/BitCloud/lib/libBc_All_Sec_Atmega128rfa1_Atmega128rfa1_Gcc.a(nwk.o)
 .text.NWK_IsSecurityProvided
                0x0000bb80       0x38 ./../../../../../../Atmel_lib/BitCloud_MEGARF_1_14_0/BitCloud/lib/libBc_All_Sec_Atmega128rfa1_Atmega128rfa1_Gcc.a(nwk.o)
                0x0000bb80                NWK_IsSecurityProvided
 .text.nwkIsTransit
                0x0000bbb8       0x2c ./../../../../../../Atmel_lib/BitCloud_MEGARF_1_14_0/BitCloud/lib/libBc_All_Sec_Atmega128rfa1_Atmega128rfa1_Gcc.a(nwk.o)
 .text.nwkRxRetransmit
                0x0000bbe4       0xbe ./../../../../../../Atmel_lib/BitCloud_MEGARF_1_14_0/BitCloud/lib/libBc_All_Sec_Atmega128rfa1_Atmega128rfa1_Gcc.a(nwk.o)
 .text.MAC_DataInd
                0x0000bca2      0x3ac ./../../../../../../Atmel_lib/BitCloud_MEGARF_1_14_0/BitCloud/lib/libBc_All_Sec_Atmega128rfa1_Atmega128rfa1_Gcc.a(nwk.o)
                0x0000bca2                MAC_DataInd
 .text.NWK_DataReq
                0x0000c04e      0x29e ./../../../../../../Atmel_lib/BitCloud_MEGARF_1_14_0/BitCloud/lib/libBc_All_Sec_Atmega128rfa1_Atmega128rfa1_Gcc.a(nwk.o)
                0x0000c04e                NWK_DataReq
 .text.NWK_StartRouterReq
                0x0000c2ec       0x20 ./../../../../../../Atmel_lib/BitCloud_MEGARF_1_14_0/BitCloud/lib/libBc_All_Sec_Atmega128rfa1_Atmega128rfa1_Gcc.a(nwk.o)
                0x0000c2ec                NWK_StartRouterReq
 .text.NWK_IsActiveTransaction
                0x0000c30c       0x54 ./../../../../../../Atmel_lib/BitCloud_MEGARF_1_14_0/BitCloud/lib/libBc_All_Sec_Atmega128rfa1_Atmega128rfa1_Gcc.a(nwk.o)
                0x0000c30c                NWK_IsActiveTransaction
 .text.NWK_LaunchActivities
                0x0000c360       0x12 ./../../../../../../Atmel_lib/BitCloud_MEGARF_1_14_0/BitCloud/lib/libBc_All_Sec_Atmega128rfa1_Atmega128rfa1_Gcc.a(nwk.o)
                0x0000c360                NWK_LaunchActivities
 .text.NWK_StopActivities
                0x0000c372       0x12 ./../../../../../../Atmel_lib/BitCloud_MEGARF_1_14_0/BitCloud/lib/libBc_All_Sec_Atmega128rfa1_Atmega128rfa1_Gcc.a(nwk.o)
                0x0000c372                NWK_StopActivities
 .text.NWK_DeviceIsAbleToOperateInNetwork
                0x0000c384       0x36 ./../../../../../../Atmel_lib/BitCloud_MEGARF_1_14_0/BitCloud/lib/libBc_All_Sec_Atmega128rfa1_Atmega128rfa1_Gcc.a(nwk.o)
                0x0000c384                NWK_DeviceIsAbleToOperateInNetwork
 .text.NWK_GatherPowerFailureInfo
                0x0000c3ba       0x24 ./../../../../../../Atmel_lib/BitCloud_MEGARF_1_14_0/BitCloud/lib/libBc_All_Sec_Atmega128rfa1_Atmega128rfa1_Gcc.a(nwk.o)
                0x0000c3ba                NWK_GatherPowerFailureInfo
 .text.NWK_SyncReq
                0x0000c3de       0x20 ./../../../../../../Atmel_lib/BitCloud_MEGARF_1_14_0/BitCloud/lib/libBc_All_Sec_Atmega128rfa1_Atmega128rfa1_Gcc.a(nwk.o)
                0x0000c3de                NWK_SyncReq
 .text.MAC_PollInd
                0x0000c3fe       0x52 ./../../../../../../Atmel_lib/BitCloud_MEGARF_1_14_0/BitCloud/lib/libBc_All_Sec_Atmega128rfa1_Atmega128rfa1_Gcc.a(nwk.o)
                0x0000c3fe                MAC_PollInd
 .text.MAC_SyncLossInd
                0x0000c450        0x2 ./../../../../../../Atmel_lib/BitCloud_MEGARF_1_14_0/BitCloud/lib/libBc_All_Sec_Atmega128rfa1_Atmega128rfa1_Gcc.a(nwk.o)
                0x0000c450                MAC_SyncLossInd
 .text.NWK_TaskHandler
                0x0000c452       0xd8 ./../../../../../../Atmel_lib/BitCloud_MEGARF_1_14_0/BitCloud/lib/libBc_All_Sec_Atmega128rfa1_Atmega128rfa1_Gcc.a(nwk.o)
                0x0000c452                NWK_TaskHandler
 .text.NWK_GetUnicastDeliveryTime
                0x0000c52a       0x6a ./../../../../../../Atmel_lib/BitCloud_MEGARF_1_14_0/BitCloud/lib/libBc_All_Sec_Atmega128rfa1_Atmega128rfa1_Gcc.a(nwk.o)
                0x0000c52a                NWK_GetUnicastDeliveryTime
 .text.phyRxTxSwitcher
                0x0000c594       0x36 ./../../../../../../Atmel_lib/BitCloud_MEGARF_1_14_0/BitCloud/lib/libBc_All_Sec_Atmega128rfa1_Atmega128rfa1_Gcc.a(phyRxTxIndicator.o)
 .text.phyRxTxSwitcherOn
                0x0000c5ca        0x8 ./../../../../../../Atmel_lib/BitCloud_MEGARF_1_14_0/BitCloud/lib/libBc_All_Sec_Atmega128rfa1_Atmega128rfa1_Gcc.a(phyRxTxIndicator.o)
                0x0000c5ca                phyRxTxSwitcherOn
 .text.phyRxTxSwitcherOff
                0x0000c5d2        0x8 ./../../../../../../Atmel_lib/BitCloud_MEGARF_1_14_0/BitCloud/lib/libBc_All_Sec_Atmega128rfa1_Atmega128rfa1_Gcc.a(phyRxTxIndicator.o)
                0x0000c5d2                phyRxTxSwitcherOff
 .text.deleteHeadQueueElem
                0x0000c5da       0x22 ./../../../../../../Atmel_lib/BitCloud_MEGARF_1_14_0/BitCloud/lib/libBc_All_Sec_Atmega128rfa1_Atmega128rfa1_Gcc.a(queue.o)
                0x0000c5da                deleteHeadQueueElem
 .text.deleteQueueElem
                0x0000c5fc       0x4a ./../../../../../../Atmel_lib/BitCloud_MEGARF_1_14_0/BitCloud/lib/libBc_All_Sec_Atmega128rfa1_Atmega128rfa1_Gcc.a(queue.o)
                0x0000c5fc                deleteQueueElem
 .text.isQueueElem
                0x0000c646       0x22 ./../../../../../../Atmel_lib/BitCloud_MEGARF_1_14_0/BitCloud/lib/libBc_All_Sec_Atmega128rfa1_Atmega128rfa1_Gcc.a(queue.o)
                0x0000c646                isQueueElem
 .text.putQueueElem
                0x0000c668       0x40 ./../../../../../../Atmel_lib/BitCloud_MEGARF_1_14_0/BitCloud/lib/libBc_All_Sec_Atmega128rfa1_Atmega128rfa1_Gcc.a(queue.o)
                0x0000c668                putQueueElem
 .text.SSP_TaskHandler
                0x0000c6a8       0x64 ./../../../../../../Atmel_lib/BitCloud_MEGARF_1_14_0/BitCloud/lib/libBc_All_Sec_Atmega128rfa1_Atmega128rfa1_Gcc.a(sspManager.o)
                0x0000c6a8                SSP_TaskHandler
 .text.sspPostTask
                0x0000c70c       0x32 ./../../../../../../Atmel_lib/BitCloud_MEGARF_1_14_0/BitCloud/lib/libBc_All_Sec_Atmega128rfa1_Atmega128rfa1_Gcc.a(sspManager.o)
                0x0000c70c                sspPostTask
 .text.putReqInQueue
                0x0000c73e       0x2a ./../../../../../../Atmel_lib/BitCloud_MEGARF_1_14_0/BitCloud/lib/libBc_All_Sec_Atmega128rfa1_Atmega128rfa1_Gcc.a(sspManager.o)
 .text.sspSendConfToUpperLayer
                0x0000c768       0x5a ./../../../../../../Atmel_lib/BitCloud_MEGARF_1_14_0/BitCloud/lib/libBc_All_Sec_Atmega128rfa1_Atmega128rfa1_Gcc.a(sspManager.o)
                0x0000c768                sspSendConfToUpperLayer
 .text.SSP_Init
                0x0000c7c2       0x14 ./../../../../../../Atmel_lib/BitCloud_MEGARF_1_14_0/BitCloud/lib/libBc_All_Sec_Atmega128rfa1_Atmega128rfa1_Gcc.a(sspManager.o)
                0x0000c7c2                SSP_Init
 .text.SSP_EncryptFrameReq
                0x0000c7d6        0xa ./../../../../../../Atmel_lib/BitCloud_MEGARF_1_14_0/BitCloud/lib/libBc_All_Sec_Atmega128rfa1_Atmega128rfa1_Gcc.a(sspManager.o)