Archive member included because of file (symbol)

c:/program files (x86)/atmel/atmel toolchain/avr8 gcc/native/3.4.1056/avr8-gnu-toolchain/bin/../lib/gcc/avr/4.8.1/avr5\libgcc.a(_udivmodsi4.o)
                              USBtoSerial.o (__udivmodsi4)
c:/program files (x86)/atmel/atmel toolchain/avr8 gcc/native/3.4.1056/avr8-gnu-toolchain/bin/../lib/gcc/avr/4.8.1/avr5\libgcc.a(_exit.o)
                              c:/program files (x86)/atmel/atmel toolchain/avr8 gcc/native/3.4.1056/avr8-gnu-toolchain/bin/../lib/gcc/avr/4.8.1/../../../../avr/lib/avr5/crtm32u4.o (exit)
c:/program files (x86)/atmel/atmel toolchain/avr8 gcc/native/3.4.1056/avr8-gnu-toolchain/bin/../lib/gcc/avr/4.8.1/avr5\libgcc.a(_tablejump.o)
                              ../../../../../LUFA_lib/LUFA-130303/LUFA/Drivers/USB/Core/DeviceStandardReq.o (__tablejump2__)
c:/program files (x86)/atmel/atmel toolchain/avr8 gcc/native/3.4.1056/avr8-gnu-toolchain/bin/../lib/gcc/avr/4.8.1/avr5\libgcc.a(_copy_data.o)
                              USBtoSerial.o (__do_copy_data)
c:/program files (x86)/atmel/atmel toolchain/avr8 gcc/native/3.4.1056/avr8-gnu-toolchain/bin/../lib/gcc/avr/4.8.1/avr5\libgcc.a(_clear_bss.o)
                              USBtoSerial.o (__do_clear_bss)
c:/program files (x86)/atmel/atmel toolchain/avr8 gcc/native/3.4.1056/avr8-gnu-toolchain/bin/../lib/gcc/avr/4.8.1/../../../../avr/lib/avr5\libc.a(memcpy_P.o)
                              ../../../../../LUFA_lib/LUFA-130303/LUFA/Drivers/USB/Class/Device/RNDISClassDevice.o (memcpy_P)
c:/program files (x86)/atmel/atmel toolchain/avr8 gcc/native/3.4.1056/avr8-gnu-toolchain/bin/../lib/gcc/avr/4.8.1/../../../../avr/lib/avr5\libc.a(memcmp.o)
                              ../../../../../LUFA_lib/LUFA-130303/LUFA/Drivers/USB/Class/Device/HIDClassDevice.o (memcmp)
c:/program files (x86)/atmel/atmel toolchain/avr8 gcc/native/3.4.1056/avr8-gnu-toolchain/bin/../lib/gcc/avr/4.8.1/../../../../avr/lib/avr5\libc.a(memcpy.o)
                              ../../../../../LUFA_lib/LUFA-130303/LUFA/Drivers/USB/Class/Device/HIDClassDevice.o (memcpy)
c:/program files (x86)/atmel/atmel toolchain/avr8 gcc/native/3.4.1056/avr8-gnu-toolchain/bin/../lib/gcc/avr/4.8.1/../../../../avr/lib/avr5\libc.a(memset.o)
                              ../../../../../LUFA_lib/LUFA-130303/LUFA/Drivers/USB/Class/Device/HIDClassDevice.o (memset)
c:/program files (x86)/atmel/atmel toolchain/avr8 gcc/native/3.4.1056/avr8-gnu-toolchain/bin/../lib/gcc/avr/4.8.1/../../../../avr/lib/avr5\libc.a(eerd_byte_atmega32u4.o)
                              ../../../../../LUFA_lib/LUFA-130303/LUFA/Drivers/USB/Core/AVR8/EndpointStream_AVR8.o (__eerd_byte_m32u4)
c:/program files (x86)/atmel/atmel toolchain/avr8 gcc/native/3.4.1056/avr8-gnu-toolchain/bin/../lib/gcc/avr/4.8.1/../../../../avr/lib/avr5\libc.a(eeupd_byte_atmega32u4.o)
                              ../../../../../LUFA_lib/LUFA-130303/LUFA/Drivers/USB/Core/AVR8/EndpointStream_AVR8.o (__eeupd_byte_m32u4)

Allocating common symbols
Common symbol       size              file

USB_IsInitialized   0x1               ../../../../../LUFA_lib/LUFA-130303/LUFA/Drivers/USB/Core/USBTask.o
USB_Device_ConfigurationNumber
                    0x1               ../../../../../LUFA_lib/LUFA-130303/LUFA/Drivers/USB/Core/DeviceStandardReq.o
USB_Device_CurrentlySelfPowered
                    0x1               ../../../../../LUFA_lib/LUFA-130303/LUFA/Drivers/USB/Core/DeviceStandardReq.o
USB_ControlRequest  0x8               ../../../../../LUFA_lib/LUFA-130303/LUFA/Drivers/USB/Core/USBTask.o
USB_Device_RemoteWakeupEnabled
                    0x1               ../../../../../LUFA_lib/LUFA-130303/LUFA/Drivers/USB/Core/DeviceStandardReq.o

Discarded input sections

 .bss           0x00000000        0x0 c:/program files (x86)/atmel/atmel toolchain/avr8 gcc/native/3.4.1056/avr8-gnu-toolchain/bin/../lib/gcc/avr/4.8.1/../../../../avr/lib/avr5/crtm32u4.o
 .text          0x00000000        0x0 USBtoSerial.o
 .text          0x00000000        0x0 Descriptors.o
 .bss           0x00000000        0x0 Descriptors.o
 .text          0x00000000        0x0 ../../../../../LUFA_lib/LUFA-130303/LUFA/Drivers/USB/Class/Common/HIDParser.o
 .bss           0x00000000        0x0 ../../../../../LUFA_lib/LUFA-130303/LUFA/Drivers/USB/Class/Common/HIDParser.o
 .text.USB_ProcessHIDReport
                0x00000000      0x700 ../../../../../LUFA_lib/LUFA-130303/LUFA/Drivers/USB/Class/Common/HIDParser.o
 .text.USB_GetHIDReportItemInfo
                0x00000000       0xbc ../../../../../LUFA_lib/LUFA-130303/LUFA/Drivers/USB/Class/Common/HIDParser.o
 .text.USB_SetHIDReportItemInfo
                0x00000000       0xec ../../../../../LUFA_lib/LUFA-130303/LUFA/Drivers/USB/Class/Common/HIDParser.o
 .text.USB_GetHIDReportSize
                0x00000000       0x60 ../../../../../LUFA_lib/LUFA-130303/LUFA/Drivers/USB/Class/Common/HIDParser.o
[...]
Memory Configuration

Name             Origin             Length             Attributes
text             0x00000000         0x00020000         xr
data             0x00800060         0x0000ffa0         rw !x
eeprom           0x00810000         0x00010000         rw !x
fuse             0x00820000         0x00000400         rw !x
lock             0x00830000         0x00000400         rw !x
signature        0x00840000         0x00000400         rw !x
user_signatures  0x00850000         0x00000400         rw !x
*default*        0x00000000         0xffffffff

Linker script and memory map

Address of section .data set to 0x800100
LOAD c:/program files (x86)/atmel/atmel toolchain/avr8 gcc/native/3.4.1056/avr8-gnu-toolchain/bin/../lib/gcc/avr/4.8.1/../../../../avr/lib/avr5/crtm32u4.o
LOAD USBtoSerial.o
LOAD Descriptors.o
LOAD ../../../../../LUFA_lib/LUFA-130303/LUFA/Drivers/USB/Class/Common/HIDParser.o
LOAD ../../../../../LUFA_lib/LUFA-130303/LUFA/Drivers/USB/Core/AVR8/Device_AVR8.o
LOAD ../../../../../LUFA_lib/LUFA-130303/LUFA/Drivers/USB/Core/AVR8/EndpointStream_AVR8.o
LOAD ../../../../../LUFA_lib/LUFA-130303/LUFA/Drivers/USB/Core/AVR8/Endpoint_AVR8.o
LOAD ../../../../../LUFA_lib/LUFA-130303/LUFA/Drivers/USB/Core/AVR8/Host_AVR8.o
LOAD ../../../../../LUFA_lib/LUFA-130303/LUFA/Drivers/USB/Core/AVR8/PipeStream_AVR8.o
LOAD ../../../../../LUFA_lib/LUFA-130303/LUFA/Drivers/USB/Core/AVR8/Pipe_AVR8.o
LOAD ../../../../../LUFA_lib/LUFA-130303/LUFA/Drivers/USB/Core/AVR8/USBController_AVR8.o
LOAD ../../../../../LUFA_lib/LUFA-130303/LUFA/Drivers/USB/Core/AVR8/USBInterrupt_AVR8.o
LOAD ../../../../../LUFA_lib/LUFA-130303/LUFA/Drivers/USB/Core/ConfigDescriptors.o
LOAD ../../../../../LUFA_lib/LUFA-130303/LUFA/Drivers/USB/Core/DeviceStandardReq.o
LOAD ../../../../../LUFA_lib/LUFA-130303/LUFA/Drivers/USB/Core/Events.o
LOAD ../../../../../LUFA_lib/LUFA-130303/LUFA/Drivers/USB/Core/HostStandardReq.o
LOAD ../../../../../LUFA_lib/LUFA-130303/LUFA/Drivers/USB/Core/USBTask.o
LOAD ../../../../../LUFA_lib/LUFA-130303/LUFA/Drivers/USB/Class/Device/AudioClassDevice.o
LOAD ../../../../../LUFA_lib/LUFA-130303/LUFA/Drivers/USB/Class/Device/CDCClassDevice.o
LOAD ../../../../../LUFA_lib/LUFA-130303/LUFA/Drivers/USB/Class/Device/HIDClassDevice.o
LOAD ../../../../../LUFA_lib/LUFA-130303/LUFA/Drivers/USB/Class/Device/MassStorageClassDevice.o
LOAD ../../../../../LUFA_lib/LUFA-130303/LUFA/Drivers/USB/Class/Device/MIDIClassDevice.o
LOAD ../../../../../LUFA_lib/LUFA-130303/LUFA/Drivers/USB/Class/Device/RNDISClassDevice.o
LOAD ../../../../../LUFA_lib/LUFA-130303/LUFA/Drivers/USB/Class/Host/AndroidAccessoryClassHost.o
LOAD ../../../../../LUFA_lib/LUFA-130303/LUFA/Drivers/USB/Class/Host/AudioClassHost.o
LOAD ../../../../../LUFA_lib/LUFA-130303/LUFA/Drivers/USB/Class/Host/CDCClassHost.o
LOAD ../../../../../LUFA_lib/LUFA-130303/LUFA/Drivers/USB/Class/Host/HIDClassHost.o
LOAD ../../../../../LUFA_lib/LUFA-130303/LUFA/Drivers/USB/Class/Host/MassStorageClassHost.o
LOAD ../../../../../LUFA_lib/LUFA-130303/LUFA/Drivers/USB/Class/Host/MIDIClassHost.o
LOAD ../../../../../LUFA_lib/LUFA-130303/LUFA/Drivers/USB/Class/Host/PrinterClassHost.o
LOAD ../../../../../LUFA_lib/LUFA-130303/LUFA/Drivers/USB/Class/Host/RNDISClassHost.o
LOAD ../../../../../LUFA_lib/LUFA-130303/LUFA/Drivers/USB/Class/Host/StillImageClassHost.o
LOAD c:/program files (x86)/atmel/atmel toolchain/avr8 gcc/native/3.4.1056/avr8-gnu-toolchain/bin/../lib/gcc/avr/4.8.1/../../../../avr/lib/avr5\libm.a
START GROUP
LOAD c:/program files (x86)/atmel/atmel toolchain/avr8 gcc/native/3.4.1056/avr8-gnu-toolchain/bin/../lib/gcc/avr/4.8.1/avr5\libgcc.a
LOAD c:/program files (x86)/atmel/atmel toolchain/avr8 gcc/native/3.4.1056/avr8-gnu-toolchain/bin/../lib/gcc/avr/4.8.1/../../../../avr/lib/avr5\libm.a
LOAD c:/program files (x86)/atmel/atmel toolchain/avr8 gcc/native/3.4.1056/avr8-gnu-toolchain/bin/../lib/gcc/avr/4.8.1/../../../../avr/lib/avr5\libc.a
END GROUP

.hash
 *(.hash)

.dynsym
 *(.dynsym)

.dynstr
 *(.dynstr)

.gnu.version
 *(.gnu.version)

.gnu.version_d
 *(.gnu.version_d)

.gnu.version_r
 *(.gnu.version_r)

.rel.init
 *(.rel.init)

.rela.init
 *(.rela.init)

.rel.text
 *(.rel.text)
 *(.rel.text.*)
 *(.rel.gnu.linkonce.t*)

.rela.text
 *(.rela.text)
 *(.rela.text.*)
 *(.rela.gnu.linkonce.t*)

.rel.fini
 *(.rel.fini)

.rela.fini
 *(.rela.fini)

.rel.rodata
 *(.rel.rodata)
 *(.rel.rodata.*)
 *(.rel.gnu.linkonce.r*)

.rela.rodata
 *(.rela.rodata)
 *(.rela.rodata.*)
 *(.rela.gnu.linkonce.r*)

.rel.data
 *(.rel.data)
 *(.rel.data.*)
 *(.rel.gnu.linkonce.d*)

.rela.data
 *(.rela.data)
 *(.rela.data.*)
 *(.rela.gnu.linkonce.d*)

.rel.ctors
 *(.rel.ctors)

.rela.ctors
 *(.rela.ctors)

.rel.dtors
 *(.rel.dtors)

.rela.dtors
 *(.rela.dtors)

.rel.got
 *(.rel.got)

.rela.got
 *(.rela.got)

.rel.bss
 *(.rel.bss)

.rela.bss
 *(.rela.bss)

.rel.plt
 *(.rel.plt)

.rela.plt
 *(.rela.plt)

.text           0x00000000     0x1094
 *(.vectors)
 .vectors       0x00000000       0xac c:/program files (x86)/atmel/atmel toolchain/avr8 gcc/native/3.4.1056/avr8-gnu-toolchain/bin/../lib/gcc/avr/4.8.1/../../../../avr/lib/avr5/crtm32u4.o
                0x00000000                __vector_default
                0x00000000                __vectors
 *(.vectors)
 *(.progmem.gcc*)
 .progmem.gcc_sw_table.USB_Device_ProcessControlRequest
                0x000000ac       0x14 ../../../../../LUFA_lib/LUFA-130303/LUFA/Drivers/USB/Core/DeviceStandardReq.o
                0x000000c0                . = ALIGN (0x2)
                0x000000c0                __trampolines_start = .
 *(.trampolines)
 .trampolines   0x000000c0        0x0 linker stubs
 *(.trampolines*)
                0x000000c0                __trampolines_end = .
 *(.progmem*)
 .progmem.data  0x000000c0       0x9e Descriptors.o
                0x000000c0                ProductString
                0x000000f0                ManufacturerString
                0x0000010a                LanguageString
                0x0000010e                ConfigurationDescriptor
                0x0000014c                DeviceDescriptor
                0x0000015e                . = ALIGN (0x2)
 *(.jumptables)
 *(.jumptables*)
 *(.lowtext)
 *(.lowtext*)
                0x0000015e                __ctors_start = .
 *(.ctors)
                0x0000015e                __ctors_end = .
                0x0000015e                __dtors_start = .
 *(.dtors)
                0x0000015e                __dtors_end = .
 SORT(*)(.ctors)
 SORT(*)(.dtors)
 *(.init0)
 .init0         0x0000015e        0x0 c:/program files (x86)/atmel/atmel toolchain/avr8 gcc/native/3.4.1056/avr8-gnu-toolchain/bin/../lib/gcc/avr/4.8.1/../../../../avr/lib/avr5/crtm32u4.o
                0x0000015e                __init
 *(.init0)
 *(.init1)
 *(.init1)
 *(.init2)
 .init2         0x0000015e        0xc c:/program files (x86)/atmel/atmel toolchain/avr8 gcc/native/3.4.1056/avr8-gnu-toolchain/bin/../lib/gcc/avr/4.8.1/../../../../avr/lib/avr5/crtm32u4.o
 *(.init2)
 *(.init3)
 *(.init3)
 *(.init4)
 .init4         0x0000016a       0x16 c:/program files (x86)/atmel/atmel toolchain/avr8 gcc/native/3.4.1056/avr8-gnu-toolchain/bin/../lib/gcc/avr/4.8.1/avr5\libgcc.a(_copy_data.o)
                0x0000016a                __do_copy_data
 .init4         0x00000180       0x10 c:/program files (x86)/atmel/atmel toolchain/avr8 gcc/native/3.4.1056/avr8-gnu-toolchain/bin/../lib/gcc/avr/4.8.1/avr5\libgcc.a(_clear_bss.o)
                0x00000180                __do_clear_bss
 *(.init4)
 *(.init5)
 *(.init5)
 *(.init6)
 *(.init6)
 *(.init7)
 *(.init7)
 *(.init8)
 *(.init8)
 *(.init9)
 .init9         0x00000190        0x4 c:/program files (x86)/atmel/atmel toolchain/avr8 gcc/native/3.4.1056/avr8-gnu-toolchain/bin/../lib/gcc/avr/4.8.1/../../../../avr/lib/avr5/crtm32u4.o
 *(.init9)
 *(.text)
 .text          0x00000194        0x2 c:/program files (x86)/atmel/atmel toolchain/avr8 gcc/native/3.4.1056/avr8-gnu-toolchain/bin/../lib/gcc/avr/4.8.1/../../../../avr/lib/avr5/crtm32u4.o
                0x00000194                __vector_38
                0x00000194                __vector_22
                0x00000194                __vector_28
                0x00000194                __vector_1
                0x00000194                __vector_32
                0x00000194                __vector_34
                0x00000194                __vector_24
                0x00000194                __vector_12
                0x00000194                __bad_interrupt
                0x00000194                __vector_6
                0x00000194                __vector_31
                0x00000194                __vector_35
                0x00000194                __vector_39
                0x00000194                __vector_3
                0x00000194                __vector_23
                0x00000194                __vector_30
                0x00000194                __vector_13
                0x00000194                __vector_17
                0x00000194                __vector_19
                0x00000194                __vector_7
                0x00000194                __vector_41
                0x00000194                __vector_27
                0x00000194                __vector_5
                0x00000194                __vector_33
                0x00000194                __vector_37
                0x00000194                __vector_4
                0x00000194                __vector_9
                0x00000194                __vector_2
                0x00000194                __vector_21
                0x00000194                __vector_15
                0x00000194                __vector_36
                0x00000194                __vector_29
                0x00000194                __vector_40
                0x00000194                __vector_8
                0x00000194                __vector_26
                0x00000194                __vector_14
                0x00000194                __vector_16
                0x00000194                __vector_18
                0x00000194                __vector_20
                0x00000194                __vector_42
                0x00000196                . = ALIGN (0x2)
 *(.text.*)
 .text.LEDs_SetAllLEDs
                0x00000196        0xa USBtoSerial.o
 .text.RingBuffer_Insert
                0x000001a0       0x36 USBtoSerial.o
 .text.RingBuffer_Remove
                0x000001d6       0x32 USBtoSerial.o
 .text.SetupHardware
                0x00000208       0x36 USBtoSerial.o
                0x00000208                SetupHardware
 .text.startup.main
                0x0000023e      0x14e USBtoSerial.o
                0x0000023e                main
 .text.EVENT_USB_Device_Connect
                0x0000038c        0x4 USBtoSerial.o
                0x0000038c                EVENT_USB_Device_Connect
 .text.EVENT_USB_Device_Disconnect
                0x00000390        0x4 USBtoSerial.o
                0x00000390                EVENT_USB_Device_Disconnect
 .text.EVENT_USB_Device_ConfigurationChanged
                0x00000394       0x12 USBtoSerial.o
                0x00000394                EVENT_USB_Device_ConfigurationChanged
 .text.EVENT_USB_Device_ControlRequest
                0x000003a6        0x6 USBtoSerial.o
                0x000003a6                EVENT_USB_Device_ControlRequest
 .text.__vector_25
                0x000003ac       0x54 USBtoSerial.o
                0x000003ac                __vector_25
 .text.EVENT_CDC_Device_LineEncodingChanged
                0x00000400       0x82 USBtoSerial.o
                0x00000400                EVENT_CDC_Device_LineEncodingChanged
 .text.EVENT_CDC_Device_ControLineStateChanged
                0x00000482       0x1a USBtoSerial.o
                0x00000482                EVENT_CDC_Device_ControLineStateChanged
 .text.CALLBACK_USB_GetDescriptor
                0x0000049c       0x64 Descriptors.o
                0x0000049c                CALLBACK_USB_GetDescriptor
 .text.Endpoint_Write_Control_Stream_LE
                0x00000500       0xb2 ../../../../../LUFA_lib/LUFA-130303/LUFA/Drivers/USB/Core/AVR8/EndpointStream_AVR8.o
                0x00000500                Endpoint_Write_Control_Stream_LE
 .text.Endpoint_Write_Control_PStream_LE
                0x000005b2       0xb8 ../../../../../LUFA_lib/LUFA-130303/LUFA/Drivers/USB/Core/AVR8/EndpointStream_AVR8.o
                0x000005b2                Endpoint_Write_Control_PStream_LE
 .text.Endpoint_ConfigureEndpoint_Prv
                0x0000066a       0x6a ../../../../../LUFA_lib/LUFA-130303/LUFA/Drivers/USB/Core/AVR8/Endpoint_AVR8.o
                0x0000066a                Endpoint_ConfigureEndpoint_Prv
 .text.Endpoint_ConfigureEndpointTable
                0x000006d4       0x7a ../../../../../LUFA_lib/LUFA-130303/LUFA/Drivers/USB/Core/AVR8/Endpoint_AVR8.o
                0x000006d4                Endpoint_ConfigureEndpointTable
 .text.Endpoint_ClearStatusStage
                0x0000074e       0x3e ../../../../../LUFA_lib/LUFA-130303/LUFA/Drivers/USB/Core/AVR8/Endpoint_AVR8.o
                0x0000074e                Endpoint_ClearStatusStage
 .text.Endpoint_WaitUntilReady
                0x0000078c       0x5e ../../../../../LUFA_lib/LUFA-130303/LUFA/Drivers/USB/Core/AVR8/Endpoint_AVR8.o
                0x0000078c                Endpoint_WaitUntilReady
 .text.USB_ResetInterface
                0x000007ea       0x7e ../../../../../LUFA_lib/LUFA-130303/LUFA/Drivers/USB/Core/AVR8/USBController_AVR8.o
                0x000007ea                USB_ResetInterface
 .text.USB_Init
                0x00000868       0x20 ../../../../../LUFA_lib/LUFA-130303/LUFA/Drivers/USB/Core/AVR8/USBController_AVR8.o
                0x00000868                USB_Init
 .text.USB_INT_DisableAllInterrupts
                0x00000888       0x10 ../../../../../LUFA_lib/LUFA-130303/LUFA/Drivers/USB/Core/AVR8/USBInterrupt_AVR8.o
                0x00000888                USB_INT_DisableAllInterrupts
 .text.USB_INT_ClearAllInterrupts
                0x00000898        0xa ../../../../../LUFA_lib/LUFA-130303/LUFA/Drivers/USB/Core/AVR8/USBInterrupt_AVR8.o
                0x00000898                USB_INT_ClearAllInterrupts
 .text.__vector_10
                0x000008a2      0x188 ../../../../../LUFA_lib/LUFA-130303/LUFA/Drivers/USB/Core/AVR8/USBInterrupt_AVR8.o
                0x000008a2                __vector_10
 .text.__vector_11
                0x00000a2a       0x76 ../../../../../LUFA_lib/LUFA-130303/LUFA/Drivers/USB/Core/AVR8/USBInterrupt_AVR8.o
                0x00000a2a                __vector_11
 .text.USB_Device_ProcessControlRequest
                0x00000aa0      0x286 ../../../../../LUFA_lib/LUFA-130303/LUFA/Drivers/USB/Core/DeviceStandardReq.o
                0x00000aa0                USB_Device_ProcessControlRequest
 .text.USB_Event_Stub
                0x00000d26        0x2 ../../../../../LUFA_lib/LUFA-130303/LUFA/Drivers/USB/Core/Events.o
                0x00000d26                USB_Event_Stub
                0x00000d26                EVENT_USB_Device_Suspend
                0x00000d26                EVENT_USB_Device_StartOfFrame
                0x00000d26                EVENT_USB_Device_Reset
                0x00000d26                EVENT_USB_Device_WakeUp
 .text.USB_USBTask
                0x00000d28       0x36 ../../../../../LUFA_lib/LUFA-130303/LUFA/Drivers/USB/Core/USBTask.o
                0x00000d28                USB_USBTask
 .text.CDC_Device_ConfigureEndpoints
                0x00000d5e       0x4a ../../../../../LUFA_lib/LUFA-130303/LUFA/Drivers/USB/Class/Device/CDCClassDevice.o
                0x00000d5e                CDC_Device_ConfigureEndpoints
 .text.CDC_Device_SendByte
                0x00000da8       0x4c ../../../../../LUFA_lib/LUFA-130303/LUFA/Drivers/USB/Class/Device/CDCClassDevice.o
                0x00000da8                CDC_Device_SendByte
 .text.CDC_Device_Flush
                0x00000df4       0x5a ../../../../../LUFA_lib/LUFA-130303/LUFA/Drivers/USB/Class/Device/CDCClassDevice.o
                0x00000df4                CDC_Device_Flush
 .text.CDC_Device_USBTask
                0x00000e4e       0x2a ../../../../../LUFA_lib/LUFA-130303/LUFA/Drivers/USB/Class/Device/CDCClassDevice.o
                0x00000e4e                CDC_Device_USBTask
 .text.CDC_Device_ReceiveByte
                0x00000e78       0x68 ../../../../../LUFA_lib/LUFA-130303/LUFA/Drivers/USB/Class/Device/CDCClassDevice.o
                0x00000e78                CDC_Device_ReceiveByte
 .text.CDC_Device_Event_Stub
                0x00000ee0        0x2 ../../../../../LUFA_lib/LUFA-130303/LUFA/Drivers/USB/Class/Device/CDCClassDevice.o
                0x00000ee0                CDC_Device_Event_Stub
                0x00000ee0                EVENT_CDC_Device_BreakSent
 .text.CDC_Device_ProcessControlRequest
                0x00000ee2      0x15e ../../../../../LUFA_lib/LUFA-130303/LUFA/Drivers/USB/Class/Device/CDCClassDevice.o
                0x00000ee2                CDC_Device_ProcessControlRequest
 .text.libgcc.div
                0x00001040       0x44 c:/program files (x86)/atmel/atmel toolchain/avr8 gcc/native/3.4.1056/avr8-gnu-toolchain/bin/../lib/gcc/avr/4.8.1/avr5\libgcc.a(_udivmodsi4.o)
                0x00001040                __udivmodsi4
 .text.libgcc   0x00001084        0xc c:/program files (x86)/atmel/atmel toolchain/avr8 gcc/native/3.4.1056/avr8-gnu-toolchain/bin/../lib/gcc/avr/4.8.1/avr5\libgcc.a(_tablejump.o)
                0x00001084                __tablejump2__
                0x00001088                __tablejump__
                0x00001090                . = ALIGN (0x2)
 *(.fini9)
 .fini9         0x00001090        0x0 c:/program files (x86)/atmel/atmel toolchain/avr8 gcc/native/3.4.1056/avr8-gnu-toolchain/bin/../lib/gcc/avr/4.8.1/avr5\libgcc.a(_exit.o)
                0x00001090                _exit
                0x00001090                exit
 *(.fini9)
 *(.fini8)
 *(.fini8)
 *(.fini7)
 *(.fini7)
 *(.fini6)
 *(.fini6)
 *(.fini5)
 *(.fini5)
 *(.fini4)
 *(.fini4)
 *(.fini3)
 *(.fini3)
 *(.fini2)
 *(.fini2)
 *(.fini1)
 *(.fini1)
 *(.fini0)
 .fini0         0x00001090        0x4 c:/program files (x86)/atmel/atmel toolchain/avr8 gcc/native/3.4.1056/avr8-gnu-toolchain/bin/../lib/gcc/avr/4.8.1/avr5\libgcc.a(_exit.o)
 *(.fini0)
                0x00001094                _etext = .

.data           0x00800100       0x1c load address 0x00001094
                0x00800100                PROVIDE (__data_start, .)
 *(.data)
 .data          0x00800100        0x0 c:/program files (x86)/atmel/atmel toolchain/avr8 gcc/native/3.4.1056/avr8-gnu-toolchain/bin/../lib/gcc/avr/4.8.1/../../../../avr/lib/avr5/crtm32u4.o
 .data          0x00800100       0x1b USBtoSerial.o
                0x00800100                VirtualSerial_CDC_Interface
 .data          0x0080011b        0x0 Descriptors.o
 .data          0x0080011b        0x0 ../../../../../LUFA_lib/LUFA-130303/LUFA/Drivers/USB/Class/Common/HIDParser.o
 .data          0x0080011b        0x0 ../../../../../LUFA_lib/LUFA-130303/LUFA/Drivers/USB/Core/AVR8/Device_AVR8.o
 .data          0x0080011b        0x0 ../../../../../LUFA_lib/LUFA-130303/LUFA/Drivers/USB/Core/AVR8/EndpointStream_AVR8.o
 .data          0x0080011b        0x0 ../../../../../LUFA_lib/LUFA-130303/LUFA/Drivers/USB/Core/AVR8/Endpoint_AVR8.o
 .data          0x0080011b        0x0 ../../../../../LUFA_lib/LUFA-130303/LUFA/Drivers/USB/Core/AVR8/Host_AVR8.o
 .data          0x0080011b        0x0 ../../../../../LUFA_lib/LUFA-130303/LUFA/Drivers/USB/Core/AVR8/PipeStream_AVR8.o
 .data          0x0080011b        0x0 ../../../../../LUFA_lib/LUFA-130303/LUFA/Drivers/USB/Core/AVR8/Pipe_AVR8.o
 .data          0x0080011b        0x0 ../../../../../LUFA_lib/LUFA-130303/LUFA/Drivers/USB/Core/AVR8/USBController_AVR8.o
 .data          0x0080011b        0x0 ../../../../../LUFA_lib/LUFA-130303/LUFA/Drivers/USB/Core/AVR8/USBInterrupt_AVR8.o
 .data          0x0080011b        0x0 ../../../../../LUFA_lib/LUFA-130303/LUFA/Drivers/USB/Core/ConfigDescriptors.o
 .data          0x0080011b        0x0 ../../../../../LUFA_lib/LUFA-130303/LUFA/Drivers/USB/Core/DeviceStandardReq.o
 .data          0x0080011b        0x0 ../../../../../LUFA_lib/LUFA-130303/LUFA/Drivers/USB/Core/Events.o
 .data          0x0080011b        0x0 ../../../../../LUFA_lib/LUFA-130303/LUFA/Drivers/USB/Core/HostStandardReq.o
 .data          0x0080011b        0x0 ../../../../../LUFA_lib/LUFA-130303/LUFA/Drivers/USB/Core/USBTask.o
 .data          0x0080011b        0x0 ../../../../../LUFA_lib/LUFA-130303/LUFA/Drivers/USB/Class/Device/AudioClassDevice.o
 .data          0x0080011b        0x0 ../../../../../LUFA_lib/LUFA-130303/LUFA/Drivers/USB/Class/Device/CDCClassDevice.o
 .data          0x0080011b        0x0 ../../../../../LUFA_lib/LUFA-130303/LUFA/Drivers/USB/Class/Device/HIDClassDevice.o
 .data          0x0080011b        0x0 ../../../../../LUFA_lib/LUFA-130303/LUFA/Drivers/USB/Class/Device/MassStorageClassDevice.o
 .data          0x0080011b        0x0 ../../../../../LUFA_lib/LUFA-130303/LUFA/Drivers/USB/Class/Device/MIDIClassDevice.o
 .data          0x0080011b        0x0 ../../../../../LUFA_lib/LUFA-130303/LUFA/Drivers/USB/Class/Device/RNDISClassDevice.o
 .data          0x0080011b        0x0 ../../../../../LUFA_lib/LUFA-130303/LUFA/Drivers/USB/Class/Host/AndroidAccessoryClassHost.o
 .data          0x0080011b        0x0 ../../../../../LUFA_lib/LUFA-130303/LUFA/Drivers/USB/Class/Host/AudioClassHost.o
 .data          0x0080011b        0x0 ../../../../../LUFA_lib/LUFA-130303/LUFA/Drivers/USB/Class/Host/CDCClassHost.o
 .data          0x0080011b        0x0 ../../../../../LUFA_lib/LUFA-130303/LUFA/Drivers/USB/Class/Host/HIDClassHost.o
 .data          0x0080011b        0x0 ../../../../../LUFA_lib/LUFA-130303/LUFA/Drivers/USB/Class/Host/MassStorageClassHost.o
 .data          0x0080011b        0x0 ../../../../../LUFA_lib/LUFA-130303/LUFA/Drivers/USB/Class/Host/MIDIClassHost.o
 .data          0x0080011b        0x0 ../../../../../LUFA_lib/LUFA-130303/LUFA/Drivers/USB/Class/Host/PrinterClassHost.o
 .data          0x0080011b        0x0 ../../../../../LUFA_lib/LUFA-130303/LUFA/Drivers/USB/Class/Host/RNDISClassHost.o
 .data          0x0080011b        0x0 ../../../../../LUFA_lib/LUFA-130303/LUFA/Drivers/USB/Class/Host/StillImageClassHost.o
 .data          0x0080011b        0x0 c:/program files (x86)/atmel/atmel toolchain/avr8 gcc/native/3.4.1056/avr8-gnu-toolchain/bin/../lib/gcc/avr/4.8.1/avr5\libgcc.a(_udivmodsi4.o)
 .data          0x0080011b        0x0 c:/program files (x86)/atmel/atmel toolchain/avr8 gcc/native/3.4.1056/avr8-gnu-toolchain/bin/../lib/gcc/avr/4.8.1/avr5\libgcc.a(_exit.o)
 .data          0x0080011b        0x0 c:/program files (x86)/atmel/atmel toolchain/avr8 gcc/native/3.4.1056/avr8-gnu-toolchain/bin/../lib/gcc/avr/4.8.1/avr5\libgcc.a(_tablejump.o)
 .data          0x0080011b        0x0 c:/program files (x86)/atmel/atmel toolchain/avr8 gcc/native/3.4.1056/avr8-gnu-toolchain/bin/../lib/gcc/avr/4.8.1/avr5\libgcc.a(_copy_data.o)
 .data          0x0080011b        0x0 c:/program files (x86)/atmel/atmel toolchain/avr8 gcc/native/3.4.1056/avr8-gnu-toolchain/bin/../lib/gcc/avr/4.8.1/avr5\libgcc.a(_clear_bss.o)
 .data          0x0080011b        0x0 c:/program files (x86)/atmel/atmel toolchain/avr8 gcc/native/3.4.1056/avr8-gnu-toolchain/bin/../lib/gcc/avr/4.8.1/../../../../avr/lib/avr5\libc.a(memcpy_P.o)
 .data          0x0080011b        0x0 c:/program files (x86)/atmel/atmel toolchain/avr8 gcc/native/3.4.1056/avr8-gnu-toolchain/bin/../lib/gcc/avr/4.8.1/../../../../avr/lib/avr5\libc.a(memcmp.o)
 .data          0x0080011b        0x0 c:/program files (x86)/atmel/atmel toolchain/avr8 gcc/native/3.4.1056/avr8-gnu-toolchain/bin/../lib/gcc/avr/4.8.1/../../../../avr/lib/avr5\libc.a(memcpy.o)
 .data          0x0080011b        0x0 c:/program files (x86)/atmel/atmel toolchain/avr8 gcc/native/3.4.1056/avr8-gnu-toolchain/bin/../lib/gcc/avr/4.8.1/../../../../avr/lib/avr5\libc.a(memset.o)
 .data          0x0080011b        0x0 c:/program files (x86)/atmel/atmel toolchain/avr8 gcc/native/3.4.1056/avr8-gnu-toolchain/bin/../lib/gcc/avr/4.8.1/../../../../avr/lib/avr5\libc.a(eerd_byte_atmega32u4.o)
 .data          0x0080011b        0x0 c:/program files (x86)/atmel/atmel toolchain/avr8 gcc/native/3.4.1056/avr8-gnu-toolchain/bin/../lib/gcc/avr/4.8.1/../../../../avr/lib/avr5\libc.a(eeupd_byte_atmega32u4.o)
 *(.data*)
 *(.rodata)
 *(.rodata*)
 *(.gnu.linkonce.d*)
                0x0080011c                . = ALIGN (0x2)
 *fill*         0x0080011b        0x1 
                0x0080011c                _edata = .
                0x0080011c                PROVIDE (__data_end, .)

.bss            0x0080011c      0x126
                0x0080011c                PROVIDE (__bss_start, .)
 *(.bss)
 .bss           0x0080011c      0x11a USBtoSerial.o
 *(.bss*)
 *(COMMON)
 COMMON         0x00800236        0x3 ../../../../../LUFA_lib/LUFA-130303/LUFA/Drivers/USB/Core/DeviceStandardReq.o
                0x00800236                USB_Device_ConfigurationNumber
                0x00800237                USB_Device_CurrentlySelfPowered
                0x00800238                USB_Device_RemoteWakeupEnabled
 COMMON         0x00800239        0x9 ../../../../../LUFA_lib/LUFA-130303/LUFA/Drivers/USB/Core/USBTask.o
                0x00800239                USB_IsInitialized
                0x0080023a                USB_ControlRequest
                0x00800242                PROVIDE (__bss_end, .)
                0x00001094                __data_load_start = LOADADDR (.data)
                0x000010b0                __data_load_end = (__data_load_start + SIZEOF (.data))

.noinit         0x00800242        0x0
                0x00800242                PROVIDE (__noinit_start, .)
 *(.noinit*)
                0x00800242                PROVIDE (__noinit_end, .)
                0x00800242                _end = .
                0x00800242                PROVIDE (__heap_start, .)

.eeprom         0x00810000        0x0
 *(.eeprom*)
                0x00810000                __eeprom_end = .

.fuse
 *(.fuse)
 *(.lfuse)
 *(.hfuse)
 *(.efuse)

.lock
 *(.lock*)

.signature
 *(.signature*)

.user_signatures
 *(.user_signatures*)

.stab
 *(.stab)

.stabstr
 *(.stabstr)

.stab.excl
 *(.stab.excl)

.stab.exclstr
 *(.stab.exclstr)

.stab.index
 *(.stab.index)

.stab.indexstr
 *(.stab.indexstr)

.comment        0x00000000       0x30
 *(.comment)
 .comment       0x00000000       0x30 USBtoSerial.o
                                 0x31 (size before relaxing)
 .comment       0x00000000       0x31 Descriptors.o
 .comment       0x00000000       0x31 ../../../../../LUFA_lib/LUFA-130303/LUFA/Drivers/USB/Class/Common/HIDParser.o
 .comment       0x00000000       0x31 ../../../../../LUFA_lib/LUFA-130303/LUFA/Drivers/USB/Core/AVR8/Device_AVR8.o
 .comment       0x00000000       0x31 ../../../../../LUFA_lib/LUFA-130303/LUFA/Drivers/USB/Core/AVR8/EndpointStream_AVR8.o
 .comment       0x00000000       0x31 ../../../../../LUFA_lib/LUFA-130303/LUFA/Drivers/USB/Core/AVR8/Endpoint_AVR8.o
 .comment       0x00000000       0x31 ../../../../../LUFA_lib/LUFA-130303/LUFA/Drivers/USB/Core/AVR8/Host_AVR8.o
 .comment       0x00000000       0x31 ../../../../../LUFA_lib/LUFA-130303/LUFA/Drivers/USB/Core/AVR8/PipeStream_AVR8.o
 .comment       0x00000000       0x31 ../../../../../LUFA_lib/LUFA-130303/LUFA/Drivers/USB/Core/AVR8/Pipe_AVR8.o
 .comment       0x00000000       0x31 ../../../../../LUFA_lib/LUFA-130303/LUFA/Drivers/USB/Core/AVR8/USBController_AVR8.o
 .comment       0x00000000       0x31 ../../../../../LUFA_lib/LUFA-130303/LUFA/Drivers/USB/Core/AVR8/USBInterrupt_AVR8.o
 .comment       0x00000000       0x31 ../../../../../LUFA_lib/LUFA-130303/LUFA/Drivers/USB/Core/ConfigDescriptors.o
 .comment       0x00000000       0x31 ../../../../../LUFA_lib/LUFA-130303/LUFA/Drivers/USB/Core/DeviceStandardReq.o
 .comment       0x00000000       0x31 ../../../../../LUFA_lib/LUFA-130303/LUFA/Drivers/USB/Core/Events.o
 .comment       0x00000000       0x31 ../../../../../LUFA_lib/LUFA-130303/LUFA/Drivers/USB/Core/HostStandardReq.o
 .comment       0x00000000       0x31 ../../../../../LUFA_lib/LUFA-130303/LUFA/Drivers/USB/Core/USBTask.o
 .comment       0x00000000       0x31 ../../../../../LUFA_lib/LUFA-130303/LUFA/Drivers/USB/Class/Device/AudioClassDevice.o
 .comment       0x00000000       0x31 ../../../../../LUFA_lib/LUFA-130303/LUFA/Drivers/USB/Class/Device/CDCClassDevice.o
 .comment       0x00000000       0x31 ../../../../../LUFA_lib/LUFA-130303/LUFA/Drivers/USB/Class/Device/HIDClassDevice.o
 .comment       0x00000000       0x31 ../../../../../LUFA_lib/LUFA-130303/LUFA/Drivers/USB/Class/Device/MassStorageClassDevice.o
 .comment       0x00000000       0x31 ../../../../../LUFA_lib/LUFA-130303/LUFA/Drivers/USB/Class/Device/MIDIClassDevice.o
 .comment       0x00000000       0x31 ../../../../../LUFA_lib/LUFA-130303/LUFA/Drivers/USB/Class/Device/RNDISClassDevice.o
 .comment       0x00000000       0x31 ../../../../../LUFA_lib/LUFA-130303/LUFA/Drivers/USB/Class/Host/AndroidAccessoryClassHost.o
 .comment       0x00000000       0x31 ../../../../../LUFA_lib/LUFA-130303/LUFA/Drivers/USB/Class/Host/AudioClassHost.o
 .comment       0x00000000       0x31 ../../../../../LUFA_lib/LUFA-130303/LUFA/Drivers/USB/Class/Host/CDCClassHost.o
 .comment       0x00000000       0x31 ../../../../../LUFA_lib/LUFA-130303/LUFA/Drivers/USB/Class/Host/HIDClassHost.o
 .comment       0x00000000       0x31 ../../../../../LUFA_lib/LUFA-130303/LUFA/Drivers/USB/Class/Host/MassStorageClassHost.o
 .comment       0x00000000       0x31 ../../../../../LUFA_lib/LUFA-130303/LUFA/Drivers/USB/Class/Host/MIDIClassHost.o
 .comment       0x00000000       0x31 ../../../../../LUFA_lib/LUFA-130303/LUFA/Drivers/USB/Class/Host/PrinterClassHost.o
 .comment       0x00000000       0x31 ../../../../../LUFA_lib/LUFA-130303/LUFA/Drivers/USB/Class/Host/RNDISClassHost.o
 .comment       0x00000000       0x31 ../../../../../LUFA_lib/LUFA-130303/LUFA/Drivers/USB/Class/Host/StillImageClassHost.o

.note.gnu.build-id
 *(.note.gnu.build-id)

.debug
 *(.debug)

.line
 *(.line)

.debug_srcinfo
 *(.debug_srcinfo)

.debug_sfnames
 *(.debug_sfnames)

.debug_aranges  0x00000000      0x5e8
 *(.debug_aranges)
 .debug_aranges
                0x00000000       0x78 USBtoSerial.o
 .debug_aranges
                0x00000078       0x20 Descriptors.o
 .debug_aranges
                0x00000098       0x38 ../../../../../LUFA_lib/LUFA-130303/LUFA/Drivers/USB/Class/Common/HIDParser.o
 .debug_aranges
                0x000000d0       0x20 ../../../../../LUFA_lib/LUFA-130303/LUFA/Drivers/USB/Core/AVR8/Device_AVR8.o
 .debug_aranges
                0x000000f0       0xc8 ../../../../../LUFA_lib/LUFA-130303/LUFA/Drivers/USB/Core/AVR8/EndpointStream_AVR8.o
 .debug_aranges
                0x000001b8       0x40 ../../../../../LUFA_lib/LUFA-130303/LUFA/Drivers/USB/Core/AVR8/Endpoint_AVR8.o
 .debug_aranges
                0x000001f8       0x18 ../../../../../LUFA_lib/LUFA-130303/LUFA/Drivers/USB/Core/AVR8/Host_AVR8.o
 .debug_aranges
                0x00000210       0x18 ../../../../../LUFA_lib/LUFA-130303/LUFA/Drivers/USB/Core/AVR8/PipeStream_AVR8.o
 .debug_aranges
                0x00000228       0x18 ../../../../../LUFA_lib/LUFA-130303/LUFA/Drivers/USB/Core/AVR8/Pipe_AVR8.o
 .debug_aranges
                0x00000240       0x30 ../../../../../LUFA_lib/LUFA-130303/LUFA/Drivers/USB/Core/AVR8/USBController_AVR8.o
 .debug_aranges
                0x00000270       0x38 ../../../../../LUFA_lib/LUFA-130303/LUFA/Drivers/USB/Core/AVR8/USBInterrupt_AVR8.o
 .debug_aranges
                0x000002a8       0x40 ../../../../../LUFA_lib/LUFA-130303/LUFA/Drivers/USB/Core/ConfigDescriptors.o
 .debug_aranges
                0x000002e8       0x20 ../../../../../LUFA_lib/LUFA-130303/LUFA/Drivers/USB/Core/DeviceStandardReq.o
 .debug_aranges
                0x00000308       0x20 ../../../../../LUFA_lib/LUFA-130303/LUFA/Drivers/USB/Core/Events.o
 .debug_aranges
                0x00000328       0x18 ../../../../../LUFA_lib/LUFA-130303/LUFA/Drivers/USB/Core/HostStandardReq.o
 .debug_aranges
                0x00000340       0x20 ../../../../../LUFA_lib/LUFA-130303/LUFA/Drivers/USB/Core/USBTask.o
 .debug_aranges
                0x00000360       0x30 ../../../../../LUFA_lib/LUFA-130303/LUFA/Drivers/USB/Class/Device/AudioClassDevice.o
 .debug_aranges
                0x00000390       0x98 ../../../../../LUFA_lib/LUFA-130303/LUFA/Drivers/USB/Class/Device/CDCClassDevice.o
 .debug_aranges
                0x00000428       0x30 ../../../../../LUFA_lib/LUFA-130303/LUFA/Drivers/USB/Class/Device/HIDClassDevice.o
 .debug_aranges
                0x00000458       0x30 ../../../../../LUFA_lib/LUFA-130303/LUFA/Drivers/USB/Class/Device/MassStorageClassDevice.o
 .debug_aranges
                0x00000488       0x40 ../../../../../LUFA_lib/LUFA-130303/LUFA/Drivers/USB/Class/Device/MIDIClassDevice.o
 .debug_aranges
                0x000004c8       0x48 ../../../../../LUFA_lib/LUFA-130303/LUFA/Drivers/USB/Class/Device/RNDISClassDevice.o
 .debug_aranges
                0x00000510       0x18 ../../../../../LUFA_lib/LUFA-130303/LUFA/Drivers/USB/Class/Host/AndroidAccessoryClassHost.o
 .debug_aranges
                0x00000528       0x18 ../../../../../LUFA_lib/LUFA-130303/LUFA/Drivers/USB/Class/Host/AudioClassHost.o
 .debug_aranges
                0x00000540       0x18 ../../../../../LUFA_lib/LUFA-130303/LUFA/Drivers/USB/Class/Host/CDCClassHost.o
 .debug_aranges
                0x00000558       0x18 ../../../../../LUFA_lib/LUFA-130303/LUFA/Drivers/USB/Class/Host/HIDClassHost.o
 .debug_aranges
                0x00000570       0x18 ../../../../../LUFA_lib/LUFA-130303/LUFA/Drivers/USB/Class/Host/MassStorageClassHost.o
 .debug_aranges
                0x00000588       0x18 ../../../../../LUFA_lib/LUFA-130303/LUFA/Drivers/USB/Class/Host/MIDIClassHost.o
 .debug_aranges
                0x000005a0       0x18 ../../../../../LUFA_lib/LUFA-130303/LUFA/Drivers/USB/Class/Host/PrinterClassHost.o
 .debug_aranges
                0x000005b8       0x18 ../../../../../LUFA_lib/LUFA-130303/LUFA/Drivers/USB/Class/Host/RNDISClassHost.o
 .debug_aranges
                0x000005d0       0x18 ../../../../../LUFA_lib/LUFA-130303/LUFA/Drivers/USB/Class/Host/StillImageClassHost.o

.debug_pubnames
 *(.debug_pubnames)

.debug_info     0x00000000     0x9db6
 *(.debug_info .gnu.linkonce.wi.*)
 .debug_info    0x00000000      0xda9 USBtoSerial.o
 .debug_info    0x00000da9      0x738 Descriptors.o
 .debug_info    0x000014e1      0x73c ../../../../../LUFA_lib/LUFA-130303/LUFA/Drivers/USB/Class/Common/HIDParser.o
 .debug_info    0x00001c1d       0xd2 ../../../../../LUFA_lib/LUFA-130303/LUFA/Drivers/USB/Core/AVR8/Device_AVR8.o
 .debug_info    0x00001cef     0x1748 ../../../../../LUFA_lib/LUFA-130303/LUFA/Drivers/USB/Core/AVR8/EndpointStream_AVR8.o
 .debug_info    0x00003437      0x602 ../../../../../LUFA_lib/LUFA-130303/LUFA/Drivers/USB/Core/AVR8/Endpoint_AVR8.o
 .debug_info    0x00003a39       0x56 ../../../../../LUFA_lib/LUFA-130303/LUFA/Drivers/USB/Core/AVR8/Host_AVR8.o
 .debug_info    0x00003a8f       0x56 ../../../../../LUFA_lib/LUFA-130303/LUFA/Drivers/USB/Core/AVR8/PipeStream_AVR8.o
 .debug_info    0x00003ae5       0x56 ../../../../../LUFA_lib/LUFA-130303/LUFA/Drivers/USB/Core/AVR8/Pipe_AVR8.o
 .debug_info    0x00003b3b      0x4ba ../../../../../LUFA_lib/LUFA-130303/LUFA/Drivers/USB/Core/AVR8/USBController_AVR8.o
 .debug_info    0x00003ff5      0x7b2 ../../../../../LUFA_lib/LUFA-130303/LUFA/Drivers/USB/Core/AVR8/USBInterrupt_AVR8.o
 .debug_info    0x000047a7      0x3c9 ../../../../../LUFA_lib/LUFA-130303/LUFA/Drivers/USB/Core/ConfigDescriptors.o
 .debug_info    0x00004b70      0xa41 ../../../../../LUFA_lib/LUFA-130303/LUFA/Drivers/USB/Core/DeviceStandardReq.o
 .debug_info    0x000055b1       0x78 ../../../../../LUFA_lib/LUFA-130303/LUFA/Drivers/USB/Core/Events.o
 .debug_info    0x00005629       0x56 ../../../../../LUFA_lib/LUFA-130303/LUFA/Drivers/USB/Core/HostStandardReq.o
 .debug_info    0x0000567f      0x254 ../../../../../LUFA_lib/LUFA-130303/LUFA/Drivers/USB/Core/USBTask.o
 .debug_info    0x000058d3      0x8ea ../../../../../LUFA_lib/LUFA-130303/LUFA/Drivers/USB/Class/Device/AudioClassDevice.o
 .debug_info    0x000061bd      0xe6c ../../../../../LUFA_lib/LUFA-130303/LUFA/Drivers/USB/Class/Device/CDCClassDevice.o
 .debug_info    0x00007029      0x9d8 ../../../../../LUFA_lib/LUFA-130303/LUFA/Drivers/USB/Class/Device/HIDClassDevice.o
 .debug_info    0x00007a01      0x949 ../../../../../LUFA_lib/LUFA-130303/LUFA/Drivers/USB/Class/Device/MassStorageClassDevice.o
 .debug_info    0x0000834a      0x600 ../../../../../LUFA_lib/LUFA-130303/LUFA/Drivers/USB/Class/Device/MIDIClassDevice.o
 .debug_info    0x0000894a     0x1166 ../../../../../LUFA_lib/LUFA-130303/LUFA/Drivers/USB/Class/Device/RNDISClassDevice.o
 .debug_info    0x00009ab0       0x56 ../../../../../LUFA_lib/LUFA-130303/LUFA/Drivers/USB/Class/Host/AndroidAccessoryClassHost.o
 .debug_info    0x00009b06       0x56 ../../../../../LUFA_lib/LUFA-130303/LUFA/Drivers/USB/Class/Host/AudioClassHost.o
 .debug_info    0x00009b5c       0x56 ../../../../../LUFA_lib/LUFA-130303/LUFA/Drivers/USB/Class/Host/CDCClassHost.o
 .debug_info    0x00009bb2       0x56 ../../../../../LUFA_lib/LUFA-130303/LUFA/Drivers/USB/Class/Host/HIDClassHost.o
 .debug_info    0x00009c08       0x56 ../../../../../LUFA_lib/LUFA-130303/LUFA/Drivers/USB/Class/Host/MassStorageClassHost.o
 .debug_info    0x00009c5e       0x56 ../../../../../LUFA_lib/LUFA-130303/LUFA/Drivers/USB/Class/Host/MIDIClassHost.o
 .debug_info    0x00009cb4       0x56 ../../../../../LUFA_lib/LUFA-130303/LUFA/Drivers/USB/Class/Host/PrinterClassHost.o
 .debug_info    0x00009d0a       0x56 ../../../../../LUFA_lib/LUFA-130303/LUFA/Drivers/USB/Class/Host/RNDISClassHost.o
 .debug_info    0x00009d60       0x56 ../../../../../LUFA_lib/LUFA-130303/LUFA/Drivers/USB/Class/Host/StillImageClassHost.o

.debug_abbrev   0x00000000     0x283f
 *(.debug_abbrev)
 .debug_abbrev  0x00000000      0x400 USBtoSerial.o
 .debug_abbrev  0x00000400      0x136 Descriptors.o
 .debug_abbrev  0x00000536      0x21e ../../../../../LUFA_lib/LUFA-130303/LUFA/Drivers/USB/Class/Common/HIDParser.o
 .debug_abbrev  0x00000754       0x80 ../../../../../LUFA_lib/LUFA-130303/LUFA/Drivers/USB/Core/AVR8/Device_AVR8.o
 .debug_abbrev  0x000007d4      0x20c ../../../../../LUFA_lib/LUFA-130303/LUFA/Drivers/USB/Core/AVR8/EndpointStream_AVR8.o
 .debug_abbrev  0x000009e0      0x21b ../../../../../LUFA_lib/LUFA-130303/LUFA/Drivers/USB/Core/AVR8/Endpoint_AVR8.o
 .debug_abbrev  0x00000bfb       0x26 ../../../../../LUFA_lib/LUFA-130303/LUFA/Drivers/USB/Core/AVR8/Host_AVR8.o
 .debug_abbrev  0x00000c21       0x26 ../../../../../LUFA_lib/LUFA-130303/LUFA/Drivers/USB/Core/AVR8/PipeStream_AVR8.o
 .debug_abbrev  0x00000c47       0x26 ../../../../../LUFA_lib/LUFA-130303/LUFA/Drivers/USB/Core/AVR8/Pipe_AVR8.o
 .debug_abbrev  0x00000c6d      0x1a5 ../../../../../LUFA_lib/LUFA-130303/LUFA/Drivers/USB/Core/AVR8/USBController_AVR8.o
 .debug_abbrev  0x00000e12      0x22d ../../../../../LUFA_lib/LUFA-130303/LUFA/Drivers/USB/Core/AVR8/USBInterrupt_AVR8.o
 .debug_abbrev  0x0000103f      0x176 ../../../../../LUFA_lib/LUFA-130303/LUFA/Drivers/USB/Core/ConfigDescriptors.o
 .debug_abbrev  0x000011b5      0x2a8 ../../../../../LUFA_lib/LUFA-130303/LUFA/Drivers/USB/Core/DeviceStandardReq.o
 .debug_abbrev  0x0000145d       0x44 ../../../../../LUFA_lib/LUFA-130303/LUFA/Drivers/USB/Core/Events.o
 .debug_abbrev  0x000014a1       0x26 ../../../../../LUFA_lib/LUFA-130303/LUFA/Drivers/USB/Core/HostStandardReq.o
 .debug_abbrev  0x000014c7      0x168 ../../../../../LUFA_lib/LUFA-130303/LUFA/Drivers/USB/Core/USBTask.o
 .debug_abbrev  0x0000162f      0x205 ../../../../../LUFA_lib/LUFA-130303/LUFA/Drivers/USB/Class/Device/AudioClassDevice.o
 .debug_abbrev  0x00001834      0x416 ../../../../../LUFA_lib/LUFA-130303/LUFA/Drivers/USB/Class/Device/CDCClassDevice.o
 .debug_abbrev  0x00001c4a      0x264 ../../../../../LUFA_lib/LUFA-130303/LUFA/Drivers/USB/Class/Device/HIDClassDevice.o
 .debug_abbrev  0x00001eae      0x2a8 ../../../../../LUFA_lib/LUFA-130303/LUFA/Drivers/USB/Class/Device/MassStorageClassDevice.o
 .debug_abbrev  0x00002156      0x22b ../../../../../LUFA_lib/LUFA-130303/LUFA/Drivers/USB/Class/Device/MIDIClassDevice.o
 .debug_abbrev  0x00002381      0x368 ../../../../../LUFA_lib/LUFA-130303/LUFA/Drivers/USB/Class/Device/RNDISClassDevice.o
 .debug_abbrev  0x000026e9       0x26 ../../../../../LUFA_lib/LUFA-130303/LUFA/Drivers/USB/Class/Host/AndroidAccessoryClassHost.o
 .debug_abbrev  0x0000270f       0x26 ../../../../../LUFA_lib/LUFA-130303/LUFA/Drivers/USB/Class/Host/AudioClassHost.o
 .debug_abbrev  0x00002735       0x26 ../../../../../LUFA_lib/LUFA-130303/LUFA/Drivers/USB/Class/Host/CDCClassHost.o
 .debug_abbrev  0x0000275b       0x26 ../../../../../LUFA_lib/LUFA-130303/LUFA/Drivers/USB/Class/Host/HIDClassHost.o
 .debug_abbrev  0x00002781       0x26 ../../../../../LUFA_lib/LUFA-130303/LUFA/Drivers/USB/Class/Host/MassStorageClassHost.o
 .debug_abbrev  0x000027a7       0x26 ../../../../../LUFA_lib/LUFA-130303/LUFA/Drivers/USB/Class/Host/MIDIClassHost.o
 .debug_abbrev  0x000027cd       0x26 ../../../../../LUFA_lib/LUFA-130303/LUFA/Drivers/USB/Class/Host/PrinterClassHost.o
 .debug_abbrev  0x000027f3       0x26 ../../../../../LUFA_lib/LUFA-130303/LUFA/Drivers/USB/Class/Host/RNDISClassHost.o
 .debug_abbrev  0x00002819       0x26 ../../../../../LUFA_lib/LUFA-130303/LUFA/Drivers/USB/Class/Host/StillImageClassHost.o

.debug_line     0x00000000     0x4b31
 *(.debug_line .debug_line.* .debug_line_end)
 .debug_line    0x00000000      0x7a5 USBtoSerial.o
 .debug_line    0x000007a5      0x217 Descriptors.o
 .debug_line    0x000009bc      0x27f ../../../../../LUFA_lib/LUFA-130303/LUFA/Drivers/USB/Class/Common/HIDParser.o
 .debug_line    0x00000c3b      0x174 ../../../../../LUFA_lib/LUFA-130303/LUFA/Drivers/USB/Core/AVR8/Device_AVR8.o
 .debug_line    0x00000daf      0xcaf ../../../../../LUFA_lib/LUFA-130303/LUFA/Drivers/USB/Core/AVR8/EndpointStream_AVR8.o
 .debug_line    0x00001a5e      0x42b ../../../../../LUFA_lib/LUFA-130303/LUFA/Drivers/USB/Core/AVR8/Endpoint_AVR8.o
 .debug_line    0x00001e89       0x1a ../../../../../LUFA_lib/LUFA-130303/LUFA/Drivers/USB/Core/AVR8/Host_AVR8.o
 .debug_line    0x00001ea3       0x1a ../../../../../LUFA_lib/LUFA-130303/LUFA/Drivers/USB/Core/AVR8/PipeStream_AVR8.o
 .debug_line    0x00001ebd       0x1a ../../../../../LUFA_lib/LUFA-130303/LUFA/Drivers/USB/Core/AVR8/Pipe_AVR8.o
 .debug_line    0x00001ed7      0x2e3 ../../../../../LUFA_lib/LUFA-130303/LUFA/Drivers/USB/Core/AVR8/USBController_AVR8.o
 .debug_line    0x000021ba      0x4fb ../../../../../LUFA_lib/LUFA-130303/LUFA/Drivers/USB/Core/AVR8/USBInterrupt_AVR8.o
 .debug_line    0x000026b5      0x1cb ../../../../../LUFA_lib/LUFA-130303/LUFA/Drivers/USB/Core/ConfigDescriptors.o
 .debug_line    0x00002880      0x3cb ../../../../../LUFA_lib/LUFA-130303/LUFA/Drivers/USB/Core/DeviceStandardReq.o
 .debug_line    0x00002c4b       0x6f ../../../../../LUFA_lib/LUFA-130303/LUFA/Drivers/USB/Core/Events.o
 .debug_line    0x00002cba       0x1a ../../../../../LUFA_lib/LUFA-130303/LUFA/Drivers/USB/Core/HostStandardReq.o
 .debug_line    0x00002cd4      0x1dd ../../../../../LUFA_lib/LUFA-130303/LUFA/Drivers/USB/Core/USBTask.o
 .debug_line    0x00002eb1      0x3a2 ../../../../../LUFA_lib/LUFA-130303/LUFA/Drivers/USB/Class/Device/AudioClassDevice.o
 .debug_line    0x00003253      0x632 ../../../../../LUFA_lib/LUFA-130303/LUFA/Drivers/USB/Class/Device/CDCClassDevice.o
 .debug_line    0x00003885      0x4ae ../../../../../LUFA_lib/LUFA-130303/LUFA/Drivers/USB/Class/Device/HIDClassDevice.o
 .debug_line    0x00003d33      0x41e ../../../../../LUFA_lib/LUFA-130303/LUFA/Drivers/USB/Class/Device/MassStorageClassDevice.o
 .debug_line    0x00004151      0x341 ../../../../../LUFA_lib/LUFA-130303/LUFA/Drivers/USB/Class/Device/MIDIClassDevice.o
 .debug_line    0x00004492      0x5b5 ../../../../../LUFA_lib/LUFA-130303/LUFA/Drivers/USB/Class/Device/RNDISClassDevice.o
 .debug_line    0x00004a47       0x1a ../../../../../LUFA_lib/LUFA-130303/LUFA/Drivers/USB/Class/Host/AndroidAccessoryClassHost.o
 .debug_line    0x00004a61       0x1a ../../../../../LUFA_lib/LUFA-130303/LUFA/Drivers/USB/Class/Host/AudioClassHost.o
 .debug_line    0x00004a7b       0x1a ../../../../../LUFA_lib/LUFA-130303/LUFA/Drivers/USB/Class/Host/CDCClassHost.o
 .debug_line    0x00004a95       0x1a ../../../../../LUFA_lib/LUFA-130303/LUFA/Drivers/USB/Class/Host/HIDClassHost.o
 .debug_line    0x00004aaf       0x1a ../../../../../LUFA_lib/LUFA-130303/LUFA/Drivers/USB/Class/Host/MassStorageClassHost.o
 .debug_line    0x00004ac9       0x1a ../../../../../LUFA_lib/LUFA-130303/LUFA/Drivers/USB/Class/Host/MIDIClassHost.o
 .debug_line    0x00004ae3       0x1a ../../../../../LUFA_lib/LUFA-130303/LUFA/Drivers/USB/Class/Host/PrinterClassHost.o
 .debug_line    0x00004afd       0x1a ../../../../../LUFA_lib/LUFA-130303/LUFA/Drivers/USB/Class/Host/RNDISClassHost.o
 .debug_line    0x00004b17       0x1a ../../../../../LUFA_lib/LUFA-130303/LUFA/Drivers/USB/Class/Host/StillImageClassHost.o

.debug_frame    0x00000000      0xe70
 *(.debug_frame)
 .debug_frame   0x00000000      0x124 USBtoSerial.o
 .debug_frame   0x00000124       0x24 Descriptors.o
 .debug_frame   0x00000148      0x114 ../../../../../LUFA_lib/LUFA-130303/LUFA/Drivers/USB/Class/Common/HIDParser.o
 .debug_frame   0x0000025c       0x24 ../../../../../LUFA_lib/LUFA-130303/LUFA/Drivers/USB/Core/AVR8/Device_AVR8.o
 .debug_frame   0x00000280      0x3ac ../../../../../LUFA_lib/LUFA-130303/LUFA/Drivers/USB/Core/AVR8/EndpointStream_AVR8.o
 .debug_frame   0x0000062c       0x78 ../../../../../LUFA_lib/LUFA-130303/LUFA/Drivers/USB/Core/AVR8/Endpoint_AVR8.o
 .debug_frame   0x000006a4       0x58 ../../../../../LUFA_lib/LUFA-130303/LUFA/Drivers/USB/Core/AVR8/USBController_AVR8.o
 .debug_frame   0x000006fc       0xe8 ../../../../../LUFA_lib/LUFA-130303/LUFA/Drivers/USB/Core/AVR8/USBInterrupt_AVR8.o
 .debug_frame   0x000007e4      0x108 ../../../../../LUFA_lib/LUFA-130303/LUFA/Drivers/USB/Core/ConfigDescriptors.o
 .debug_frame   0x000008ec       0x3c ../../../../../LUFA_lib/LUFA-130303/LUFA/Drivers/USB/Core/DeviceStandardReq.o
 .debug_frame   0x00000928       0x24 ../../../../../LUFA_lib/LUFA-130303/LUFA/Drivers/USB/Core/Events.o
 .debug_frame   0x0000094c       0x2c ../../../../../LUFA_lib/LUFA-130303/LUFA/Drivers/USB/Core/USBTask.o
 .debug_frame   0x00000978       0xa8 ../../../../../LUFA_lib/LUFA-130303/LUFA/Drivers/USB/Class/Device/AudioClassDevice.o
 .debug_frame   0x00000a20      0x168 ../../../../../LUFA_lib/LUFA-130303/LUFA/Drivers/USB/Class/Device/CDCClassDevice.o
 .debug_frame   0x00000b88       0xe4 ../../../../../LUFA_lib/LUFA-130303/LUFA/Drivers/USB/Class/Device/HIDClassDevice.o
 .debug_frame   0x00000c6c       0x80 ../../../../../LUFA_lib/LUFA-130303/LUFA/Drivers/USB/Class/Device/MassStorageClassDevice.o
 .debug_frame   0x00000cec       0x70 ../../../../../LUFA_lib/LUFA-130303/LUFA/Drivers/USB/Class/Device/MIDIClassDevice.o
 .debug_frame   0x00000d5c      0x114 ../../../../../LUFA_lib/LUFA-130303/LUFA/Drivers/USB/Class/Device/RNDISClassDevice.o

.debug_str      0x00000000     0x40c9
 *(.debug_str)
 .debug_str     0x00000000      0x95d USBtoSerial.o
                                0x9ea (size before relaxing)
 .debug_str     0x0000095d      0x8ba Descriptors.o
                                0xac7 (size before relaxing)
 .debug_str     0x00001217      0x4b3 ../../../../../LUFA_lib/LUFA-130303/LUFA/Drivers/USB/Class/Common/HIDParser.o
                                0x6ec (size before relaxing)
 .debug_str     0x000016ca       0x95 ../../../../../LUFA_lib/LUFA-130303/LUFA/Drivers/USB/Core/AVR8/Device_AVR8.o
                                0x228 (size before relaxing)
 .debug_str     0x0000175f      0x5ed ../../../../../LUFA_lib/LUFA-130303/LUFA/Drivers/USB/Core/AVR8/EndpointStream_AVR8.o
                                0x87b (size before relaxing)
 .debug_str     0x00001d4c      0x218 ../../../../../LUFA_lib/LUFA-130303/LUFA/Drivers/USB/Core/AVR8/Endpoint_AVR8.o
                                0x63a (size before relaxing)
 .debug_str     0x00001f64       0x4b ../../../../../LUFA_lib/LUFA-130303/LUFA/Drivers/USB/Core/AVR8/Host_AVR8.o
                                0x1c7 (size before relaxing)
 .debug_str     0x00001faf       0x51 ../../../../../LUFA_lib/LUFA-130303/LUFA/Drivers/USB/Core/AVR8/PipeStream_AVR8.o
                                0x1cd (size before relaxing)
 .debug_str     0x00002000       0x4b ../../../../../LUFA_lib/LUFA-130303/LUFA/Drivers/USB/Core/AVR8/Pipe_AVR8.o
                                0x1c7 (size before relaxing)
 .debug_str     0x0000204b      0x29a ../../../../../LUFA_lib/LUFA-130303/LUFA/Drivers/USB/Core/AVR8/USBController_AVR8.o
                                0x579 (size before relaxing)
 .debug_str     0x000022e5      0x193 ../../../../../LUFA_lib/LUFA-130303/LUFA/Drivers/USB/Core/AVR8/USBInterrupt_AVR8.o
                                0x5f8 (size before relaxing)
 .debug_str     0x00002478      0x245 ../../../../../LUFA_lib/LUFA-130303/LUFA/Drivers/USB/Core/ConfigDescriptors.o
                                0x410 (size before relaxing)
 .debug_str     0x000026bd      0x3af ../../../../../LUFA_lib/LUFA-130303/LUFA/Drivers/USB/Core/DeviceStandardReq.o
                                0x9ec (size before relaxing)
 .debug_str     0x00002a6c       0x52 ../../../../../LUFA_lib/LUFA-130303/LUFA/Drivers/USB/Core/Events.o
                                0x1ce (size before relaxing)
 .debug_str     0x00002abe       0x4c ../../../../../LUFA_lib/LUFA-130303/LUFA/Drivers/USB/Core/HostStandardReq.o
                                0x1c8 (size before relaxing)
 .debug_str     0x00002b0a       0x60 ../../../../../LUFA_lib/LUFA-130303/LUFA/Drivers/USB/Core/USBTask.o
                                0x39f (size before relaxing)
 .debug_str     0x00002b6a      0x2a1 ../../../../../LUFA_lib/LUFA-130303/LUFA/Drivers/USB/Class/Device/AudioClassDevice.o
                                0x6d4 (size before relaxing)
 .debug_str     0x00002e0b      0x29b ../../../../../LUFA_lib/LUFA-130303/LUFA/Drivers/USB/Class/Device/CDCClassDevice.o
                                0xa29 (size before relaxing)
 .debug_str     0x000030a6      0x270 ../../../../../LUFA_lib/LUFA-130303/LUFA/Drivers/USB/Class/Device/HIDClassDevice.o
                                0x726 (size before relaxing)
 .debug_str     0x00003316      0x282 ../../../../../LUFA_lib/LUFA-130303/LUFA/Drivers/USB/Class/Device/MassStorageClassDevice.o
                                0x820 (size before relaxing)
 .debug_str     0x00003598      0x136 ../../../../../LUFA_lib/LUFA-130303/LUFA/Drivers/USB/Class/Device/MIDIClassDevice.o
                                0x67e (size before relaxing)
 .debug_str     0x000036ce      0x70f ../../../../../LUFA_lib/LUFA-130303/LUFA/Drivers/USB/Class/Device/RNDISClassDevice.o
                                0xd87 (size before relaxing)
 .debug_str     0x00003ddd       0x5c ../../../../../LUFA_lib/LUFA-130303/LUFA/Drivers/USB/Class/Host/AndroidAccessoryClassHost.o
                                0x1d8 (size before relaxing)
 .debug_str     0x00003e39       0x51 ../../../../../LUFA_lib/LUFA-130303/LUFA/Drivers/USB/Class/Host/AudioClassHost.o
                                0x1cd (size before relaxing)
 .debug_str     0x00003e8a       0x4f ../../../../../LUFA_lib/LUFA-130303/LUFA/Drivers/USB/Class/Host/CDCClassHost.o
                                0x1cb (size before relaxing)
 .debug_str     0x00003ed9       0x4f ../../../../../LUFA_lib/LUFA-130303/LUFA/Drivers/USB/Class/Host/HIDClassHost.o
                                0x1cb (size before relaxing)
 .debug_str     0x00003f28       0x57 ../../../../../LUFA_lib/LUFA-130303/LUFA/Drivers/USB/Class/Host/MassStorageClassHost.o
                                0x1d3 (size before relaxing)
 .debug_str     0x00003f7f       0x50 ../../../../../LUFA_lib/LUFA-130303/LUFA/Drivers/USB/Class/Host/MIDIClassHost.o
                                0x1cc (size before relaxing)
 .debug_str     0x00003fcf       0x53 ../../../../../LUFA_lib/LUFA-130303/LUFA/Drivers/USB/Class/Host/PrinterClassHost.o
                                0x1cf (size before relaxing)
 .debug_str     0x00004022       0x51 ../../../../../LUFA_lib/LUFA-130303/LUFA/Drivers/USB/Class/Host/RNDISClassHost.o
                                0x1cd (size before relaxing)
 .debug_str     0x00004073       0x56 ../../../../../LUFA_lib/LUFA-130303/LUFA/Drivers/USB/Class/Host/StillImageClassHost.o
                                0x1d2 (size before relaxing)

.debug_loc      0x00000000     0x5ffe
 *(.debug_loc)
 .debug_loc     0x00000000      0x40b USBtoSerial.o
 .debug_loc     0x0000040b      0x186 Descriptors.o
 .debug_loc     0x00000591      0xab2 ../../../../../LUFA_lib/LUFA-130303/LUFA/Drivers/USB/Class/Common/HIDParser.o
 .debug_loc     0x00001043     0x1dc8 ../../../../../LUFA_lib/LUFA-130303/LUFA/Drivers/USB/Core/AVR8/EndpointStream_AVR8.o
 .debug_loc     0x00002e0b      0x3f2 ../../../../../LUFA_lib/LUFA-130303/LUFA/Drivers/USB/Core/AVR8/Endpoint_AVR8.o
 .debug_loc     0x000031fd       0x49 ../../../../../LUFA_lib/LUFA-130303/LUFA/Drivers/USB/Core/AVR8/USBController_AVR8.o
 .debug_loc     0x00003246      0x333 ../../../../../LUFA_lib/LUFA-130303/LUFA/Drivers/USB/Core/AVR8/USBInterrupt_AVR8.o
 .debug_loc     0x00003579      0x5bd ../../../../../LUFA_lib/LUFA-130303/LUFA/Drivers/USB/Core/ConfigDescriptors.o
 .debug_loc     0x00003b36      0x2a8 ../../../../../LUFA_lib/LUFA-130303/LUFA/Drivers/USB/Core/DeviceStandardReq.o
 .debug_loc     0x00003dde       0x49 ../../../../../LUFA_lib/LUFA-130303/LUFA/Drivers/USB/Core/USBTask.o
 .debug_loc     0x00003e27      0x37c ../../../../../LUFA_lib/LUFA-130303/LUFA/Drivers/USB/Class/Device/AudioClassDevice.o
 .debug_loc     0x000041a3      0x85b ../../../../../LUFA_lib/LUFA-130303/LUFA/Drivers/USB/Class/Device/CDCClassDevice.o
 .debug_loc     0x000049fe      0x42b ../../../../../LUFA_lib/LUFA-130303/LUFA/Drivers/USB/Class/Device/HIDClassDevice.o
 .debug_loc     0x00004e29      0x29f ../../../../../LUFA_lib/LUFA-130303/LUFA/Drivers/USB/Class/Device/MassStorageClassDevice.o
 .debug_loc     0x000050c8      0x2b8 ../../../../../LUFA_lib/LUFA-130303/LUFA/Drivers/USB/Class/Device/MIDIClassDevice.o
 .debug_loc     0x00005380      0xc7e ../../../../../LUFA_lib/LUFA-130303/LUFA/Drivers/USB/Class/Device/RNDISClassDevice.o

.debug_macinfo
 *(.debug_macinfo)

.debug_weaknames
 *(.debug_weaknames)

.debug_funcnames
 *(.debug_funcnames)

.debug_typenames
 *(.debug_typenames)

.debug_varnames
 *(.debug_varnames)

.debug_pubtypes
 *(.debug_pubtypes)

.debug_ranges   0x00000000      0x6b0
 *(.debug_ranges)
 .debug_ranges  0x00000000       0x68 USBtoSerial.o
 .debug_ranges  0x00000068       0x10 Descriptors.o
 .debug_ranges  0x00000078       0xd0 ../../../../../LUFA_lib/LUFA-130303/LUFA/Drivers/USB/Class/Common/HIDParser.o
 .debug_ranges  0x00000148       0x10 ../../../../../LUFA_lib/LUFA-130303/LUFA/Drivers/USB/Core/AVR8/Device_AVR8.o
 .debug_ranges  0x00000158      0x250 ../../../../../LUFA_lib/LUFA-130303/LUFA/Drivers/USB/Core/AVR8/EndpointStream_AVR8.o
 .debug_ranges  0x000003a8       0x90 ../../../../../LUFA_lib/LUFA-130303/LUFA/Drivers/USB/Core/AVR8/Endpoint_AVR8.o
 .debug_ranges  0x00000438       0x20 ../../../../../LUFA_lib/LUFA-130303/LUFA/Drivers/USB/Core/AVR8/USBController_AVR8.o
 .debug_ranges  0x00000458       0x28 ../../../../../LUFA_lib/LUFA-130303/LUFA/Drivers/USB/Core/AVR8/USBInterrupt_AVR8.o
 .debug_ranges  0x00000480       0x30 ../../../../../LUFA_lib/LUFA-130303/LUFA/Drivers/USB/Core/ConfigDescriptors.o
 .debug_ranges  0x000004b0       0x40 ../../../../../LUFA_lib/LUFA-130303/LUFA/Drivers/USB/Core/DeviceStandardReq.o
 .debug_ranges  0x000004f0       0x10 ../../../../../LUFA_lib/LUFA-130303/LUFA/Drivers/USB/Core/Events.o
 .debug_ranges  0x00000500       0x10 ../../../../../LUFA_lib/LUFA-130303/LUFA/Drivers/USB/Core/USBTask.o
 .debug_ranges  0x00000510       0x20 ../../../../../LUFA_lib/LUFA-130303/LUFA/Drivers/USB/Class/Device/AudioClassDevice.o
 .debug_ranges  0x00000530       0x88 ../../../../../LUFA_lib/LUFA-130303/LUFA/Drivers/USB/Class/Device/CDCClassDevice.o
 .debug_ranges  0x000005b8       0x20 ../../../../../LUFA_lib/LUFA-130303/LUFA/Drivers/USB/Class/Device/HIDClassDevice.o
 .debug_ranges  0x000005d8       0x20 ../../../../../LUFA_lib/LUFA-130303/LUFA/Drivers/USB/Class/Device/MassStorageClassDevice.o
 .debug_ranges  0x000005f8       0x30 ../../../../../LUFA_lib/LUFA-130303/LUFA/Drivers/USB/Class/Device/MIDIClassDevice.o
 .debug_ranges  0x00000628       0x88 ../../../../../LUFA_lib/LUFA-130303/LUFA/Drivers/USB/Class/Device/RNDISClassDevice.o

.debug_macro
 *(.debug_macro)
OUTPUT(USBtoSerial.elf elf32-avr)
LOAD linker stubs

Cross Reference Table

Symbol                                            File
Audio_Device_ConfigureEndpoints                   ../../../../../LUFA_lib/LUFA-130303/LUFA/Drivers/USB/Class/Device/AudioClassDevice.o
Audio_Device_Event_Stub                           ../../../../../LUFA_lib/LUFA-130303/LUFA/Drivers/USB/Class/Device/AudioClassDevice.o
Audio_Device_ProcessControlRequest                ../../../../../LUFA_lib/LUFA-130303/LUFA/Drivers/USB/Class/Device/AudioClassDevice.o
CALLBACK_Audio_Device_GetSetEndpointProperty      ../../../../../LUFA_lib/LUFA-130303/LUFA/Drivers/USB/Class/Device/AudioClassDevice.o
CALLBACK_Audio_Device_GetSetInterfaceProperty     ../../../../../LUFA_lib/LUFA-130303/LUFA/Drivers/USB/Class/Device/AudioClassDevice.o
CALLBACK_HIDParser_FilterHIDReportItem            ../../../../../LUFA_lib/LUFA-130303/LUFA/Drivers/USB/Class/Common/HIDParser.o
CALLBACK_HID_Device_CreateHIDReport               ../../../../../LUFA_lib/LUFA-130303/LUFA/Drivers/USB/Class/Device/HIDClassDevice.o
CALLBACK_HID_Device_ProcessHIDReport              ../../../../../LUFA_lib/LUFA-130303/LUFA/Drivers/USB/Class/Device/HIDClassDevice.o
CALLBACK_MS_Device_SCSICommandReceived            ../../../../../LUFA_lib/LUFA-130303/LUFA/Drivers/USB/Class/Device/MassStorageClassDevice.o
CALLBACK_USB_GetDescriptor                        Descriptors.o
                                                  ../../../../../LUFA_lib/LUFA-130303/LUFA/Drivers/USB/Core/DeviceStandardReq.o
CDC_Device_BytesReceived                          ../../../../../LUFA_lib/LUFA-130303/LUFA/Drivers/USB/Class/Device/CDCClassDevice.o
CDC_Device_ConfigureEndpoints                     ../../../../../LUFA_lib/LUFA-130303/LUFA/Drivers/USB/Class/Device/CDCClassDevice.o
                                                  USBtoSerial.o
CDC_Device_CreateBlockingStream                   ../../../../../LUFA_lib/LUFA-130303/LUFA/Drivers/USB/Class/Device/CDCClassDevice.o
CDC_Device_CreateStream                           ../../../../../LUFA_lib/LUFA-130303/LUFA/Drivers/USB/Class/Device/CDCClassDevice.o
CDC_Device_Event_Stub                             ../../../../../LUFA_lib/LUFA-130303/LUFA/Drivers/USB/Class/Device/CDCClassDevice.o
CDC_Device_Flush                                  ../../../../../LUFA_lib/LUFA-130303/LUFA/Drivers/USB/Class/Device/CDCClassDevice.o
CDC_Device_ProcessControlRequest                  ../../../../../LUFA_lib/LUFA-130303/LUFA/Drivers/USB/Class/Device/CDCClassDevice.o
                                                  USBtoSerial.o
CDC_Device_ReceiveByte                            ../../../../../LUFA_lib/LUFA-130303/LUFA/Drivers/USB/Class/Device/CDCClassDevice.o
                                                  USBtoSerial.o
CDC_Device_SendByte                               ../../../../../LUFA_lib/LUFA-130303/LUFA/Drivers/USB/Class/Device/CDCClassDevice.o
                                                  USBtoSerial.o
CDC_Device_SendControlLineStateChange             ../../../../../LUFA_lib/LUFA-130303/LUFA/Drivers/USB/Class/Device/CDCClassDevice.o
CDC_Device_SendData                               ../../../../../LUFA_lib/LUFA-130303/LUFA/Drivers/USB/Class/Device/CDCClassDevice.o
CDC_Device_SendString                             ../../../../../LUFA_lib/LUFA-130303/LUFA/Drivers/USB/Class/Device/CDCClassDevice.o
CDC_Device_USBTask                                ../../../../../LUFA_lib/LUFA-130303/LUFA/Drivers/USB/Class/Device/CDCClassDevice.o
                                                  USBtoSerial.o
ConfigurationDescriptor                           Descriptors.o
DeviceDescriptor                                  Descriptors.o
EVENT_Audio_Device_StreamStartStop                ../../../../../LUFA_lib/LUFA-130303/LUFA/Drivers/USB/Class/Device/AudioClassDevice.o
EVENT_CDC_Device_BreakSent                        ../../../../../LUFA_lib/LUFA-130303/LUFA/Drivers/USB/Class/Device/CDCClassDevice.o
EVENT_CDC_Device_ControLineStateChanged           USBtoSerial.o
EVENT_CDC_Device_LineEncodingChanged              USBtoSerial.o
EVENT_USB_Device_ConfigurationChanged             USBtoSerial.o
                                                  ../../../../../LUFA_lib/LUFA-130303/LUFA/Drivers/USB/Core/DeviceStandardReq.o
EVENT_USB_Device_Connect                          USBtoSerial.o
                                                  ../../../../../LUFA_lib/LUFA-130303/LUFA/Drivers/USB/Core/AVR8/USBInterrupt_AVR8.o
EVENT_USB_Device_ControlRequest                   USBtoSerial.o
                                                  ../../../../../LUFA_lib/LUFA-130303/LUFA/Drivers/USB/Core/DeviceStandardReq.o
EVENT_USB_Device_Disconnect                       USBtoSerial.o
                                                  ../../../../../LUFA_lib/LUFA-130303/LUFA/Drivers/USB/Core/AVR8/USBInterrupt_AVR8.o
EVENT_USB_Device_Reset                            ../../../../../LUFA_lib/LUFA-130303/LUFA/Drivers/USB/Core/Events.o
                                                  ../../../../../LUFA_lib/LUFA-130303/LUFA/Drivers/USB/Core/AVR8/USBInterrupt_AVR8.o
EVENT_USB_Device_StartOfFrame                     ../../../../../LUFA_lib/LUFA-130303/LUFA/Drivers/USB/Core/Events.o
                                                  ../../../../../LUFA_lib/LUFA-130303/LUFA/Drivers/USB/Core/AVR8/USBInterrupt_AVR8.o
EVENT_USB_Device_Suspend                          ../../../../../LUFA_lib/LUFA-130303/LUFA/Drivers/USB/Core/Events.o
                                                  ../../../../../LUFA_lib/LUFA-130303/LUFA/Drivers/USB/Core/AVR8/USBInterrupt_AVR8.o
EVENT_USB_Device_WakeUp                           ../../../../../LUFA_lib/LUFA-130303/LUFA/Drivers/USB/Core/Events.o
                                                  ../../../../../LUFA_lib/LUFA-130303/LUFA/Drivers/USB/Core/AVR8/USBInterrupt_AVR8.o
Endpoint_ClearEndpoints                           ../../../../../LUFA_lib/LUFA-130303/LUFA/Drivers/USB/Core/AVR8/Endpoint_AVR8.o
Endpoint_ClearStatusStage                         ../../../../../LUFA_lib/LUFA-130303/LUFA/Drivers/USB/Core/AVR8/Endpoint_AVR8.o
                                                  ../../../../../LUFA_lib/LUFA-130303/LUFA/Drivers/USB/Class/Device/MassStorageClassDevice.o
                                                  ../../../../../LUFA_lib/LUFA-130303/LUFA/Drivers/USB/Class/Device/HIDClassDevice.o
                                                  ../../../../../LUFA_lib/LUFA-130303/LUFA/Drivers/USB/Class/Device/CDCClassDevice.o
                                                  ../../../../../LUFA_lib/LUFA-130303/LUFA/Drivers/USB/Class/Device/AudioClassDevice.o
                                                  ../../../../../LUFA_lib/LUFA-130303/LUFA/Drivers/USB/Core/DeviceStandardReq.o
Endpoint_ConfigureEndpointTable                   ../../../../../LUFA_lib/LUFA-130303/LUFA/Drivers/USB/Core/AVR8/Endpoint_AVR8.o
                                                  ../../../../../LUFA_lib/LUFA-130303/LUFA/Drivers/USB/Class/Device/RNDISClassDevice.o
                                                  ../../../../../LUFA_lib/LUFA-130303/LUFA/Drivers/USB/Class/Device/MIDIClassDevice.o
                                                  ../../../../../LUFA_lib/LUFA-130303/LUFA/Drivers/USB/Class/Device/MassStorageClassDevice.o
                                                  ../../../../../LUFA_lib/LUFA-130303/LUFA/Drivers/USB/Class/Device/HIDClassDevice.o
                                                  ../../../../../LUFA_lib/LUFA-130303/LUFA/Drivers/USB/Class/Device/CDCClassDevice.o
                                                  ../../../../../LUFA_lib/LUFA-130303/LUFA/Drivers/USB/Class/Device/AudioClassDevice.o
Endpoint_ConfigureEndpoint_Prv                    ../../../../../LUFA_lib/LUFA-130303/LUFA/Drivers/USB/Core/AVR8/Endpoint_AVR8.o
                                                  ../../../../../LUFA_lib/LUFA-130303/LUFA/Drivers/USB/Core/AVR8/USBInterrupt_AVR8.o
                                                  ../../../../../LUFA_lib/LUFA-130303/LUFA/Drivers/USB/Core/AVR8/USBController_AVR8.o
Endpoint_Discard_Stream                           ../../../../../LUFA_lib/LUFA-130303/LUFA/Drivers/USB/Core/AVR8/EndpointStream_AVR8.o
Endpoint_Null_Stream                              ../../../../../LUFA_lib/LUFA-130303/LUFA/Drivers/USB/Core/AVR8/EndpointStream_AVR8.o
Endpoint_Read_Control_EStream_BE                  ../../../../../LUFA_lib/LUFA-130303/LUFA/Drivers/USB/Core/AVR8/EndpointStream_AVR8.o
Endpoint_Read_Control_EStream_LE                  ../../../../../LUFA_lib/LUFA-130303/LUFA/Drivers/USB/Core/AVR8/EndpointStream_AVR8.o
Endpoint_Read_Control_Stream_BE                   ../../../../../LUFA_lib/LUFA-130303/LUFA/Drivers/USB/Core/AVR8/EndpointStream_AVR8.o
Endpoint_Read_Control_Stream_LE                   ../../../../../LUFA_lib/LUFA-130303/LUFA/Drivers/USB/Core/AVR8/EndpointStream_AVR8.o
                                                  ../../../../../LUFA_lib/LUFA-130303/LUFA/Drivers/USB/Class/Device/RNDISClassDevice.o
                                                  ../../../../../LUFA_lib/LUFA-130303/LUFA/Drivers/USB/Class/Device/HIDClassDevice.o
                                                  ../../../../../LUFA_lib/LUFA-130303/LUFA/Drivers/USB/Class/Device/AudioClassDevice.o
Endpoint_Read_EStream_BE                          ../../../../../LUFA_lib/LUFA-130303/LUFA/Drivers/USB/Core/AVR8/EndpointStream_AVR8.o
Endpoint_Read_EStream_LE                          ../../../../../LUFA_lib/LUFA-130303/LUFA/Drivers/USB/Core/AVR8/EndpointStream_AVR8.o
Endpoint_Read_Stream_BE                           ../../../../../LUFA_lib/LUFA-130303/LUFA/Drivers/USB/Core/AVR8/EndpointStream_AVR8.o
Endpoint_Read_Stream_LE                           ../../../../../LUFA_lib/LUFA-130303/LUFA/Drivers/USB/Core/AVR8/EndpointStream_AVR8.o
                                                  ../../../../../LUFA_lib/LUFA-130303/LUFA/Drivers/USB/Class/Device/RNDISClassDevice.o
                                                  ../../../../../LUFA_lib/LUFA-130303/LUFA/Drivers/USB/Class/Device/MIDIClassDevice.o
                                                  ../../../../../LUFA_lib/LUFA-130303/LUFA/Drivers/USB/Class/Device/MassStorageClassDevice.o
Endpoint_WaitUntilReady                           ../../../../../LUFA_lib/LUFA-130303/LUFA/Drivers/USB/Core/AVR8/Endpoint_AVR8.o
                                                  ../../../../../LUFA_lib/LUFA-130303/LUFA/Drivers/USB/Class/Device/RNDISClassDevice.o
                                                  ../../../../../LUFA_lib/LUFA-130303/LUFA/Drivers/USB/Class/Device/MIDIClassDevice.o
                                                  ../../../../../LUFA_lib/LUFA-130303/LUFA/Drivers/USB/Class/Device/CDCClassDevice.o
                                                  ../../../../../LUFA_lib/LUFA-130303/LUFA/Drivers/USB/Core/AVR8/EndpointStream_AVR8.o
Endpoint_Write_Control_EStream_BE                 ../../../../../LUFA_lib/LUFA-130303/LUFA/Drivers/USB/Core/AVR8/EndpointStream_AVR8.o
Endpoint_Write_Control_EStream_LE                 ../../../../../LUFA_lib/LUFA-130303/LUFA/Drivers/USB/Core/AVR8/EndpointStream_AVR8.o
Endpoint_Write_Control_PStream_BE                 ../../../../../LUFA_lib/LUFA-130303/LUFA/Drivers/USB/Core/AVR8/EndpointStream_AVR8.o
Endpoint_Write_Control_PStream_LE                 ../../../../../LUFA_lib/LUFA-130303/LUFA/Drivers/USB/Core/AVR8/EndpointStream_AVR8.o
                                                  ../../../../../LUFA_lib/LUFA-130303/LUFA/Drivers/USB/Core/DeviceStandardReq.o
Endpoint_Write_Control_Stream_BE                  ../../../../../LUFA_lib/LUFA-130303/LUFA/Drivers/USB/Core/AVR8/EndpointStream_AVR8.o
Endpoint_Write_Control_Stream_LE                  ../../../../../LUFA_lib/LUFA-130303/LUFA/Drivers/USB/Core/AVR8/EndpointStream_AVR8.o
                                                  ../../../../../LUFA_lib/LUFA-130303/LUFA/Drivers/USB/Class/Device/RNDISClassDevice.o
                                                  ../../../../../LUFA_lib/LUFA-130303/LUFA/Drivers/USB/Class/Device/HIDClassDevice.o
                                                  ../../../../../LUFA_lib/LUFA-130303/LUFA/Drivers/USB/Class/Device/AudioClassDevice.o
                                                  ../../../../../LUFA_lib/LUFA-130303/LUFA/Drivers/USB/Core/DeviceStandardReq.o
Endpoint_Write_EStream_BE                         ../../../../../LUFA_lib/LUFA-130303/LUFA/Drivers/USB/Core/AVR8/EndpointStream_AVR8.o
Endpoint_Write_EStream_LE                         ../../../../../LUFA_lib/LUFA-130303/LUFA/Drivers/USB/Core/AVR8/EndpointStream_AVR8.o
Endpoint_Write_PStream_BE                         ../../../../../LUFA_lib/LUFA-130303/LUFA/Drivers/USB/Core/AVR8/EndpointStream_AVR8.o
Endpoint_Write_PStream_LE                         ../../../../../LUFA_lib/LUFA-130303/LUFA/Drivers/USB/Core/AVR8/EndpointStream_AVR8.o
Endpoint_Write_Stream_BE                          ../../../../../LUFA_lib/LUFA-130303/LUFA/Drivers/USB/Core/AVR8/EndpointStream_AVR8.o
Endpoint_Write_Stream_LE                          ../../../../../LUFA_lib/LUFA-130303/LUFA/Drivers/USB/Core/AVR8/EndpointStream_AVR8.o
                                                  ../../../../../LUFA_lib/LUFA-130303/LUFA/Drivers/USB/Class/Device/RNDISClassDevice.o
                                                  ../../../../../LUFA_lib/LUFA-130303/LUFA/Drivers/USB/Class/Device/MIDIClassDevice.o
                                                  ../../../../../LUFA_lib/LUFA-130303/LUFA/Drivers/USB/Class/Device/MassStorageClassDevice.o
                                                  ../../../../../LUFA_lib/LUFA-130303/LUFA/Drivers/USB/Class/Device/HIDClassDevice.o
                                                  ../../../../../LUFA_lib/LUFA-130303/LUFA/Drivers/USB/Class/Device/CDCClassDevice.o
HID_Device_ConfigureEndpoints                     ../../../../../LUFA_lib/LUFA-130303/LUFA/Drivers/USB/Class/Device/HIDClassDevice.o
HID_Device_ProcessControlRequest                  ../../../../../LUFA_lib/LUFA-130303/LUFA/Drivers/USB/Class/Device/HIDClassDevice.o
HID_Device_USBTask                                ../../../../../LUFA_lib/LUFA-130303/LUFA/Drivers/USB/Class/Device/HIDClassDevice.o
LanguageString                                    Descriptors.o
MIDI_Device_ConfigureEndpoints                    ../../../../../LUFA_lib/LUFA-130303/LUFA/Drivers/USB/Class/Device/MIDIClassDevice.o
MIDI_Device_Flush                                 ../../../../../LUFA_lib/LUFA-130303/LUFA/Drivers/USB/Class/Device/MIDIClassDevice.o
MIDI_Device_ReceiveEventPacket                    ../../../../../LUFA_lib/LUFA-130303/LUFA/Drivers/USB/Class/Device/MIDIClassDevice.o
MIDI_Device_SendEventPacket                       ../../../../../LUFA_lib/LUFA-130303/LUFA/Drivers/USB/Class/Device/MIDIClassDevice.o
MIDI_Device_USBTask                               ../../../../../LUFA_lib/LUFA-130303/LUFA/Drivers/USB/Class/Device/MIDIClassDevice.o
MS_Device_ConfigureEndpoints                      ../../../../../LUFA_lib/LUFA-130303/LUFA/Drivers/USB/Class/Device/MassStorageClassDevice.o
MS_Device_ProcessControlRequest                   ../../../../../LUFA_lib/LUFA-130303/LUFA/Drivers/USB/Class/Device/MassStorageClassDevice.o
MS_Device_USBTask                                 ../../../../../LUFA_lib/LUFA-130303/LUFA/Drivers/USB/Class/Device/MassStorageClassDevice.o
ManufacturerString                                Descriptors.o
ProductString                                     Descriptors.o
RNDIS_Device_ConfigureEndpoints                   ../../../../../LUFA_lib/LUFA-130303/LUFA/Drivers/USB/Class/Device/RNDISClassDevice.o
RNDIS_Device_IsPacketReceived                     ../../../../../LUFA_lib/LUFA-130303/LUFA/Drivers/USB/Class/Device/RNDISClassDevice.o
RNDIS_Device_ProcessControlRequest                ../../../../../LUFA_lib/LUFA-130303/LUFA/Drivers/USB/Class/Device/RNDISClassDevice.o
RNDIS_Device_ReadPacket                           ../../../../../LUFA_lib/LUFA-130303/LUFA/Drivers/USB/Class/Device/RNDISClassDevice.o
RNDIS_Device_SendPacket                           ../../../../../LUFA_lib/LUFA-130303/LUFA/Drivers/USB/Class/Device/RNDISClassDevice.o
RNDIS_Device_USBTask                              ../../../../../LUFA_lib/LUFA-130303/LUFA/Drivers/USB/Class/Device/RNDISClassDevice.o
SetupHardware                                     USBtoSerial.o
USB_ControlRequest                                ../../../../../LUFA_lib/LUFA-130303/LUFA/Drivers/USB/Core/USBTask.o
                                                  ../../../../../LUFA_lib/LUFA-130303/LUFA/Drivers/USB/Class/Device/RNDISClassDevice.o
                                                  ../../../../../LUFA_lib/LUFA-130303/LUFA/Drivers/USB/Class/Device/MassStorageClassDevice.o
                                                  ../../../../../LUFA_lib/LUFA-130303/LUFA/Drivers/USB/Class/Device/HIDClassDevice.o
                                                  ../../../../../LUFA_lib/LUFA-130303/LUFA/Drivers/USB/Class/Device/CDCClassDevice.o
                                                  ../../../../../LUFA_lib/LUFA-130303/LUFA/Drivers/USB/Class/Device/AudioClassDevice.o
                                                  ../../../../../LUFA_lib/LUFA-130303/LUFA/Drivers/USB/Core/DeviceStandardReq.o
                                                  ../../../../../LUFA_lib/LUFA-130303/LUFA/Drivers/USB/Core/AVR8/Endpoint_AVR8.o
                                                  ../../../../../LUFA_lib/LUFA-130303/LUFA/Drivers/USB/Core/AVR8/EndpointStream_AVR8.o
USB_Device_ConfigurationNumber                    ../../../../../LUFA_lib/LUFA-130303/LUFA/Drivers/USB/Core/DeviceStandardReq.o
                                                  ../../../../../LUFA_lib/LUFA-130303/LUFA/Drivers/USB/Core/AVR8/USBInterrupt_AVR8.o
                                                  ../../../../../LUFA_lib/LUFA-130303/LUFA/Drivers/USB/Core/AVR8/USBController_AVR8.o
USB_Device_CurrentlySelfPowered                   ../../../../../LUFA_lib/LUFA-130303/LUFA/Drivers/USB/Core/DeviceStandardReq.o
                                                  ../../../../../LUFA_lib/LUFA-130303/LUFA/Drivers/USB/Core/AVR8/USBController_AVR8.o
USB_Device_ProcessControlRequest                  ../../../../../LUFA_lib/LUFA-130303/LUFA/Drivers/USB/Core/DeviceStandardReq.o
                                                  ../../../../../LUFA_lib/LUFA-130303/LUFA/Drivers/USB/Core/USBTask.o
                                                  ../../../../../LUFA_lib/LUFA-130303/LUFA/Drivers/USB/Core/AVR8/USBInterrupt_AVR8.o
USB_Device_RemoteWakeupEnabled                    ../../../../../LUFA_lib/LUFA-130303/LUFA/Drivers/USB/Core/DeviceStandardReq.o
                                                  ../../../../../LUFA_lib/LUFA-130303/LUFA/Drivers/USB/Core/AVR8/USBController_AVR8.o
USB_Device_SendRemoteWakeup                       ../../../../../LUFA_lib/LUFA-130303/LUFA/Drivers/USB/Core/AVR8/Device_AVR8.o
USB_Disable                                       ../../../../../LUFA_lib/LUFA-130303/LUFA/Drivers/USB/Core/AVR8/USBController_AVR8.o
USB_Event_Stub                                    ../../../../../LUFA_lib/LUFA-130303/LUFA/Drivers/USB/Core/Events.o
USB_GetHIDReportItemInfo                          ../../../../../LUFA_lib/LUFA-130303/LUFA/Drivers/USB/Class/Common/HIDParser.o
USB_GetHIDReportSize                              ../../../../../LUFA_lib/LUFA-130303/LUFA/Drivers/USB/Class/Common/HIDParser.o
USB_GetNextDescriptorComp                         ../../../../../LUFA_lib/LUFA-130303/LUFA/Drivers/USB/Core/ConfigDescriptors.o
USB_GetNextDescriptorOfType                       ../../../../../LUFA_lib/LUFA-130303/LUFA/Drivers/USB/Core/ConfigDescriptors.o
USB_GetNextDescriptorOfTypeAfter                  ../../../../../LUFA_lib/LUFA-130303/LUFA/Drivers/USB/Core/ConfigDescriptors.o
USB_GetNextDescriptorOfTypeBefore                 ../../../../../LUFA_lib/LUFA-130303/LUFA/Drivers/USB/Core/ConfigDescriptors.o
USB_INT_ClearAllInterrupts                        ../../../../../LUFA_lib/LUFA-130303/LUFA/Drivers/USB/Core/AVR8/USBInterrupt_AVR8.o
                                                  ../../../../../LUFA_lib/LUFA-130303/LUFA/Drivers/USB/Core/AVR8/USBController_AVR8.o
USB_INT_DisableAllInterrupts                      ../../../../../LUFA_lib/LUFA-130303/LUFA/Drivers/USB/Core/AVR8/USBInterrupt_AVR8.o
                                                  ../../../../../LUFA_lib/LUFA-130303/LUFA/Drivers/USB/Core/AVR8/USBController_AVR8.o
USB_Init                                          ../../../../../LUFA_lib/LUFA-130303/LUFA/Drivers/USB/Core/AVR8/USBController_AVR8.o
                                                  USBtoSerial.o
USB_IsInitialized                                 ../../../../../LUFA_lib/LUFA-130303/LUFA/Drivers/USB/Core/USBTask.o
                                                  ../../../../../LUFA_lib/LUFA-130303/LUFA/Drivers/USB/Core/AVR8/USBController_AVR8.o
USB_ProcessHIDReport                              ../../../../../LUFA_lib/LUFA-130303/LUFA/Drivers/USB/Class/Common/HIDParser.o
USB_ResetInterface                                ../../../../../LUFA_lib/LUFA-130303/LUFA/Drivers/USB/Core/AVR8/USBController_AVR8.o
USB_SetHIDReportItemInfo                          ../../../../../LUFA_lib/LUFA-130303/LUFA/Drivers/USB/Class/Common/HIDParser.o
USB_USBTask                                       ../../../../../LUFA_lib/LUFA-130303/LUFA/Drivers/USB/Core/USBTask.o
                                                  ../../../../../LUFA_lib/LUFA-130303/LUFA/Drivers/USB/Class/Device/CDCClassDevice.o
                                                  USBtoSerial.o
VirtualSerial_CDC_Interface                       USBtoSerial.o
__bad_interrupt                                   c:/program files (x86)/atmel/atmel toolchain/avr8 gcc/native/3.4.1056/avr8-gnu-toolchain/bin/../lib/gcc/avr/4.8.1/../../../../avr/lib/avr5/crtm32u4.o
__bss_end                                         c:/program files (x86)/atmel/atmel toolchain/avr8 gcc/native/3.4.1056/avr8-gnu-toolchain/bin/../lib/gcc/avr/4.8.1/avr5\libgcc.a(_clear_bss.o)
__bss_start                                       c:/program files (x86)/atmel/atmel toolchain/avr8 gcc/native/3.4.1056/avr8-gnu-toolchain/bin/../lib/gcc/avr/4.8.1/avr5\libgcc.a(_clear_bss.o)
__data_end                                        c:/program files (x86)/atmel/atmel toolchain/avr8 gcc/native/3.4.1056/avr8-gnu-toolchain/bin/../lib/gcc/avr/4.8.1/avr5\libgcc.a(_copy_data.o)
__data_load_start                                 c:/program files (x86)/atmel/atmel toolchain/avr8 gcc/native/3.4.1056/avr8-gnu-toolchain/bin/../lib/gcc/avr/4.8.1/avr5\libgcc.a(_copy_data.o)
__data_start                                      c:/program files (x86)/atmel/atmel toolchain/avr8 gcc/native/3.4.1056/avr8-gnu-toolchain/bin/../lib/gcc/avr/4.8.1/avr5\libgcc.a(_copy_data.o)
__do_clear_bss                                    c:/program files (x86)/atmel/atmel toolchain/avr8 gcc/native/3.4.1056/avr8-gnu-toolchain/bin/../lib/gcc/avr/4.8.1/avr5\libgcc.a(_clear_bss.o)
                                                  ../../../../../LUFA_lib/LUFA-130303/LUFA/Drivers/USB/Core/USBTask.o
                                                  ../../../../../LUFA_lib/LUFA-130303/LUFA/Drivers/USB/Core/DeviceStandardReq.o
                                                  USBtoSerial.o
__do_copy_data                                    c:/program files (x86)/atmel/atmel toolchain/avr8 gcc/native/3.4.1056/avr8-gnu-toolchain/bin/../lib/gcc/avr/4.8.1/avr5\libgcc.a(_copy_data.o)
                                                  ../../../../../LUFA_lib/LUFA-130303/LUFA/Drivers/USB/Class/Device/RNDISClassDevice.o
                                                  ../../../../../LUFA_lib/LUFA-130303/LUFA/Drivers/USB/Class/Device/CDCClassDevice.o
                                                  USBtoSerial.o
__eerd_byte_m32u4                                 c:/program files (x86)/atmel/atmel toolchain/avr8 gcc/native/3.4.1056/avr8-gnu-toolchain/bin/../lib/gcc/avr/4.8.1/../../../../avr/lib/avr5\libc.a(eerd_byte_atmega32u4.o)
                                                  ../../../../../LUFA_lib/LUFA-130303/LUFA/Drivers/USB/Core/AVR8/EndpointStream_AVR8.o
__eeupd_byte_m32u4                                c:/program files (x86)/atmel/atmel toolchain/avr8 gcc/native/3.4.1056/avr8-gnu-toolchain/bin/../lib/gcc/avr/4.8.1/../../../../avr/lib/avr5\libc.a(eeupd_byte_atmega32u4.o)
                                                  ../../../../../LUFA_lib/LUFA-130303/LUFA/Drivers/USB/Core/AVR8/EndpointStream_AVR8.o
__eeupd_r18_m32u4                                 c:/program files (x86)/atmel/atmel toolchain/avr8 gcc/native/3.4.1056/avr8-gnu-toolchain/bin/../lib/gcc/avr/4.8.1/../../../../avr/lib/avr5\libc.a(eeupd_byte_atmega32u4.o)
__heap_end                                        c:/program files (x86)/atmel/atmel toolchain/avr8 gcc/native/3.4.1056/avr8-gnu-toolchain/bin/../lib/gcc/avr/4.8.1/../../../../avr/lib/avr5/crtm32u4.o
__init                                            c:/program files (x86)/atmel/atmel toolchain/avr8 gcc/native/3.4.1056/avr8-gnu-toolchain/bin/../lib/gcc/avr/4.8.1/../../../../avr/lib/avr5/crtm32u4.o
__stack                                           c:/program files (x86)/atmel/atmel toolchain/avr8 gcc/native/3.4.1056/avr8-gnu-toolchain/bin/../lib/gcc/avr/4.8.1/../../../../avr/lib/avr5/crtm32u4.o
__tablejump2__                                    c:/program files (x86)/atmel/atmel toolchain/avr8 gcc/native/3.4.1056/avr8-gnu-toolchain/bin/../lib/gcc/avr/4.8.1/avr5\libgcc.a(_tablejump.o)
                                                  ../../../../../LUFA_lib/LUFA-130303/LUFA/Drivers/USB/Core/DeviceStandardReq.o
__tablejump__                                     c:/program files (x86)/atmel/atmel toolchain/avr8 gcc/native/3.4.1056/avr8-gnu-toolchain/bin/../lib/gcc/avr/4.8.1/avr5\libgcc.a(_tablejump.o)
__udivmodsi4                                      c:/program files (x86)/atmel/atmel toolchain/avr8 gcc/native/3.4.1056/avr8-gnu-toolchain/bin/../lib/gcc/avr/4.8.1/avr5\libgcc.a(_udivmodsi4.o)
                                                  USBtoSerial.o
__vector_1                                        c:/program files (x86)/atmel/atmel toolchain/avr8 gcc/native/3.4.1056/avr8-gnu-toolchain/bin/../lib/gcc/avr/4.8.1/../../../../avr/lib/avr5/crtm32u4.o
__vector_10                                       ../../../../../LUFA_lib/LUFA-130303/LUFA/Drivers/USB/Core/AVR8/USBInterrupt_AVR8.o
                                                  c:/program files (x86)/atmel/atmel toolchain/avr8 gcc/native/3.4.1056/avr8-gnu-toolchain/bin/../lib/gcc/avr/4.8.1/../../../../avr/lib/avr5/crtm32u4.o
__vector_11                                       ../../../../../LUFA_lib/LUFA-130303/LUFA/Drivers/USB/Core/AVR8/USBInterrupt_AVR8.o
                                                  c:/program files (x86)/atmel/atmel toolchain/avr8 gcc/native/3.4.1056/avr8-gnu-toolchain/bin/../lib/gcc/avr/4.8.1/../../../../avr/lib/avr5/crtm32u4.o
__vector_12                                       c:/program files (x86)/atmel/atmel toolchain/avr8 gcc/native/3.4.1056/avr8-gnu-toolchain/bin/../lib/gcc/avr/4.8.1/../../../../avr/lib/avr5/crtm32u4.o
__vector_13                                       c:/program files (x86)/atmel/atmel toolchain/avr8 gcc/native/3.4.1056/avr8-gnu-toolchain/bin/../lib/gcc/avr/4.8.1/../../../../avr/lib/avr5/crtm32u4.o
__vector_14                                       c:/program files (x86)/atmel/atmel toolchain/avr8 gcc/native/3.4.1056/avr8-gnu-toolchain/bin/../lib/gcc/avr/4.8.1/../../../../avr/lib/avr5/crtm32u4.o
__vector_15                                       c:/program files (x86)/atmel/atmel toolchain/avr8 gcc/native/3.4.1056/avr8-gnu-toolchain/bin/../lib/gcc/avr/4.8.1/../../../../avr/lib/avr5/crtm32u4.o
__vector_16                                       c:/program files (x86)/atmel/atmel toolchain/avr8 gcc/native/3.4.1056/avr8-gnu-toolchain/bin/../lib/gcc/avr/4.8.1/../../../../avr/lib/avr5/crtm32u4.o
__vector_17                                       c:/program files (x86)/atmel/atmel toolchain/avr8 gcc/native/3.4.1056/avr8-gnu-toolchain/bin/../lib/gcc/avr/4.8.1/../../../../avr/lib/avr5/crtm32u4.o
__vector_18                                       c:/program files (x86)/atmel/atmel toolchain/avr8 gcc/native/3.4.1056/avr8-gnu-toolchain/bin/../lib/gcc/avr/4.8.1/../../../../avr/lib/avr5/crtm32u4.o
__vector_19                                       c:/program files (x86)/atmel/atmel toolchain/avr8 gcc/native/3.4.1056/avr8-gnu-toolchain/bin/../lib/gcc/avr/4.8.1/../../../../avr/lib/avr5/crtm32u4.o
__vector_2                                        c:/program files (x86)/atmel/atmel toolchain/avr8 gcc/native/3.4.1056/avr8-gnu-toolchain/bin/../lib/gcc/avr/4.8.1/../../../../avr/lib/avr5/crtm32u4.o
__vector_20                                       c:/program files (x86)/atmel/atmel toolchain/avr8 gcc/native/3.4.1056/avr8-gnu-toolchain/bin/../lib/gcc/avr/4.8.1/../../../../avr/lib/avr5/crtm32u4.o
__vector_21                                       c:/program files (x86)/atmel/atmel toolchain/avr8 gcc/native/3.4.1056/avr8-gnu-toolchain/bin/../lib/gcc/avr/4.8.1/../../../../avr/lib/avr5/crtm32u4.o
__vector_22                                       c:/program files (x86)/atmel/atmel toolchain/avr8 gcc/native/3.4.1056/avr8-gnu-toolchain/bin/../lib/gcc/avr/4.8.1/../../../../avr/lib/avr5/crtm32u4.o
__vector_23                                       c:/program files (x86)/atmel/atmel toolchain/avr8 gcc/native/3.4.1056/avr8-gnu-toolchain/bin/../lib/gcc/avr/4.8.1/../../../../avr/lib/avr5/crtm32u4.o
__vector_24                                       c:/program files (x86)/atmel/atmel toolchain/avr8 gcc/native/3.4.1056/avr8-gnu-toolchain/bin/../lib/gcc/avr/4.8.1/../../../../avr/lib/avr5/crtm32u4.o
__vector_25                                       USBtoSerial.o
                                                  c:/program files (x86)/atmel/atmel toolchain/avr8 gcc/native/3.4.1056/avr8-gnu-toolchain/bin/../lib/gcc/avr/4.8.1/../../../../avr/lib/avr5/crtm32u4.o
__vector_26                                       c:/program files (x86)/atmel/atmel toolchain/avr8 gcc/native/3.4.1056/avr8-gnu-toolchain/bin/../lib/gcc/avr/4.8.1/../../../../avr/lib/avr5/crtm32u4.o
__vector_27                                       c:/program files (x86)/atmel/atmel toolchain/avr8 gcc/native/3.4.1056/avr8-gnu-toolchain/bin/../lib/gcc/avr/4.8.1/../../../../avr/lib/avr5/crtm32u4.o
__vector_28                                       c:/program files (x86)/atmel/atmel toolchain/avr8 gcc/native/3.4.1056/avr8-gnu-toolchain/bin/../lib/gcc/avr/4.8.1/../../../../avr/lib/avr5/crtm32u4.o
__vector_29                                       c:/program files (x86)/atmel/atmel toolchain/avr8 gcc/native/3.4.1056/avr8-gnu-toolchain/bin/../lib/gcc/avr/4.8.1/../../../../avr/lib/avr5/crtm32u4.o
__vector_3                                        c:/program files (x86)/atmel/atmel toolchain/avr8 gcc/native/3.4.1056/avr8-gnu-toolchain/bin/../lib/gcc/avr/4.8.1/../../../../avr/lib/avr5/crtm32u4.o
__vector_30                                       c:/program files (x86)/atmel/atmel toolchain/avr8 gcc/native/3.4.1056/avr8-gnu-toolchain/bin/../lib/gcc/avr/4.8.1/../../../../avr/lib/avr5/crtm32u4.o
__vector_31                                       c:/program files (x86)/atmel/atmel toolchain/avr8 gcc/native/3.4.1056/avr8-gnu-toolchain/bin/../lib/gcc/avr/4.8.1/../../../../avr/lib/avr5/crtm32u4.o
__vector_32                                       c:/program files (x86)/atmel/atmel toolchain/avr8 gcc/native/3.4.1056/avr8-gnu-toolchain/bin/../lib/gcc/avr/4.8.1/../../../../avr/lib/avr5/crtm32u4.o
__vector_33                                       c:/program files (x86)/atmel/atmel toolchain/avr8 gcc/native/3.4.1056/avr8-gnu-toolchain/bin/../lib/gcc/avr/4.8.1/../../../../avr/lib/avr5/crtm32u4.o
__vector_34                                       c:/program files (x86)/atmel/atmel toolchain/avr8 gcc/native/3.4.1056/avr8-gnu-toolchain/bin/../lib/gcc/avr/4.8.1/../../../../avr/lib/avr5/crtm32u4.o
__vector_35                                       c:/program files (x86)/atmel/atmel toolchain/avr8 gcc/native/3.4.1056/avr8-gnu-toolchain/bin/../lib/gcc/avr/4.8.1/../../../../avr/lib/avr5/crtm32u4.o
__vector_36                                       c:/program files (x86)/atmel/atmel toolchain/avr8 gcc/native/3.4.1056/avr8-gnu-toolchain/bin/../lib/gcc/avr/4.8.1/../../../../avr/lib/avr5/crtm32u4.o
__vector_37                                       c:/program files (x86)/atmel/atmel toolchain/avr8 gcc/native/3.4.1056/avr8-gnu-toolchain/bin/../lib/gcc/avr/4.8.1/../../../../avr/lib/avr5/crtm32u4.o
__vector_38                                       c:/program files (x86)/atmel/atmel toolchain/avr8 gcc/native/3.4.1056/avr8-gnu-toolchain/bin/../lib/gcc/avr/4.8.1/../../../../avr/lib/avr5/crtm32u4.o
__vector_39                                       c:/program files (x86)/atmel/atmel toolchain/avr8 gcc/native/3.4.1056/avr8-gnu-toolchain/bin/../lib/gcc/avr/4.8.1/../../../../avr/lib/avr5/crtm32u4.o
__vector_4                                        c:/program files (x86)/atmel/atmel toolchain/avr8 gcc/native/3.4.1056/avr8-gnu-toolchain/bin/../lib/gcc/avr/4.8.1/../../../../avr/lib/avr5/crtm32u4.o
__vector_40                                       c:/program files (x86)/atmel/atmel toolchain/avr8 gcc/native/3.4.1056/avr8-gnu-toolchain/bin/../lib/gcc/avr/4.8.1/../../../../avr/lib/avr5/crtm32u4.o
__vector_41                                       c:/program files (x86)/atmel/atmel toolchain/avr8 gcc/native/3.4.1056/avr8-gnu-toolchain/bin/../lib/gcc/avr/4.8.1/../../../../avr/lib/avr5/crtm32u4.o
__vector_42                                       c:/program files (x86)/atmel/atmel toolchain/avr8 gcc/native/3.4.1056/avr8-gnu-toolchain/bin/../lib/gcc/avr/4.8.1/../../../../avr/lib/avr5/crtm32u4.o
__vector_5                                        c:/program files (x86)/atmel/atmel toolchain/avr8 gcc/native/3.4.1056/avr8-gnu-toolchain/bin/../lib/gcc/avr/4.8.1/../../../../avr/lib/avr5/crtm32u4.o
__vector_6                                        c:/program files (x86)/atmel/atmel toolchain/avr8 gcc/native/3.4.1056/avr8-gnu-toolchain/bin/../lib/gcc/avr/4.8.1/../../../../avr/lib/avr5/crtm32u4.o
__vector_7                                        c:/program files (x86)/atmel/atmel toolchain/avr8 gcc/native/3.4.1056/avr8-gnu-toolchain/bin/../lib/gcc/avr/4.8.1/../../../../avr/lib/avr5/crtm32u4.o
__vector_8                                        c:/program files (x86)/atmel/atmel toolchain/avr8 gcc/native/3.4.1056/avr8-gnu-toolchain/bin/../lib/gcc/avr/4.8.1/../../../../avr/lib/avr5/crtm32u4.o
__vector_9                                        c:/program files (x86)/atmel/atmel toolchain/avr8 gcc/native/3.4.1056/avr8-gnu-toolchain/bin/../lib/gcc/avr/4.8.1/../../../../avr/lib/avr5/crtm32u4.o
__vector_default                                  c:/program files (x86)/atmel/atmel toolchain/avr8 gcc/native/3.4.1056/avr8-gnu-toolchain/bin/../lib/gcc/avr/4.8.1/../../../../avr/lib/avr5/crtm32u4.o
__vectors                                         c:/program files (x86)/atmel/atmel toolchain/avr8 gcc/native/3.4.1056/avr8-gnu-toolchain/bin/../lib/gcc/avr/4.8.1/../../../../avr/lib/avr5/crtm32u4.o
_exit                                             c:/program files (x86)/atmel/atmel toolchain/avr8 gcc/native/3.4.1056/avr8-gnu-toolchain/bin/../lib/gcc/avr/4.8.1/avr5\libgcc.a(_exit.o)
exit                                              c:/program files (x86)/atmel/atmel toolchain/avr8 gcc/native/3.4.1056/avr8-gnu-toolchain/bin/../lib/gcc/avr/4.8.1/avr5\libgcc.a(_exit.o)
                                                  c:/program files (x86)/atmel/atmel toolchain/avr8 gcc/native/3.4.1056/avr8-gnu-toolchain/bin/../lib/gcc/avr/4.8.1/../../../../avr/lib/avr5/crtm32u4.o
main                                              USBtoSerial.o
                                                  c:/program files (x86)/atmel/atmel toolchain/avr8 gcc/native/3.4.1056/avr8-gnu-toolchain/bin/../lib/gcc/avr/4.8.1/../../../../avr/lib/avr5/crtm32u4.o
memcmp                                            c:/program files (x86)/atmel/atmel toolchain/avr8 gcc/native/3.4.1056/avr8-gnu-toolchain/bin/../lib/gcc/avr/4.8.1/../../../../avr/lib/avr5\libc.a(memcmp.o)
                                                  ../../../../../LUFA_lib/LUFA-130303/LUFA/Drivers/USB/Class/Device/HIDClassDevice.o
memcpy                                            c:/program files (x86)/atmel/atmel toolchain/avr8 gcc/native/3.4.1056/avr8-gnu-toolchain/bin/../lib/gcc/avr/4.8.1/../../../../avr/lib/avr5\libc.a(memcpy.o)
                                                  ../../../../../LUFA_lib/LUFA-130303/LUFA/Drivers/USB/Class/Device/RNDISClassDevice.o
                                                  ../../../../../LUFA_lib/LUFA-130303/LUFA/Drivers/USB/Class/Device/HIDClassDevice.o
memcpy_P                                          c:/program files (x86)/atmel/atmel toolchain/avr8 gcc/native/3.4.1056/avr8-gnu-toolchain/bin/../lib/gcc/avr/4.8.1/../../../../avr/lib/avr5\libc.a(memcpy_P.o)
                                                  ../../../../../LUFA_lib/LUFA-130303/LUFA/Drivers/USB/Class/Device/RNDISClassDevice.o
memset                                            c:/program files (x86)/atmel/atmel toolchain/avr8 gcc/native/3.4.1056/avr8-gnu-toolchain/bin/../lib/gcc/avr/4.8.1/../../../../avr/lib/avr5\libc.a(memset.o)
                                                  ../../../../../LUFA_lib/LUFA-130303/LUFA/Drivers/USB/Class/Device/HIDClassDevice.o